[2026-07-26 12:30:57] INFO: Starting Flye 2.9.6-b1802
[2026-07-26 12:30:57] INFO: >>>STAGE: configure
[2026-07-26 12:30:57] INFO: Configuring run
[2026-07-26 12:32:34] INFO: Total read length: 3125920499
[2026-07-26 12:32:34] INFO: Reads N50/N90: 6086 / 2672
[2026-07-26 12:32:34] INFO: Selected minimum overlap: 2000
[2026-07-26 12:32:34] INFO: >>>STAGE: assembly
[2026-07-26 12:32:34] INFO: Assembling disjointigs
[2026-07-26 12:32:34] INFO: Reading sequences
[2026-07-26 12:34:00] INFO: Counting k-mers:
0% 10% 20% 30% 40% 50% 60% 70% 80% 90% 100% 
[2026-07-26 12:47:41] INFO: Filling index table (1/2)
0% 10% 20% 30% 40% 50% 60% 70% 80% 90% 100% 
[2026-07-26 13:13:51] INFO: Filling index table (2/2)
0% 10% 20% 30% 40% 50% 60% 70% 80% 90% 100% 
[2026-07-26 13:43:58] INFO: Extending reads
[2026-07-26 13:44:14] INFO: Overlap-based coverage: 29
[2026-07-26 13:44:14] INFO: Median overlap divergence: 0.10537
0% 10% 20% 30% 40% 50% 60% 70% 80% 90% 100% 
[2026-07-26 14:03:31] INFO: Assembled 4872 disjointigs
[2026-07-26 14:03:34] INFO: Generating sequence
0% 10% 20% 30% 40% 50% 60% 70% 80% 90% 100% 
[2026-07-26 14:08:16] INFO: Filtering contained disjointigs
0% 10% 20% 30% 40% 50% 60% 70% 80% 90% 100% 
[2026-07-26 14:10:20] INFO: Contained seqs: 149
[2026-07-26 14:10:27] INFO: >>>STAGE: consensus
[2026-07-26 14:10:27] INFO: Running Minimap2
[2026-07-26 14:13:59] INFO: Computing consensus
Process SyncManager-1:
Traceback (most recent call last):
  File "${LONG_READ_ENV_PREFIX}/lib/python3.10/multiprocessing/process.py", line 314, in _bootstrap
    self.run()
  File "${LONG_READ_ENV_PREFIX}/lib/python3.10/multiprocessing/process.py", line 108, in run
    self._target(*self._args, **self._kwargs)
  File "${LONG_READ_ENV_PREFIX}/lib/python3.10/multiprocessing/managers.py", line 591, in _run_server
    server = cls._Server(registry, address, authkey, serializer)
  File "${LONG_READ_ENV_PREFIX}/lib/python3.10/multiprocessing/managers.py", line 156, in __init__
    self.listener = Listener(address=address, backlog=16)
  File "${LONG_READ_ENV_PREFIX}/lib/python3.10/multiprocessing/connection.py", line 448, in __init__
    self._listener = SocketListener(address, family, backlog)
  File "${LONG_READ_ENV_PREFIX}/lib/python3.10/multiprocessing/connection.py", line 588, in __init__
    self._socket.setsockopt(socket.SOL_SOCKET,
PermissionError: [Errno 1] Operation not permitted
Traceback (most recent call last):
  File "${LONG_READ_ENV_PREFIX}/bin/flye", line 11, in <module>
    sys.exit(main())
  File "${LONG_READ_ENV_PREFIX}/lib/python3.10/site-packages/flye/main.py", line 762, in main
    _run(args)
  File "${LONG_READ_ENV_PREFIX}/lib/python3.10/site-packages/flye/main.py", line 499, in _run
    jobs[i].run()
  File "${LONG_READ_ENV_PREFIX}/lib/python3.10/site-packages/flye/main.py", line 287, in run
    consensus_fasta = cons.get_consensus(out_alignment, self.in_contigs,
  File "${LONG_READ_ENV_PREFIX}/lib/python3.10/site-packages/flye/polishing/consensus.py", line 71, in get_consensus
    mp_manager = multiprocessing.Manager()
  File "${LONG_READ_ENV_PREFIX}/lib/python3.10/multiprocessing/context.py", line 57, in Manager
    m.start()
  File "${LONG_READ_ENV_PREFIX}/lib/python3.10/multiprocessing/managers.py", line 566, in start
    self._address = reader.recv()
  File "${LONG_READ_ENV_PREFIX}/lib/python3.10/multiprocessing/connection.py", line 250, in recv
    buf = self._recv_bytes()
  File "${LONG_READ_ENV_PREFIX}/lib/python3.10/multiprocessing/connection.py", line 414, in _recv_bytes
    buf = self._recv(4)
  File "${LONG_READ_ENV_PREFIX}/lib/python3.10/multiprocessing/connection.py", line 383, in _recv
    raise EOFError
EOFError
