[2026-07-26 14:53:07] INFO: Starting Flye 2.9.6-b1802
[2026-07-26 14:53:07] INFO: >>>STAGE: configure
[2026-07-26 14:53:07] INFO: Configuring run
[2026-07-26 14:54:40] INFO: Total read length: 5400038744
[2026-07-26 14:54:40] INFO: Reads N50/N90: 11581 / 6725
[2026-07-26 14:54:40] INFO: Selected minimum overlap: 2000
[2026-07-26 14:54:40] INFO: >>>STAGE: assembly
[2026-07-26 14:54:40] INFO: Assembling disjointigs
[2026-07-26 14:54:40] INFO: Reading sequences
[2026-07-26 14:55:55] INFO: Building minimizer index
[2026-07-26 14:55:55] INFO: Pre-calculating index storage
0% 10% 20% 30% 40% 50% 60% 70% 80% 90% 100% 
[2026-07-26 15:03:53] INFO: Filling index
0% 10% 20% 30% 40% 50% 60% 70% 80% 90% 100% 
[2026-07-26 15:18:08] INFO: Extending reads
[2026-07-26 15:19:24] INFO: Overlap-based coverage: 40
[2026-07-26 15:19:24] INFO: Median overlap divergence: 0.000191718
0% 10% 20% 30% 40% 50% 60% 70% 80% 90% 100% 
[2026-07-26 17:29:40] INFO: Assembled 2057 disjointigs
[2026-07-26 17:29:42] INFO: Generating sequence
0% 10% 20% 30% 40% 50% 60% 70% 80% 90% 100% 
[2026-07-26 17:31:31] INFO: Filtering contained disjointigs
0% 10% 20% 30% 40% 50% 60% 70% 80% 90% 100% 
[2026-07-26 17:32:55] INFO: Contained seqs: 72
[2026-07-26 17:33:00] INFO: >>>STAGE: consensus
[2026-07-26 17:33:00] INFO: Running Minimap2
[2026-07-26 17:36:20] INFO: Computing consensus
[2026-07-26 17:40:40] INFO: Alignment error rate: 0.003114
[2026-07-26 17:40:42] INFO: >>>STAGE: repeat
[2026-07-26 17:40:42] INFO: Building and resolving repeat graph
[2026-07-26 17:40:42] INFO: Parsing disjointigs
[2026-07-26 17:40:43] INFO: Building repeat graph
0% 10% 20% 30% 40% 50% 60% 70% 80% 90% 100% 
[2026-07-26 17:41:33] INFO: Median overlap divergence: 0.183595
[2026-07-26 17:41:34] INFO: Parsing reads
[2026-07-26 17:42:49] INFO: Aligning reads to the graph
0% 10% 20% 30% 40% 50% 60% 70% 80% 90% 100% 
[2026-07-26 17:44:31] INFO: Aligned read sequence: 5359954558 / 5399527515 (0.992671)
[2026-07-26 17:44:31] INFO: Median overlap divergence: 0
[2026-07-26 17:44:31] INFO: Mean edge coverage: 28
[2026-07-26 17:44:32] INFO: Simplifying the graph
[2026-07-26 17:44:42] INFO: >>>STAGE: contigger
[2026-07-26 17:44:42] INFO: Generating contigs
[2026-07-26 17:44:42] INFO: Reading sequences
[2026-07-26 17:46:03] INFO: Generated 839 contigs
[2026-07-26 17:46:04] INFO: Added 1 scaffold connections
[2026-07-26 17:46:09] INFO: >>>STAGE: polishing
[2026-07-26 17:46:09] INFO: Polishing genome (1/1)
[2026-07-26 17:46:09] INFO: Running minimap2
[2026-07-26 17:49:23] INFO: Separating alignment into bubbles
[2026-07-26 17:56:19] INFO: Alignment error rate: 0.002053
[2026-07-26 17:56:19] INFO: Correcting bubbles
0% 10% 20% 30% 40% 50% 60% 70% 80% 90% 100% 
[2026-07-26 18:03:48] INFO: >>>STAGE: finalize
[2026-07-26 18:03:51] INFO: Assembly statistics:

	Total length:	169458410
	Fragments:	807
	Fragments N50:	2013697
	Largest frg:	7147007
	Scaffolds:	0
	Mean coverage:	31

[2026-07-26 18:03:51] INFO: Final assembly: ${ARTICLE31_WORK_DIR}/assemblies/flye-hifi/assembly.fasta
