[2026-07-26 14:14:53] INFO: Starting Flye 2.9.6-b1802
[2026-07-26 14:14:53] INFO: Resuming previous run
[2026-07-26 14:14:53] INFO: >>>STAGE: consensus
[2026-07-26 14:14:53] INFO: Running Minimap2
[2026-07-26 14:18:13] INFO: Computing consensus
[2026-07-26 14:21:39] INFO: Alignment error rate: 0.163977
[2026-07-26 14:21:41] INFO: >>>STAGE: repeat
[2026-07-26 14:21:41] INFO: Building and resolving repeat graph
[2026-07-26 14:21:41] INFO: Parsing disjointigs
[2026-07-26 14:21:42] INFO: Building repeat graph
0% 10% 20% 30% 40% 50% 60% 70% 80% 90% 100% 
[2026-07-26 14:22:38] INFO: Median overlap divergence: 0.210155
[2026-07-26 14:22:45] INFO: Parsing reads
[2026-07-26 14:23:41] INFO: Aligning reads to the graph
0% 10% 20% 30% 40% 50% 60% 70% 80% 90% 100% 
[2026-07-26 14:25:26] INFO: Aligned read sequence: 2827163130 / 2935494050 (0.963096)
[2026-07-26 14:25:26] INFO: Median overlap divergence: 0.05633
[2026-07-26 14:25:31] INFO: Mean edge coverage: 17
[2026-07-26 14:25:31] INFO: Simplifying the graph
[2026-07-26 14:25:42] INFO: >>>STAGE: contigger
[2026-07-26 14:25:42] INFO: Generating contigs
[2026-07-26 14:25:42] INFO: Reading sequences
[2026-07-26 14:26:42] INFO: Generated 2492 contigs
[2026-07-26 14:26:43] INFO: Added 4 scaffold connections
[2026-07-26 14:26:48] INFO: >>>STAGE: polishing
[2026-07-26 14:26:48] INFO: Polishing genome (1/2)
[2026-07-26 14:26:48] INFO: Running minimap2
[2026-07-26 14:29:29] INFO: Separating alignment into bubbles
[2026-07-26 14:33:33] INFO: Alignment error rate: 0.108961
[2026-07-26 14:33:33] INFO: Correcting bubbles
0% 10% 20% 30% 40% 50% 60% 70% 80% 90% 100% 
[2026-07-26 14:41:48] INFO: Polishing genome (2/2)
[2026-07-26 14:41:48] INFO: Running minimap2
[2026-07-26 14:44:26] INFO: Separating alignment into bubbles
[2026-07-26 14:47:55] INFO: Alignment error rate: 0.104283
[2026-07-26 14:47:55] INFO: Correcting bubbles
0% 10% 20% 30% 40% 50% 60% 70% 80% 90% 100% 
[2026-07-26 14:53:04] INFO: >>>STAGE: finalize
[2026-07-26 14:53:07] INFO: Assembly statistics:

	Total length:	143773408
	Fragments:	2427
	Fragments N50:	441240
	Largest frg:	7136817
	Scaffolds:	0
	Mean coverage:	21

[2026-07-26 14:53:07] INFO: Final assembly: ${ARTICLE31_WORK_DIR}/assemblies/flye-ont-r9/assembly.fasta
