DEBUG conda.gateways.logging:set_log_level(216): log_level set to 10
DEBUG conda.base.context:root_writable(775): [Errno 30] Read-only file system: '${HOME}/miniconda3/conda-meta/history'
DEBUG conda.gateways.subprocess:subprocess_call(97): executing>> /usr/bin/bash ${ARTICLE51_WORK_DIR}/runtime-tmp/tmpfno8kmr5
Thu Jul 30 13:49:56 2026: Checking input samples and references
Thu Jul 30 13:49:56 2026:   Found 25 samples in the specified input file
Thu Jul 30 13:49:56 2026:   Found 6 references in the specified input file
Thu Jul 30 13:49:56 2026: Start StrainPhlAn 4.2.5 execution
Thu Jul 30 13:49:56 2026: Loading MetaPhlAn mpa_vJan21_CHOCOPhlAnSGB_202103 database...
Thu Jul 30 13:50:30 2026: Done.
Thu Jul 30 13:50:31 2026: Creating temporary directory...
Thu Jul 30 13:50:31 2026: Done.
Thu Jul 30 13:50:31 2026: Filtering markers and samples...
Thu Jul 30 13:50:31 2026: Getting markers from samples...
Thu Jul 30 13:50:33 2026: Done.
Thu Jul 30 13:50:33 2026: Getting markers from references...
Thu Jul 30 13:50:37 2026: Done.
Thu Jul 30 13:50:37 2026: Removing markers / samples...
Thu Jul 30 13:50:37 2026: Done.
Thu Jul 30 13:50:37 2026: Done.
Thu Jul 30 13:50:37 2026: Writing samples as markers' FASTA files...
Thu Jul 30 13:50:39 2026: Done.
Thu Jul 30 13:50:39 2026: Calculating polymorphic rates...
Thu Jul 30 13:50:41 2026: Done.
Thu Jul 30 13:50:41 2026: Computing phylogeny...
Thu Jul 30 13:50:41 2026: 	Executing PhyloPhlAn...
Thu Jul 30 13:51:11 2026: 	Done.
Thu Jul 30 13:51:11 2026: Done.
Thu Jul 30 13:51:11 2026: Writing information file...
Thu Jul 30 13:51:11 2026: Done.
Thu Jul 30 13:51:11 2026: Finish StrainPhlAn 4.2.5 execution (74.18 seconds): Results are stored at "${ARTICLE51_WORK_DIR}/output"
