Scaffold to bin was made using .stb file
${ARTICLE50_WORK_DIR}/profiles/MOCK1 has 11 genomes detected and 539 scaffolds
${ARTICLE50_WORK_DIR}/profiles/MOCK2 has 11 genomes detected and 539 scaffolds
***************************************************
    ..:: inStrain compare Step 1. Load data ::..
***************************************************
                

Loading Profiles into RAM:   0%|          | 0/2 [00:00<?, ?it/s]
Loading Profiles into RAM: 100%|██████████| 2/2 [00:00<00:00, 32.19it/s]
537 of 537 scaffolds are in at least 2 samples
***************************************************
..:: inStrain compare Step 2. Run comparisons ::..
***************************************************
                
Running group 1 of 3

Comparing scaffolds:   0%|          | 0/265 [00:00<?, ?it/s]
Comparing scaffolds:   0%|          | 1/265 [00:02<12:55,  2.94s/it]
Comparing scaffolds:   1%|          | 3/265 [00:03<03:32,  1.23it/s]
Comparing scaffolds:   2%|▏         | 6/265 [00:03<01:29,  2.90it/s]
Comparing scaffolds:   5%|▍         | 13/265 [00:03<00:31,  8.13it/s]
Comparing scaffolds:  10%|█         | 27/265 [00:03<00:11, 20.91it/s]
Comparing scaffolds:  15%|█▌        | 41/265 [00:03<00:06, 35.21it/s]
Comparing scaffolds:  24%|██▍       | 63/265 [00:03<00:03, 62.55it/s]
Comparing scaffolds:  30%|██▉       | 79/265 [00:03<00:02, 77.43it/s]
Comparing scaffolds:  35%|███▌      | 93/265 [00:03<00:02, 79.95it/s]
Comparing scaffolds:  40%|████      | 106/265 [00:04<00:01, 88.94it/s]
Comparing scaffolds:  48%|████▊     | 126/265 [00:04<00:01, 108.75it/s]
Comparing scaffolds:  56%|█████▌    | 149/265 [00:04<00:00, 134.93it/s]
Comparing scaffolds:  64%|██████▍   | 170/265 [00:04<00:00, 152.57it/s]
Comparing scaffolds:  71%|███████▏  | 189/265 [00:04<00:00, 161.44it/s]
Comparing scaffolds:  79%|███████▉  | 210/265 [00:04<00:00, 174.39it/s]
Comparing scaffolds:  86%|████████▋ | 229/265 [00:04<00:00, 164.82it/s]
Comparing scaffolds:  93%|█████████▎| 247/265 [00:04<00:00, 130.52it/s]
Comparing scaffolds:  99%|█████████▉| 262/265 [00:05<00:00, 122.11it/s]
Comparing scaffolds: 100%|██████████| 265/265 [00:05<00:00, 51.71it/s] 
Running group 2 of 3

Comparing scaffolds:   0%|          | 0/169 [00:00<?, ?it/s]
Comparing scaffolds:   1%|          | 1/169 [00:03<08:56,  3.19s/it]
Comparing scaffolds:   4%|▍         | 7/169 [00:03<00:56,  2.87it/s]
Comparing scaffolds:   8%|▊         | 14/169 [00:03<00:23,  6.69it/s]
Comparing scaffolds:  14%|█▎        | 23/169 [00:03<00:11, 12.97it/s]
Comparing scaffolds:  18%|█▊        | 30/169 [00:03<00:08, 16.78it/s]
Comparing scaffolds:  21%|██▏       | 36/169 [00:03<00:06, 21.05it/s]
Comparing scaffolds:  25%|██▍       | 42/169 [00:04<00:05, 23.08it/s]
Comparing scaffolds:  31%|███▏      | 53/169 [00:04<00:03, 34.80it/s]
Comparing scaffolds:  38%|███▊      | 64/169 [00:04<00:02, 46.47it/s]
Comparing scaffolds:  45%|████▍     | 76/169 [00:04<00:01, 60.02it/s]
Comparing scaffolds:  50%|█████     | 85/169 [00:04<00:01, 50.74it/s]
Comparing scaffolds:  63%|██████▎   | 106/169 [00:04<00:00, 77.46it/s]
Comparing scaffolds:  75%|███████▌  | 127/169 [00:04<00:00, 100.86it/s]
Comparing scaffolds:  83%|████████▎ | 140/169 [00:04<00:00, 104.53it/s]
Comparing scaffolds:  91%|█████████ | 154/169 [00:05<00:00, 111.84it/s]
Comparing scaffolds:  99%|█████████▉| 168/169 [00:05<00:00, 116.83it/s]
Comparing scaffolds: 100%|██████████| 169/169 [00:05<00:00, 32.20it/s] 
Running group 3 of 3

Comparing scaffolds:   0%|          | 0/103 [00:00<?, ?it/s]
Comparing scaffolds:   1%|          | 1/103 [00:02<05:00,  2.94s/it]
Comparing scaffolds:   3%|▎         | 3/103 [00:03<01:22,  1.20it/s]
Comparing scaffolds:   5%|▍         | 5/103 [00:03<00:47,  2.07it/s]
Comparing scaffolds:  19%|█▉        | 20/103 [00:03<00:06, 12.45it/s]
Comparing scaffolds:  28%|██▊       | 29/103 [00:03<00:03, 19.50it/s]
Comparing scaffolds:  35%|███▍      | 36/103 [00:03<00:02, 24.32it/s]
Comparing scaffolds:  46%|████▌     | 47/103 [00:03<00:01, 35.76it/s]
Comparing scaffolds:  56%|█████▋    | 58/103 [00:03<00:00, 47.47it/s]
Comparing scaffolds:  65%|██████▌   | 67/103 [00:04<00:00, 52.80it/s]
Comparing scaffolds:  77%|███████▋  | 79/103 [00:04<00:00, 62.98it/s]
Comparing scaffolds:  92%|█████████▏| 95/103 [00:04<00:00, 83.87it/s]
Comparing scaffolds: 100%|██████████| 103/103 [00:04<00:00, 22.55it/s]
***************************************************
..:: inStrain compare Step 3. Auxiliary processing ::..
***************************************************
                
***************************************************
..:: inStrain compare Step 4. Store results ::..
***************************************************
                
Nevermind! You chose to skip making plots
$$$$$$$$$$$$$$$$$$$$$$$$$$$$$$$$$$$$$$$$$$$$$$$$$$$$$$$$$$$$$$$$$$$$$$$$$$$$$$$$

..:: inStrain compare finished ::..

Output tables........ ${ARTICLE50_WORK_DIR}/comparison/MOCK1-vs-MOCK2/output/
Figures.............. ${ARTICLE50_WORK_DIR}/comparison/MOCK1-vs-MOCK2/figures/
Logging.............. ${ARTICLE50_WORK_DIR}/comparison/MOCK1-vs-MOCK2/log/

See documentation for output descriptions - https://instrain.readthedocs.io/en/latest/

$$$$$$$$$$$$$$$$$$$$$$$$$$$$$$$$$$$$$$$$$$$$$$$$$$$$$$$$$$$$$$$$$$$$$$$$$$$$$$$$
        
