***************************************************
    ..:: inStrain profile Step 1. Filter reads ::..
***************************************************
        

Filtering reads:   0%|          | 0/4714 [00:00<?, ?it/s]
Filtering reads:   0%|          | 1/4714 [00:02<3:30:23,  2.68s/it]
Filtering reads:   0%|          | 2/4714 [00:02<1:31:32,  1.17s/it]
Filtering reads:   0%|          | 4/4714 [00:02<36:53,  2.13it/s]  
Filtering reads:   0%|          | 12/4714 [00:02<08:48,  8.90it/s]
Filtering reads:   1%|          | 31/4714 [00:03<02:42, 28.90it/s]
Filtering reads:   1%|          | 46/4714 [00:03<01:43, 45.32it/s]
Filtering reads:   1%|▏         | 59/4714 [00:03<01:19, 58.79it/s]
Filtering reads:   2%|▏         | 74/4714 [00:03<01:02, 74.46it/s]
Filtering reads:   2%|▏         | 87/4714 [00:03<00:59, 77.84it/s]
Filtering reads:   2%|▏         | 99/4714 [00:03<00:53, 86.18it/s]
Filtering reads:   2%|▏         | 115/4714 [00:03<00:44, 102.67it/s]
Filtering reads:   3%|▎         | 130/4714 [00:03<00:40, 114.32it/s]
Filtering reads:   3%|▎         | 147/4714 [00:03<00:35, 128.84it/s]
Filtering reads:   3%|▎         | 164/4714 [00:04<00:33, 136.20it/s]
Filtering reads:   4%|▍         | 198/4714 [00:04<00:23, 189.89it/s]
Filtering reads:   5%|▍         | 219/4714 [00:04<00:23, 190.59it/s]
Filtering reads:   5%|▌         | 241/4714 [00:04<00:22, 196.65it/s]
Filtering reads:   6%|▌         | 262/4714 [00:04<00:25, 171.35it/s]
Filtering reads:   6%|▌         | 281/4714 [00:04<00:25, 172.42it/s]
Filtering reads:   7%|▋         | 307/4714 [00:04<00:22, 192.86it/s]
Filtering reads:   7%|▋         | 333/4714 [00:04<00:20, 210.52it/s]
Filtering reads:   8%|▊         | 356/4714 [00:04<00:20, 214.92it/s]
Filtering reads:   8%|▊         | 378/4714 [00:05<00:20, 215.24it/s]
Filtering reads:   9%|▊         | 402/4714 [00:05<00:19, 221.07it/s]
Filtering reads:   9%|▉         | 425/4714 [00:05<00:19, 219.34it/s]
Filtering reads:  10%|▉         | 463/4714 [00:05<00:16, 260.07it/s]
Filtering reads:  10%|█         | 490/4714 [00:05<00:16, 258.06it/s]
Filtering reads:  11%|█         | 516/4714 [00:05<00:20, 208.74it/s]
Filtering reads:  11%|█▏        | 539/4714 [00:05<00:22, 183.09it/s]
Filtering reads:  12%|█▏        | 559/4714 [00:05<00:22, 183.62it/s]
Filtering reads:  12%|█▏        | 586/4714 [00:06<00:20, 204.51it/s]
Filtering reads:  13%|█▎        | 608/4714 [00:06<00:20, 204.75it/s]
Filtering reads:  13%|█▎        | 633/4714 [00:06<00:18, 215.75it/s]
Filtering reads:  14%|█▍        | 667/4714 [00:06<00:16, 247.83it/s]
Filtering reads:  15%|█▍        | 704/4714 [00:06<00:14, 280.62it/s]
Filtering reads:  16%|█▌        | 736/4714 [00:06<00:13, 290.66it/s]
Filtering reads:  16%|█▋        | 770/4714 [00:06<00:12, 304.82it/s]
Filtering reads:  17%|█▋        | 804/4714 [00:06<00:12, 311.68it/s]
Filtering reads:  18%|█▊        | 841/4714 [00:06<00:11, 328.27it/s]
Filtering reads:  19%|█▊        | 875/4714 [00:07<00:13, 275.36it/s]
Filtering reads:  19%|█▉        | 905/4714 [00:07<00:14, 262.71it/s]
Filtering reads:  20%|█▉        | 933/4714 [00:07<00:14, 259.49it/s]
Filtering reads:  20%|██        | 960/4714 [00:07<00:14, 258.24it/s]
Filtering reads:  21%|██        | 987/4714 [00:07<00:16, 226.26it/s]
Filtering reads:  22%|██▏       | 1021/4714 [00:07<00:14, 250.07it/s]
Filtering reads:  22%|██▏       | 1048/4714 [00:07<00:18, 201.16it/s]
Filtering reads:  23%|██▎       | 1077/4714 [00:07<00:16, 219.03it/s]
Filtering reads:  24%|██▍       | 1123/4714 [00:08<00:12, 277.24it/s]
Filtering reads:  25%|██▍       | 1175/4714 [00:08<00:10, 337.71it/s]
Filtering reads:  26%|██▋       | 1244/4714 [00:08<00:08, 431.09it/s]
Filtering reads:  28%|██▊       | 1339/4714 [00:08<00:05, 572.42it/s]
Filtering reads:  31%|███       | 1471/4714 [00:08<00:04, 781.13it/s]
Filtering reads:  33%|███▎      | 1575/4714 [00:08<00:03, 853.04it/s]
Filtering reads:  35%|███▌      | 1673/4714 [00:08<00:03, 881.08it/s]
Filtering reads:  38%|███▊      | 1802/4714 [00:08<00:02, 993.70it/s]
Filtering reads:  40%|████      | 1903/4714 [00:08<00:02, 982.89it/s]
Filtering reads:  42%|████▏     | 2003/4714 [00:09<00:03, 838.51it/s]
Filtering reads:  45%|████▌     | 2135/4714 [00:09<00:02, 949.23it/s]
Filtering reads:  48%|████▊     | 2262/4714 [00:09<00:02, 1035.15it/s]
Filtering reads:  51%|█████     | 2387/4714 [00:09<00:02, 1094.51it/s]
Filtering reads:  53%|█████▎    | 2500/4714 [00:09<00:02, 850.38it/s] 
Filtering reads:  57%|█████▋    | 2674/4714 [00:09<00:01, 1061.05it/s]
Filtering reads:  59%|█████▉    | 2793/4714 [00:09<00:01, 1029.80it/s]
Filtering reads:  63%|██████▎   | 2947/4714 [00:09<00:01, 1145.21it/s]
Filtering reads:  65%|██████▌   | 3070/4714 [00:10<00:01, 855.97it/s] 
Filtering reads:  67%|██████▋   | 3172/4714 [00:10<00:01, 878.82it/s]
Filtering reads:  70%|███████   | 3314/4714 [00:10<00:01, 951.27it/s]
Filtering reads:  75%|███████▍  | 3514/4714 [00:10<00:00, 1201.90it/s]
Filtering reads:  77%|███████▋  | 3647/4714 [00:10<00:00, 1152.33it/s]
Filtering reads:  80%|███████▉  | 3771/4714 [00:10<00:00, 1130.85it/s]
Filtering reads:  83%|████████▎ | 3891/4714 [00:10<00:00, 914.82it/s] 
Filtering reads:  85%|████████▍ | 3993/4714 [00:11<00:00, 838.31it/s]
Filtering reads:  87%|████████▋ | 4085/4714 [00:11<00:00, 680.42it/s]
Filtering reads:  88%|████████▊ | 4162/4714 [00:11<00:00, 687.20it/s]
Filtering reads:  91%|█████████ | 4269/4714 [00:11<00:00, 772.26it/s]
Filtering reads:  92%|█████████▏| 4354/4714 [00:11<00:00, 531.55it/s]
Filtering reads:  94%|█████████▍| 4422/4714 [00:11<00:00, 539.31it/s]
Filtering reads:  95%|█████████▌| 4487/4714 [00:12<00:00, 551.16it/s]
Filtering reads:  97%|█████████▋| 4594/4714 [00:12<00:00, 666.20it/s]
Filtering reads:  99%|█████████▉| 4670/4714 [00:12<00:00, 576.26it/s]
Filtering reads: 100%|██████████| 4714/4714 [00:12<00:00, 371.52it/s]
2.1% of pairs and 100.0% of singletons were removed during filtering
1,422,929 read pairs remain (0.4242 Gbp)
***************************************************
.:: inStrain profile Step 2. Profile scaffolds ::..
***************************************************
        

Profiling splits:   0%|          | 0/159 [00:00<?, ?it/s]
Profiling splits:   1%|          | 1/159 [00:42<1:50:54, 42.12s/it]
Profiling splits:   1%|▏         | 2/159 [00:43<47:49, 18.28s/it]  
Profiling splits:   2%|▏         | 3/159 [00:44<26:33, 10.21s/it]
Profiling splits:   3%|▎         | 4/159 [00:44<16:15,  6.29s/it]
Profiling splits:   3%|▎         | 5/159 [00:45<10:58,  4.27s/it]
Profiling splits:   4%|▍         | 6/159 [00:45<07:19,  2.87s/it]
Profiling splits:   5%|▌         | 8/159 [00:45<03:49,  1.52s/it]
Profiling splits:   6%|▌         | 9/159 [00:45<02:56,  1.18s/it]
Profiling splits:   6%|▋         | 10/159 [00:46<02:37,  1.06s/it]
Profiling splits:   8%|▊         | 12/159 [00:46<01:30,  1.62it/s]
Profiling splits:   8%|▊         | 13/159 [00:46<01:12,  2.02it/s]
Profiling splits:   9%|▉         | 14/159 [00:46<00:58,  2.47it/s]
Profiling splits:   9%|▉         | 15/159 [00:47<00:55,  2.58it/s]
Profiling splits:  10%|█         | 16/159 [00:47<00:55,  2.56it/s]
Profiling splits:  11%|█         | 17/159 [00:48<00:51,  2.76it/s]
Profiling splits:  11%|█▏        | 18/159 [00:48<00:40,  3.47it/s]
Profiling splits:  13%|█▎        | 20/159 [00:48<00:33,  4.09it/s]
Profiling splits:  13%|█▎        | 21/159 [00:48<00:33,  4.17it/s]
Profiling splits:  14%|█▍        | 22/159 [00:49<00:34,  3.95it/s]
Profiling splits:  14%|█▍        | 23/159 [00:50<01:28,  1.53it/s]
Profiling splits:  15%|█▌        | 24/159 [00:52<01:51,  1.21it/s]
Profiling splits:  16%|█▌        | 25/159 [01:14<15:35,  6.98s/it]
Profiling splits:  16%|█▋        | 26/159 [01:20<14:42,  6.64s/it]
Profiling splits:  17%|█▋        | 27/159 [01:21<10:48,  4.91s/it]
Profiling splits:  18%|█▊        | 29/159 [01:22<06:29,  3.00s/it]
Profiling splits:  19%|█▉        | 31/159 [01:22<04:01,  1.89s/it]
Profiling splits:  20%|██        | 32/159 [01:23<03:12,  1.52s/it]
Profiling splits:  21%|██        | 33/159 [01:23<02:33,  1.22s/it]
Profiling splits:  21%|██▏       | 34/159 [01:24<02:27,  1.18s/it]
Profiling splits:  22%|██▏       | 35/159 [01:24<01:50,  1.12it/s]
Profiling splits:  23%|██▎       | 36/159 [01:26<02:30,  1.22s/it]
Profiling splits:  23%|██▎       | 37/159 [01:27<02:14,  1.10s/it]
Profiling splits:  24%|██▍       | 38/159 [01:29<02:55,  1.45s/it]
Profiling splits:  25%|██▍       | 39/159 [01:31<03:17,  1.64s/it]
Profiling splits:  25%|██▌       | 40/159 [01:31<02:24,  1.22s/it]
Profiling splits:  26%|██▌       | 41/159 [01:32<01:47,  1.10it/s]
Profiling splits:  26%|██▋       | 42/159 [01:32<01:36,  1.21it/s]
Profiling splits:  27%|██▋       | 43/159 [01:33<01:38,  1.18it/s]
Profiling splits:  28%|██▊       | 44/159 [01:34<01:27,  1.31it/s]
Profiling splits:  28%|██▊       | 45/159 [01:35<01:35,  1.20it/s]
Profiling splits:  29%|██▉       | 46/159 [01:36<01:36,  1.17it/s]
Profiling splits:  30%|██▉       | 47/159 [01:36<01:34,  1.18it/s]
Profiling splits:  30%|███       | 48/159 [01:39<02:35,  1.40s/it]
Profiling splits:  31%|███       | 49/159 [01:41<03:06,  1.69s/it]
Profiling splits:  31%|███▏      | 50/159 [01:49<06:05,  3.35s/it]
Profiling splits:  32%|███▏      | 51/159 [01:50<04:38,  2.58s/it]
Profiling splits:  33%|███▎      | 52/159 [01:50<03:17,  1.84s/it]
Profiling splits:  33%|███▎      | 53/159 [01:50<02:38,  1.50s/it]
Profiling splits:  34%|███▍      | 54/159 [01:52<02:58,  1.70s/it]
Profiling splits:  35%|███▍      | 55/159 [01:53<02:07,  1.22s/it]
Profiling splits:  35%|███▌      | 56/159 [01:54<02:14,  1.31s/it]
Profiling splits:  36%|███▌      | 57/159 [01:54<01:42,  1.00s/it]
Profiling splits:  36%|███▋      | 58/159 [01:55<01:33,  1.08it/s]
Profiling splits:  38%|███▊      | 61/159 [01:57<01:06,  1.46it/s]
Profiling splits:  39%|███▉      | 62/159 [02:05<03:43,  2.31s/it]
Profiling splits:  40%|███▉      | 63/159 [02:07<03:32,  2.21s/it]
Profiling splits:  40%|████      | 64/159 [02:10<03:59,  2.52s/it]
Profiling splits:  41%|████      | 65/159 [02:11<03:15,  2.08s/it]
Profiling splits:  42%|████▏     | 66/159 [02:12<02:43,  1.76s/it]
Profiling splits:  42%|████▏     | 67/159 [02:15<03:04,  2.00s/it]
Profiling splits:  43%|████▎     | 68/159 [02:16<02:34,  1.69s/it]
Profiling splits:  43%|████▎     | 69/159 [02:16<01:57,  1.31s/it]
Profiling splits:  44%|████▍     | 70/159 [02:16<01:28,  1.01it/s]
Profiling splits:  45%|████▍     | 71/159 [02:17<01:25,  1.03it/s]
Profiling splits:  45%|████▌     | 72/159 [02:18<01:27,  1.00s/it]
Profiling splits:  46%|████▌     | 73/159 [02:19<01:10,  1.22it/s]
Profiling splits:  47%|████▋     | 74/159 [02:22<02:02,  1.44s/it]
Profiling splits:  47%|████▋     | 75/159 [02:22<01:45,  1.25s/it]
Profiling splits:  48%|████▊     | 76/159 [02:24<01:57,  1.41s/it]
Profiling splits:  49%|████▉     | 78/159 [02:25<01:19,  1.01it/s]
Profiling splits:  50%|████▉     | 79/159 [02:27<01:38,  1.23s/it]
Profiling splits:  50%|█████     | 80/159 [02:29<01:42,  1.30s/it]
Profiling splits:  51%|█████     | 81/159 [02:30<01:47,  1.38s/it]
Profiling splits:  52%|█████▏    | 82/159 [02:35<03:10,  2.47s/it]
Profiling splits:  52%|█████▏    | 83/159 [02:36<02:34,  2.03s/it]
Profiling splits:  53%|█████▎    | 84/159 [02:37<01:52,  1.50s/it]
Profiling splits:  54%|█████▍    | 86/159 [02:37<01:11,  1.02it/s]
Profiling splits:  55%|█████▍    | 87/159 [02:38<01:05,  1.10it/s]
Profiling splits:  55%|█████▌    | 88/159 [02:40<01:31,  1.29s/it]
Profiling splits:  56%|█████▌    | 89/159 [02:42<01:43,  1.48s/it]
Profiling splits:  57%|█████▋    | 90/159 [02:44<01:44,  1.51s/it]
Profiling splits:  57%|█████▋    | 91/159 [02:47<02:17,  2.02s/it]
Profiling splits:  58%|█████▊    | 92/159 [02:48<01:42,  1.52s/it]
Profiling splits:  58%|█████▊    | 93/159 [02:48<01:16,  1.16s/it]
Profiling splits:  59%|█████▉    | 94/159 [02:49<01:20,  1.24s/it]
Profiling splits:  60%|█████▉    | 95/159 [02:55<02:51,  2.67s/it]
Profiling splits:  60%|██████    | 96/159 [03:00<03:17,  3.13s/it]
Profiling splits:  61%|██████    | 97/159 [03:02<02:54,  2.82s/it]
Profiling splits:  62%|██████▏   | 98/159 [03:03<02:26,  2.41s/it]
Profiling splits:  62%|██████▏   | 99/159 [03:03<01:47,  1.80s/it]
Profiling splits:  63%|██████▎   | 100/159 [03:05<01:46,  1.80s/it]
Profiling splits:  64%|██████▎   | 101/159 [03:05<01:16,  1.32s/it]
Profiling splits:  64%|██████▍   | 102/159 [03:06<00:56,  1.00it/s]
Profiling splits:  65%|██████▍   | 103/159 [03:12<02:20,  2.51s/it]
Profiling splits:  65%|██████▌   | 104/159 [03:12<01:40,  1.82s/it]
Profiling splits:  66%|██████▌   | 105/159 [03:13<01:32,  1.72s/it]
Profiling splits:  67%|██████▋   | 106/159 [03:14<01:10,  1.33s/it]
Profiling splits:  67%|██████▋   | 107/159 [03:15<01:00,  1.17s/it]
Profiling splits:  68%|██████▊   | 108/159 [03:15<00:51,  1.00s/it]
Profiling splits:  69%|██████▊   | 109/159 [03:17<01:02,  1.24s/it]
Profiling splits:  69%|██████▉   | 110/159 [03:17<00:46,  1.05it/s]
Profiling splits:  70%|██████▉   | 111/159 [03:19<00:49,  1.04s/it]
Profiling splits:  70%|███████   | 112/159 [03:19<00:40,  1.15it/s]
Profiling splits:  71%|███████   | 113/159 [03:20<00:40,  1.14it/s]
Profiling splits:  72%|███████▏  | 114/159 [03:26<01:48,  2.41s/it]
Profiling splits:  72%|███████▏  | 115/159 [03:26<01:17,  1.75s/it]
Profiling splits:  73%|███████▎  | 116/159 [03:27<01:00,  1.41s/it]
Profiling splits:  74%|███████▎  | 117/159 [03:28<00:54,  1.29s/it]
Profiling splits:  74%|███████▍  | 118/159 [03:28<00:42,  1.04s/it]
Profiling splits:  75%|███████▍  | 119/159 [03:34<01:44,  2.60s/it]
Profiling splits:  75%|███████▌  | 120/159 [03:37<01:41,  2.60s/it]
Profiling splits:  76%|███████▌  | 121/159 [03:43<02:17,  3.61s/it]
Profiling splits:  77%|███████▋  | 123/159 [03:45<01:26,  2.41s/it]
Profiling splits:  79%|███████▉  | 126/159 [03:46<00:42,  1.30s/it]
Profiling splits:  80%|███████▉  | 127/159 [03:46<00:34,  1.09s/it]
Profiling splits:  81%|████████  | 128/159 [03:47<00:36,  1.17s/it]
Profiling splits:  82%|████████▏ | 130/159 [03:49<00:28,  1.01it/s]
Profiling splits:  82%|████████▏ | 131/159 [03:50<00:32,  1.17s/it]
Profiling splits:  83%|████████▎ | 132/159 [03:51<00:29,  1.10s/it]
Profiling splits:  84%|████████▎ | 133/159 [03:52<00:23,  1.11it/s]
Profiling splits:  84%|████████▍ | 134/159 [03:53<00:27,  1.11s/it]
Profiling splits:  85%|████████▍ | 135/159 [03:54<00:22,  1.08it/s]
Profiling splits:  86%|████████▌ | 136/159 [03:55<00:24,  1.08s/it]
Profiling splits:  86%|████████▌ | 137/159 [03:56<00:20,  1.10it/s]
Profiling splits:  87%|████████▋ | 138/159 [03:56<00:14,  1.47it/s]
Profiling splits:  87%|████████▋ | 139/159 [03:58<00:22,  1.12s/it]
Profiling splits:  88%|████████▊ | 140/159 [03:58<00:15,  1.19it/s]
Profiling splits:  89%|████████▊ | 141/159 [03:58<00:12,  1.50it/s]
Profiling splits:  89%|████████▉ | 142/159 [03:59<00:09,  1.77it/s]
Profiling splits:  90%|████████▉ | 143/159 [04:02<00:19,  1.22s/it]
Profiling splits:  91%|█████████ | 144/159 [04:02<00:13,  1.09it/s]
Profiling splits:  91%|█████████ | 145/159 [04:03<00:15,  1.14s/it]
Profiling splits:  92%|█████████▏| 146/159 [04:06<00:19,  1.49s/it]
Profiling splits:  92%|█████████▏| 147/159 [04:06<00:14,  1.18s/it]
Profiling splits:  93%|█████████▎| 148/159 [04:06<00:09,  1.14it/s]
Profiling splits:  94%|█████████▍| 150/159 [04:07<00:05,  1.55it/s]
Profiling splits:  95%|█████████▍| 151/159 [04:07<00:04,  1.81it/s]
Profiling splits:  96%|█████████▌| 153/159 [04:08<00:03,  1.99it/s]
Profiling splits:  97%|█████████▋| 154/159 [04:09<00:02,  2.15it/s]
Profiling splits:  97%|█████████▋| 155/159 [04:09<00:01,  2.39it/s]
Profiling splits:  98%|█████████▊| 156/159 [04:10<00:01,  1.86it/s]
Profiling splits:  99%|█████████▊| 157/159 [04:11<00:01,  1.63it/s]
Profiling splits:  99%|█████████▉| 158/159 [04:11<00:00,  1.61it/s]
Profiling splits: 100%|██████████| 159/159 [04:13<00:00,  1.02s/it]
Profiling splits: 100%|██████████| 159/159 [04:13<00:00,  1.60s/it]

Merging splits and profiling genes:   0%|          | 0/72 [00:00<?, ?it/s]
Merging splits and profiling genes:   1%|▏         | 1/72 [00:05<06:09,  5.20s/it]
Merging splits and profiling genes:   3%|▎         | 2/72 [00:06<03:03,  2.63s/it]
Merging splits and profiling genes:   4%|▍         | 3/72 [00:06<01:45,  1.53s/it]
Merging splits and profiling genes:   6%|▌         | 4/72 [00:06<01:08,  1.01s/it]
Merging splits and profiling genes:   7%|▋         | 5/72 [00:06<00:46,  1.43it/s]
Merging splits and profiling genes:   8%|▊         | 6/72 [00:06<00:34,  1.89it/s]
Merging splits and profiling genes:  10%|▉         | 7/72 [00:06<00:26,  2.44it/s]
Merging splits and profiling genes:  11%|█         | 8/72 [00:07<00:22,  2.84it/s]
Merging splits and profiling genes:  12%|█▎        | 9/72 [00:07<00:18,  3.42it/s]
Merging splits and profiling genes:  14%|█▍        | 10/72 [00:07<00:16,  3.87it/s]
Merging splits and profiling genes:  15%|█▌        | 11/72 [00:07<00:13,  4.37it/s]
Merging splits and profiling genes:  17%|█▋        | 12/72 [00:08<00:18,  3.29it/s]
Merging splits and profiling genes:  18%|█▊        | 13/72 [00:08<00:16,  3.63it/s]
Merging splits and profiling genes:  19%|█▉        | 14/72 [00:08<00:14,  3.98it/s]
Merging splits and profiling genes:  21%|██        | 15/72 [00:09<00:18,  3.03it/s]
Merging splits and profiling genes:  22%|██▏       | 16/72 [00:09<00:15,  3.65it/s]
Merging splits and profiling genes:  24%|██▎       | 17/72 [00:09<00:14,  3.71it/s]
Merging splits and profiling genes:  25%|██▌       | 18/72 [00:09<00:15,  3.58it/s]
Merging splits and profiling genes:  26%|██▋       | 19/72 [00:10<00:23,  2.29it/s]
Merging splits and profiling genes:  28%|██▊       | 20/72 [00:10<00:19,  2.73it/s]
Merging splits and profiling genes:  29%|██▉       | 21/72 [00:11<00:17,  2.96it/s]
Merging splits and profiling genes:  31%|███       | 22/72 [00:11<00:22,  2.23it/s]
Merging splits and profiling genes:  32%|███▏      | 23/72 [00:12<00:19,  2.51it/s]
Merging splits and profiling genes:  33%|███▎      | 24/72 [00:12<00:16,  2.85it/s]
Merging splits and profiling genes:  35%|███▍      | 25/72 [00:12<00:14,  3.34it/s]
Merging splits and profiling genes:  36%|███▌      | 26/72 [00:13<00:19,  2.39it/s]
Merging splits and profiling genes:  38%|███▊      | 27/72 [00:13<00:15,  2.88it/s]
Merging splits and profiling genes:  39%|███▉      | 28/72 [00:13<00:12,  3.49it/s]
Merging splits and profiling genes:  40%|████      | 29/72 [00:13<00:10,  4.08it/s]
Merging splits and profiling genes:  42%|████▏     | 30/72 [00:13<00:09,  4.32it/s]
Merging splits and profiling genes:  43%|████▎     | 31/72 [00:13<00:08,  5.04it/s]
Merging splits and profiling genes:  44%|████▍     | 32/72 [00:14<00:07,  5.53it/s]
Merging splits and profiling genes:  46%|████▌     | 33/72 [00:14<00:06,  6.14it/s]
Merging splits and profiling genes:  47%|████▋     | 34/72 [00:14<00:12,  3.04it/s]
Merging splits and profiling genes:  49%|████▊     | 35/72 [00:15<00:09,  3.71it/s]
Merging splits and profiling genes:  50%|█████     | 36/72 [00:15<00:08,  4.07it/s]
Merging splits and profiling genes:  51%|█████▏    | 37/72 [00:15<00:07,  4.87it/s]
Merging splits and profiling genes:  53%|█████▎    | 38/72 [00:15<00:06,  5.32it/s]
Merging splits and profiling genes:  54%|█████▍    | 39/72 [00:15<00:05,  5.69it/s]
Merging splits and profiling genes:  56%|█████▌    | 40/72 [00:15<00:05,  5.81it/s]
Merging splits and profiling genes:  57%|█████▋    | 41/72 [00:16<00:05,  5.29it/s]
Merging splits and profiling genes:  58%|█████▊    | 42/72 [00:16<00:05,  5.71it/s]
Merging splits and profiling genes:  60%|█████▉    | 43/72 [00:16<00:04,  5.98it/s]
Merging splits and profiling genes:  61%|██████    | 44/72 [00:17<00:08,  3.11it/s]
Merging splits and profiling genes:  62%|██████▎   | 45/72 [00:17<00:07,  3.78it/s]
Merging splits and profiling genes:  64%|██████▍   | 46/72 [00:17<00:05,  4.39it/s]
Merging splits and profiling genes:  65%|██████▌   | 47/72 [00:17<00:05,  4.85it/s]
Merging splits and profiling genes:  67%|██████▋   | 48/72 [00:17<00:04,  5.62it/s]
Merging splits and profiling genes:  68%|██████▊   | 49/72 [00:17<00:03,  5.83it/s]
Merging splits and profiling genes:  69%|██████▉   | 50/72 [00:17<00:03,  6.15it/s]
Merging splits and profiling genes:  71%|███████   | 51/72 [00:18<00:03,  5.67it/s]
Merging splits and profiling genes:  72%|███████▏  | 52/72 [00:18<00:03,  5.70it/s]
Merging splits and profiling genes:  74%|███████▎  | 53/72 [00:18<00:03,  5.41it/s]
Merging splits and profiling genes:  75%|███████▌  | 54/72 [00:18<00:02,  6.14it/s]
Merging splits and profiling genes:  76%|███████▋  | 55/72 [00:18<00:02,  6.83it/s]
Merging splits and profiling genes:  78%|███████▊  | 56/72 [00:18<00:02,  7.48it/s]
Merging splits and profiling genes:  79%|███████▉  | 57/72 [00:18<00:01,  7.91it/s]
Merging splits and profiling genes:  81%|████████  | 58/72 [00:19<00:01,  8.22it/s]
Merging splits and profiling genes:  82%|████████▏ | 59/72 [00:19<00:03,  3.51it/s]
Merging splits and profiling genes:  83%|████████▎ | 60/72 [00:19<00:02,  4.33it/s]
Merging splits and profiling genes:  85%|████████▍ | 61/72 [00:19<00:02,  5.14it/s]
Merging splits and profiling genes:  86%|████████▌ | 62/72 [00:20<00:01,  5.98it/s]
Merging splits and profiling genes:  88%|████████▊ | 63/72 [00:20<00:01,  5.91it/s]
Merging splits and profiling genes:  89%|████████▉ | 64/72 [00:20<00:01,  6.57it/s]
Merging splits and profiling genes:  90%|█████████ | 65/72 [00:20<00:01,  5.91it/s]
Merging splits and profiling genes:  92%|█████████▏| 66/72 [00:20<00:01,  5.50it/s]
Merging splits and profiling genes:  93%|█████████▎| 67/72 [00:20<00:00,  5.12it/s]
Merging splits and profiling genes:  94%|█████████▍| 68/72 [00:21<00:00,  5.65it/s]
Merging splits and profiling genes:  96%|█████████▌| 69/72 [00:21<00:00,  6.43it/s]
Merging splits and profiling genes:  99%|█████████▊| 71/72 [00:21<00:00,  8.50it/s]
Merging splits and profiling genes: 100%|██████████| 72/72 [00:21<00:00,  7.94it/s]
Merging splits and profiling genes: 100%|██████████| 72/72 [00:21<00:00,  3.35it/s]
Cannot generate genes_table, no genes were profiled
***************************************************
.:: inStrain profile Step 4. Make genome-wide ::..
***************************************************
        
Scaffold to bin was made using .stb file
***************************************************
 .:: inStrain profile Step 5. Generate plots ::..
***************************************************
        
Nevermind! You chose to skip making plots
$$$$$$$$$$$$$$$$$$$$$$$$$$$$$$$$$$$$$$$$$$$$$$$$$$$$$$$$$$$$$$$$$$$$$$$$$$$$$$$$

..:: inStrain profile finished ::..

Output tables........ ${ARTICLE50_WORK_DIR}/profiles/MOCK1/output/
Figures.............. ${ARTICLE50_WORK_DIR}/profiles/MOCK1/figures/
Logging.............. ${ARTICLE50_WORK_DIR}/profiles/MOCK1/log/

See documentation for output descriptions - https://instrain.readthedocs.io/en/latest/

$$$$$$$$$$$$$$$$$$$$$$$$$$$$$$$$$$$$$$$$$$$$$$$$$$$$$$$$$$$$$$$$$$$$$$$$$$$$$$$$
        
