***************************************************
    ..:: inStrain profile Step 1. Filter reads ::..
***************************************************
        

Filtering reads:   0%|          | 0/4714 [00:00<?, ?it/s]
Filtering reads:   0%|          | 1/4714 [00:02<3:40:32,  2.81s/it]
Filtering reads:   0%|          | 3/4714 [00:02<1:00:23,  1.30it/s]
Filtering reads:   0%|          | 7/4714 [00:03<20:45,  3.78it/s]  
Filtering reads:   0%|          | 22/4714 [00:03<04:54, 15.92it/s]
Filtering reads:   1%|          | 43/4714 [00:03<02:14, 34.82it/s]
Filtering reads:   1%|          | 54/4714 [00:03<02:28, 31.46it/s]
Filtering reads:   1%|▏         | 63/4714 [00:03<02:02, 38.07it/s]
Filtering reads:   2%|▏         | 78/4714 [00:03<01:27, 53.24it/s]
Filtering reads:   2%|▏         | 94/4714 [00:04<01:05, 70.15it/s]
Filtering reads:   2%|▏         | 113/4714 [00:04<00:50, 91.40it/s]
Filtering reads:   3%|▎         | 138/4714 [00:04<00:36, 124.68it/s]
Filtering reads:   3%|▎         | 155/4714 [00:04<00:34, 130.27it/s]
Filtering reads:   4%|▎         | 172/4714 [00:04<00:36, 123.61it/s]
Filtering reads:   4%|▍         | 192/4714 [00:04<00:32, 140.12it/s]
Filtering reads:   5%|▍         | 223/4714 [00:04<00:24, 182.17it/s]
Filtering reads:   5%|▌         | 253/4714 [00:04<00:21, 209.10it/s]
Filtering reads:   6%|▌         | 276/4714 [00:05<00:26, 170.69it/s]
Filtering reads:   6%|▋         | 296/4714 [00:05<00:25, 175.87it/s]
Filtering reads:   7%|▋         | 316/4714 [00:05<00:28, 155.66it/s]
Filtering reads:   7%|▋         | 342/4714 [00:05<00:24, 179.41it/s]
Filtering reads:   8%|▊         | 368/4714 [00:05<00:21, 198.66it/s]
Filtering reads:   8%|▊         | 400/4714 [00:05<00:19, 222.54it/s]
Filtering reads:   9%|▉         | 424/4714 [00:05<00:20, 210.20it/s]
Filtering reads:   9%|▉         | 446/4714 [00:05<00:20, 205.02it/s]
Filtering reads:  10%|▉         | 468/4714 [00:05<00:20, 208.05it/s]
Filtering reads:  10%|█         | 490/4714 [00:06<00:22, 186.24it/s]
Filtering reads:  11%|█         | 522/4714 [00:06<00:19, 219.57it/s]
Filtering reads:  12%|█▏        | 545/4714 [00:06<00:19, 214.18it/s]
Filtering reads:  12%|█▏        | 578/4714 [00:06<00:17, 242.76it/s]
Filtering reads:  13%|█▎        | 604/4714 [00:06<00:16, 242.28it/s]
Filtering reads:  13%|█▎        | 629/4714 [00:06<00:16, 242.45it/s]
Filtering reads:  14%|█▍        | 668/4714 [00:06<00:14, 284.12it/s]
Filtering reads:  15%|█▍        | 706/4714 [00:06<00:12, 310.05it/s]
Filtering reads:  16%|█▌        | 747/4714 [00:06<00:11, 338.86it/s]
Filtering reads:  17%|█▋        | 782/4714 [00:07<00:13, 292.44it/s]
Filtering reads:  17%|█▋        | 821/4714 [00:07<00:12, 309.82it/s]
Filtering reads:  18%|█▊        | 854/4714 [00:07<00:13, 278.57it/s]
Filtering reads:  19%|█▉        | 884/4714 [00:07<00:15, 254.81it/s]
Filtering reads:  19%|█▉        | 911/4714 [00:07<00:15, 239.35it/s]
Filtering reads:  20%|██        | 944/4714 [00:07<00:14, 260.72it/s]
Filtering reads:  21%|██        | 972/4714 [00:07<00:16, 223.72it/s]
Filtering reads:  21%|██        | 996/4714 [00:08<00:17, 217.39it/s]
Filtering reads:  22%|██▏       | 1019/4714 [00:08<00:16, 220.10it/s]
Filtering reads:  23%|██▎       | 1068/4714 [00:08<00:12, 288.58it/s]
Filtering reads:  24%|██▍       | 1125/4714 [00:08<00:09, 363.71it/s]
Filtering reads:  26%|██▌       | 1215/4714 [00:08<00:06, 504.80it/s]
Filtering reads:  27%|██▋       | 1293/4714 [00:08<00:05, 578.83it/s]
Filtering reads:  30%|██▉       | 1399/4714 [00:08<00:04, 710.48it/s]
Filtering reads:  32%|███▏      | 1486/4714 [00:08<00:04, 755.94it/s]
Filtering reads:  34%|███▎      | 1580/4714 [00:08<00:03, 807.72it/s]
Filtering reads:  37%|███▋      | 1731/4714 [00:08<00:02, 1011.15it/s]
Filtering reads:  40%|████      | 1893/4714 [00:09<00:02, 1188.60it/s]
Filtering reads:  43%|████▎     | 2013/4714 [00:09<00:02, 991.02it/s] 
Filtering reads:  45%|████▍     | 2119/4714 [00:09<00:02, 968.15it/s]
Filtering reads:  48%|████▊     | 2246/4714 [00:09<00:02, 1046.37it/s]
Filtering reads:  50%|█████     | 2376/4714 [00:09<00:02, 1097.28it/s]
Filtering reads:  53%|█████▎    | 2493/4714 [00:09<00:01, 1111.85it/s]
Filtering reads:  56%|█████▌    | 2650/4714 [00:09<00:01, 1240.69it/s]
Filtering reads:  59%|█████▉    | 2777/4714 [00:09<00:01, 998.80it/s] 
Filtering reads:  61%|██████    | 2886/4714 [00:10<00:01, 960.96it/s]
Filtering reads:  63%|██████▎   | 2989/4714 [00:10<00:02, 810.02it/s]
Filtering reads:  66%|██████▌   | 3120/4714 [00:10<00:01, 919.61it/s]
Filtering reads:  68%|██████▊   | 3221/4714 [00:10<00:01, 926.12it/s]
Filtering reads:  72%|███████▏  | 3372/4714 [00:10<00:01, 1075.45it/s]
Filtering reads:  74%|███████▍  | 3487/4714 [00:10<00:01, 803.27it/s] 
Filtering reads:  76%|███████▌  | 3582/4714 [00:10<00:01, 802.17it/s]
Filtering reads:  79%|███████▉  | 3723/4714 [00:10<00:01, 942.42it/s]
Filtering reads:  81%|████████  | 3829/4714 [00:11<00:00, 922.15it/s]
Filtering reads:  84%|████████▍ | 3962/4714 [00:11<00:00, 1021.92it/s]
Filtering reads:  86%|████████▋ | 4072/4714 [00:11<00:00, 660.04it/s] 
Filtering reads:  88%|████████▊ | 4159/4714 [00:11<00:01, 518.14it/s]
Filtering reads:  90%|████████▉ | 4230/4714 [00:11<00:00, 522.69it/s]
Filtering reads:  92%|█████████▏| 4339/4714 [00:12<00:00, 620.65it/s]
Filtering reads:  94%|█████████▎| 4416/4714 [00:12<00:00, 637.76it/s]
Filtering reads:  95%|█████████▌| 4491/4714 [00:12<00:00, 413.56it/s]
Filtering reads:  97%|█████████▋| 4568/4714 [00:12<00:00, 470.19it/s]
Filtering reads:  98%|█████████▊| 4631/4714 [00:12<00:00, 430.63it/s]
Filtering reads:  99%|█████████▉| 4686/4714 [00:13<00:00, 356.94it/s]
Filtering reads: 100%|██████████| 4714/4714 [00:13<00:00, 354.01it/s]
1.8% of pairs and 100.0% of singletons were removed during filtering
1,421,391 read pairs remain (0.4231 Gbp)
***************************************************
.:: inStrain profile Step 2. Profile scaffolds ::..
***************************************************
        

Profiling splits:   0%|          | 0/159 [00:00<?, ?it/s]
Profiling splits:   1%|          | 1/159 [00:41<1:48:41, 41.27s/it]
Profiling splits:   1%|▏         | 2/159 [00:42<47:07, 18.01s/it]  
Profiling splits:   2%|▏         | 3/159 [00:43<25:48,  9.93s/it]
Profiling splits:   4%|▍         | 6/159 [00:43<08:53,  3.49s/it]
Profiling splits:   5%|▌         | 8/159 [00:44<05:36,  2.23s/it]
Profiling splits:   6%|▌         | 9/159 [00:45<04:52,  1.95s/it]
Profiling splits:   8%|▊         | 13/159 [00:45<02:09,  1.13it/s]
Profiling splits:   9%|▉         | 15/159 [00:46<01:49,  1.31it/s]
Profiling splits:  10%|█         | 16/159 [00:46<01:34,  1.51it/s]
Profiling splits:  11%|█         | 17/159 [00:46<01:29,  1.58it/s]
Profiling splits:  11%|█▏        | 18/159 [00:47<01:12,  1.94it/s]
Profiling splits:  12%|█▏        | 19/159 [00:48<01:25,  1.63it/s]
Profiling splits:  13%|█▎        | 21/159 [00:48<01:12,  1.91it/s]
Profiling splits:  14%|█▍        | 22/159 [00:49<01:09,  1.97it/s]
Profiling splits:  14%|█▍        | 23/159 [00:50<01:21,  1.68it/s]
Profiling splits:  15%|█▌        | 24/159 [00:52<02:22,  1.06s/it]
Profiling splits:  16%|█▌        | 25/159 [01:13<14:20,  6.42s/it]
Profiling splits:  16%|█▋        | 26/159 [01:16<12:03,  5.44s/it]
Profiling splits:  17%|█▋        | 27/159 [01:16<08:49,  4.01s/it]
Profiling splits:  18%|█▊        | 28/159 [01:17<06:46,  3.10s/it]
Profiling splits:  18%|█▊        | 29/159 [01:17<04:54,  2.26s/it]
Profiling splits:  19%|█▉        | 30/159 [01:18<03:41,  1.72s/it]
Profiling splits:  20%|██        | 32/159 [01:18<02:03,  1.03it/s]
Profiling splits:  21%|██▏       | 34/159 [01:19<01:35,  1.30it/s]
Profiling splits:  22%|██▏       | 35/159 [01:19<01:24,  1.46it/s]
Profiling splits:  23%|██▎       | 36/159 [01:20<01:16,  1.60it/s]
Profiling splits:  23%|██▎       | 37/159 [01:21<01:30,  1.35it/s]
Profiling splits:  24%|██▍       | 38/159 [01:23<02:05,  1.04s/it]
Profiling splits:  25%|██▍       | 39/159 [01:26<03:17,  1.65s/it]
Profiling splits:  26%|██▌       | 41/159 [01:27<02:11,  1.12s/it]
Profiling splits:  26%|██▋       | 42/159 [01:29<02:44,  1.40s/it]
Profiling splits:  27%|██▋       | 43/159 [01:29<02:04,  1.07s/it]
Profiling splits:  28%|██▊       | 44/159 [01:30<01:39,  1.15it/s]
Profiling splits:  28%|██▊       | 45/159 [01:30<01:24,  1.35it/s]
Profiling splits:  29%|██▉       | 46/159 [01:31<01:24,  1.34it/s]
Profiling splits:  30%|██▉       | 47/159 [01:31<01:03,  1.75it/s]
Profiling splits:  30%|███       | 48/159 [01:31<01:00,  1.85it/s]
Profiling splits:  31%|███       | 49/159 [01:38<04:33,  2.48s/it]
Profiling splits:  31%|███▏      | 50/159 [01:42<04:52,  2.69s/it]
Profiling splits:  32%|███▏      | 51/159 [01:43<04:14,  2.36s/it]
Profiling splits:  33%|███▎      | 53/159 [01:45<02:53,  1.64s/it]
Profiling splits:  36%|███▌      | 57/159 [01:46<01:31,  1.11it/s]
Profiling splits:  36%|███▋      | 58/159 [01:47<01:25,  1.18it/s]
Profiling splits:  38%|███▊      | 60/159 [01:48<01:18,  1.26it/s]
Profiling splits:  38%|███▊      | 61/159 [01:57<03:42,  2.27s/it]
Profiling splits:  39%|███▉      | 62/159 [01:58<03:16,  2.03s/it]
Profiling splits:  40%|███▉      | 63/159 [01:59<02:49,  1.76s/it]
Profiling splits:  40%|████      | 64/159 [02:01<03:04,  1.94s/it]
Profiling splits:  41%|████      | 65/159 [02:02<02:39,  1.69s/it]
Profiling splits:  42%|████▏     | 66/159 [02:02<02:01,  1.31s/it]
Profiling splits:  43%|████▎     | 68/159 [02:07<02:36,  1.72s/it]
Profiling splits:  43%|████▎     | 69/159 [02:07<02:06,  1.40s/it]
Profiling splits:  44%|████▍     | 70/159 [02:08<01:49,  1.23s/it]
Profiling splits:  45%|████▍     | 71/159 [02:09<01:42,  1.16s/it]
Profiling splits:  45%|████▌     | 72/159 [02:09<01:16,  1.14it/s]
Profiling splits:  46%|████▌     | 73/159 [02:10<01:20,  1.07it/s]
Profiling splits:  47%|████▋     | 74/159 [02:14<02:38,  1.87s/it]
Profiling splits:  47%|████▋     | 75/159 [02:15<01:54,  1.36s/it]
Profiling splits:  48%|████▊     | 76/159 [02:16<01:41,  1.23s/it]
Profiling splits:  48%|████▊     | 77/159 [02:17<01:47,  1.31s/it]
Profiling splits:  49%|████▉     | 78/159 [02:19<02:06,  1.57s/it]
Profiling splits:  50%|████▉     | 79/159 [02:19<01:33,  1.17s/it]
Profiling splits:  50%|█████     | 80/159 [02:22<01:56,  1.47s/it]
Profiling splits:  51%|█████     | 81/159 [02:27<03:24,  2.62s/it]
Profiling splits:  52%|█████▏    | 82/159 [02:28<02:36,  2.04s/it]
Profiling splits:  53%|█████▎    | 84/159 [02:28<01:27,  1.17s/it]
Profiling splits:  53%|█████▎    | 85/159 [02:29<01:25,  1.15s/it]
Profiling splits:  54%|█████▍    | 86/159 [02:30<01:15,  1.04s/it]
Profiling splits:  55%|█████▍    | 87/159 [02:30<01:02,  1.16it/s]
Profiling splits:  55%|█████▌    | 88/159 [02:31<00:57,  1.23it/s]
Profiling splits:  56%|█████▌    | 89/159 [02:32<01:00,  1.15it/s]
Profiling splits:  57%|█████▋    | 90/159 [02:32<00:54,  1.26it/s]
Profiling splits:  57%|█████▋    | 91/159 [02:33<00:42,  1.61it/s]
Profiling splits:  58%|█████▊    | 92/159 [02:36<01:42,  1.52s/it]
Profiling splits:  58%|█████▊    | 93/159 [02:38<01:42,  1.55s/it]
Profiling splits:  59%|█████▉    | 94/159 [02:41<02:04,  1.91s/it]
Profiling splits:  60%|█████▉    | 95/159 [02:48<03:38,  3.41s/it]
Profiling splits:  60%|██████    | 96/159 [02:48<02:34,  2.45s/it]
Profiling splits:  61%|██████    | 97/159 [02:53<03:28,  3.37s/it]
Profiling splits:  62%|██████▏   | 98/159 [02:56<03:14,  3.18s/it]
Profiling splits:  62%|██████▏   | 99/159 [02:57<02:21,  2.37s/it]
Profiling splits:  63%|██████▎   | 100/159 [02:59<02:27,  2.50s/it]
Profiling splits:  64%|██████▎   | 101/159 [03:00<01:44,  1.80s/it]
Profiling splits:  64%|██████▍   | 102/159 [03:00<01:27,  1.53s/it]
Profiling splits:  65%|██████▍   | 103/159 [03:01<01:05,  1.17s/it]
Profiling splits:  65%|██████▌   | 104/159 [03:03<01:24,  1.53s/it]
Profiling splits:  66%|██████▌   | 105/159 [03:03<01:03,  1.17s/it]
Profiling splits:  67%|██████▋   | 106/159 [03:05<01:06,  1.26s/it]
Profiling splits:  67%|██████▋   | 107/159 [03:06<00:58,  1.12s/it]
Profiling splits:  68%|██████▊   | 108/159 [03:06<00:44,  1.14it/s]
Profiling splits:  69%|██████▊   | 109/159 [03:07<00:40,  1.23it/s]
Profiling splits:  69%|██████▉   | 110/159 [03:07<00:29,  1.65it/s]
Profiling splits:  70%|██████▉   | 111/159 [03:07<00:26,  1.81it/s]
Profiling splits:  70%|███████   | 112/159 [03:08<00:30,  1.54it/s]
Profiling splits:  71%|███████   | 113/159 [03:09<00:29,  1.58it/s]
Profiling splits:  72%|███████▏  | 114/159 [03:11<00:49,  1.10s/it]
Profiling splits:  72%|███████▏  | 115/159 [03:12<00:48,  1.11s/it]
Profiling splits:  74%|███████▎  | 117/159 [03:14<00:40,  1.03it/s]
Profiling splits:  74%|███████▍  | 118/159 [03:15<00:44,  1.09s/it]
Profiling splits:  75%|███████▍  | 119/159 [03:24<02:04,  3.11s/it]
Profiling splits:  75%|███████▌  | 120/159 [03:27<01:59,  3.06s/it]
Profiling splits:  76%|███████▌  | 121/159 [03:32<02:18,  3.66s/it]
Profiling splits:  77%|███████▋  | 122/159 [03:33<01:43,  2.80s/it]
Profiling splits:  77%|███████▋  | 123/159 [03:34<01:26,  2.40s/it]
Profiling splits:  78%|███████▊  | 124/159 [03:35<01:12,  2.08s/it]
Profiling splits:  79%|███████▊  | 125/159 [03:36<00:58,  1.73s/it]
Profiling splits:  79%|███████▉  | 126/159 [03:38<00:52,  1.60s/it]
Profiling splits:  81%|████████  | 128/159 [03:38<00:29,  1.06it/s]
Profiling splits:  81%|████████  | 129/159 [03:38<00:22,  1.32it/s]
Profiling splits:  82%|████████▏ | 130/159 [03:38<00:18,  1.58it/s]
Profiling splits:  82%|████████▏ | 131/159 [03:39<00:14,  1.94it/s]
Profiling splits:  83%|████████▎ | 132/159 [03:39<00:12,  2.20it/s]
Profiling splits:  84%|████████▎ | 133/159 [03:41<00:21,  1.23it/s]
Profiling splits:  84%|████████▍ | 134/159 [03:41<00:15,  1.61it/s]
Profiling splits:  85%|████████▍ | 135/159 [03:44<00:31,  1.30s/it]
Profiling splits:  86%|████████▌ | 136/159 [03:44<00:24,  1.07s/it]
Profiling splits:  86%|████████▌ | 137/159 [03:45<00:24,  1.11s/it]
Profiling splits:  87%|████████▋ | 138/159 [03:46<00:17,  1.18it/s]
Profiling splits:  88%|████████▊ | 140/159 [03:47<00:13,  1.42it/s]
Profiling splits:  89%|████████▊ | 141/159 [03:47<00:10,  1.69it/s]
Profiling splits:  89%|████████▉ | 142/159 [03:49<00:15,  1.09it/s]
Profiling splits:  90%|████████▉ | 143/159 [03:51<00:19,  1.24s/it]
Profiling splits:  91%|█████████ | 145/159 [03:53<00:15,  1.14s/it]
Profiling splits:  92%|█████████▏| 146/159 [03:53<00:13,  1.00s/it]
Profiling splits:  92%|█████████▏| 147/159 [03:54<00:10,  1.15it/s]
Profiling splits:  93%|█████████▎| 148/159 [03:55<00:11,  1.03s/it]
Profiling splits:  94%|█████████▎| 149/159 [03:56<00:08,  1.18it/s]
Profiling splits:  94%|█████████▍| 150/159 [03:58<00:09,  1.11s/it]
Profiling splits:  95%|█████████▍| 151/159 [03:58<00:07,  1.13it/s]
Profiling splits:  96%|█████████▌| 152/159 [03:58<00:04,  1.41it/s]
Profiling splits:  96%|█████████▌| 153/159 [03:58<00:03,  1.84it/s]
Profiling splits:  97%|█████████▋| 155/159 [03:58<00:01,  3.05it/s]
Profiling splits:  98%|█████████▊| 156/159 [03:59<00:01,  2.45it/s]
Profiling splits:  99%|█████████▊| 157/159 [04:00<00:00,  2.17it/s]
Profiling splits:  99%|█████████▉| 158/159 [04:00<00:00,  2.11it/s]
Profiling splits: 100%|██████████| 159/159 [04:00<00:00,  2.51it/s]
Profiling splits: 100%|██████████| 159/159 [04:00<00:00,  1.52s/it]

Merging splits and profiling genes:   0%|          | 0/72 [00:00<?, ?it/s]
Merging splits and profiling genes:   1%|▏         | 1/72 [00:05<06:16,  5.30s/it]
Merging splits and profiling genes:   3%|▎         | 2/72 [00:05<02:42,  2.33s/it]
Merging splits and profiling genes:   4%|▍         | 3/72 [00:05<01:34,  1.37s/it]
Merging splits and profiling genes:   6%|▌         | 4/72 [00:05<01:01,  1.10it/s]
Merging splits and profiling genes:   7%|▋         | 5/72 [00:06<00:51,  1.30it/s]
Merging splits and profiling genes:   8%|▊         | 6/72 [00:06<00:36,  1.78it/s]
Merging splits and profiling genes:  10%|▉         | 7/72 [00:06<00:27,  2.39it/s]
Merging splits and profiling genes:  11%|█         | 8/72 [00:06<00:21,  2.95it/s]
Merging splits and profiling genes:  12%|█▎        | 9/72 [00:07<00:17,  3.56it/s]
Merging splits and profiling genes:  14%|█▍        | 10/72 [00:07<00:14,  4.19it/s]
Merging splits and profiling genes:  15%|█▌        | 11/72 [00:07<00:12,  5.03it/s]
Merging splits and profiling genes:  17%|█▋        | 12/72 [00:07<00:16,  3.54it/s]
Merging splits and profiling genes:  18%|█▊        | 13/72 [00:07<00:14,  4.18it/s]
Merging splits and profiling genes:  19%|█▉        | 14/72 [00:08<00:11,  4.87it/s]
Merging splits and profiling genes:  21%|██        | 15/72 [00:08<00:11,  4.77it/s]
Merging splits and profiling genes:  22%|██▏       | 16/72 [00:08<00:09,  5.63it/s]
Merging splits and profiling genes:  24%|██▎       | 17/72 [00:09<00:17,  3.10it/s]
Merging splits and profiling genes:  25%|██▌       | 18/72 [00:09<00:16,  3.30it/s]
Merging splits and profiling genes:  26%|██▋       | 19/72 [00:10<00:22,  2.35it/s]
Merging splits and profiling genes:  28%|██▊       | 20/72 [00:10<00:20,  2.57it/s]
Merging splits and profiling genes:  29%|██▉       | 21/72 [00:10<00:17,  2.92it/s]
Merging splits and profiling genes:  31%|███       | 22/72 [00:11<00:23,  2.15it/s]
Merging splits and profiling genes:  32%|███▏      | 23/72 [00:11<00:19,  2.58it/s]
Merging splits and profiling genes:  33%|███▎      | 24/72 [00:11<00:16,  2.95it/s]
Merging splits and profiling genes:  35%|███▍      | 25/72 [00:11<00:13,  3.54it/s]
Merging splits and profiling genes:  36%|███▌      | 26/72 [00:12<00:11,  4.13it/s]
Merging splits and profiling genes:  38%|███▊      | 27/72 [00:12<00:09,  4.61it/s]
Merging splits and profiling genes:  39%|███▉      | 28/72 [00:12<00:08,  4.93it/s]
Merging splits and profiling genes:  40%|████      | 29/72 [00:12<00:08,  5.34it/s]
Merging splits and profiling genes:  42%|████▏     | 30/72 [00:13<00:16,  2.53it/s]
Merging splits and profiling genes:  43%|████▎     | 31/72 [00:13<00:13,  3.10it/s]
Merging splits and profiling genes:  44%|████▍     | 32/72 [00:13<00:10,  3.74it/s]
Merging splits and profiling genes:  46%|████▌     | 33/72 [00:13<00:09,  4.29it/s]
Merging splits and profiling genes:  47%|████▋     | 34/72 [00:14<00:08,  4.69it/s]
Merging splits and profiling genes:  49%|████▊     | 35/72 [00:14<00:07,  4.93it/s]
Merging splits and profiling genes:  50%|█████     | 36/72 [00:14<00:12,  2.96it/s]
Merging splits and profiling genes:  51%|█████▏    | 37/72 [00:15<00:10,  3.48it/s]
Merging splits and profiling genes:  53%|█████▎    | 38/72 [00:15<00:08,  4.10it/s]
Merging splits and profiling genes:  54%|█████▍    | 39/72 [00:15<00:07,  4.34it/s]
Merging splits and profiling genes:  56%|█████▌    | 40/72 [00:15<00:06,  4.84it/s]
Merging splits and profiling genes:  57%|█████▋    | 41/72 [00:15<00:05,  5.39it/s]
Merging splits and profiling genes:  58%|█████▊    | 42/72 [00:15<00:05,  5.13it/s]
Merging splits and profiling genes:  60%|█████▉    | 43/72 [00:16<00:05,  4.93it/s]
Merging splits and profiling genes:  61%|██████    | 44/72 [00:16<00:05,  5.43it/s]
Merging splits and profiling genes:  62%|██████▎   | 45/72 [00:16<00:04,  5.94it/s]
Merging splits and profiling genes:  64%|██████▍   | 46/72 [00:16<00:04,  5.83it/s]
Merging splits and profiling genes:  65%|██████▌   | 47/72 [00:17<00:07,  3.27it/s]
Merging splits and profiling genes:  67%|██████▋   | 48/72 [00:17<00:06,  3.89it/s]
Merging splits and profiling genes:  68%|██████▊   | 49/72 [00:17<00:05,  4.48it/s]
Merging splits and profiling genes:  69%|██████▉   | 50/72 [00:17<00:04,  5.30it/s]
Merging splits and profiling genes:  71%|███████   | 51/72 [00:17<00:03,  5.69it/s]
Merging splits and profiling genes:  72%|███████▏  | 52/72 [00:17<00:03,  6.20it/s]
Merging splits and profiling genes:  74%|███████▎  | 53/72 [00:17<00:02,  6.79it/s]
Merging splits and profiling genes:  75%|███████▌  | 54/72 [00:18<00:02,  7.27it/s]
Merging splits and profiling genes:  76%|███████▋  | 55/72 [00:18<00:02,  7.75it/s]
Merging splits and profiling genes:  78%|███████▊  | 56/72 [00:18<00:01,  8.14it/s]
Merging splits and profiling genes:  81%|████████  | 58/72 [00:18<00:01,  9.04it/s]
Merging splits and profiling genes:  82%|████████▏ | 59/72 [00:18<00:01,  8.95it/s]
Merging splits and profiling genes:  83%|████████▎ | 60/72 [00:18<00:01,  8.91it/s]
Merging splits and profiling genes:  85%|████████▍ | 61/72 [00:18<00:01,  8.80it/s]
Merging splits and profiling genes:  86%|████████▌ | 62/72 [00:18<00:01,  8.62it/s]
Merging splits and profiling genes:  88%|████████▊ | 63/72 [00:19<00:02,  3.33it/s]
Merging splits and profiling genes:  89%|████████▉ | 64/72 [00:19<00:01,  4.10it/s]
Merging splits and profiling genes:  90%|█████████ | 65/72 [00:19<00:01,  4.71it/s]
Merging splits and profiling genes:  92%|█████████▏| 66/72 [00:20<00:01,  5.57it/s]
Merging splits and profiling genes:  93%|█████████▎| 67/72 [00:20<00:00,  5.21it/s]
Merging splits and profiling genes:  94%|█████████▍| 68/72 [00:20<00:00,  5.24it/s]
Merging splits and profiling genes:  96%|█████████▌| 69/72 [00:20<00:00,  4.88it/s]
Merging splits and profiling genes:  97%|█████████▋| 70/72 [00:20<00:00,  5.35it/s]
Merging splits and profiling genes:  99%|█████████▊| 71/72 [00:21<00:00,  5.15it/s]
Merging splits and profiling genes: 100%|██████████| 72/72 [00:21<00:00,  3.42it/s]
Cannot generate genes_table, no genes were profiled
***************************************************
.:: inStrain profile Step 4. Make genome-wide ::..
***************************************************
        
Scaffold to bin was made using .stb file
***************************************************
 .:: inStrain profile Step 5. Generate plots ::..
***************************************************
        
Nevermind! You chose to skip making plots
$$$$$$$$$$$$$$$$$$$$$$$$$$$$$$$$$$$$$$$$$$$$$$$$$$$$$$$$$$$$$$$$$$$$$$$$$$$$$$$$

..:: inStrain profile finished ::..

Output tables........ ${ARTICLE50_WORK_DIR}/profiles/MOCK2/output/
Figures.............. ${ARTICLE50_WORK_DIR}/profiles/MOCK2/figures/
Logging.............. ${ARTICLE50_WORK_DIR}/profiles/MOCK2/log/

See documentation for output descriptions - https://instrain.readthedocs.io/en/latest/

$$$$$$$$$$$$$$$$$$$$$$$$$$$$$$$$$$$$$$$$$$$$$$$$$$$$$$$$$$$$$$$$$$$$$$$$$$$$$$$$
        
