/workspace/miniconda3/envs/multiomics-native/lib/python3.10/site-packages/scripts/halla.py:8: UserWarning: pkg_resources is deprecated as an API. See https://setuptools.pypa.io/en/latest/pkg_resources.html. The pkg_resources package is slated for removal as early as 2025-11-30. Refrain from using this package or pin to Setuptools<81.
  import pkg_resources
Setting config parameters (irrelevant parameters will be ignored)...
  preprocess:
    max freq thresh               : 1
    transform funcs               : None
    discretize bypass if possible : True
    discretize func               : None
    discretize num bins           : None
  association:
    pdist metric                  : spearman
  hierarchy:
    sim2dist set abs              : True
    sim2dist func                 : None
    linkage method                : average
  permute:
    iters                         : 1000
    func                          : gpd
    speedup                       : True
  stats:
    fdr alpha                     : 0.05
    fdr method                    : fdr_bh
    fnr thresh                    : 0.2
    rank cluster                  : best
  output:
    dir                           : /workspace/wechat/Metagenome/.tutorial_runs/article63/halla-results/raw
    verbose                       : True

== Loading and preprocessing data ==
Preprocessing step completed:
*  X shape (# features, # size) (166, 155)
*  Y shape (# features, # size) (153, 155)
== Completed; total duration: 0:00:00.136231 ==

== Performing HAllA ==
-- Step 1: Computing pairwise similarities, p-values, and q-values --
Generating the similarity table...
Generating the p-value table...
The first p-value computation took about 0.001 seconds. Extrapolating from this, computing the entire p-value table should take roughly 78.938 seconds...
Generating the q-value table...
*  Number of significant associations 7845
-- Completed; total duration: 0:00:21.621283 --

-- Step 2: Performing hierarchical clustering --
-- Completed; total duration: 0:00:16.919656 --

-- Step 3: Finding densely associated blocks --
*  Number of significant clusters 2387
-- Completed; total duration: 0:00:01.592518 --

== Generating reports ==
Creating a new directory /workspace/wechat/Metagenome/.tutorial_runs/article63/halla-results/raw
R[write to console]: 警告信息:

R[write to console]: 1: 
R[write to console]: In (function (package, help, pos = 2, lib.loc = NULL, character.only = FALSE,  :
R[write to console]: 
 
R[write to console]:  图书馆‘/usr/lib/R/site-library’里没有程序包

R[write to console]: 2: 
R[write to console]: In (function (package, help, pos = 2, lib.loc = NULL, character.only = FALSE,  :
R[write to console]: 
 
R[write to console]:  图书馆‘/usr/lib/R/site-library’里没有程序包

