IQ-TREE version 3.1.3 for Linux x86 64-bit built Jul 26 2026
Developed by Bui Quang Minh, Thomas Wong, Nhan Ly-Trong, Huaiyan Ren
Contributed by Lam-Tung Nguyen, Dominik Schrempf, Chris Bielow,
Olga Chernomor, Michael Woodhams, Diep Thi Hoang, Heiko Schmidt

Host:    iyun96 (AVX2, FMA3, 1007 GB RAM)
Command: iqtree3 -s /workspace/wechat/Metagenome/results/47-phylogenomics/gtotree/archaea/Aligned_SCGs_mod_names.faa -st AA -m MFP -B 1000 --alrt 1000 -T AUTO --threads-max 24 --seed 20260748 --prefix /workspace/wechat/Metagenome/results/47-phylogenomics/iqtree/archaea/article47-archaea --safe
Seed:    20260748 (Using SPRNG - Scalable Parallel Random Number Generator)
Time:    Thu Jul 30 13:43:13 2026
Kernel:  Safe AVX+FMA - auto-detect threads (72 CPU cores detected)

Reading alignment file /workspace/wechat/Metagenome/results/47-phylogenomics/gtotree/archaea/Aligned_SCGs_mod_names.faa ... Fasta format detected
Reading fasta file: done in 0.00524616 secs using 91.08% CPU
Alignment most likely contains protein sequences
Constructing alignment: done in 0.110047 secs using 1081% CPU
WARNING: 375 sites contain only gaps or ambiguous characters.
Alignment has 16 sequences with 14804 columns, 12279 distinct patterns
11615 parsimony-informative, 336 singleton sites, 2853 constant sites
                               Gap/Ambiguity  Composition  p-value
Analyzing sequences: done in 0.000966072 secs using 1308% CPU
   1  REF_GCA_000008085.1_REFERENCE   38.48%    failed      0.00%
   2  REF_GCF_000011105.1_REFERENCE    8.59%    failed      0.00%
   3  REF_GCF_000016125.1_REFERENCE    6.29%    failed      0.00%
   4  REF_GCF_000017945.1_REFERENCE    8.50%    failed      0.00%
   5  REF_GCF_000091665.1_REFERENCE    9.42%    failed      0.00%
   6  REF_GCF_001481685.1_REFERENCE   11.85%    failed      0.00%
   7  REF_GCF_001639275.1_REFERENCE    4.99%    failed      0.00%
   8  REF_GCF_008124605.1_REFERENCE   11.32%    failed      0.00%
   9  SGB_008_QUERY_MAG               50.10%    failed      0.00%
  10  SGB_009_QUERY_MAG               32.93%    failed      0.00%
  11  SGB_010_QUERY_MAG                9.42%    failed      0.00%
  12  SGB_011_QUERY_MAG                7.82%    failed      0.00%
  13  SGB_013_QUERY_MAG               47.72%    failed      0.00%
  14  SGB_018_QUERY_MAG               48.31%    failed      0.00%
  15  SGB_019_QUERY_MAG                7.78%    failed      0.00%
  16  SGB_020_QUERY_MAG               12.42%    failed      0.00%
WARNING: 1 sequences contain more than 50% gaps/ambiguity
****  TOTAL                           19.75%  16 sequences failed composition chi2 test (p-value<5%; df=19)
Checking for duplicate sequences: done in 0.00201511 secs using 1391% CPU


Create initial parsimony tree by phylogenetic likelihood library (PLL)... 0.069 seconds
Measuring multi-threading efficiency up to 24 CPU cores
Increase to 10 rounds for branch lengths
4 trees examined
Threads: 1 / Time: 29.374 sec / Speedup: 1.000 / Efficiency: 100% / LogL: -292769
Threads: 2 / Time: 15.310 sec / Speedup: 1.919 / Efficiency: 96% / LogL: -292769
Threads: 3 / Time: 10.684 sec / Speedup: 2.749 / Efficiency: 92% / LogL: -292769
Threads: 4 / Time: 7.972 sec / Speedup: 3.685 / Efficiency: 92% / LogL: -292769
Threads: 5 / Time: 6.291 sec / Speedup: 4.669 / Efficiency: 93% / LogL: -292769
Threads: 6 / Time: 5.557 sec / Speedup: 5.285 / Efficiency: 88% / LogL: -292769
Threads: 7 / Time: 4.759 sec / Speedup: 6.172 / Efficiency: 88% / LogL: -292769
Threads: 8 / Time: 4.368 sec / Speedup: 6.725 / Efficiency: 84% / LogL: -292769
Threads: 9 / Time: 3.899 sec / Speedup: 7.533 / Efficiency: 84% / LogL: -292769
Threads: 10 / Time: 3.473 sec / Speedup: 8.459 / Efficiency: 85% / LogL: -292769
Threads: 11 / Time: 3.271 sec / Speedup: 8.979 / Efficiency: 82% / LogL: -292769
Threads: 12 / Time: 3.058 sec / Speedup: 9.604 / Efficiency: 80% / LogL: -292769
Threads: 13 / Time: 2.764 sec / Speedup: 10.626 / Efficiency: 82% / LogL: -292769
Threads: 14 / Time: 2.693 sec / Speedup: 10.908 / Efficiency: 78% / LogL: -292769
Threads: 15 / Time: 2.591 sec / Speedup: 11.336 / Efficiency: 76% / LogL: -292769
Threads: 16 / Time: 2.493 sec / Speedup: 11.784 / Efficiency: 74% / LogL: -292769
Threads: 17 / Time: 2.455 sec / Speedup: 11.966 / Efficiency: 70% / LogL: -292769
Threads: 18 / Time: 2.258 sec / Speedup: 13.010 / Efficiency: 72% / LogL: -292769
Threads: 19 / Time: 2.284 sec / Speedup: 12.863 / Efficiency: 68% / LogL: -292769
Threads: 20 / Time: 2.267 sec / Speedup: 12.959 / Efficiency: 65% / LogL: -292769
Threads: 21 / Time: 2.183 sec / Speedup: 13.459 / Efficiency: 64% / LogL: -292769
Threads: 22 / Time: 2.156 sec / Speedup: 13.622 / Efficiency: 62% / LogL: -292769
Threads: 23 / Time: 2.177 sec / Speedup: 13.494 / Efficiency: 59% / LogL: -292769
Threads: 24 / Time: 2.200 sec / Speedup: 13.352 / Efficiency: 56% / LogL: -292769
Determining AUTO threadcount: done in 126.944 secs using 717.4% CPU
BEST NUMBER OF THREADS: 18

Perform fast likelihood tree search using LG+I+G model...
Estimate model parameters (epsilon = 5.000)
Perform nearest neighbor interchange...
Estimate model parameters (epsilon = 1.000)
1. Initial log-likelihood: -192701.453
Optimal log-likelihood: -192701.006
Proportion of invariable sites: 0.084
Gamma shape alpha: 1.854
Parameters optimization took 1 rounds (0.221 sec)
Time for fast ML tree search: 1.781 seconds

NOTE: ModelFinder requires 350 MB RAM!
ModelFinder will test up to 1232 protein models (sample size: 14804 epsilon: 0.100) ...
 No. Model         -LnL         df  AIC          AICc         BIC
Akaike Information Criterion:           LG+F+I+R3
Corrected Akaike Information Criterion: LG+F+I+R3
Bayesian Information Criterion:         LG+F+I+R3
Best-fit model: LG+F+I+R3 chosen according to BIC

All model information printed to /workspace/wechat/Metagenome/results/47-phylogenomics/iqtree/archaea/article47-archaea.model.gz
CPU time for ModelFinder: 9443.150 seconds (2h:37m:23s)
Wall-clock time for ModelFinder: 630.201 seconds (0h:10m:30s)
Generating 1000 samples for ultrafast bootstrap (seed: 20260748)...

NOTE: 138 MB RAM (0 GB) is required!
Estimate model parameters (epsilon = 0.100)
1. Initial log-likelihood: -191760.920
2. Current log-likelihood: -191726.325
3. Current log-likelihood: -191725.259
4. Current log-likelihood: -191725.154
Optimal log-likelihood: -191725.105
Proportion of invariable sites: 0.083
Site proportion and rates:  (0.342,0.337) (0.498,1.205) (0.076,3.721)
Parameters optimization took 4 rounds (1.487 sec)
Wrote distance file to... 
Computing ML distances based on estimated model parameters...
Calculating distance matrix: done in 0.00436592 secs using 1734% CPU
Computing ML distances took 0.005000 sec (of wall-clock time) 0.086070 sec (of CPU time)
Setting up auxiliary I and S matrices: done in 0.000172138 secs using 1729% CPU
Constructing RapidNJ tree: done in 0.00334191 secs using 1828% CPU
Computing RapidNJ tree took 0.003596 sec (of wall-clock time) 0.066361 sec (of CPU time)
Log-likelihood of RapidNJ tree: -191997.560
--------------------------------------------------------------------
|             INITIALIZING CANDIDATE TREE SET                      |
--------------------------------------------------------------------
Generating 98 parsimony trees... 5.978 second
Computing log-likelihood of 98 initial trees ... 5.736 seconds
Current best score: -191725.105

Do NNI search on 20 best initial trees
Estimate model parameters (epsilon = 0.100)
BETTER TREE FOUND at iteration 1: -191725.084
Iteration 10 / LogL: -191846.220 / Time: 0h:10m:51s
Iteration 20 / LogL: -191770.545 / Time: 0h:11m:0s
Finish initializing candidate tree set (1)
Current best tree score: -191725.084 / CPU time: 27.741
Number of iterations: 20
--------------------------------------------------------------------
|               OPTIMIZING CANDIDATE TREE SET                      |
--------------------------------------------------------------------
Iteration 30 / LogL: -191764.076 / Time: 0h:11m:10s (0h:1m:37s left)
Iteration 40 / LogL: -191729.977 / Time: 0h:11m:20s (0h:1m:18s left)
Iteration 50 / LogL: -191728.915 / Time: 0h:11m:30s (0h:1m:2s left)
Log-likelihood cutoff on original alignment: -191775.679
Iteration 60 / LogL: -192815.962 / Time: 0h:11m:40s (0h:0m:48s left)
Iteration 70 / LogL: -191725.440 / Time: 0h:11m:51s (0h:0m:36s left)
Iteration 80 / LogL: -191727.662 / Time: 0h:12m:1s (0h:0m:24s left)
Iteration 90 / LogL: -191764.590 / Time: 0h:12m:10s (0h:0m:12s left)
Iteration 100 / LogL: -191725.294 / Time: 0h:12m:21s (0h:0m:1s left)
Log-likelihood cutoff on original alignment: -191775.679
NOTE: Bootstrap correlation coefficient of split occurrence frequencies: 1.000
TREE SEARCH COMPLETED AFTER 102 ITERATIONS / Time: 0h:12m:23s

--------------------------------------------------------------------
|                    FINALIZING TREE SEARCH                        |
--------------------------------------------------------------------
Performs final model parameters optimization
Estimate model parameters (epsilon = 0.010)
1. Initial log-likelihood: -191725.084
2. Current log-likelihood: -191725.071
Optimal log-likelihood: -191725.057
Proportion of invariable sites: 0.083
Site proportion and rates:  (0.344,0.338) (0.497,1.208) (0.076,3.723)
Parameters optimization took 2 rounds (0.678 sec)
BEST SCORE FOUND : -191725.057

Testing tree branches by SH-like aLRT with 1000 replicates...
0.583 sec.
Creating bootstrap support values...
Split supports printed to NEXUS file /workspace/wechat/Metagenome/results/47-phylogenomics/iqtree/archaea/article47-archaea.splits.nex
Total tree length: 5.662

Total number of iterations: 102
CPU time used for tree search: 1947.913 sec (0h:32m:27s)
Wall-clock time used for tree search: 110.921 sec (0h:1m:50s)
Total CPU time used: 11449.211 sec (3h:10m:49s)
Total wall-clock time used: 744.652 sec (0h:12m:24s)

Computing bootstrap consensus tree...
Reading input file /workspace/wechat/Metagenome/results/47-phylogenomics/iqtree/archaea/article47-archaea.splits.nex...
16 taxa and 30 splits.
Consensus tree written to /workspace/wechat/Metagenome/results/47-phylogenomics/iqtree/archaea/article47-archaea.contree
Reading input trees file /workspace/wechat/Metagenome/results/47-phylogenomics/iqtree/archaea/article47-archaea.contree
Log-likelihood of consensus tree: -191725.065

Analysis results written to: 
  IQ-TREE report:                /workspace/wechat/Metagenome/results/47-phylogenomics/iqtree/archaea/article47-archaea.iqtree
  Maximum-likelihood tree:       /workspace/wechat/Metagenome/results/47-phylogenomics/iqtree/archaea/article47-archaea.treefile
  Likelihood distances:          /workspace/wechat/Metagenome/results/47-phylogenomics/iqtree/archaea/article47-archaea.mldist

Ultrafast bootstrap approximation results written to:
  Split support values:          /workspace/wechat/Metagenome/results/47-phylogenomics/iqtree/archaea/article47-archaea.splits.nex
  Consensus tree:                /workspace/wechat/Metagenome/results/47-phylogenomics/iqtree/archaea/article47-archaea.contree
  Screen log file:               /workspace/wechat/Metagenome/results/47-phylogenomics/iqtree/archaea/article47-archaea.log

Date and Time: Thu Jul 30 13:55:38 2026
