
STEP 1. Processing genes informations from pangenome file...
     Number of reference genomes: 15
     Average number of gene-families per genome: 3042
     Total number of pangenome gene-families 11069

STEP 1b. Get genes present in reference genomes...
[I] [1/15] Analysing reference genome REF_GCA_000020605...
[I] [2/15] Analysing reference genome REF_GCA_000209935...
[I] [3/15] Analysing reference genome REF_GCA_000209955...
[I] [4/15] Analysing reference genome REF_GCA_001404855...
[I] [5/15] Analysing reference genome REF_GCA_001405295...
[I] [6/15] Analysing reference genome REF_GCA_001406375...
[I] [7/15] Analysing reference genome REF_GCA_001406835...
[I] [8/15] Analysing reference genome REF_GCA_003122495...
[I] [9/15] Analysing reference genome REF_GCA_003436035...
[I] [10/15] Analysing reference genome REF_GCA_003436785...
[I] [11/15] Analysing reference genome REF_GCA_003438175...
[I] [12/15] Analysing reference genome REF_GCA_003438365...
[I] [13/15] Analysing reference genome REF_GCA_003438715...
[I] [14/15] Analysing reference genome REF_GCA_003438925...
[I] [15/15] Analysing reference genome REF_GCA_003438965...
Gene families presence/absence in reference genomes computed.

STEP 2. Create coverage matrix
 [I] Reading mapping result file: M2.48.ST
 [I] Reading mapping result file: YSZC12003_36795
 [I] Reading mapping result file: HD-1
 [I] Reading mapping result file: SRS011302
 [I] Reading mapping result file: G88970
 [I] Reading mapping result file: W1.27.ST
 [I] Reading mapping result file: LD-48
 [I] Reading mapping result file: N021
 [I] Reading mapping result file: S353
 [I] Reading mapping result file: SZAXPI003417-4
 [I] Reading mapping result file: T2D-063
 [I] Reading mapping result file: T2D-105
 [I] Reading mapping result file: SID530054
 [I] Reading mapping result file: G89027
 [I] Reading mapping result file: T2D-025
 [I] Reading mapping result file: H2M514903
 [I] Reading mapping result file: G78505
 [I] Reading mapping result file: M2.58.ST
 [I] Reading mapping result file: M1.48.ST
 [I] Reading mapping result file: G88884
 [I] Reading mapping result file: RA023
 [I] Reading mapping result file: HV-6
 [I] Reading mapping result file: CCMD34381688ST-21-0
 [I] Reading mapping result file: H3M518116
 [I] Reading mapping result file: HD-5
 [I] Gene family normalization for DNA sample CCMD34381688ST-21-0...
 [I] Gene family normalization for DNA sample G78505...
 [I] Gene family normalization for DNA sample G88884...
 [I] Gene family normalization for DNA sample G88970...
 [I] Gene family normalization for DNA sample G89027...
 [I] Gene family normalization for DNA sample H2M514903...
 [I] Gene family normalization for DNA sample H3M518116...
 [I] Gene family normalization for DNA sample HD-1...
 [I] Gene family normalization for DNA sample HD-5...
 [I] Gene family normalization for DNA sample HV-6...
 [I] Gene family normalization for DNA sample LD-48...
 [I] Gene family normalization for DNA sample M1.48.ST...
 [I] Gene family normalization for DNA sample M2.48.ST...
 [I] Gene family normalization for DNA sample M2.58.ST...
 [I] Gene family normalization for DNA sample N021...
 [I] Gene family normalization for DNA sample RA023...
 [I] Gene family normalization for DNA sample S353...
 [I] Gene family normalization for DNA sample SID530054...
 [I] Gene family normalization for DNA sample SRS011302...
 [I] Gene family normalization for DNA sample SZAXPI003417-4...
 [I] Gene family normalization for DNA sample T2D-025...
 [I] Gene family normalization for DNA sample T2D-063...
 [I] Gene family normalization for DNA sample T2D-105...
 [I] Gene family normalization for DNA sample W1.27.ST...
 [I] Gene family normalization for DNA sample YSZC12003_36795...
Gene families coverage matrix has been printed in ${ARTICLE52_WORK_DIR}/output/coverage-matrix.tsv

STEP 3: Strain presence/absence filter based on coverage plateau curve...
 [I] Minimum median coverage threshold: 2.0
 [I] Left maximum plateau threshold: 1.25
 [I] Right minimum plateau threshold: 0.75
 [I] Maximum zero non-plateau threshold (multistrain detection): 0.2
 [I] CCMD34381688ST-21-0 median coverage: 34.79; left-side cov: 1.15; right-side cov: 0.9; out-plateau cov: 0.27
	 CCMD34381688ST-21-0 OK - strain detected
	CCMD34381688ST-21-0 WARNING: sample may contain multiple strains
 [I] G78505 median coverage: 48.01; left-side cov: 1.12; right-side cov: 0.85; out-plateau cov: 0.14
	 G78505 OK - strain detected
 [I] G88884 median coverage: 45.31; left-side cov: 1.14; right-side cov: 0.87; out-plateau cov: 0.25
	 G88884 OK - strain detected
	G88884 WARNING: sample may contain multiple strains
 [I] G88970 median coverage: 78.7; left-side cov: 1.1; right-side cov: 0.9; out-plateau cov: 0.25
	 G88970 OK - strain detected
	G88970 WARNING: sample may contain multiple strains
 [I] G89027 median coverage: 74.68; left-side cov: 1.11; right-side cov: 0.89; out-plateau cov: 0.19
	 G89027 OK - strain detected
 [I] H2M514903 median coverage: 96.22; left-side cov: 1.17; right-side cov: 0.82; out-plateau cov: 0.18
	 H2M514903 OK - strain detected
 [I] H3M518116 median coverage: 18.63; left-side cov: 1.2; right-side cov: 0.87; out-plateau cov: 0.19
	 H3M518116 OK - strain detected
 [I] HD-1 median coverage: 40.47; left-side cov: 1.14; right-side cov: 0.92; out-plateau cov: 0.38
	 HD-1 OK - strain detected
	HD-1 WARNING: sample may contain multiple strains
 [I] HD-5 median coverage: 29.72; left-side cov: 1.11; right-side cov: 0.91; out-plateau cov: 0.22
	 HD-5 OK - strain detected
	HD-5 WARNING: sample may contain multiple strains
 [I] HV-6 median coverage: 32.18; left-side cov: 1.1; right-side cov: 0.9; out-plateau cov: 0.2
	 HV-6 OK - strain detected
 [I] LD-48 median coverage: 18.0; left-side cov: 1.14; right-side cov: 0.92; out-plateau cov: 0.28
	 LD-48 OK - strain detected
	LD-48 WARNING: sample may contain multiple strains
 [I] M1.48.ST median coverage: 58.48; left-side cov: 1.07; right-side cov: 0.9; out-plateau cov: 0.11
	 M1.48.ST OK - strain detected
 [I] M2.48.ST median coverage: 44.63; left-side cov: 1.07; right-side cov: 0.92; out-plateau cov: 0.2
	 M2.48.ST OK - strain detected
	M2.48.ST WARNING: sample may contain multiple strains
 [I] M2.58.ST median coverage: 68.89; left-side cov: 1.07; right-side cov: 0.91; out-plateau cov: 0.12
	 M2.58.ST OK - strain detected
 [I] N021 median coverage: 16.18; left-side cov: 1.21; right-side cov: 0.87; out-plateau cov: 0.37
	 N021 OK - strain detected
	N021 WARNING: sample may contain multiple strains
 [I] RA023 median coverage: 31.04; left-side cov: 1.33; right-side cov: 0.88; out-plateau cov: 0.39
	RA023: no strain detected, sample does not pass LEFT-side coverage threshold.
 [I] S353 median coverage: 73.2; left-side cov: 1.12; right-side cov: 0.89; out-plateau cov: 0.21
	 S353 OK - strain detected
	S353 WARNING: sample may contain multiple strains
 [I] SID530054 median coverage: 52.61; left-side cov: 1.15; right-side cov: 0.89; out-plateau cov: 0.25
	 SID530054 OK - strain detected
	SID530054 WARNING: sample may contain multiple strains
 [I] SRS011302 median coverage: 18.69; left-side cov: 1.49; right-side cov: 0.87; out-plateau cov: 0.4
	SRS011302: no strain detected, sample does not pass LEFT-side coverage threshold.
 [I] SZAXPI003417-4 median coverage: 33.45; left-side cov: 1.13; right-side cov: 0.91; out-plateau cov: 0.39
	 SZAXPI003417-4 OK - strain detected
	SZAXPI003417-4 WARNING: sample may contain multiple strains
 [I] T2D-025 median coverage: 43.23; left-side cov: 1.12; right-side cov: 0.92; out-plateau cov: 0.26
	 T2D-025 OK - strain detected
	T2D-025 WARNING: sample may contain multiple strains
 [I] T2D-063 median coverage: 89.38; left-side cov: 1.09; right-side cov: 0.91; out-plateau cov: 0.11
	 T2D-063 OK - strain detected
 [I] T2D-105 median coverage: 67.55; left-side cov: 1.1; right-side cov: 0.9; out-plateau cov: 0.14
	 T2D-105 OK - strain detected
 [I] W1.27.ST median coverage: 28.41; left-side cov: 1.48; right-side cov: 0.89; out-plateau cov: 0.56
	W1.27.ST: no strain detected, sample does not pass LEFT-side coverage threshold.
 [I] YSZC12003_36795 median coverage: 39.2; left-side cov: 1.2; right-side cov: 0.91; out-plateau cov: 0.41
	 YSZC12003_36795 OK - strain detected
	YSZC12003_36795 WARNING: sample may contain multiple strains

STEP 4: Define strain-specific gene-families presence/absence (1,-1,-2,-3 matrix, option --o_idx)
 [I] Get DNA 1,-1,-2,-3 levels for sample CCMD34381688ST-21-0
 [I] Get DNA 1,-1,-2,-3 levels for sample G78505
 [I] Get DNA 1,-1,-2,-3 levels for sample G88884
 [I] Get DNA 1,-1,-2,-3 levels for sample G88970
 [I] Get DNA 1,-1,-2,-3 levels for sample G89027
 [I] Get DNA 1,-1,-2,-3 levels for sample H2M514903
 [I] Get DNA 1,-1,-2,-3 levels for sample H3M518116
 [I] Get DNA 1,-1,-2,-3 levels for sample HD-1
 [I] Get DNA 1,-1,-2,-3 levels for sample HD-5
 [I] Get DNA 1,-1,-2,-3 levels for sample HV-6
 [I] Get DNA 1,-1,-2,-3 levels for sample LD-48
 [I] Get DNA 1,-1,-2,-3 levels for sample M1.48.ST
 [I] Get DNA 1,-1,-2,-3 levels for sample M2.48.ST
 [I] Get DNA 1,-1,-2,-3 levels for sample M2.58.ST
 [I] Get DNA 1,-1,-2,-3 levels for sample N021
 [I] Get DNA 1,-1,-2,-3 levels for sample S353
 [I] Get DNA 1,-1,-2,-3 levels for sample SID530054
 [I] Get DNA 1,-1,-2,-3 levels for sample SZAXPI003417-4
 [I] Get DNA 1,-1,-2,-3 levels for sample T2D-025
 [I] Get DNA 1,-1,-2,-3 levels for sample T2D-063
 [I] Get DNA 1,-1,-2,-3 levels for sample T2D-105
 [I] Get DNA 1,-1,-2,-3 levels for sample YSZC12003_36795

STEP 5: Get presence/absence of gene-families (1,-1 matrix, option --o_matrix)
 [I] Number of gene families per sample-specific strain:
      CCMD34381688ST-21-0	3290
      G78505	2807
      G88884	3045
      G88970	3191
      G89027	2946
      H2M514903	2892
      H3M518116	3181
      HD-1	3583
      HD-5	3209
      HV-6	3203
      LD-48	3384
      M1.48.ST	2747
      M2.48.ST	3191
      M2.58.ST	2861
      N021	3438
      S353	3059
      SID530054	3246
      SZAXPI003417-4	3618
      T2D-025	3412
      T2D-063	2713
      T2D-105	2929
      YSZC12003_36795	3648
      Average number of gene-families in reference genomes: 3042
 [I] Gene family presence/absence matrix is printed to ${ARTICLE52_WORK_DIR}/output/primary-matrix.tsv

STEP 5b: Add reference genomes in matrix of presence/absence
[I] [1/15] Analysing ref. genome REF_GCA_000020605...
[I] [2/15] Analysing ref. genome REF_GCA_003438175...
[I] [3/15] Analysing ref. genome REF_GCA_003438365...
[I] [4/15] Analysing ref. genome REF_GCA_001406835...
[I] [5/15] Analysing ref. genome REF_GCA_001404855...
[I] [6/15] Analysing ref. genome REF_GCA_000209955...
[I] [7/15] Analysing ref. genome REF_GCA_003436785...
[I] [8/15] Analysing ref. genome REF_GCA_003436035...
[I] [9/15] Analysing ref. genome REF_GCA_003122495...
[I] [10/15] Analysing ref. genome REF_GCA_000209935...
[I] [11/15] Analysing ref. genome REF_GCA_003438925...
[I] [12/15] Analysing ref. genome REF_GCA_003438715...
[I] [13/15] Analysing ref. genome REF_GCA_001406375...
[I] [14/15] Analysing ref. genome REF_GCA_003438965...
[I] [15/15] Analysing ref. genome REF_GCA_001405295...
[I] 0 strain genomes filtered out. Strains are: 
[I] Selected strains are: REF_GCA_000020605, REF_GCA_000209935, REF_GCA_000209955, REF_GCA_001404855, REF_GCA_001405295, REF_GCA_001406375, REF_GCA_001406835, REF_GCA_003122495, REF_GCA_003436035, REF_GCA_003436785, REF_GCA_003438175, REF_GCA_003438365, REF_GCA_003438715, REF_GCA_003438925, REF_GCA_003438965

STEP 6: Writing presence/absence matrix...
 [I] 0 never present gene families filtered out.
 [I] Print gene-family presence/absence matrix to: ${ARTICLE52_WORK_DIR}/output/primary-matrix.tsv
[TERMINATING...] ${ARTICLE52_WORK_DIR}/software/panphlan_profiling.py, 0.1 minutes.
