Detecting adapter sequence for read1...
No adapter detected for read1

Detecting adapter sequence for read2...
No adapter detected for read2

Read1 before filtering:
total reads: 100000
total bases: 14975121
Q20 bases: 14726796(98.3417%)
Q30 bases: 14212842(94.9097%)
Q40 bases: 11529631(76.9919%)

Read2 before filtering:
total reads: 100000
total bases: 14835679
Q20 bases: 13917766(93.8128%)
Q30 bases: 12588025(84.8497%)
Q40 bases: 8599672(57.9662%)

Read1 after filtering:
total reads: 99991
total bases: 14974589
Q20 bases: 14726287(98.3418%)
Q30 bases: 14212371(94.9099%)
Q40 bases: 11529299(76.9924%)

Read2 after filtering:
total reads: 99991
total bases: 14835184
Q20 bases: 13917329(93.813%)
Q30 bases: 12587632(84.8499%)
Q40 bases: 8599382(57.9661%)

Filtering result:
reads passed filter: 199982
reads failed due to low quality: 0
reads failed due to too many N: 0
reads failed due to too short: 18
reads failed due to adapter dimer: 0
reads with adapter trimmed: 0
bases trimmed due to adapters: 0

Duplication rate: 1.513%

Insert size peak (evaluated by paired-end reads): 265

JSON report: ${FROZEN_DIR}/fastp/ERR9765746_fastp.json
HTML report: ${FROZEN_DIR}/fastp/ERR9765746_fastp.html

${READ_QC_ENV_PREFIX}/bin/fastp --in1 ${RAW_DIR}/ERR9765746_prefix100k_R1.fastq.gz --in2 ${RAW_DIR}/ERR9765746_prefix100k_R2.fastq.gz --out1 ${RAW_DIR}/ERR9765746_clean_R1.fastq.gz --out2 ${RAW_DIR}/ERR9765746_clean_R2.fastq.gz --json ${FROZEN_DIR}/fastp/ERR9765746_fastp.json --html ${FROZEN_DIR}/fastp/ERR9765746_fastp.html --report_title ERR9765746 first 100,000 pairs --thread 4 --compression 6 --detect_adapter_for_pe --qualified_quality_phred 20 --unqualified_percent_limit 40 --n_base_limit 5 --length_required 50 --disable_trim_poly_g --overrepresentation_analysis --overrepresentation_sampling 20 --dont_overwrite 
fastp v1.3.6, time used: 78 seconds
