[barrnap] Using genetic code table 11
[barrnap] This is barrnap 1.10.5 by Torsten Seemann
[barrnap] Obtained from https://github.com/tseemann/barrnap
[barrnap] Checking dependencies:
[barrnap] Found cmsearch - ${HOME}/miniconda3/envs/metagenome-mag-qc-2026.07/bin/cmsearch
[barrnap] Found cmscan - ${HOME}/miniconda3/envs/metagenome-mag-qc-2026.07/bin/cmscan
[barrnap] Found bedtools - ${HOME}/miniconda3/envs/metagenome-mag-qc-2026.07/bin/bedtools
[barrnap] Found aragorn - ${HOME}/miniconda3/envs/metagenome-mag-qc-2026.07/bin/aragorn
[barrnap] Found any2fasta - ${HOME}/miniconda3/envs/metagenome-mag-qc-2026.07/bin/any2fasta
[barrnap] Found seqkit - ${HOME}/miniconda3/envs/metagenome-mag-qc-2026.07/bin/seqkit
[barrnap] Found make - ${HOME}/miniconda3/envs/metagenome-mag-qc-2026.07/bin/make
[barrnap] Found transterm - ${HOME}/miniconda3/envs/metagenome-mag-qc-2026.07/bin/transterm
[barrnap] Found ziggypep - ${HOME}/miniconda3/envs/metagenome-mag-qc-2026.07/bin/ziggypep
[barrnap] Found pyrodigal - ${HOME}/miniconda3/envs/metagenome-mag-qc-2026.07/bin/pyrodigal
[barrnap] Found diamond - ${HOME}/miniconda3/envs/metagenome-mag-qc-2026.07/bin/diamond
[barrnap] Found taxonkit - ${HOME}/miniconda3/envs/metagenome-mag-qc-2026.07/bin/taxonkit
[barrnap] Running: any2fasta -k  \/media\/desk16\/tly9658\/wechat\/Metagenome\/work\/article44\/bins\/binette__022\.fna > /tmp/vebfswe7rX/barrnap.fasta.tmp
This is any2fasta 0.8.1
Opening '${ARTICLE44_WORK_DIR}/bins/binette__022.fna'
Detected FASTA format
Read 33316 lines from '${ARTICLE44_WORK_DIR}/bins/binette__022.fna'
Wrote 94 sequences from FASTA file.
Processed 1 files.
Done.
[barrnap] Running: seqkit seq  -g --min-len 1 -u -w 60 /tmp/vebfswe7rX/barrnap.fasta.tmp > /tmp/vebfswe7rX/barrnap.fasta
[barrnap] Running: rm -f /tmp/vebfswe7rX/barrnap.fasta.fai
[barrnap] Running: seqkit faidx  /tmp/vebfswe7rX/barrnap.fasta
[INFO][0m create or read FASTA index ...
[INFO][0m create FASTA index for /tmp/vebfswe7rX/barrnap.fasta
[barrnap] Running: cmsearch --rfam -g --cpu 8 -E 0.001 --tblout /tmp/vebfswe7rX/barrnap.fasta.bac.rRNA.tbl --noali -o /dev/null ${HOME}/miniconda3/envs/metagenome-mag-qc-2026.07/db/bac/bac.rRNA.cm /tmp/vebfswe7rX/barrnap.fasta
[barrnap] Found 0 features:
[barrnap] Barrnap - what you have when you fall asleep at the pub.
[barrnap] Done.
