${HOME}/miniconda3/envs/metagenome-checkm1-2026.07/lib/python3.11/site-packages/checkm/checkmData.py:27: UserWarning: pkg_resources is deprecated as an API. See https://setuptools.pypa.io/en/latest/pkg_resources.html. The pkg_resources package is slated for removal as early as 2025-11-30. Refrain from using this package or pin to Setuptools<81.
  from pkg_resources import resource_filename
Matplotlib is building the font cache; this may take a moment.
    Finished processing 0 of 23 (0.00%) bins.
    Finished processing 1 of 23 (4.35%) bins.
    Finished processing 2 of 23 (8.70%) bins.
    Finished processing 3 of 23 (13.04%) bins.
    Finished processing 4 of 23 (17.39%) bins.
    Finished processing 5 of 23 (21.74%) bins.
    Finished processing 6 of 23 (26.09%) bins.
    Finished processing 7 of 23 (30.43%) bins.
    Finished processing 8 of 23 (34.78%) bins.
    Finished processing 9 of 23 (39.13%) bins.
    Finished processing 10 of 23 (43.48%) bins.
    Finished processing 11 of 23 (47.83%) bins.
    Finished processing 12 of 23 (52.17%) bins.
    Finished processing 13 of 23 (56.52%) bins.
    Finished processing 14 of 23 (60.87%) bins.
    Finished processing 15 of 23 (65.22%) bins.
    Finished processing 16 of 23 (69.57%) bins.
    Finished processing 17 of 23 (73.91%) bins.
    Finished processing 18 of 23 (78.26%) bins.
    Finished processing 19 of 23 (82.61%) bins.
    Finished processing 20 of 23 (86.96%) bins.
    Finished processing 21 of 23 (91.30%) bins.
    Finished processing 22 of 23 (95.65%) bins.
    Finished processing 23 of 23 (100.00%) bins.
    Finished processing 0 of 23 (0.00%) bins.
    Finished processing 1 of 23 (4.35%) bins.
    Finished processing 2 of 23 (8.70%) bins.
    Finished processing 3 of 23 (13.04%) bins.
    Finished processing 4 of 23 (17.39%) bins.
    Finished processing 5 of 23 (21.74%) bins.
    Finished processing 6 of 23 (26.09%) bins.
    Finished processing 7 of 23 (30.43%) bins.
    Finished processing 8 of 23 (34.78%) bins.
    Finished processing 9 of 23 (39.13%) bins.
    Finished processing 10 of 23 (43.48%) bins.
    Finished processing 11 of 23 (47.83%) bins.
    Finished processing 12 of 23 (52.17%) bins.
    Finished processing 13 of 23 (56.52%) bins.
    Finished processing 14 of 23 (60.87%) bins.
    Finished processing 15 of 23 (65.22%) bins.
    Finished processing 16 of 23 (69.57%) bins.
    Finished processing 17 of 23 (73.91%) bins.
    Finished processing 18 of 23 (78.26%) bins.
    Finished processing 19 of 23 (82.61%) bins.
    Finished processing 20 of 23 (86.96%) bins.
    Finished processing 21 of 23 (91.30%) bins.
    Finished processing 22 of 23 (95.65%) bins.
    Finished processing 23 of 23 (100.00%) bins.
    Finished parsing hits for 1 of 23 (4.35%) bins.
    Finished parsing hits for 2 of 23 (8.70%) bins.
    Finished parsing hits for 3 of 23 (13.04%) bins.
    Finished parsing hits for 4 of 23 (17.39%) bins.
    Finished parsing hits for 5 of 23 (21.74%) bins.
    Finished parsing hits for 6 of 23 (26.09%) bins.
    Finished parsing hits for 7 of 23 (30.43%) bins.
    Finished parsing hits for 8 of 23 (34.78%) bins.
    Finished parsing hits for 9 of 23 (39.13%) bins.
    Finished parsing hits for 10 of 23 (43.48%) bins.
    Finished parsing hits for 11 of 23 (47.83%) bins.
    Finished parsing hits for 12 of 23 (52.17%) bins.
    Finished parsing hits for 13 of 23 (56.52%) bins.
    Finished parsing hits for 14 of 23 (60.87%) bins.
    Finished parsing hits for 15 of 23 (65.22%) bins.
    Finished parsing hits for 16 of 23 (69.57%) bins.
    Finished parsing hits for 17 of 23 (73.91%) bins.
    Finished parsing hits for 18 of 23 (78.26%) bins.
    Finished parsing hits for 19 of 23 (82.61%) bins.
    Finished parsing hits for 20 of 23 (86.96%) bins.
    Finished parsing hits for 21 of 23 (91.30%) bins.
    Finished parsing hits for 22 of 23 (95.65%) bins.
    Finished parsing hits for 23 of 23 (100.00%) bins.
    Finished extracting 0 of 43 (0.00%) HMMs.
    Finished extracting 1 of 43 (2.33%) HMMs.
    Finished extracting 2 of 43 (4.65%) HMMs.
    Finished extracting 3 of 43 (6.98%) HMMs.
    Finished extracting 4 of 43 (9.30%) HMMs.
    Finished extracting 5 of 43 (11.63%) HMMs.
    Finished extracting 6 of 43 (13.95%) HMMs.
    Finished extracting 7 of 43 (16.28%) HMMs.
    Finished extracting 8 of 43 (18.60%) HMMs.
    Finished extracting 9 of 43 (20.93%) HMMs.
    Finished extracting 10 of 43 (23.26%) HMMs.
    Finished extracting 11 of 43 (25.58%) HMMs.
    Finished extracting 12 of 43 (27.91%) HMMs.
    Finished extracting 13 of 43 (30.23%) HMMs.
    Finished extracting 14 of 43 (32.56%) HMMs.
    Finished extracting 15 of 43 (34.88%) HMMs.
    Finished extracting 16 of 43 (37.21%) HMMs.
    Finished extracting 17 of 43 (39.53%) HMMs.
    Finished extracting 18 of 43 (41.86%) HMMs.
    Finished extracting 19 of 43 (44.19%) HMMs.
    Finished extracting 20 of 43 (46.51%) HMMs.
    Finished extracting 21 of 43 (48.84%) HMMs.
    Finished extracting 22 of 43 (51.16%) HMMs.
    Finished extracting 23 of 43 (53.49%) HMMs.
    Finished extracting 24 of 43 (55.81%) HMMs.
    Finished extracting 25 of 43 (58.14%) HMMs.
    Finished extracting 26 of 43 (60.47%) HMMs.
    Finished extracting 27 of 43 (62.79%) HMMs.
    Finished extracting 28 of 43 (65.12%) HMMs.
    Finished extracting 29 of 43 (67.44%) HMMs.
    Finished extracting 30 of 43 (69.77%) HMMs.
    Finished extracting 31 of 43 (72.09%) HMMs.
    Finished extracting 32 of 43 (74.42%) HMMs.
    Finished extracting 33 of 43 (76.74%) HMMs.
    Finished extracting 34 of 43 (79.07%) HMMs.
    Finished extracting 35 of 43 (81.40%) HMMs.
    Finished extracting 36 of 43 (83.72%) HMMs.
    Finished extracting 37 of 43 (86.05%) HMMs.
    Finished extracting 38 of 43 (88.37%) HMMs.
    Finished extracting 39 of 43 (90.70%) HMMs.
    Finished extracting 40 of 43 (93.02%) HMMs.
    Finished extracting 41 of 43 (95.35%) HMMs.
    Finished extracting 42 of 43 (97.67%) HMMs.
    Finished extracting 43 of 43 (100.00%) HMMs.
    Finished aligning 0 of 43 (0.00%) marker genes.
    Finished aligning 1 of 43 (2.33%) marker genes.
    Finished aligning 2 of 43 (4.65%) marker genes.
    Finished aligning 3 of 43 (6.98%) marker genes.
    Finished aligning 4 of 43 (9.30%) marker genes.
    Finished aligning 5 of 43 (11.63%) marker genes.
    Finished aligning 6 of 43 (13.95%) marker genes.
    Finished aligning 7 of 43 (16.28%) marker genes.
    Finished aligning 8 of 43 (18.60%) marker genes.
    Finished aligning 9 of 43 (20.93%) marker genes.
    Finished aligning 10 of 43 (23.26%) marker genes.
    Finished aligning 11 of 43 (25.58%) marker genes.
    Finished aligning 12 of 43 (27.91%) marker genes.
    Finished aligning 13 of 43 (30.23%) marker genes.
    Finished aligning 14 of 43 (32.56%) marker genes.
    Finished aligning 15 of 43 (34.88%) marker genes.
    Finished aligning 16 of 43 (37.21%) marker genes.
    Finished aligning 17 of 43 (39.53%) marker genes.
    Finished aligning 18 of 43 (41.86%) marker genes.
    Finished aligning 19 of 43 (44.19%) marker genes.
    Finished aligning 20 of 43 (46.51%) marker genes.
    Finished aligning 21 of 43 (48.84%) marker genes.
    Finished aligning 22 of 43 (51.16%) marker genes.
    Finished aligning 23 of 43 (53.49%) marker genes.
    Finished aligning 24 of 43 (55.81%) marker genes.
    Finished aligning 25 of 43 (58.14%) marker genes.
    Finished aligning 26 of 43 (60.47%) marker genes.
    Finished aligning 27 of 43 (62.79%) marker genes.
    Finished aligning 28 of 43 (65.12%) marker genes.
    Finished aligning 29 of 43 (67.44%) marker genes.
    Finished aligning 30 of 43 (69.77%) marker genes.
    Finished aligning 31 of 43 (72.09%) marker genes.
    Finished aligning 32 of 43 (74.42%) marker genes.
    Finished aligning 33 of 43 (76.74%) marker genes.
    Finished aligning 34 of 43 (79.07%) marker genes.
    Finished aligning 35 of 43 (81.40%) marker genes.
    Finished aligning 36 of 43 (83.72%) marker genes.
    Finished aligning 37 of 43 (86.05%) marker genes.
    Finished aligning 38 of 43 (88.37%) marker genes.
    Finished aligning 39 of 43 (90.70%) marker genes.
    Finished aligning 40 of 43 (93.02%) marker genes.
    Finished aligning 41 of 43 (95.35%) marker genes.
    Finished aligning 42 of 43 (97.67%) marker genes.
    Finished aligning 43 of 43 (100.00%) marker genes.
    Finished parsing hits for 1 of 23 (4.35%) bins.
    Finished parsing hits for 2 of 23 (8.70%) bins.
    Finished parsing hits for 3 of 23 (13.04%) bins.
    Finished parsing hits for 4 of 23 (17.39%) bins.
    Finished parsing hits for 5 of 23 (21.74%) bins.
    Finished parsing hits for 6 of 23 (26.09%) bins.
    Finished parsing hits for 7 of 23 (30.43%) bins.
    Finished parsing hits for 8 of 23 (34.78%) bins.
    Finished parsing hits for 9 of 23 (39.13%) bins.
    Finished parsing hits for 10 of 23 (43.48%) bins.
    Finished parsing hits for 11 of 23 (47.83%) bins.
    Finished parsing hits for 12 of 23 (52.17%) bins.
    Finished parsing hits for 13 of 23 (56.52%) bins.
    Finished parsing hits for 14 of 23 (60.87%) bins.
    Finished parsing hits for 15 of 23 (65.22%) bins.
    Finished parsing hits for 16 of 23 (69.57%) bins.
    Finished parsing hits for 17 of 23 (73.91%) bins.
    Finished parsing hits for 18 of 23 (78.26%) bins.
    Finished parsing hits for 19 of 23 (82.61%) bins.
    Finished parsing hits for 20 of 23 (86.96%) bins.
    Finished parsing hits for 21 of 23 (91.30%) bins.
    Finished parsing hits for 22 of 23 (95.65%) bins.
    Finished parsing hits for 23 of 23 (100.00%) bins.

    Finished processing 1 of 23 (4.35%) bins (current: binette__015).
                                                                     
    Finished processing 2 of 23 (8.70%) bins (current: binette__013).
                                                                     
    Finished processing 3 of 23 (13.04%) bins (current: binette__002).
                                                                      
    Finished processing 4 of 23 (17.39%) bins (current: binette__006).
                                                                      
    Finished processing 5 of 23 (21.74%) bins (current: binette__019).
                                                                      
    Finished processing 6 of 23 (26.09%) bins (current: binette__022).
                                                                      
    Finished processing 7 of 23 (30.43%) bins (current: binette__004).
                                                                      
    Finished processing 8 of 23 (34.78%) bins (current: binette__017).
                                                                      
    Finished processing 9 of 23 (39.13%) bins (current: binette__024).
                                                                      
    Finished processing 10 of 23 (43.48%) bins (current: binette__007).
                                                                       
    Finished processing 11 of 23 (47.83%) bins (current: binette__003).
                                                                       
    Finished processing 12 of 23 (52.17%) bins (current: binette__014).
                                                                       
    Finished processing 13 of 23 (56.52%) bins (current: binette__001).
                                                                       
    Finished processing 14 of 23 (60.87%) bins (current: binette__021).
                                                                       
    Finished processing 15 of 23 (65.22%) bins (current: binette__025).
                                                                       
    Finished processing 16 of 23 (69.57%) bins (current: binette__011).
                                                                       
    Finished processing 17 of 23 (73.91%) bins (current: binette__008).
                                                                       
    Finished processing 18 of 23 (78.26%) bins (current: binette__023).
                                                                       
    Finished processing 19 of 23 (82.61%) bins (current: binette__012).
                                                                       
    Finished processing 20 of 23 (86.96%) bins (current: binette__026).
                                                                       
    Finished processing 21 of 23 (91.30%) bins (current: binette__018).
                                                                       
    Finished processing 22 of 23 (95.65%) bins (current: binette__005).
                                                                       
    Finished processing 23 of 23 (100.00%) bins (current: binette__009).
    Finished processing 0 of 23 (0.00%) bins.
    Finished processing 1 of 23 (4.35%) bins.
    Finished processing 2 of 23 (8.70%) bins.
    Finished processing 3 of 23 (13.04%) bins.
    Finished processing 4 of 23 (17.39%) bins.
    Finished processing 5 of 23 (21.74%) bins.
    Finished processing 6 of 23 (26.09%) bins.
    Finished processing 7 of 23 (30.43%) bins.
    Finished processing 8 of 23 (34.78%) bins.
    Finished processing 9 of 23 (39.13%) bins.
    Finished processing 10 of 23 (43.48%) bins.
    Finished processing 11 of 23 (47.83%) bins.
    Finished processing 12 of 23 (52.17%) bins.
    Finished processing 13 of 23 (56.52%) bins.
    Finished processing 14 of 23 (60.87%) bins.
    Finished processing 15 of 23 (65.22%) bins.
    Finished processing 16 of 23 (69.57%) bins.
    Finished processing 17 of 23 (73.91%) bins.
    Finished processing 18 of 23 (78.26%) bins.
    Finished processing 19 of 23 (82.61%) bins.
    Finished processing 20 of 23 (86.96%) bins.
    Finished processing 21 of 23 (91.30%) bins.
    Finished processing 22 of 23 (95.65%) bins.
    Finished processing 23 of 23 (100.00%) bins.
    Finished parsing hits for 1 of 23 (4.35%) bins.
    Finished parsing hits for 2 of 23 (8.70%) bins.
    Finished parsing hits for 3 of 23 (13.04%) bins.
    Finished parsing hits for 4 of 23 (17.39%) bins.
    Finished parsing hits for 5 of 23 (21.74%) bins.
    Finished parsing hits for 6 of 23 (26.09%) bins.
    Finished parsing hits for 7 of 23 (30.43%) bins.
    Finished parsing hits for 8 of 23 (34.78%) bins.
    Finished parsing hits for 9 of 23 (39.13%) bins.
    Finished parsing hits for 10 of 23 (43.48%) bins.
    Finished parsing hits for 11 of 23 (47.83%) bins.
    Finished parsing hits for 12 of 23 (52.17%) bins.
    Finished parsing hits for 13 of 23 (56.52%) bins.
    Finished parsing hits for 14 of 23 (60.87%) bins.
    Finished parsing hits for 15 of 23 (65.22%) bins.
    Finished parsing hits for 16 of 23 (69.57%) bins.
    Finished parsing hits for 17 of 23 (73.91%) bins.
    Finished parsing hits for 18 of 23 (78.26%) bins.
    Finished parsing hits for 19 of 23 (82.61%) bins.
    Finished parsing hits for 20 of 23 (86.96%) bins.
    Finished parsing hits for 21 of 23 (91.30%) bins.
    Finished parsing hits for 22 of 23 (95.65%) bins.
    Finished parsing hits for 23 of 23 (100.00%) bins.
    Finished processing 0 of 23 (0.00%) bins.
    Finished processing 1 of 23 (4.35%) bins.
    Finished processing 2 of 23 (8.70%) bins.
    Finished processing 3 of 23 (13.04%) bins.
    Finished processing 4 of 23 (17.39%) bins.
    Finished processing 5 of 23 (21.74%) bins.
    Finished processing 6 of 23 (26.09%) bins.
    Finished processing 7 of 23 (30.43%) bins.
    Finished processing 8 of 23 (34.78%) bins.
    Finished processing 9 of 23 (39.13%) bins.
    Finished processing 10 of 23 (43.48%) bins.
    Finished processing 11 of 23 (47.83%) bins.
    Finished processing 12 of 23 (52.17%) bins.
    Finished processing 13 of 23 (56.52%) bins.
    Finished processing 14 of 23 (60.87%) bins.
    Finished processing 15 of 23 (65.22%) bins.
    Finished processing 16 of 23 (69.57%) bins.
    Finished processing 17 of 23 (73.91%) bins.
    Finished processing 18 of 23 (78.26%) bins.
    Finished processing 19 of 23 (82.61%) bins.
    Finished processing 20 of 23 (86.96%) bins.
    Finished processing 21 of 23 (91.30%) bins.
    Finished processing 22 of 23 (95.65%) bins.
    Finished processing 23 of 23 (100.00%) bins.
    Finished processing 0 of 23 (0.00%) bins.
    Finished processing 1 of 23 (4.35%) bins.
    Finished processing 2 of 23 (8.70%) bins.
    Finished processing 3 of 23 (13.04%) bins.
    Finished processing 4 of 23 (17.39%) bins.
    Finished processing 5 of 23 (21.74%) bins.
    Finished processing 6 of 23 (26.09%) bins.
    Finished processing 7 of 23 (30.43%) bins.
    Finished processing 8 of 23 (34.78%) bins.
    Finished processing 9 of 23 (39.13%) bins.
    Finished processing 10 of 23 (43.48%) bins.
    Finished processing 11 of 23 (47.83%) bins.
    Finished processing 12 of 23 (52.17%) bins.
    Finished processing 13 of 23 (56.52%) bins.
    Finished processing 14 of 23 (60.87%) bins.
    Finished processing 15 of 23 (65.22%) bins.
    Finished processing 16 of 23 (69.57%) bins.
    Finished processing 17 of 23 (73.91%) bins.
    Finished processing 18 of 23 (78.26%) bins.
    Finished processing 19 of 23 (82.61%) bins.
    Finished processing 20 of 23 (86.96%) bins.
    Finished processing 21 of 23 (91.30%) bins.
    Finished processing 22 of 23 (95.65%) bins.
    Finished processing 23 of 23 (100.00%) bins.
    Finished parsing hits for 1 of 23 (4.35%) bins.
    Finished parsing hits for 2 of 23 (8.70%) bins.
    Finished parsing hits for 3 of 23 (13.04%) bins.
    Finished parsing hits for 4 of 23 (17.39%) bins.
    Finished parsing hits for 5 of 23 (21.74%) bins.
    Finished parsing hits for 6 of 23 (26.09%) bins.
    Finished parsing hits for 7 of 23 (30.43%) bins.
    Finished parsing hits for 8 of 23 (34.78%) bins.
    Finished parsing hits for 9 of 23 (39.13%) bins.
    Finished parsing hits for 10 of 23 (43.48%) bins.
    Finished parsing hits for 11 of 23 (47.83%) bins.
    Finished parsing hits for 12 of 23 (52.17%) bins.
    Finished parsing hits for 13 of 23 (56.52%) bins.
    Finished parsing hits for 14 of 23 (60.87%) bins.
    Finished parsing hits for 15 of 23 (65.22%) bins.
    Finished parsing hits for 16 of 23 (69.57%) bins.
    Finished parsing hits for 17 of 23 (73.91%) bins.
    Finished parsing hits for 18 of 23 (78.26%) bins.
    Finished parsing hits for 19 of 23 (82.61%) bins.
    Finished parsing hits for 20 of 23 (86.96%) bins.
    Finished parsing hits for 21 of 23 (91.30%) bins.
    Finished parsing hits for 22 of 23 (95.65%) bins.
    Finished parsing hits for 23 of 23 (100.00%) bins.
