[2026-07-29 08:34:48] INFO: CheckM v1.2.5
[2026-07-29 08:34:48] INFO: checkm lineage_wf -x fna -t 24 --pplacer_threads 1 --aai_strain 0.9 --tab_table -f ${ARTICLE44_WORK_DIR}/qc/checkm1-qa.tsv --tmpdir ${ARTICLE44_WORK_DIR}/tmp/checkm1 ${ARTICLE44_WORK_DIR}/bins ${ARTICLE44_WORK_DIR}/qc/checkm1
[2026-07-29 08:34:48] INFO: CheckM data: ${HOME}/miniconda3/envs/metagenome-checkm1-2026.07/checkm_data
[2026-07-29 08:34:48] INFO: [CheckM - tree] Placing bins in reference genome tree.
[2026-07-29 08:34:49] INFO: Identifying marker genes in 23 bins with 24 threads:
[2026-07-29 08:38:36] INFO: Saving HMM info to file.
[2026-07-29 08:38:36] INFO: Calculating genome statistics for 23 bins with 24 threads:
[2026-07-29 08:38:36] INFO: Extracting marker genes to align.
[2026-07-29 08:38:36] INFO: Parsing HMM hits to marker genes:
[2026-07-29 08:38:39] INFO: Extracting 43 HMMs with 24 threads:
[2026-07-29 08:38:39] INFO: Aligning 43 marker genes with 24 threads:
[2026-07-29 08:38:41] INFO: Reading marker alignment files.
[2026-07-29 08:38:41] INFO: Concatenating alignments.
[2026-07-29 08:38:41] INFO: Placing 23 bins into the genome tree with pplacer (be patient).
[2026-07-29 08:53:27] INFO: { Current stage: 0:18:38.929 || Total: 0:18:38.929 }
[2026-07-29 08:53:27] INFO: [CheckM - lineage_set] Inferring lineage-specific marker sets.
[2026-07-29 08:53:27] INFO: Reading HMM info from file.
[2026-07-29 08:53:27] INFO: Parsing HMM hits to marker genes:
[2026-07-29 08:53:29] INFO: Determining marker sets for each genome bin.
[2026-07-29 08:53:39] INFO: Marker set written to: ${ARTICLE44_WORK_DIR}/qc/checkm1/lineage.ms
[2026-07-29 08:53:39] INFO: { Current stage: 0:00:11.565 || Total: 0:18:50.495 }
[2026-07-29 08:53:39] INFO: [CheckM - analyze] Identifying marker genes in bins.
[2026-07-29 08:53:39] INFO: Identifying marker genes in 23 bins with 24 threads:
[2026-07-29 09:02:12] INFO: Saving HMM info to file.
[2026-07-29 09:02:15] INFO: { Current stage: 0:08:36.331 || Total: 0:27:26.826 }
[2026-07-29 09:02:15] INFO: Parsing HMM hits to marker genes:
[2026-07-29 09:02:23] INFO: Aligning marker genes with multiple hits in a single bin:
[2026-07-29 09:02:27] INFO: { Current stage: 0:00:11.928 || Total: 0:27:38.755 }
[2026-07-29 09:02:27] INFO: Calculating genome statistics for 23 bins with 24 threads:
[2026-07-29 09:02:28] INFO: { Current stage: 0:00:00.665 || Total: 0:27:39.421 }
[2026-07-29 09:02:28] INFO: [CheckM - qa] Tabulating genome statistics.
[2026-07-29 09:02:28] INFO: Calculating AAI between multi-copy marker genes.
[2026-07-29 09:02:28] INFO: Reading HMM info from file.
[2026-07-29 09:02:29] INFO: Parsing HMM hits to marker genes:
[2026-07-29 09:02:40] INFO: QA information written to: ${ARTICLE44_WORK_DIR}/qc/checkm1-qa.tsv
[2026-07-29 09:02:40] INFO: { Current stage: 0:00:12.131 || Total: 0:27:51.552 }
