-------------------------------------
PRODIGAL v2.6.3 [February, 2016]         
Univ of Tenn / Oak Ridge National Lab
Doug Hyatt, Loren Hauser, et al.     
-------------------------------------
Request:  Metagenomic, Phase:  Training
Initializing training files...done!
-------------------------------------
Request:  Metagenomic, Phase:  Gene Finding
Finding genes in sequence #1 (2392 bp)...done!
Finding genes in sequence #2 (2031 bp)...done!
Finding genes in sequence #3 (14405 bp)...done!
Finding genes in sequence #4 (3241 bp)...done!
Finding genes in sequence #5 (5000 bp)...done!
Finding genes in sequence #6 (14414 bp)...done!
Finding genes in sequence #7 (16365 bp)...done!
Finding genes in sequence #8 (2152 bp)...done!
Finding genes in sequence #9 (7286 bp)...done!
Finding genes in sequence #10 (5684 bp)...done!
Finding genes in sequence #11 (174240 bp)...done!
Finding genes in sequence #12 (77833 bp)...done!
Finding genes in sequence #13 (14133 bp)...done!
Finding genes in sequence #14 (34240 bp)...done!
Finding genes in sequence #15 (3917 bp)...done!
Finding genes in sequence #16 (128049 bp)...done!
Finding genes in sequence #17 (9277 bp)...done!
Finding genes in sequence #18 (22916 bp)...done!
Finding genes in sequence #19 (38316 bp)...done!
Finding genes in sequence #20 (67140 bp)...done!
Finding genes in sequence #21 (31514 bp)...done!
Finding genes in sequence #22 (36081 bp)...done!
Finding genes in sequence #23 (79303 bp)...done!
Finding genes in sequence #24 (93403 bp)...done!
Finding genes in sequence #25 (21124 bp)...done!
Finding genes in sequence #26 (1612 bp)...done!
Finding genes in sequence #27 (48142 bp)...done!
Finding genes in sequence #28 (21968 bp)...done!
Finding genes in sequence #29 (109371 bp)...done!
Finding genes in sequence #30 (19227 bp)...done!
Finding genes in sequence #31 (52055 bp)...done!
Finding genes in sequence #32 (46046 bp)...done!
Finding genes in sequence #33 (32085 bp)...done!
Finding genes in sequence #34 (6057 bp)...done!
Finding genes in sequence #35 (9992 bp)...done!
Finding genes in sequence #36 (9760 bp)...done!
Finding genes in sequence #37 (9698 bp)...done!
Finding genes in sequence #38 (72300 bp)...done!
Finding genes in sequence #39 (58647 bp)...done!
Finding genes in sequence #40 (83259 bp)...done!
Finding genes in sequence #41 (16689 bp)...done!
Finding genes in sequence #42 (22630 bp)...done!
Finding genes in sequence #43 (209565 bp)...done!
