-------------------------------------
PRODIGAL v2.6.3 [February, 2016]         
Univ of Tenn / Oak Ridge National Lab
Doug Hyatt, Loren Hauser, et al.     
-------------------------------------
Request:  Metagenomic, Phase:  Training
Initializing training files...done!
-------------------------------------
Request:  Metagenomic, Phase:  Gene Finding
Finding genes in sequence #1 (2504 bp)...done!
Finding genes in sequence #2 (50143 bp)...done!
Finding genes in sequence #3 (59244 bp)...done!
Finding genes in sequence #4 (106427 bp)...done!
Finding genes in sequence #5 (39123 bp)...done!
Finding genes in sequence #6 (6906 bp)...done!
Finding genes in sequence #7 (181610 bp)...done!
Finding genes in sequence #8 (97116 bp)...done!
Finding genes in sequence #9 (56680 bp)...done!
Finding genes in sequence #10 (11744 bp)...done!
Finding genes in sequence #11 (45659 bp)...done!
Finding genes in sequence #12 (65627 bp)...done!
Finding genes in sequence #13 (17704 bp)...done!
Finding genes in sequence #14 (9204 bp)...done!
Finding genes in sequence #15 (51159 bp)...done!
Finding genes in sequence #16 (45944 bp)...done!
Finding genes in sequence #17 (33370 bp)...done!
Finding genes in sequence #18 (125902 bp)...done!
Finding genes in sequence #19 (36282 bp)...done!
Finding genes in sequence #20 (20482 bp)...done!
Finding genes in sequence #21 (41476 bp)...done!
Finding genes in sequence #22 (28125 bp)...done!
Finding genes in sequence #23 (21259 bp)...done!
Finding genes in sequence #24 (25455 bp)...done!
Finding genes in sequence #25 (56071 bp)...done!
Finding genes in sequence #26 (1987 bp)...done!
Finding genes in sequence #27 (2424 bp)...done!
Finding genes in sequence #28 (22676 bp)...done!
Finding genes in sequence #29 (9545 bp)...done!
Finding genes in sequence #30 (75303 bp)...done!
Finding genes in sequence #31 (26712 bp)...done!
Finding genes in sequence #32 (69054 bp)...done!
Finding genes in sequence #33 (11822 bp)...done!
Finding genes in sequence #34 (70902 bp)...done!
Finding genes in sequence #35 (4787 bp)...done!
Finding genes in sequence #36 (3789 bp)...done!
Finding genes in sequence #37 (11261 bp)...done!
Finding genes in sequence #38 (52029 bp)...done!
Finding genes in sequence #39 (3181 bp)...done!
Finding genes in sequence #40 (46035 bp)...done!
Finding genes in sequence #41 (45025 bp)...done!
Finding genes in sequence #42 (59284 bp)...done!
Finding genes in sequence #43 (4668 bp)...done!
Finding genes in sequence #44 (40653 bp)...done!
Finding genes in sequence #45 (15277 bp)...done!
Finding genes in sequence #46 (46157 bp)...done!
Finding genes in sequence #47 (67925 bp)...done!
Finding genes in sequence #48 (6800 bp)...done!
Finding genes in sequence #49 (1623 bp)...done!
Finding genes in sequence #50 (18406 bp)...done!
Finding genes in sequence #51 (63540 bp)...done!
Finding genes in sequence #52 (25295 bp)...done!
Finding genes in sequence #53 (68474 bp)...done!
Finding genes in sequence #54 (73722 bp)...done!
Finding genes in sequence #55 (28861 bp)...done!
Finding genes in sequence #56 (14852 bp)...done!
Finding genes in sequence #57 (41329 bp)...done!
Finding genes in sequence #58 (26982 bp)...done!
Finding genes in sequence #59 (2740 bp)...done!
Finding genes in sequence #60 (28736 bp)...done!
Finding genes in sequence #61 (43199 bp)...done!
Finding genes in sequence #62 (132025 bp)...done!
Finding genes in sequence #63 (32105 bp)...done!
Finding genes in sequence #64 (33971 bp)...done!
Finding genes in sequence #65 (27367 bp)...done!
