-------------------------------------
PRODIGAL v2.6.3 [February, 2016]         
Univ of Tenn / Oak Ridge National Lab
Doug Hyatt, Loren Hauser, et al.     
-------------------------------------
Request:  Metagenomic, Phase:  Training
Initializing training files...done!
-------------------------------------
Request:  Metagenomic, Phase:  Gene Finding
Finding genes in sequence #1 (3213 bp)...done!
Finding genes in sequence #2 (1660 bp)...done!
Finding genes in sequence #3 (5028 bp)...done!
Finding genes in sequence #4 (2766 bp)...done!
Finding genes in sequence #5 (3521 bp)...done!
Finding genes in sequence #6 (3436 bp)...done!
Finding genes in sequence #7 (4792 bp)...done!
Finding genes in sequence #8 (3746 bp)...done!
Finding genes in sequence #9 (1906 bp)...done!
Finding genes in sequence #10 (2740 bp)...done!
Finding genes in sequence #11 (1700 bp)...done!
Finding genes in sequence #12 (7232 bp)...done!
Finding genes in sequence #13 (2817 bp)...done!
Finding genes in sequence #14 (4378 bp)...done!
Finding genes in sequence #15 (1952 bp)...done!
Finding genes in sequence #16 (2422 bp)...done!
Finding genes in sequence #17 (1598 bp)...done!
Finding genes in sequence #18 (3506 bp)...done!
Finding genes in sequence #19 (6563 bp)...done!
Finding genes in sequence #20 (2266 bp)...done!
Finding genes in sequence #21 (4277 bp)...done!
Finding genes in sequence #22 (2237 bp)...done!
Finding genes in sequence #23 (2612 bp)...done!
Finding genes in sequence #24 (2659 bp)...done!
Finding genes in sequence #25 (7342 bp)...done!
Finding genes in sequence #26 (2597 bp)...done!
Finding genes in sequence #27 (1801 bp)...done!
Finding genes in sequence #28 (4385 bp)...done!
Finding genes in sequence #29 (4157 bp)...done!
Finding genes in sequence #30 (3725 bp)...done!
Finding genes in sequence #31 (1949 bp)...done!
Finding genes in sequence #32 (7912 bp)...done!
Finding genes in sequence #33 (2772 bp)...done!
Finding genes in sequence #34 (4394 bp)...done!
Finding genes in sequence #35 (3022 bp)...done!
Finding genes in sequence #36 (2970 bp)...done!
Finding genes in sequence #37 (5456 bp)...done!
Finding genes in sequence #38 (8150 bp)...done!
Finding genes in sequence #39 (2785 bp)...done!
Finding genes in sequence #40 (1553 bp)...done!
Finding genes in sequence #41 (3466 bp)...done!
Finding genes in sequence #42 (2427 bp)...done!
Finding genes in sequence #43 (8170 bp)...done!
Finding genes in sequence #44 (1995 bp)...done!
Finding genes in sequence #45 (14671 bp)...done!
Finding genes in sequence #46 (2558 bp)...done!
Finding genes in sequence #47 (3154 bp)...done!
Finding genes in sequence #48 (7141 bp)...done!
Finding genes in sequence #49 (3079 bp)...done!
Finding genes in sequence #50 (6473 bp)...done!
Finding genes in sequence #51 (1629 bp)...done!
Finding genes in sequence #52 (1599 bp)...done!
Finding genes in sequence #53 (1925 bp)...done!
Finding genes in sequence #54 (4802 bp)...done!
Finding genes in sequence #55 (2295 bp)...done!
Finding genes in sequence #56 (2513 bp)...done!
Finding genes in sequence #57 (2296 bp)...done!
Finding genes in sequence #58 (1534 bp)...done!
Finding genes in sequence #59 (2893 bp)...done!
Finding genes in sequence #60 (3369 bp)...done!
Finding genes in sequence #61 (2466 bp)...done!
Finding genes in sequence #62 (3961 bp)...done!
Finding genes in sequence #63 (3843 bp)...done!
Finding genes in sequence #64 (2232 bp)...done!
Finding genes in sequence #65 (8473 bp)...done!
Finding genes in sequence #66 (3489 bp)...done!
Finding genes in sequence #67 (5311 bp)...done!
Finding genes in sequence #68 (2572 bp)...done!
Finding genes in sequence #69 (6268 bp)...done!
Finding genes in sequence #70 (4062 bp)...done!
Finding genes in sequence #71 (4332 bp)...done!
Finding genes in sequence #72 (1684 bp)...done!
Finding genes in sequence #73 (3818 bp)...done!
Finding genes in sequence #74 (2671 bp)...done!
Finding genes in sequence #75 (2443 bp)...done!
Finding genes in sequence #76 (4878 bp)...done!
Finding genes in sequence #77 (2508 bp)...done!
Finding genes in sequence #78 (4288 bp)...done!
Finding genes in sequence #79 (1953 bp)...done!
Finding genes in sequence #80 (1985 bp)...done!
Finding genes in sequence #81 (2345 bp)...done!
Finding genes in sequence #82 (3786 bp)...done!
Finding genes in sequence #83 (1926 bp)...done!
Finding genes in sequence #84 (3647 bp)...done!
Finding genes in sequence #85 (6910 bp)...done!
Finding genes in sequence #86 (9100 bp)...done!
Finding genes in sequence #87 (2804 bp)...done!
Finding genes in sequence #88 (4373 bp)...done!
Finding genes in sequence #89 (2168 bp)...done!
Finding genes in sequence #90 (2200 bp)...done!
Finding genes in sequence #91 (8864 bp)...done!
Finding genes in sequence #92 (1615 bp)...done!
Finding genes in sequence #93 (2035 bp)...done!
Finding genes in sequence #94 (4180 bp)...done!
Finding genes in sequence #95 (2883 bp)...done!
Finding genes in sequence #96 (3806 bp)...done!
Finding genes in sequence #97 (2294 bp)...done!
Finding genes in sequence #98 (2194 bp)...done!
Finding genes in sequence #99 (2983 bp)...done!
Finding genes in sequence #100 (2097 bp)...done!
Finding genes in sequence #101 (2868 bp)...done!
Finding genes in sequence #102 (2168 bp)...done!
Finding genes in sequence #103 (3451 bp)...done!
Finding genes in sequence #104 (2704 bp)...done!
Finding genes in sequence #105 (6117 bp)...done!
Finding genes in sequence #106 (3665 bp)...done!
Finding genes in sequence #107 (5081 bp)...done!
Finding genes in sequence #108 (4089 bp)...done!
Finding genes in sequence #109 (2219 bp)...done!
Finding genes in sequence #110 (2760 bp)...done!
Finding genes in sequence #111 (1521 bp)...done!
Finding genes in sequence #112 (3335 bp)...done!
Finding genes in sequence #113 (5608 bp)...done!
Finding genes in sequence #114 (1713 bp)...done!
Finding genes in sequence #115 (2194 bp)...done!
Finding genes in sequence #116 (2471 bp)...done!
Finding genes in sequence #117 (2107 bp)...done!
Finding genes in sequence #118 (6080 bp)...done!
Finding genes in sequence #119 (2323 bp)...done!
Finding genes in sequence #120 (5091 bp)...done!
Finding genes in sequence #121 (6261 bp)...done!
Finding genes in sequence #122 (2701 bp)...done!
Finding genes in sequence #123 (6241 bp)...done!
Finding genes in sequence #124 (4986 bp)...done!
Finding genes in sequence #125 (6934 bp)...done!
Finding genes in sequence #126 (1929 bp)...done!
Finding genes in sequence #127 (1731 bp)...done!
Finding genes in sequence #128 (1532 bp)...done!
Finding genes in sequence #129 (2252 bp)...done!
Finding genes in sequence #130 (2111 bp)...done!
Finding genes in sequence #131 (1725 bp)...done!
Finding genes in sequence #132 (2479 bp)...done!
Finding genes in sequence #133 (2345 bp)...done!
Finding genes in sequence #134 (3465 bp)...done!
Finding genes in sequence #135 (2029 bp)...done!
Finding genes in sequence #136 (2239 bp)...done!
Finding genes in sequence #137 (3123 bp)...done!
Finding genes in sequence #138 (2789 bp)...done!
Finding genes in sequence #139 (1598 bp)...done!
Finding genes in sequence #140 (5628 bp)...done!
Finding genes in sequence #141 (7825 bp)...done!
Finding genes in sequence #142 (2027 bp)...done!
Finding genes in sequence #143 (6205 bp)...done!
Finding genes in sequence #144 (4133 bp)...done!
Finding genes in sequence #145 (2653 bp)...done!
Finding genes in sequence #146 (2894 bp)...done!
Finding genes in sequence #147 (4708 bp)...done!
Finding genes in sequence #148 (1985 bp)...done!
Finding genes in sequence #149 (2680 bp)...done!
Finding genes in sequence #150 (5030 bp)...done!
Finding genes in sequence #151 (1944 bp)...done!
Finding genes in sequence #152 (7419 bp)...done!
Finding genes in sequence #153 (2229 bp)...done!
Finding genes in sequence #154 (6287 bp)...done!
Finding genes in sequence #155 (3038 bp)...done!
Finding genes in sequence #156 (9677 bp)...done!
Finding genes in sequence #157 (4493 bp)...done!
Finding genes in sequence #158 (7384 bp)...done!
Finding genes in sequence #159 (3797 bp)...done!
Finding genes in sequence #160 (4412 bp)...done!
Finding genes in sequence #161 (2046 bp)...done!
Finding genes in sequence #162 (7444 bp)...done!
Finding genes in sequence #163 (1508 bp)...done!
Finding genes in sequence #164 (3829 bp)...done!
Finding genes in sequence #165 (9301 bp)...done!
Finding genes in sequence #166 (3180 bp)...done!
Finding genes in sequence #167 (4507 bp)...done!
Finding genes in sequence #168 (1634 bp)...done!
Finding genes in sequence #169 (2859 bp)...done!
Finding genes in sequence #170 (1972 bp)...done!
Finding genes in sequence #171 (4703 bp)...done!
Finding genes in sequence #172 (3315 bp)...done!
Finding genes in sequence #173 (3078 bp)...done!
Finding genes in sequence #174 (4680 bp)...done!
Finding genes in sequence #175 (5748 bp)...done!
Finding genes in sequence #176 (1938 bp)...done!
Finding genes in sequence #177 (2751 bp)...done!
Finding genes in sequence #178 (2584 bp)...done!
Finding genes in sequence #179 (2487 bp)...done!
Finding genes in sequence #180 (3189 bp)...done!
Finding genes in sequence #181 (12092 bp)...done!
Finding genes in sequence #182 (2796 bp)...done!
Finding genes in sequence #183 (4521 bp)...done!
Finding genes in sequence #184 (2223 bp)...done!
Finding genes in sequence #185 (3336 bp)...done!
Finding genes in sequence #186 (3629 bp)...done!
Finding genes in sequence #187 (6792 bp)...done!
Finding genes in sequence #188 (2062 bp)...done!
Finding genes in sequence #189 (3552 bp)...done!
Finding genes in sequence #190 (2166 bp)...done!
Finding genes in sequence #191 (3800 bp)...done!
Finding genes in sequence #192 (3710 bp)...done!
Finding genes in sequence #193 (2879 bp)...done!
Finding genes in sequence #194 (2772 bp)...done!
Finding genes in sequence #195 (6458 bp)...done!
Finding genes in sequence #196 (4054 bp)...done!
Finding genes in sequence #197 (3433 bp)...done!
Finding genes in sequence #198 (7873 bp)...done!
Finding genes in sequence #199 (2372 bp)...done!
Finding genes in sequence #200 (2373 bp)...done!
Finding genes in sequence #201 (8711 bp)...done!
Finding genes in sequence #202 (5270 bp)...done!
Finding genes in sequence #203 (2692 bp)...done!
Finding genes in sequence #204 (2430 bp)...done!
Finding genes in sequence #205 (8176 bp)...done!
Finding genes in sequence #206 (2148 bp)...done!
Finding genes in sequence #207 (4389 bp)...done!
Finding genes in sequence #208 (1608 bp)...done!
Finding genes in sequence #209 (2134 bp)...done!
Finding genes in sequence #210 (1709 bp)...done!
Finding genes in sequence #211 (3348 bp)...done!
Finding genes in sequence #212 (4003 bp)...done!
Finding genes in sequence #213 (2157 bp)...done!
Finding genes in sequence #214 (5532 bp)...done!
Finding genes in sequence #215 (3261 bp)...done!
Finding genes in sequence #216 (2264 bp)...done!
Finding genes in sequence #217 (2761 bp)...done!
Finding genes in sequence #218 (4127 bp)...done!
Finding genes in sequence #219 (3031 bp)...done!
Finding genes in sequence #220 (11464 bp)...done!
Finding genes in sequence #221 (1507 bp)...done!
Finding genes in sequence #222 (4914 bp)...done!
Finding genes in sequence #223 (4001 bp)...done!
Finding genes in sequence #224 (3303 bp)...done!
Finding genes in sequence #225 (2865 bp)...done!
Finding genes in sequence #226 (5483 bp)...done!
Finding genes in sequence #227 (2706 bp)...done!
Finding genes in sequence #228 (3325 bp)...done!
Finding genes in sequence #229 (1847 bp)...done!
Finding genes in sequence #230 (10622 bp)...done!
Finding genes in sequence #231 (1908 bp)...done!
Finding genes in sequence #232 (1635 bp)...done!
Finding genes in sequence #233 (6019 bp)...done!
Finding genes in sequence #234 (3438 bp)...done!
Finding genes in sequence #235 (1843 bp)...done!
Finding genes in sequence #236 (2694 bp)...done!
Finding genes in sequence #237 (1687 bp)...done!
Finding genes in sequence #238 (7572 bp)...done!
Finding genes in sequence #239 (2772 bp)...done!
Finding genes in sequence #240 (2955 bp)...done!
Finding genes in sequence #241 (3864 bp)...done!
Finding genes in sequence #242 (2556 bp)...done!
Finding genes in sequence #243 (1524 bp)...done!
Finding genes in sequence #244 (2152 bp)...done!
Finding genes in sequence #245 (2279 bp)...done!
Finding genes in sequence #246 (2359 bp)...done!
Finding genes in sequence #247 (5400 bp)...done!
Finding genes in sequence #248 (2106 bp)...done!
Finding genes in sequence #249 (1730 bp)...done!
Finding genes in sequence #250 (2969 bp)...done!
Finding genes in sequence #251 (7588 bp)...done!
Finding genes in sequence #252 (1571 bp)...done!
Finding genes in sequence #253 (1909 bp)...done!
Finding genes in sequence #254 (9955 bp)...done!
Finding genes in sequence #255 (2307 bp)...done!
Finding genes in sequence #256 (3179 bp)...done!
Finding genes in sequence #257 (3325 bp)...done!
Finding genes in sequence #258 (4303 bp)...done!
Finding genes in sequence #259 (2909 bp)...done!
Finding genes in sequence #260 (4654 bp)...done!
Finding genes in sequence #261 (3655 bp)...done!
Finding genes in sequence #262 (3130 bp)...done!
Finding genes in sequence #263 (4795 bp)...done!
Finding genes in sequence #264 (1887 bp)...done!
Finding genes in sequence #265 (2247 bp)...done!
Finding genes in sequence #266 (1726 bp)...done!
Finding genes in sequence #267 (3404 bp)...done!
Finding genes in sequence #268 (2029 bp)...done!
Finding genes in sequence #269 (2360 bp)...done!
Finding genes in sequence #270 (5596 bp)...done!
Finding genes in sequence #271 (2981 bp)...done!
Finding genes in sequence #272 (2418 bp)...done!
Finding genes in sequence #273 (3020 bp)...done!
Finding genes in sequence #274 (8137 bp)...done!
Finding genes in sequence #275 (3460 bp)...done!
Finding genes in sequence #276 (4896 bp)...done!
Finding genes in sequence #277 (12509 bp)...done!
Finding genes in sequence #278 (2303 bp)...done!
Finding genes in sequence #279 (2671 bp)...done!
Finding genes in sequence #280 (1853 bp)...done!
Finding genes in sequence #281 (2191 bp)...done!
Finding genes in sequence #282 (2583 bp)...done!
Finding genes in sequence #283 (3209 bp)...done!
Finding genes in sequence #284 (4253 bp)...done!
Finding genes in sequence #285 (3790 bp)...done!
Finding genes in sequence #286 (2179 bp)...done!
Finding genes in sequence #287 (2210 bp)...done!
Finding genes in sequence #288 (5107 bp)...done!
Finding genes in sequence #289 (2704 bp)...done!
Finding genes in sequence #290 (3351 bp)...done!
Finding genes in sequence #291 (1564 bp)...done!
Finding genes in sequence #292 (2775 bp)...done!
Finding genes in sequence #293 (1886 bp)...done!
Finding genes in sequence #294 (1932 bp)...done!
Finding genes in sequence #295 (4549 bp)...done!
Finding genes in sequence #296 (1686 bp)...done!
Finding genes in sequence #297 (6568 bp)...done!
Finding genes in sequence #298 (6439 bp)...done!
Finding genes in sequence #299 (5667 bp)...done!
Finding genes in sequence #300 (2133 bp)...done!
Finding genes in sequence #301 (7035 bp)...done!
Finding genes in sequence #302 (1633 bp)...done!
Finding genes in sequence #303 (1732 bp)...done!
Finding genes in sequence #304 (2834 bp)...done!
Finding genes in sequence #305 (1593 bp)...done!
Finding genes in sequence #306 (5654 bp)...done!
Finding genes in sequence #307 (1886 bp)...done!
Finding genes in sequence #308 (2619 bp)...done!
Finding genes in sequence #309 (3963 bp)...done!
Finding genes in sequence #310 (2181 bp)...done!
Finding genes in sequence #311 (1583 bp)...done!
Finding genes in sequence #312 (2647 bp)...done!
Finding genes in sequence #313 (2677 bp)...done!
Finding genes in sequence #314 (1921 bp)...done!
Finding genes in sequence #315 (1980 bp)...done!
Finding genes in sequence #316 (2716 bp)...done!
Finding genes in sequence #317 (2084 bp)...done!
Finding genes in sequence #318 (2237 bp)...done!
Finding genes in sequence #319 (11903 bp)...done!
Finding genes in sequence #320 (1667 bp)...done!
Finding genes in sequence #321 (2985 bp)...done!
Finding genes in sequence #322 (2602 bp)...done!
Finding genes in sequence #323 (2724 bp)...done!
Finding genes in sequence #324 (1924 bp)...done!
Finding genes in sequence #325 (1730 bp)...done!
Finding genes in sequence #326 (5540 bp)...done!
Finding genes in sequence #327 (4570 bp)...done!
Finding genes in sequence #328 (3539 bp)...done!
Finding genes in sequence #329 (2447 bp)...done!
Finding genes in sequence #330 (2274 bp)...done!
Finding genes in sequence #331 (5043 bp)...done!
Finding genes in sequence #332 (2041 bp)...done!
Finding genes in sequence #333 (1697 bp)...done!
Finding genes in sequence #334 (3307 bp)...done!
Finding genes in sequence #335 (2902 bp)...done!
Finding genes in sequence #336 (6140 bp)...done!
Finding genes in sequence #337 (4995 bp)...done!
Finding genes in sequence #338 (2644 bp)...done!
Finding genes in sequence #339 (2561 bp)...done!
Finding genes in sequence #340 (1672 bp)...done!
Finding genes in sequence #341 (2245 bp)...done!
Finding genes in sequence #342 (3082 bp)...done!
Finding genes in sequence #343 (1507 bp)...done!
Finding genes in sequence #344 (5132 bp)...done!
Finding genes in sequence #345 (1606 bp)...done!
Finding genes in sequence #346 (2712 bp)...done!
Finding genes in sequence #347 (2500 bp)...done!
Finding genes in sequence #348 (2187 bp)...done!
Finding genes in sequence #349 (1982 bp)...done!
Finding genes in sequence #350 (1589 bp)...done!
Finding genes in sequence #351 (1588 bp)...done!
Finding genes in sequence #352 (1801 bp)...done!
Finding genes in sequence #353 (1523 bp)...done!
Finding genes in sequence #354 (2659 bp)...done!
Finding genes in sequence #355 (2170 bp)...done!
Finding genes in sequence #356 (3812 bp)...done!
Finding genes in sequence #357 (4712 bp)...done!
Finding genes in sequence #358 (1831 bp)...done!
Finding genes in sequence #359 (11209 bp)...done!
Finding genes in sequence #360 (6820 bp)...done!
Finding genes in sequence #361 (1514 bp)...done!
Finding genes in sequence #362 (2375 bp)...done!
Finding genes in sequence #363 (1711 bp)...done!
Finding genes in sequence #364 (2055 bp)...done!
Finding genes in sequence #365 (5432 bp)...done!
Finding genes in sequence #366 (3264 bp)...done!
Finding genes in sequence #367 (3616 bp)...done!
Finding genes in sequence #368 (3461 bp)...done!
Finding genes in sequence #369 (6235 bp)...done!
Finding genes in sequence #370 (3325 bp)...done!
Finding genes in sequence #371 (2235 bp)...done!
Finding genes in sequence #372 (4298 bp)...done!
Finding genes in sequence #373 (1681 bp)...done!
Finding genes in sequence #374 (2333 bp)...done!
Finding genes in sequence #375 (3733 bp)...done!
Finding genes in sequence #376 (6800 bp)...done!
Finding genes in sequence #377 (2145 bp)...done!
Finding genes in sequence #378 (2634 bp)...done!
Finding genes in sequence #379 (1802 bp)...done!
Finding genes in sequence #380 (6655 bp)...done!
