-------------------------------------
PRODIGAL v2.6.3 [February, 2016]         
Univ of Tenn / Oak Ridge National Lab
Doug Hyatt, Loren Hauser, et al.     
-------------------------------------
Request:  Metagenomic, Phase:  Training
Initializing training files...done!
-------------------------------------
Request:  Metagenomic, Phase:  Gene Finding
Finding genes in sequence #1 (86608 bp)...done!
Finding genes in sequence #2 (443866 bp)...done!
Finding genes in sequence #3 (91501 bp)...done!
Finding genes in sequence #4 (1818 bp)...done!
Finding genes in sequence #5 (660252 bp)...done!
Finding genes in sequence #6 (44335 bp)...done!
Finding genes in sequence #7 (1608 bp)...done!
Finding genes in sequence #8 (3104 bp)...done!
Finding genes in sequence #9 (39189 bp)...done!
Finding genes in sequence #10 (41250 bp)...done!
Finding genes in sequence #11 (2119 bp)...done!
Finding genes in sequence #12 (3979 bp)...done!
Finding genes in sequence #13 (142331 bp)...done!
Finding genes in sequence #14 (174737 bp)...done!
