-------------------------------------
PRODIGAL v2.6.3 [February, 2016]         
Univ of Tenn / Oak Ridge National Lab
Doug Hyatt, Loren Hauser, et al.     
-------------------------------------
Request:  Metagenomic, Phase:  Training
Initializing training files...done!
-------------------------------------
Request:  Metagenomic, Phase:  Gene Finding
Finding genes in sequence #1 (14257 bp)...done!
Finding genes in sequence #2 (33915 bp)...done!
Finding genes in sequence #3 (9418 bp)...done!
Finding genes in sequence #4 (34083 bp)...done!
Finding genes in sequence #5 (13005 bp)...done!
Finding genes in sequence #6 (9003 bp)...done!
Finding genes in sequence #7 (11888 bp)...done!
Finding genes in sequence #8 (4101 bp)...done!
Finding genes in sequence #9 (1877 bp)...done!
Finding genes in sequence #10 (29625 bp)...done!
Finding genes in sequence #11 (5482 bp)...done!
Finding genes in sequence #12 (7579 bp)...done!
Finding genes in sequence #13 (22232 bp)...done!
Finding genes in sequence #14 (5323 bp)...done!
Finding genes in sequence #15 (13341 bp)...done!
Finding genes in sequence #16 (36831 bp)...done!
Finding genes in sequence #17 (4986 bp)...done!
Finding genes in sequence #18 (77642 bp)...done!
Finding genes in sequence #19 (12233 bp)...done!
Finding genes in sequence #20 (8893 bp)...done!
Finding genes in sequence #21 (9744 bp)...done!
Finding genes in sequence #22 (22844 bp)...done!
Finding genes in sequence #23 (4285 bp)...done!
Finding genes in sequence #24 (12853 bp)...done!
Finding genes in sequence #25 (33287 bp)...done!
Finding genes in sequence #26 (12961 bp)...done!
Finding genes in sequence #27 (1517 bp)...done!
Finding genes in sequence #28 (3474 bp)...done!
Finding genes in sequence #29 (7916 bp)...done!
Finding genes in sequence #30 (5031 bp)...done!
Finding genes in sequence #31 (14090 bp)...done!
Finding genes in sequence #32 (20347 bp)...done!
Finding genes in sequence #33 (12546 bp)...done!
Finding genes in sequence #34 (7305 bp)...done!
Finding genes in sequence #35 (10064 bp)...done!
Finding genes in sequence #36 (2598 bp)...done!
Finding genes in sequence #37 (12220 bp)...done!
Finding genes in sequence #38 (13557 bp)...done!
Finding genes in sequence #39 (3494 bp)...done!
Finding genes in sequence #40 (7032 bp)...done!
Finding genes in sequence #41 (14240 bp)...done!
Finding genes in sequence #42 (8146 bp)...done!
Finding genes in sequence #43 (8771 bp)...done!
Finding genes in sequence #44 (23992 bp)...done!
Finding genes in sequence #45 (59232 bp)...done!
Finding genes in sequence #46 (38082 bp)...done!
Finding genes in sequence #47 (25752 bp)...done!
Finding genes in sequence #48 (2522 bp)...done!
Finding genes in sequence #49 (2025 bp)...done!
Finding genes in sequence #50 (8479 bp)...done!
Finding genes in sequence #51 (23705 bp)...done!
Finding genes in sequence #52 (46040 bp)...done!
Finding genes in sequence #53 (15375 bp)...done!
Finding genes in sequence #54 (29679 bp)...done!
Finding genes in sequence #55 (12756 bp)...done!
Finding genes in sequence #56 (72648 bp)...done!
Finding genes in sequence #57 (65351 bp)...done!
Finding genes in sequence #58 (15616 bp)...done!
Finding genes in sequence #59 (27543 bp)...done!
Finding genes in sequence #60 (8534 bp)...done!
Finding genes in sequence #61 (2016 bp)...done!
Finding genes in sequence #62 (61522 bp)...done!
Finding genes in sequence #63 (20037 bp)...done!
Finding genes in sequence #64 (4746 bp)...done!
Finding genes in sequence #65 (31921 bp)...done!
Finding genes in sequence #66 (19217 bp)...done!
Finding genes in sequence #67 (35986 bp)...done!
Finding genes in sequence #68 (21565 bp)...done!
Finding genes in sequence #69 (13313 bp)...done!
Finding genes in sequence #70 (30902 bp)...done!
Finding genes in sequence #71 (1611 bp)...done!
Finding genes in sequence #72 (3654 bp)...done!
Finding genes in sequence #73 (12189 bp)...done!
Finding genes in sequence #74 (25250 bp)...done!
Finding genes in sequence #75 (45863 bp)...done!
Finding genes in sequence #76 (6325 bp)...done!
Finding genes in sequence #77 (11749 bp)...done!
Finding genes in sequence #78 (11620 bp)...done!
Finding genes in sequence #79 (6981 bp)...done!
Finding genes in sequence #80 (17512 bp)...done!
Finding genes in sequence #81 (3471 bp)...done!
Finding genes in sequence #82 (9603 bp)...done!
Finding genes in sequence #83 (2811 bp)...done!
Finding genes in sequence #84 (3392 bp)...done!
Finding genes in sequence #85 (56749 bp)...done!
Finding genes in sequence #86 (62697 bp)...done!
Finding genes in sequence #87 (7807 bp)...done!
Finding genes in sequence #88 (11205 bp)...done!
Finding genes in sequence #89 (3901 bp)...done!
Finding genes in sequence #90 (8164 bp)...done!
Finding genes in sequence #91 (24329 bp)...done!
Finding genes in sequence #92 (2082 bp)...done!
Finding genes in sequence #93 (12267 bp)...done!
Finding genes in sequence #94 (2242 bp)...done!
Finding genes in sequence #95 (6980 bp)...done!
Finding genes in sequence #96 (6085 bp)...done!
Finding genes in sequence #97 (13145 bp)...done!
Finding genes in sequence #98 (31644 bp)...done!
Finding genes in sequence #99 (4382 bp)...done!
Finding genes in sequence #100 (5897 bp)...done!
Finding genes in sequence #101 (6113 bp)...done!
Finding genes in sequence #102 (3465 bp)...done!
Finding genes in sequence #103 (18034 bp)...done!
Finding genes in sequence #104 (9312 bp)...done!
Finding genes in sequence #105 (15940 bp)...done!
Finding genes in sequence #106 (30034 bp)...done!
Finding genes in sequence #107 (2060 bp)...done!
Finding genes in sequence #108 (3757 bp)...done!
Finding genes in sequence #109 (4583 bp)...done!
Finding genes in sequence #110 (11932 bp)...done!
Finding genes in sequence #111 (9112 bp)...done!
Finding genes in sequence #112 (2440 bp)...done!
Finding genes in sequence #113 (15307 bp)...done!
Finding genes in sequence #114 (3277 bp)...done!
Finding genes in sequence #115 (11534 bp)...done!
Finding genes in sequence #116 (21929 bp)...done!
Finding genes in sequence #117 (29969 bp)...done!
Finding genes in sequence #118 (26973 bp)...done!
Finding genes in sequence #119 (15314 bp)...done!
Finding genes in sequence #120 (4194 bp)...done!
Finding genes in sequence #121 (3320 bp)...done!
Finding genes in sequence #122 (25799 bp)...done!
Finding genes in sequence #123 (10158 bp)...done!
Finding genes in sequence #124 (3625 bp)...done!
Finding genes in sequence #125 (2324 bp)...done!
Finding genes in sequence #126 (4647 bp)...done!
