-------------------------------------
PRODIGAL v2.6.3 [February, 2016]         
Univ of Tenn / Oak Ridge National Lab
Doug Hyatt, Loren Hauser, et al.     
-------------------------------------
Request:  Metagenomic, Phase:  Training
Initializing training files...done!
-------------------------------------
Request:  Metagenomic, Phase:  Gene Finding
Finding genes in sequence #1 (18019 bp)...done!
Finding genes in sequence #2 (5441 bp)...done!
Finding genes in sequence #3 (33810 bp)...done!
Finding genes in sequence #4 (26329 bp)...done!
Finding genes in sequence #5 (5867 bp)...done!
Finding genes in sequence #6 (30915 bp)...done!
Finding genes in sequence #7 (1599 bp)...done!
Finding genes in sequence #8 (69035 bp)...done!
Finding genes in sequence #9 (26514 bp)...done!
Finding genes in sequence #10 (120451 bp)...done!
Finding genes in sequence #11 (2488 bp)...done!
Finding genes in sequence #12 (20335 bp)...done!
Finding genes in sequence #13 (12943 bp)...done!
Finding genes in sequence #14 (7375 bp)...done!
Finding genes in sequence #15 (110457 bp)...done!
Finding genes in sequence #16 (2187 bp)...done!
Finding genes in sequence #17 (11685 bp)...done!
Finding genes in sequence #18 (19091 bp)...done!
Finding genes in sequence #19 (60865 bp)...done!
Finding genes in sequence #20 (29850 bp)...done!
Finding genes in sequence #21 (48529 bp)...done!
Finding genes in sequence #22 (163930 bp)...done!
Finding genes in sequence #23 (10382 bp)...done!
Finding genes in sequence #24 (24691 bp)...done!
Finding genes in sequence #25 (55634 bp)...done!
Finding genes in sequence #26 (2838 bp)...done!
Finding genes in sequence #27 (39377 bp)...done!
Finding genes in sequence #28 (18370 bp)...done!
Finding genes in sequence #29 (10156 bp)...done!
Finding genes in sequence #30 (1560 bp)...done!
Finding genes in sequence #31 (42954 bp)...done!
Finding genes in sequence #32 (30422 bp)...done!
Finding genes in sequence #33 (5398 bp)...done!
Finding genes in sequence #34 (5114 bp)...done!
Finding genes in sequence #35 (2475 bp)...done!
Finding genes in sequence #36 (8192 bp)...done!
Finding genes in sequence #37 (15468 bp)...done!
Finding genes in sequence #38 (6805 bp)...done!
Finding genes in sequence #39 (23786 bp)...done!
Finding genes in sequence #40 (23956 bp)...done!
Finding genes in sequence #41 (15266 bp)...done!
Finding genes in sequence #42 (41594 bp)...done!
Finding genes in sequence #43 (10866 bp)...done!
Finding genes in sequence #44 (15268 bp)...done!
Finding genes in sequence #45 (1618 bp)...done!
Finding genes in sequence #46 (3693 bp)...done!
Finding genes in sequence #47 (13549 bp)...done!
Finding genes in sequence #48 (67923 bp)...done!
Finding genes in sequence #49 (14678 bp)...done!
Finding genes in sequence #50 (4745 bp)...done!
Finding genes in sequence #51 (1854 bp)...done!
Finding genes in sequence #52 (2996 bp)...done!
Finding genes in sequence #53 (2505 bp)...done!
Finding genes in sequence #54 (17375 bp)...done!
Finding genes in sequence #55 (67578 bp)...done!
Finding genes in sequence #56 (5414 bp)...done!
Finding genes in sequence #57 (29954 bp)...done!
Finding genes in sequence #58 (4355 bp)...done!
Finding genes in sequence #59 (3250 bp)...done!
Finding genes in sequence #60 (58955 bp)...done!
Finding genes in sequence #61 (89786 bp)...done!
Finding genes in sequence #62 (19034 bp)...done!
Finding genes in sequence #63 (192840 bp)...done!
Finding genes in sequence #64 (34565 bp)...done!
Finding genes in sequence #65 (11998 bp)...done!
Finding genes in sequence #66 (99981 bp)...done!
Finding genes in sequence #67 (18561 bp)...done!
Finding genes in sequence #68 (3841 bp)...done!
Finding genes in sequence #69 (8559 bp)...done!
Finding genes in sequence #70 (27666 bp)...done!
Finding genes in sequence #71 (11989 bp)...done!
Finding genes in sequence #72 (79564 bp)...done!
Finding genes in sequence #73 (28648 bp)...done!
Finding genes in sequence #74 (3092 bp)...done!
Finding genes in sequence #75 (21125 bp)...done!
Finding genes in sequence #76 (14052 bp)...done!
Finding genes in sequence #77 (20430 bp)...done!
Finding genes in sequence #78 (10420 bp)...done!
Finding genes in sequence #79 (13774 bp)...done!
Finding genes in sequence #80 (13756 bp)...done!
Finding genes in sequence #81 (54280 bp)...done!
Finding genes in sequence #82 (48288 bp)...done!
Finding genes in sequence #83 (4752 bp)...done!
Finding genes in sequence #84 (20793 bp)...done!
Finding genes in sequence #85 (21358 bp)...done!
Finding genes in sequence #86 (58864 bp)...done!
Finding genes in sequence #87 (5116 bp)...done!
Finding genes in sequence #88 (24176 bp)...done!
Finding genes in sequence #89 (8736 bp)...done!
Finding genes in sequence #90 (79483 bp)...done!
Finding genes in sequence #91 (26485 bp)...done!
Finding genes in sequence #92 (20733 bp)...done!
Finding genes in sequence #93 (15258 bp)...done!
Finding genes in sequence #94 (3252 bp)...done!
