-------------------------------------
PRODIGAL v2.6.3 [February, 2016]         
Univ of Tenn / Oak Ridge National Lab
Doug Hyatt, Loren Hauser, et al.     
-------------------------------------
Request:  Metagenomic, Phase:  Training
Initializing training files...done!
-------------------------------------
Request:  Metagenomic, Phase:  Gene Finding
Finding genes in sequence #1 (2804 bp)...done!
Finding genes in sequence #2 (1669 bp)...done!
Finding genes in sequence #3 (6730 bp)...done!
Finding genes in sequence #4 (4753 bp)...done!
Finding genes in sequence #5 (5684 bp)...done!
Finding genes in sequence #6 (6726 bp)...done!
Finding genes in sequence #7 (2636 bp)...done!
Finding genes in sequence #8 (5482 bp)...done!
Finding genes in sequence #9 (1988 bp)...done!
Finding genes in sequence #10 (2039 bp)...done!
Finding genes in sequence #11 (2745 bp)...done!
Finding genes in sequence #12 (1854 bp)...done!
Finding genes in sequence #13 (1603 bp)...done!
Finding genes in sequence #14 (4857 bp)...done!
Finding genes in sequence #15 (1596 bp)...done!
Finding genes in sequence #16 (2109 bp)...done!
Finding genes in sequence #17 (1655 bp)...done!
Finding genes in sequence #18 (2109 bp)...done!
Finding genes in sequence #19 (3500 bp)...done!
Finding genes in sequence #20 (2122 bp)...done!
Finding genes in sequence #21 (6193 bp)...done!
Finding genes in sequence #22 (7611 bp)...done!
Finding genes in sequence #23 (5483 bp)...done!
Finding genes in sequence #24 (4299 bp)...done!
Finding genes in sequence #25 (1528 bp)...done!
Finding genes in sequence #26 (7538 bp)...done!
Finding genes in sequence #27 (5535 bp)...done!
Finding genes in sequence #28 (17779 bp)...done!
Finding genes in sequence #29 (3299 bp)...done!
Finding genes in sequence #30 (4800 bp)...done!
Finding genes in sequence #31 (3571 bp)...done!
Finding genes in sequence #32 (6837 bp)...done!
Finding genes in sequence #33 (2089 bp)...done!
Finding genes in sequence #34 (9855 bp)...done!
Finding genes in sequence #35 (18098 bp)...done!
Finding genes in sequence #36 (4097 bp)...done!
Finding genes in sequence #37 (6260 bp)...done!
Finding genes in sequence #38 (5018 bp)...done!
Finding genes in sequence #39 (2531 bp)...done!
Finding genes in sequence #40 (2121 bp)...done!
Finding genes in sequence #41 (2921 bp)...done!
Finding genes in sequence #42 (4938 bp)...done!
Finding genes in sequence #43 (8052 bp)...done!
Finding genes in sequence #44 (11734 bp)...done!
Finding genes in sequence #45 (11474 bp)...done!
Finding genes in sequence #46 (8286 bp)...done!
Finding genes in sequence #47 (1834 bp)...done!
Finding genes in sequence #48 (7111 bp)...done!
Finding genes in sequence #49 (11120 bp)...done!
Finding genes in sequence #50 (2083 bp)...done!
Finding genes in sequence #51 (7815 bp)...done!
Finding genes in sequence #52 (17129 bp)...done!
Finding genes in sequence #53 (1987 bp)...done!
Finding genes in sequence #54 (4547 bp)...done!
Finding genes in sequence #55 (1673 bp)...done!
Finding genes in sequence #56 (5274 bp)...done!
Finding genes in sequence #57 (1961 bp)...done!
Finding genes in sequence #58 (2032 bp)...done!
Finding genes in sequence #59 (7866 bp)...done!
Finding genes in sequence #60 (13966 bp)...done!
Finding genes in sequence #61 (3550 bp)...done!
Finding genes in sequence #62 (8664 bp)...done!
Finding genes in sequence #63 (2551 bp)...done!
Finding genes in sequence #64 (6230 bp)...done!
Finding genes in sequence #65 (2101 bp)...done!
Finding genes in sequence #66 (4289 bp)...done!
Finding genes in sequence #67 (6885 bp)...done!
Finding genes in sequence #68 (3496 bp)...done!
Finding genes in sequence #69 (2161 bp)...done!
Finding genes in sequence #70 (1555 bp)...done!
Finding genes in sequence #71 (2976 bp)...done!
Finding genes in sequence #72 (1521 bp)...done!
Finding genes in sequence #73 (7459 bp)...done!
Finding genes in sequence #74 (3913 bp)...done!
Finding genes in sequence #75 (6249 bp)...done!
Finding genes in sequence #76 (6611 bp)...done!
Finding genes in sequence #77 (1509 bp)...done!
Finding genes in sequence #78 (2329 bp)...done!
Finding genes in sequence #79 (1608 bp)...done!
Finding genes in sequence #80 (3243 bp)...done!
Finding genes in sequence #81 (2859 bp)...done!
Finding genes in sequence #82 (3099 bp)...done!
Finding genes in sequence #83 (3840 bp)...done!
Finding genes in sequence #84 (4834 bp)...done!
Finding genes in sequence #85 (8980 bp)...done!
Finding genes in sequence #86 (1762 bp)...done!
Finding genes in sequence #87 (15460 bp)...done!
Finding genes in sequence #88 (7698 bp)...done!
Finding genes in sequence #89 (5649 bp)...done!
Finding genes in sequence #90 (7519 bp)...done!
Finding genes in sequence #91 (2474 bp)...done!
Finding genes in sequence #92 (6084 bp)...done!
Finding genes in sequence #93 (4163 bp)...done!
Finding genes in sequence #94 (6408 bp)...done!
Finding genes in sequence #95 (4361 bp)...done!
Finding genes in sequence #96 (5404 bp)...done!
Finding genes in sequence #97 (3579 bp)...done!
Finding genes in sequence #98 (2933 bp)...done!
Finding genes in sequence #99 (2340 bp)...done!
Finding genes in sequence #100 (3004 bp)...done!
Finding genes in sequence #101 (2058 bp)...done!
Finding genes in sequence #102 (12494 bp)...done!
Finding genes in sequence #103 (5672 bp)...done!
Finding genes in sequence #104 (1972 bp)...done!
Finding genes in sequence #105 (2518 bp)...done!
Finding genes in sequence #106 (8115 bp)...done!
Finding genes in sequence #107 (8527 bp)...done!
Finding genes in sequence #108 (1518 bp)...done!
Finding genes in sequence #109 (2803 bp)...done!
Finding genes in sequence #110 (1852 bp)...done!
Finding genes in sequence #111 (3141 bp)...done!
Finding genes in sequence #112 (4411 bp)...done!
Finding genes in sequence #113 (5914 bp)...done!
Finding genes in sequence #114 (1576 bp)...done!
Finding genes in sequence #115 (6229 bp)...done!
Finding genes in sequence #116 (3701 bp)...done!
Finding genes in sequence #117 (2569 bp)...done!
Finding genes in sequence #118 (2121 bp)...done!
Finding genes in sequence #119 (17354 bp)...done!
Finding genes in sequence #120 (12276 bp)...done!
Finding genes in sequence #121 (9251 bp)...done!
Finding genes in sequence #122 (6993 bp)...done!
Finding genes in sequence #123 (4699 bp)...done!
Finding genes in sequence #124 (1599 bp)...done!
Finding genes in sequence #125 (5606 bp)...done!
Finding genes in sequence #126 (4534 bp)...done!
Finding genes in sequence #127 (1762 bp)...done!
Finding genes in sequence #128 (4138 bp)...done!
Finding genes in sequence #129 (6096 bp)...done!
Finding genes in sequence #130 (2607 bp)...done!
Finding genes in sequence #131 (2747 bp)...done!
Finding genes in sequence #132 (2430 bp)...done!
Finding genes in sequence #133 (1932 bp)...done!
Finding genes in sequence #134 (1950 bp)...done!
Finding genes in sequence #135 (2243 bp)...done!
Finding genes in sequence #136 (6418 bp)...done!
Finding genes in sequence #137 (4144 bp)...done!
Finding genes in sequence #138 (4878 bp)...done!
Finding genes in sequence #139 (4774 bp)...done!
Finding genes in sequence #140 (2676 bp)...done!
Finding genes in sequence #141 (2453 bp)...done!
Finding genes in sequence #142 (7874 bp)...done!
Finding genes in sequence #143 (1697 bp)...done!
Finding genes in sequence #144 (6279 bp)...done!
Finding genes in sequence #145 (8035 bp)...done!
Finding genes in sequence #146 (4575 bp)...done!
Finding genes in sequence #147 (4160 bp)...done!
Finding genes in sequence #148 (7219 bp)...done!
Finding genes in sequence #149 (2799 bp)...done!
Finding genes in sequence #150 (1639 bp)...done!
Finding genes in sequence #151 (1808 bp)...done!
Finding genes in sequence #152 (11401 bp)...done!
Finding genes in sequence #153 (3526 bp)...done!
Finding genes in sequence #154 (4287 bp)...done!
Finding genes in sequence #155 (1557 bp)...done!
Finding genes in sequence #156 (7706 bp)...done!
Finding genes in sequence #157 (2063 bp)...done!
Finding genes in sequence #158 (2925 bp)...done!
Finding genes in sequence #159 (7019 bp)...done!
Finding genes in sequence #160 (3128 bp)...done!
Finding genes in sequence #161 (1873 bp)...done!
Finding genes in sequence #162 (1792 bp)...done!
Finding genes in sequence #163 (11372 bp)...done!
Finding genes in sequence #164 (2270 bp)...done!
Finding genes in sequence #165 (3538 bp)...done!
Finding genes in sequence #166 (1599 bp)...done!
Finding genes in sequence #167 (3601 bp)...done!
Finding genes in sequence #168 (1608 bp)...done!
Finding genes in sequence #169 (2041 bp)...done!
Finding genes in sequence #170 (1521 bp)...done!
Finding genes in sequence #171 (6722 bp)...done!
Finding genes in sequence #172 (3442 bp)...done!
Finding genes in sequence #173 (4382 bp)...done!
Finding genes in sequence #174 (8425 bp)...done!
Finding genes in sequence #175 (2823 bp)...done!
Finding genes in sequence #176 (3361 bp)...done!
Finding genes in sequence #177 (2596 bp)...done!
Finding genes in sequence #178 (2366 bp)...done!
Finding genes in sequence #179 (3551 bp)...done!
Finding genes in sequence #180 (2596 bp)...done!
Finding genes in sequence #181 (1574 bp)...done!
Finding genes in sequence #182 (1529 bp)...done!
Finding genes in sequence #183 (3400 bp)...done!
Finding genes in sequence #184 (3742 bp)...done!
Finding genes in sequence #185 (3423 bp)...done!
Finding genes in sequence #186 (4912 bp)...done!
Finding genes in sequence #187 (2136 bp)...done!
Finding genes in sequence #188 (2767 bp)...done!
Finding genes in sequence #189 (2203 bp)...done!
Finding genes in sequence #190 (32023 bp)...done!
Finding genes in sequence #191 (4354 bp)...done!
Finding genes in sequence #192 (11747 bp)...done!
Finding genes in sequence #193 (3353 bp)...done!
Finding genes in sequence #194 (1611 bp)...done!
Finding genes in sequence #195 (7509 bp)...done!
Finding genes in sequence #196 (4367 bp)...done!
Finding genes in sequence #197 (11891 bp)...done!
Finding genes in sequence #198 (2080 bp)...done!
Finding genes in sequence #199 (1673 bp)...done!
Finding genes in sequence #200 (3910 bp)...done!
Finding genes in sequence #201 (1603 bp)...done!
Finding genes in sequence #202 (1880 bp)...done!
Finding genes in sequence #203 (5438 bp)...done!
Finding genes in sequence #204 (2462 bp)...done!
Finding genes in sequence #205 (2912 bp)...done!
Finding genes in sequence #206 (9535 bp)...done!
Finding genes in sequence #207 (4098 bp)...done!
Finding genes in sequence #208 (2545 bp)...done!
Finding genes in sequence #209 (5807 bp)...done!
Finding genes in sequence #210 (3057 bp)...done!
Finding genes in sequence #211 (8873 bp)...done!
Finding genes in sequence #212 (2859 bp)...done!
Finding genes in sequence #213 (6804 bp)...done!
Finding genes in sequence #214 (7310 bp)...done!
Finding genes in sequence #215 (3262 bp)...done!
Finding genes in sequence #216 (1832 bp)...done!
Finding genes in sequence #217 (2469 bp)...done!
Finding genes in sequence #218 (11174 bp)...done!
Finding genes in sequence #219 (5523 bp)...done!
Finding genes in sequence #220 (3299 bp)...done!
Finding genes in sequence #221 (2320 bp)...done!
Finding genes in sequence #222 (9004 bp)...done!
Finding genes in sequence #223 (10665 bp)...done!
Finding genes in sequence #224 (13652 bp)...done!
Finding genes in sequence #225 (2888 bp)...done!
Finding genes in sequence #226 (7024 bp)...done!
Finding genes in sequence #227 (18401 bp)...done!
Finding genes in sequence #228 (15614 bp)...done!
Finding genes in sequence #229 (1830 bp)...done!
Finding genes in sequence #230 (2947 bp)...done!
Finding genes in sequence #231 (9811 bp)...done!
Finding genes in sequence #232 (8811 bp)...done!
Finding genes in sequence #233 (2892 bp)...done!
Finding genes in sequence #234 (2126 bp)...done!
Finding genes in sequence #235 (2988 bp)...done!
Finding genes in sequence #236 (2894 bp)...done!
Finding genes in sequence #237 (5103 bp)...done!
Finding genes in sequence #238 (6834 bp)...done!
Finding genes in sequence #239 (2218 bp)...done!
Finding genes in sequence #240 (6481 bp)...done!
Finding genes in sequence #241 (3309 bp)...done!
Finding genes in sequence #242 (4870 bp)...done!
Finding genes in sequence #243 (9559 bp)...done!
Finding genes in sequence #244 (3942 bp)...done!
Finding genes in sequence #245 (4432 bp)...done!
Finding genes in sequence #246 (5990 bp)...done!
Finding genes in sequence #247 (6729 bp)...done!
Finding genes in sequence #248 (5366 bp)...done!
Finding genes in sequence #249 (2916 bp)...done!
Finding genes in sequence #250 (6582 bp)...done!
Finding genes in sequence #251 (7347 bp)...done!
Finding genes in sequence #252 (2407 bp)...done!
Finding genes in sequence #253 (12274 bp)...done!
Finding genes in sequence #254 (4497 bp)...done!
Finding genes in sequence #255 (2179 bp)...done!
Finding genes in sequence #256 (29290 bp)...done!
Finding genes in sequence #257 (1998 bp)...done!
Finding genes in sequence #258 (1783 bp)...done!
Finding genes in sequence #259 (4611 bp)...done!
Finding genes in sequence #260 (1626 bp)...done!
Finding genes in sequence #261 (2337 bp)...done!
Finding genes in sequence #262 (1823 bp)...done!
Finding genes in sequence #263 (2220 bp)...done!
Finding genes in sequence #264 (7584 bp)...done!
Finding genes in sequence #265 (3462 bp)...done!
Finding genes in sequence #266 (2643 bp)...done!
Finding genes in sequence #267 (2184 bp)...done!
Finding genes in sequence #268 (5008 bp)...done!
Finding genes in sequence #269 (4877 bp)...done!
Finding genes in sequence #270 (4820 bp)...done!
Finding genes in sequence #271 (4016 bp)...done!
Finding genes in sequence #272 (5260 bp)...done!
Finding genes in sequence #273 (1572 bp)...done!
Finding genes in sequence #274 (11507 bp)...done!
Finding genes in sequence #275 (6886 bp)...done!
Finding genes in sequence #276 (2676 bp)...done!
Finding genes in sequence #277 (7095 bp)...done!
Finding genes in sequence #278 (4666 bp)...done!
Finding genes in sequence #279 (3975 bp)...done!
Finding genes in sequence #280 (15494 bp)...done!
Finding genes in sequence #281 (4429 bp)...done!
Finding genes in sequence #282 (3667 bp)...done!
Finding genes in sequence #283 (2967 bp)...done!
Finding genes in sequence #284 (4676 bp)...done!
Finding genes in sequence #285 (4781 bp)...done!
Finding genes in sequence #286 (3495 bp)...done!
Finding genes in sequence #287 (8035 bp)...done!
Finding genes in sequence #288 (5899 bp)...done!
Finding genes in sequence #289 (2295 bp)...done!
Finding genes in sequence #290 (1995 bp)...done!
Finding genes in sequence #291 (3340 bp)...done!
Finding genes in sequence #292 (2763 bp)...done!
Finding genes in sequence #293 (6455 bp)...done!
Finding genes in sequence #294 (3134 bp)...done!
Finding genes in sequence #295 (3249 bp)...done!
Finding genes in sequence #296 (4821 bp)...done!
Finding genes in sequence #297 (3595 bp)...done!
Finding genes in sequence #298 (8890 bp)...done!
Finding genes in sequence #299 (5329 bp)...done!
Finding genes in sequence #300 (2493 bp)...done!
Finding genes in sequence #301 (1956 bp)...done!
Finding genes in sequence #302 (1501 bp)...done!
Finding genes in sequence #303 (2429 bp)...done!
Finding genes in sequence #304 (4779 bp)...done!
Finding genes in sequence #305 (7374 bp)...done!
Finding genes in sequence #306 (3023 bp)...done!
Finding genes in sequence #307 (7015 bp)...done!
Finding genes in sequence #308 (6134 bp)...done!
Finding genes in sequence #309 (3386 bp)...done!
Finding genes in sequence #310 (2394 bp)...done!
Finding genes in sequence #311 (6391 bp)...done!
Finding genes in sequence #312 (7905 bp)...done!
Finding genes in sequence #313 (3528 bp)...done!
Finding genes in sequence #314 (2511 bp)...done!
Finding genes in sequence #315 (2060 bp)...done!
Finding genes in sequence #316 (1920 bp)...done!
Finding genes in sequence #317 (9782 bp)...done!
Finding genes in sequence #318 (12138 bp)...done!
Finding genes in sequence #319 (8706 bp)...done!
Finding genes in sequence #320 (3617 bp)...done!
Finding genes in sequence #321 (8933 bp)...done!
Finding genes in sequence #322 (4460 bp)...done!
Finding genes in sequence #323 (6739 bp)...done!
Finding genes in sequence #324 (11877 bp)...done!
Finding genes in sequence #325 (2843 bp)...done!
Finding genes in sequence #326 (9469 bp)...done!
Finding genes in sequence #327 (8088 bp)...done!
Finding genes in sequence #328 (4192 bp)...done!
Finding genes in sequence #329 (1809 bp)...done!
Finding genes in sequence #330 (12624 bp)...done!
Finding genes in sequence #331 (3441 bp)...done!
Finding genes in sequence #332 (1793 bp)...done!
Finding genes in sequence #333 (16359 bp)...done!
Finding genes in sequence #334 (4736 bp)...done!
Finding genes in sequence #335 (5317 bp)...done!
Finding genes in sequence #336 (3885 bp)...done!
Finding genes in sequence #337 (4015 bp)...done!
Finding genes in sequence #338 (4380 bp)...done!
Finding genes in sequence #339 (7610 bp)...done!
Finding genes in sequence #340 (6313 bp)...done!
Finding genes in sequence #341 (5601 bp)...done!
Finding genes in sequence #342 (2392 bp)...done!
Finding genes in sequence #343 (3120 bp)...done!
Finding genes in sequence #344 (9061 bp)...done!
Finding genes in sequence #345 (8055 bp)...done!
Finding genes in sequence #346 (4049 bp)...done!
Finding genes in sequence #347 (2148 bp)...done!
Finding genes in sequence #348 (1863 bp)...done!
Finding genes in sequence #349 (6075 bp)...done!
Finding genes in sequence #350 (2515 bp)...done!
Finding genes in sequence #351 (8095 bp)...done!
Finding genes in sequence #352 (6134 bp)...done!
Finding genes in sequence #353 (7264 bp)...done!
Finding genes in sequence #354 (2274 bp)...done!
Finding genes in sequence #355 (14677 bp)...done!
Finding genes in sequence #356 (3352 bp)...done!
Finding genes in sequence #357 (2909 bp)...done!
Finding genes in sequence #358 (6121 bp)...done!
Finding genes in sequence #359 (1521 bp)...done!
Finding genes in sequence #360 (3305 bp)...done!
Finding genes in sequence #361 (6232 bp)...done!
Finding genes in sequence #362 (5184 bp)...done!
Finding genes in sequence #363 (1928 bp)...done!
Finding genes in sequence #364 (5907 bp)...done!
Finding genes in sequence #365 (9318 bp)...done!
Finding genes in sequence #366 (8762 bp)...done!
Finding genes in sequence #367 (2924 bp)...done!
Finding genes in sequence #368 (9615 bp)...done!
Finding genes in sequence #369 (17619 bp)...done!
Finding genes in sequence #370 (3276 bp)...done!
Finding genes in sequence #371 (7269 bp)...done!
Finding genes in sequence #372 (16240 bp)...done!
Finding genes in sequence #373 (4703 bp)...done!
Finding genes in sequence #374 (6381 bp)...done!
Finding genes in sequence #375 (2814 bp)...done!
Finding genes in sequence #376 (1649 bp)...done!
Finding genes in sequence #377 (7797 bp)...done!
Finding genes in sequence #378 (13218 bp)...done!
Finding genes in sequence #379 (8803 bp)...done!
Finding genes in sequence #380 (4754 bp)...done!
Finding genes in sequence #381 (14092 bp)...done!
Finding genes in sequence #382 (13366 bp)...done!
Finding genes in sequence #383 (1669 bp)...done!
Finding genes in sequence #384 (3226 bp)...done!
Finding genes in sequence #385 (18623 bp)...done!
Finding genes in sequence #386 (4076 bp)...done!
Finding genes in sequence #387 (12161 bp)...done!
Finding genes in sequence #388 (13256 bp)...done!
Finding genes in sequence #389 (3234 bp)...done!
Finding genes in sequence #390 (3319 bp)...done!
Finding genes in sequence #391 (2899 bp)...done!
Finding genes in sequence #392 (4672 bp)...done!
Finding genes in sequence #393 (3846 bp)...done!
Finding genes in sequence #394 (8087 bp)...done!
Finding genes in sequence #395 (1554 bp)...done!
Finding genes in sequence #396 (3320 bp)...done!
Finding genes in sequence #397 (2551 bp)...done!
Finding genes in sequence #398 (12148 bp)...done!
Finding genes in sequence #399 (1565 bp)...done!
Finding genes in sequence #400 (6134 bp)...done!
Finding genes in sequence #401 (5194 bp)...done!
Finding genes in sequence #402 (4685 bp)...done!
Finding genes in sequence #403 (2814 bp)...done!
Finding genes in sequence #404 (4343 bp)...done!
Finding genes in sequence #405 (7983 bp)...done!
Finding genes in sequence #406 (1920 bp)...done!
Finding genes in sequence #407 (3304 bp)...done!
Finding genes in sequence #408 (2227 bp)...done!
Finding genes in sequence #409 (3927 bp)...done!
Finding genes in sequence #410 (4072 bp)...done!
Finding genes in sequence #411 (2266 bp)...done!
Finding genes in sequence #412 (1504 bp)...done!
Finding genes in sequence #413 (5377 bp)...done!
Finding genes in sequence #414 (12195 bp)...done!
Finding genes in sequence #415 (11045 bp)...done!
Finding genes in sequence #416 (5760 bp)...done!
Finding genes in sequence #417 (15846 bp)...done!
Finding genes in sequence #418 (4134 bp)...done!
Finding genes in sequence #419 (3655 bp)...done!
Finding genes in sequence #420 (4860 bp)...done!
Finding genes in sequence #421 (4220 bp)...done!
Finding genes in sequence #422 (5479 bp)...done!
Finding genes in sequence #423 (2419 bp)...done!
Finding genes in sequence #424 (10316 bp)...done!
Finding genes in sequence #425 (3857 bp)...done!
Finding genes in sequence #426 (3588 bp)...done!
Finding genes in sequence #427 (2132 bp)...done!
Finding genes in sequence #428 (6843 bp)...done!
Finding genes in sequence #429 (4817 bp)...done!
Finding genes in sequence #430 (14239 bp)...done!
Finding genes in sequence #431 (3213 bp)...done!
Finding genes in sequence #432 (17592 bp)...done!
Finding genes in sequence #433 (5307 bp)...done!
Finding genes in sequence #434 (5981 bp)...done!
Finding genes in sequence #435 (6059 bp)...done!
Finding genes in sequence #436 (3529 bp)...done!
Finding genes in sequence #437 (3039 bp)...done!
Finding genes in sequence #438 (6040 bp)...done!
Finding genes in sequence #439 (9399 bp)...done!
Finding genes in sequence #440 (7105 bp)...done!
Finding genes in sequence #441 (12237 bp)...done!
Finding genes in sequence #442 (1660 bp)...done!
Finding genes in sequence #443 (2916 bp)...done!
Finding genes in sequence #444 (5568 bp)...done!
Finding genes in sequence #445 (1594 bp)...done!
Finding genes in sequence #446 (2366 bp)...done!
Finding genes in sequence #447 (2677 bp)...done!
Finding genes in sequence #448 (6450 bp)...done!
Finding genes in sequence #449 (1933 bp)...done!
Finding genes in sequence #450 (24326 bp)...done!
Finding genes in sequence #451 (4509 bp)...done!
Finding genes in sequence #452 (2759 bp)...done!
Finding genes in sequence #453 (2859 bp)...done!
Finding genes in sequence #454 (1781 bp)...done!
Finding genes in sequence #455 (2119 bp)...done!
Finding genes in sequence #456 (1524 bp)...done!
Finding genes in sequence #457 (3801 bp)...done!
Finding genes in sequence #458 (2961 bp)...done!
Finding genes in sequence #459 (3291 bp)...done!
Finding genes in sequence #460 (10955 bp)...done!
Finding genes in sequence #461 (4321 bp)...done!
Finding genes in sequence #462 (3535 bp)...done!
Finding genes in sequence #463 (1681 bp)...done!
Finding genes in sequence #464 (1733 bp)...done!
Finding genes in sequence #465 (4307 bp)...done!
Finding genes in sequence #466 (8750 bp)...done!
Finding genes in sequence #467 (3737 bp)...done!
Finding genes in sequence #468 (8631 bp)...done!
Finding genes in sequence #469 (6189 bp)...done!
Finding genes in sequence #470 (4908 bp)...done!
Finding genes in sequence #471 (1713 bp)...done!
Finding genes in sequence #472 (2126 bp)...done!
Finding genes in sequence #473 (4175 bp)...done!
Finding genes in sequence #474 (2375 bp)...done!
Finding genes in sequence #475 (1545 bp)...done!
Finding genes in sequence #476 (7866 bp)...done!
Finding genes in sequence #477 (8498 bp)...done!
Finding genes in sequence #478 (1573 bp)...done!
Finding genes in sequence #479 (2127 bp)...done!
Finding genes in sequence #480 (8647 bp)...done!
Finding genes in sequence #481 (2642 bp)...done!
Finding genes in sequence #482 (9941 bp)...done!
Finding genes in sequence #483 (7351 bp)...done!
Finding genes in sequence #484 (2824 bp)...done!
Finding genes in sequence #485 (2205 bp)...done!
Finding genes in sequence #486 (2658 bp)...done!
Finding genes in sequence #487 (9507 bp)...done!
Finding genes in sequence #488 (2948 bp)...done!
Finding genes in sequence #489 (4734 bp)...done!
Finding genes in sequence #490 (10968 bp)...done!
Finding genes in sequence #491 (9715 bp)...done!
Finding genes in sequence #492 (7336 bp)...done!
Finding genes in sequence #493 (4490 bp)...done!
Finding genes in sequence #494 (7416 bp)...done!
Finding genes in sequence #495 (1741 bp)...done!
Finding genes in sequence #496 (20795 bp)...done!
Finding genes in sequence #497 (3695 bp)...done!
Finding genes in sequence #498 (3708 bp)...done!
Finding genes in sequence #499 (2361 bp)...done!
Finding genes in sequence #500 (11815 bp)...done!
Finding genes in sequence #501 (1879 bp)...done!
Finding genes in sequence #502 (4284 bp)...done!
Finding genes in sequence #503 (3727 bp)...done!
Finding genes in sequence #504 (3744 bp)...done!
Finding genes in sequence #505 (2079 bp)...done!
Finding genes in sequence #506 (6382 bp)...done!
Finding genes in sequence #507 (14568 bp)...done!
Finding genes in sequence #508 (4724 bp)...done!
Finding genes in sequence #509 (2782 bp)...done!
Finding genes in sequence #510 (1650 bp)...done!
Finding genes in sequence #511 (2044 bp)...done!
Finding genes in sequence #512 (15475 bp)...done!
Finding genes in sequence #513 (3554 bp)...done!
Finding genes in sequence #514 (2574 bp)...done!
Finding genes in sequence #515 (3663 bp)...done!
Finding genes in sequence #516 (2348 bp)...done!
Finding genes in sequence #517 (2822 bp)...done!
Finding genes in sequence #518 (2847 bp)...done!
Finding genes in sequence #519 (6256 bp)...done!
Finding genes in sequence #520 (12670 bp)...done!
Finding genes in sequence #521 (11853 bp)...done!
Finding genes in sequence #522 (4554 bp)...done!
Finding genes in sequence #523 (9060 bp)...done!
Finding genes in sequence #524 (1662 bp)...done!
Finding genes in sequence #525 (4685 bp)...done!
Finding genes in sequence #526 (7697 bp)...done!
Finding genes in sequence #527 (5171 bp)...done!
Finding genes in sequence #528 (2477 bp)...done!
Finding genes in sequence #529 (4598 bp)...done!
Finding genes in sequence #530 (1545 bp)...done!
Finding genes in sequence #531 (2356 bp)...done!
Finding genes in sequence #532 (8161 bp)...done!
Finding genes in sequence #533 (2612 bp)...done!
Finding genes in sequence #534 (1888 bp)...done!
Finding genes in sequence #535 (3207 bp)...done!
Finding genes in sequence #536 (2191 bp)...done!
Finding genes in sequence #537 (4611 bp)...done!
Finding genes in sequence #538 (1584 bp)...done!
Finding genes in sequence #539 (4933 bp)...done!
Finding genes in sequence #540 (3043 bp)...done!
Finding genes in sequence #541 (7396 bp)...done!
Finding genes in sequence #542 (3163 bp)...done!
Finding genes in sequence #543 (2064 bp)...done!
Finding genes in sequence #544 (4695 bp)...done!
Finding genes in sequence #545 (2885 bp)...done!
Finding genes in sequence #546 (3930 bp)...done!
Finding genes in sequence #547 (23251 bp)...done!
Finding genes in sequence #548 (4759 bp)...done!
Finding genes in sequence #549 (6991 bp)...done!
Finding genes in sequence #550 (8935 bp)...done!
Finding genes in sequence #551 (2517 bp)...done!
Finding genes in sequence #552 (3556 bp)...done!
Finding genes in sequence #553 (2433 bp)...done!
Finding genes in sequence #554 (3022 bp)...done!
Finding genes in sequence #555 (5302 bp)...done!
Finding genes in sequence #556 (1629 bp)...done!
Finding genes in sequence #557 (1639 bp)...done!
Finding genes in sequence #558 (2352 bp)...done!
Finding genes in sequence #559 (10453 bp)...done!
Finding genes in sequence #560 (1505 bp)...done!
Finding genes in sequence #561 (1659 bp)...done!
Finding genes in sequence #562 (14962 bp)...done!
Finding genes in sequence #563 (3314 bp)...done!
Finding genes in sequence #564 (8272 bp)...done!
Finding genes in sequence #565 (3114 bp)...done!
Finding genes in sequence #566 (2811 bp)...done!
Finding genes in sequence #567 (6865 bp)...done!
Finding genes in sequence #568 (12365 bp)...done!
Finding genes in sequence #569 (2484 bp)...done!
Finding genes in sequence #570 (7111 bp)...done!
Finding genes in sequence #571 (2841 bp)...done!
Finding genes in sequence #572 (5597 bp)...done!
Finding genes in sequence #573 (2879 bp)...done!
Finding genes in sequence #574 (2340 bp)...done!
Finding genes in sequence #575 (4771 bp)...done!
Finding genes in sequence #576 (7787 bp)...done!
Finding genes in sequence #577 (5048 bp)...done!
Finding genes in sequence #578 (1540 bp)...done!
Finding genes in sequence #579 (4723 bp)...done!
Finding genes in sequence #580 (2247 bp)...done!
Finding genes in sequence #581 (2616 bp)...done!
Finding genes in sequence #582 (4078 bp)...done!
Finding genes in sequence #583 (3468 bp)...done!
Finding genes in sequence #584 (4488 bp)...done!
Finding genes in sequence #585 (5763 bp)...done!
Finding genes in sequence #586 (3171 bp)...done!
Finding genes in sequence #587 (2159 bp)...done!
Finding genes in sequence #588 (4630 bp)...done!
Finding genes in sequence #589 (2136 bp)...done!
Finding genes in sequence #590 (7576 bp)...done!
Finding genes in sequence #591 (5805 bp)...done!
Finding genes in sequence #592 (5974 bp)...done!
Finding genes in sequence #593 (1799 bp)...done!
Finding genes in sequence #594 (8617 bp)...done!
Finding genes in sequence #595 (4068 bp)...done!
Finding genes in sequence #596 (2009 bp)...done!
Finding genes in sequence #597 (1661 bp)...done!
Finding genes in sequence #598 (3574 bp)...done!
Finding genes in sequence #599 (4024 bp)...done!
Finding genes in sequence #600 (17533 bp)...done!
Finding genes in sequence #601 (4292 bp)...done!
Finding genes in sequence #602 (1523 bp)...done!
Finding genes in sequence #603 (16436 bp)...done!
Finding genes in sequence #604 (8177 bp)...done!
Finding genes in sequence #605 (10931 bp)...done!
Finding genes in sequence #606 (3987 bp)...done!
Finding genes in sequence #607 (7524 bp)...done!
Finding genes in sequence #608 (1976 bp)...done!
Finding genes in sequence #609 (12424 bp)...done!
Finding genes in sequence #610 (1786 bp)...done!
Finding genes in sequence #611 (9699 bp)...done!
Finding genes in sequence #612 (2251 bp)...done!
Finding genes in sequence #613 (9752 bp)...done!
Finding genes in sequence #614 (4109 bp)...done!
Finding genes in sequence #615 (5604 bp)...done!
Finding genes in sequence #616 (6205 bp)...done!
Finding genes in sequence #617 (3170 bp)...done!
Finding genes in sequence #618 (6789 bp)...done!
Finding genes in sequence #619 (12547 bp)...done!
Finding genes in sequence #620 (1952 bp)...done!
Finding genes in sequence #621 (1970 bp)...done!
Finding genes in sequence #622 (2983 bp)...done!
Finding genes in sequence #623 (2386 bp)...done!
Finding genes in sequence #624 (1894 bp)...done!
Finding genes in sequence #625 (4061 bp)...done!
Finding genes in sequence #626 (2833 bp)...done!
Finding genes in sequence #627 (6963 bp)...done!
Finding genes in sequence #628 (6172 bp)...done!
Finding genes in sequence #629 (2458 bp)...done!
Finding genes in sequence #630 (5813 bp)...done!
Finding genes in sequence #631 (2266 bp)...done!
Finding genes in sequence #632 (4324 bp)...done!
Finding genes in sequence #633 (2299 bp)...done!
Finding genes in sequence #634 (5026 bp)...done!
Finding genes in sequence #635 (3200 bp)...done!
Finding genes in sequence #636 (8137 bp)...done!
Finding genes in sequence #637 (9550 bp)...done!
Finding genes in sequence #638 (2888 bp)...done!
Finding genes in sequence #639 (1556 bp)...done!
Finding genes in sequence #640 (3832 bp)...done!
Finding genes in sequence #641 (1714 bp)...done!
Finding genes in sequence #642 (2804 bp)...done!
Finding genes in sequence #643 (4913 bp)...done!
Finding genes in sequence #644 (1778 bp)...done!
Finding genes in sequence #645 (16165 bp)...done!
Finding genes in sequence #646 (4637 bp)...done!
Finding genes in sequence #647 (5738 bp)...done!
Finding genes in sequence #648 (6537 bp)...done!
Finding genes in sequence #649 (3982 bp)...done!
Finding genes in sequence #650 (3572 bp)...done!
Finding genes in sequence #651 (4605 bp)...done!
Finding genes in sequence #652 (4425 bp)...done!
Finding genes in sequence #653 (2420 bp)...done!
Finding genes in sequence #654 (6766 bp)...done!
Finding genes in sequence #655 (5747 bp)...done!
Finding genes in sequence #656 (3359 bp)...done!
Finding genes in sequence #657 (1601 bp)...done!
Finding genes in sequence #658 (2381 bp)...done!
Finding genes in sequence #659 (5306 bp)...done!
Finding genes in sequence #660 (2323 bp)...done!
Finding genes in sequence #661 (1832 bp)...done!
Finding genes in sequence #662 (5208 bp)...done!
Finding genes in sequence #663 (5943 bp)...done!
Finding genes in sequence #664 (15562 bp)...done!
Finding genes in sequence #665 (7701 bp)...done!
Finding genes in sequence #666 (6085 bp)...done!
Finding genes in sequence #667 (17623 bp)...done!
Finding genes in sequence #668 (1649 bp)...done!
Finding genes in sequence #669 (6097 bp)...done!
Finding genes in sequence #670 (14461 bp)...done!
Finding genes in sequence #671 (9904 bp)...done!
Finding genes in sequence #672 (5194 bp)...done!
Finding genes in sequence #673 (2874 bp)...done!
Finding genes in sequence #674 (6338 bp)...done!
Finding genes in sequence #675 (2955 bp)...done!
Finding genes in sequence #676 (2982 bp)...done!
Finding genes in sequence #677 (16815 bp)...done!
Finding genes in sequence #678 (18491 bp)...done!
Finding genes in sequence #679 (1982 bp)...done!
Finding genes in sequence #680 (4056 bp)...done!
Finding genes in sequence #681 (5776 bp)...done!
Finding genes in sequence #682 (2602 bp)...done!
Finding genes in sequence #683 (3141 bp)...done!
Finding genes in sequence #684 (3595 bp)...done!
Finding genes in sequence #685 (3169 bp)...done!
Finding genes in sequence #686 (1606 bp)...done!
Finding genes in sequence #687 (9480 bp)...done!
Finding genes in sequence #688 (10574 bp)...done!
Finding genes in sequence #689 (7491 bp)...done!
Finding genes in sequence #690 (1622 bp)...done!
Finding genes in sequence #691 (4841 bp)...done!
Finding genes in sequence #692 (3064 bp)...done!
Finding genes in sequence #693 (7970 bp)...done!
Finding genes in sequence #694 (1689 bp)...done!
Finding genes in sequence #695 (2080 bp)...done!
Finding genes in sequence #696 (1603 bp)...done!
Finding genes in sequence #697 (2938 bp)...done!
Finding genes in sequence #698 (2033 bp)...done!
Finding genes in sequence #699 (3337 bp)...done!
Finding genes in sequence #700 (2992 bp)...done!
Finding genes in sequence #701 (4166 bp)...done!
Finding genes in sequence #702 (4162 bp)...done!
Finding genes in sequence #703 (2326 bp)...done!
Finding genes in sequence #704 (2487 bp)...done!
Finding genes in sequence #705 (8438 bp)...done!
Finding genes in sequence #706 (9540 bp)...done!
Finding genes in sequence #707 (1745 bp)...done!
Finding genes in sequence #708 (10863 bp)...done!
Finding genes in sequence #709 (2325 bp)...done!
Finding genes in sequence #710 (2905 bp)...done!
Finding genes in sequence #711 (1727 bp)...done!
Finding genes in sequence #712 (3645 bp)...done!
Finding genes in sequence #713 (7635 bp)...done!
Finding genes in sequence #714 (2741 bp)...done!
Finding genes in sequence #715 (4480 bp)...done!
Finding genes in sequence #716 (6096 bp)...done!
Finding genes in sequence #717 (4205 bp)...done!
Finding genes in sequence #718 (2423 bp)...done!
Finding genes in sequence #719 (4348 bp)...done!
Finding genes in sequence #720 (2102 bp)...done!
Finding genes in sequence #721 (4660 bp)...done!
Finding genes in sequence #722 (9347 bp)...done!
Finding genes in sequence #723 (13457 bp)...done!
Finding genes in sequence #724 (2249 bp)...done!
Finding genes in sequence #725 (3584 bp)...done!
Finding genes in sequence #726 (2161 bp)...done!
Finding genes in sequence #727 (6745 bp)...done!
Finding genes in sequence #728 (3171 bp)...done!
Finding genes in sequence #729 (4240 bp)...done!
Finding genes in sequence #730 (4041 bp)...done!
Finding genes in sequence #731 (2411 bp)...done!
Finding genes in sequence #732 (6076 bp)...done!
Finding genes in sequence #733 (10444 bp)...done!
Finding genes in sequence #734 (2561 bp)...done!
Finding genes in sequence #735 (2776 bp)...done!
Finding genes in sequence #736 (5834 bp)...done!
Finding genes in sequence #737 (2040 bp)...done!
Finding genes in sequence #738 (3000 bp)...done!
Finding genes in sequence #739 (3830 bp)...done!
Finding genes in sequence #740 (4908 bp)...done!
Finding genes in sequence #741 (5719 bp)...done!
Finding genes in sequence #742 (1555 bp)...done!
Finding genes in sequence #743 (5686 bp)...done!
Finding genes in sequence #744 (3199 bp)...done!
Finding genes in sequence #745 (4194 bp)...done!
Finding genes in sequence #746 (4136 bp)...done!
Finding genes in sequence #747 (6418 bp)...done!
Finding genes in sequence #748 (1855 bp)...done!
Finding genes in sequence #749 (2112 bp)...done!
Finding genes in sequence #750 (3386 bp)...done!
Finding genes in sequence #751 (1807 bp)...done!
Finding genes in sequence #752 (2050 bp)...done!
Finding genes in sequence #753 (2269 bp)...done!
Finding genes in sequence #754 (2915 bp)...done!
Finding genes in sequence #755 (5883 bp)...done!
Finding genes in sequence #756 (2279 bp)...done!
Finding genes in sequence #757 (2501 bp)...done!
Finding genes in sequence #758 (8638 bp)...done!
Finding genes in sequence #759 (1516 bp)...done!
Finding genes in sequence #760 (2140 bp)...done!
Finding genes in sequence #761 (3353 bp)...done!
Finding genes in sequence #762 (12853 bp)...done!
Finding genes in sequence #763 (4823 bp)...done!
Finding genes in sequence #764 (2405 bp)...done!
Finding genes in sequence #765 (8409 bp)...done!
Finding genes in sequence #766 (3633 bp)...done!
Finding genes in sequence #767 (4170 bp)...done!
Finding genes in sequence #768 (6572 bp)...done!
Finding genes in sequence #769 (4851 bp)...done!
Finding genes in sequence #770 (1998 bp)...done!
Finding genes in sequence #771 (20437 bp)...done!
Finding genes in sequence #772 (3644 bp)...done!
Finding genes in sequence #773 (7737 bp)...done!
Finding genes in sequence #774 (2227 bp)...done!
Finding genes in sequence #775 (3093 bp)...done!
Finding genes in sequence #776 (5966 bp)...done!
Finding genes in sequence #777 (3549 bp)...done!
Finding genes in sequence #778 (3364 bp)...done!
Finding genes in sequence #779 (7878 bp)...done!
Finding genes in sequence #780 (5137 bp)...done!
Finding genes in sequence #781 (21264 bp)...done!
Finding genes in sequence #782 (1757 bp)...done!
Finding genes in sequence #783 (2251 bp)...done!
Finding genes in sequence #784 (6786 bp)...done!
Finding genes in sequence #785 (6953 bp)...done!
Finding genes in sequence #786 (4891 bp)...done!
Finding genes in sequence #787 (4042 bp)...done!
Finding genes in sequence #788 (1625 bp)...done!
Finding genes in sequence #789 (9257 bp)...done!
Finding genes in sequence #790 (2254 bp)...done!
Finding genes in sequence #791 (1751 bp)...done!
Finding genes in sequence #792 (9021 bp)...done!
Finding genes in sequence #793 (2924 bp)...done!
Finding genes in sequence #794 (1959 bp)...done!
Finding genes in sequence #795 (3060 bp)...done!
Finding genes in sequence #796 (10539 bp)...done!
Finding genes in sequence #797 (1621 bp)...done!
Finding genes in sequence #798 (2272 bp)...done!
Finding genes in sequence #799 (1602 bp)...done!
Finding genes in sequence #800 (3698 bp)...done!
Finding genes in sequence #801 (2049 bp)...done!
Finding genes in sequence #802 (6785 bp)...done!
Finding genes in sequence #803 (1787 bp)...done!
Finding genes in sequence #804 (2615 bp)...done!
Finding genes in sequence #805 (5188 bp)...done!
Finding genes in sequence #806 (1709 bp)...done!
Finding genes in sequence #807 (1558 bp)...done!
Finding genes in sequence #808 (3165 bp)...done!
Finding genes in sequence #809 (1654 bp)...done!
Finding genes in sequence #810 (3695 bp)...done!
Finding genes in sequence #811 (6601 bp)...done!
Finding genes in sequence #812 (4076 bp)...done!
Finding genes in sequence #813 (3188 bp)...done!
Finding genes in sequence #814 (9486 bp)...done!
Finding genes in sequence #815 (2540 bp)...done!
Finding genes in sequence #816 (2811 bp)...done!
Finding genes in sequence #817 (5857 bp)...done!
Finding genes in sequence #818 (4147 bp)...done!
Finding genes in sequence #819 (1734 bp)...done!
Finding genes in sequence #820 (1896 bp)...done!
Finding genes in sequence #821 (2586 bp)...done!
Finding genes in sequence #822 (7694 bp)...done!
Finding genes in sequence #823 (6633 bp)...done!
Finding genes in sequence #824 (2813 bp)...done!
Finding genes in sequence #825 (7747 bp)...done!
Finding genes in sequence #826 (7242 bp)...done!
Finding genes in sequence #827 (2670 bp)...done!
Finding genes in sequence #828 (1611 bp)...done!
Finding genes in sequence #829 (6266 bp)...done!
Finding genes in sequence #830 (1545 bp)...done!
Finding genes in sequence #831 (1697 bp)...done!
Finding genes in sequence #832 (9875 bp)...done!
Finding genes in sequence #833 (6704 bp)...done!
Finding genes in sequence #834 (8608 bp)...done!
Finding genes in sequence #835 (2201 bp)...done!
Finding genes in sequence #836 (1887 bp)...done!
Finding genes in sequence #837 (2092 bp)...done!
Finding genes in sequence #838 (8925 bp)...done!
Finding genes in sequence #839 (12459 bp)...done!
Finding genes in sequence #840 (4021 bp)...done!
Finding genes in sequence #841 (4953 bp)...done!
Finding genes in sequence #842 (2429 bp)...done!
Finding genes in sequence #843 (4879 bp)...done!
Finding genes in sequence #844 (2476 bp)...done!
Finding genes in sequence #845 (2021 bp)...done!
Finding genes in sequence #846 (3435 bp)...done!
Finding genes in sequence #847 (4237 bp)...done!
Finding genes in sequence #848 (2704 bp)...done!
Finding genes in sequence #849 (8442 bp)...done!
Finding genes in sequence #850 (4555 bp)...done!
Finding genes in sequence #851 (2301 bp)...done!
Finding genes in sequence #852 (3336 bp)...done!
Finding genes in sequence #853 (2877 bp)...done!
Finding genes in sequence #854 (2140 bp)...done!
Finding genes in sequence #855 (8216 bp)...done!
Finding genes in sequence #856 (3423 bp)...done!
Finding genes in sequence #857 (1779 bp)...done!
Finding genes in sequence #858 (1648 bp)...done!
Finding genes in sequence #859 (4106 bp)...done!
Finding genes in sequence #860 (1903 bp)...done!
Finding genes in sequence #861 (1750 bp)...done!
Finding genes in sequence #862 (4793 bp)...done!
Finding genes in sequence #863 (8008 bp)...done!
Finding genes in sequence #864 (1970 bp)...done!
Finding genes in sequence #865 (7759 bp)...done!
Finding genes in sequence #866 (10528 bp)...done!
Finding genes in sequence #867 (4089 bp)...done!
Finding genes in sequence #868 (4805 bp)...done!
Finding genes in sequence #869 (5239 bp)...done!
Finding genes in sequence #870 (4399 bp)...done!
Finding genes in sequence #871 (2205 bp)...done!
Finding genes in sequence #872 (3607 bp)...done!
Finding genes in sequence #873 (3007 bp)...done!
Finding genes in sequence #874 (5100 bp)...done!
Finding genes in sequence #875 (4456 bp)...done!
Finding genes in sequence #876 (5302 bp)...done!
Finding genes in sequence #877 (1519 bp)...done!
Finding genes in sequence #878 (8301 bp)...done!
Finding genes in sequence #879 (1593 bp)...done!
Finding genes in sequence #880 (4124 bp)...done!
Finding genes in sequence #881 (3761 bp)...done!
Finding genes in sequence #882 (2596 bp)...done!
Finding genes in sequence #883 (1755 bp)...done!
Finding genes in sequence #884 (2246 bp)...done!
Finding genes in sequence #885 (3320 bp)...done!
Finding genes in sequence #886 (6841 bp)...done!
Finding genes in sequence #887 (1878 bp)...done!
Finding genes in sequence #888 (4497 bp)...done!
Finding genes in sequence #889 (2521 bp)...done!
Finding genes in sequence #890 (11928 bp)...done!
Finding genes in sequence #891 (7070 bp)...done!
Finding genes in sequence #892 (4366 bp)...done!
Finding genes in sequence #893 (5619 bp)...done!
Finding genes in sequence #894 (2854 bp)...done!
Finding genes in sequence #895 (2247 bp)...done!
Finding genes in sequence #896 (4645 bp)...done!
Finding genes in sequence #897 (3346 bp)...done!
Finding genes in sequence #898 (2305 bp)...done!
Finding genes in sequence #899 (2381 bp)...done!
Finding genes in sequence #900 (4642 bp)...done!
Finding genes in sequence #901 (6444 bp)...done!
Finding genes in sequence #902 (2243 bp)...done!
Finding genes in sequence #903 (12399 bp)...done!
Finding genes in sequence #904 (4278 bp)...done!
Finding genes in sequence #905 (4654 bp)...done!
Finding genes in sequence #906 (3076 bp)...done!
Finding genes in sequence #907 (2617 bp)...done!
Finding genes in sequence #908 (2068 bp)...done!
Finding genes in sequence #909 (2180 bp)...done!
Finding genes in sequence #910 (5072 bp)...done!
Finding genes in sequence #911 (1827 bp)...done!
Finding genes in sequence #912 (2902 bp)...done!
Finding genes in sequence #913 (1607 bp)...done!
Finding genes in sequence #914 (3163 bp)...done!
Finding genes in sequence #915 (1822 bp)...done!
Finding genes in sequence #916 (1584 bp)...done!
Finding genes in sequence #917 (4848 bp)...done!
Finding genes in sequence #918 (2231 bp)...done!
Finding genes in sequence #919 (2257 bp)...done!
Finding genes in sequence #920 (12446 bp)...done!
Finding genes in sequence #921 (2821 bp)...done!
Finding genes in sequence #922 (2510 bp)...done!
Finding genes in sequence #923 (2236 bp)...done!
Finding genes in sequence #924 (2554 bp)...done!
Finding genes in sequence #925 (4231 bp)...done!
Finding genes in sequence #926 (1911 bp)...done!
Finding genes in sequence #927 (6195 bp)...done!
Finding genes in sequence #928 (2463 bp)...done!
Finding genes in sequence #929 (9049 bp)...done!
Finding genes in sequence #930 (8798 bp)...done!
Finding genes in sequence #931 (1562 bp)...done!
Finding genes in sequence #932 (3221 bp)...done!
Finding genes in sequence #933 (2102 bp)...done!
Finding genes in sequence #934 (3282 bp)...done!
Finding genes in sequence #935 (10966 bp)...done!
Finding genes in sequence #936 (3343 bp)...done!
Finding genes in sequence #937 (1798 bp)...done!
Finding genes in sequence #938 (2693 bp)...done!
Finding genes in sequence #939 (3506 bp)...done!
Finding genes in sequence #940 (12973 bp)...done!
Finding genes in sequence #941 (7360 bp)...done!
Finding genes in sequence #942 (5419 bp)...done!
Finding genes in sequence #943 (3688 bp)...done!
Finding genes in sequence #944 (2417 bp)...done!
Finding genes in sequence #945 (2290 bp)...done!
Finding genes in sequence #946 (9573 bp)...done!
Finding genes in sequence #947 (2183 bp)...done!
Finding genes in sequence #948 (4764 bp)...done!
Finding genes in sequence #949 (3878 bp)...done!
Finding genes in sequence #950 (2284 bp)...done!
Finding genes in sequence #951 (2282 bp)...done!
Finding genes in sequence #952 (5631 bp)...done!
Finding genes in sequence #953 (1565 bp)...done!
Finding genes in sequence #954 (4972 bp)...done!
Finding genes in sequence #955 (2958 bp)...done!
Finding genes in sequence #956 (12007 bp)...done!
Finding genes in sequence #957 (5512 bp)...done!
Finding genes in sequence #958 (5063 bp)...done!
Finding genes in sequence #959 (3878 bp)...done!
Finding genes in sequence #960 (5170 bp)...done!
Finding genes in sequence #961 (4076 bp)...done!
Finding genes in sequence #962 (5706 bp)...done!
Finding genes in sequence #963 (2587 bp)...done!
Finding genes in sequence #964 (8294 bp)...done!
Finding genes in sequence #965 (10121 bp)...done!
Finding genes in sequence #966 (2222 bp)...done!
Finding genes in sequence #967 (4771 bp)...done!
Finding genes in sequence #968 (7365 bp)...done!
Finding genes in sequence #969 (1825 bp)...done!
Finding genes in sequence #970 (16526 bp)...done!
Finding genes in sequence #971 (4621 bp)...done!
Finding genes in sequence #972 (10717 bp)...done!
Finding genes in sequence #973 (7451 bp)...done!
Finding genes in sequence #974 (2027 bp)...done!
Finding genes in sequence #975 (4674 bp)...done!
Finding genes in sequence #976 (1990 bp)...done!
Finding genes in sequence #977 (3825 bp)...done!
Finding genes in sequence #978 (16678 bp)...done!
Finding genes in sequence #979 (3146 bp)...done!
Finding genes in sequence #980 (6130 bp)...done!
Finding genes in sequence #981 (10732 bp)...done!
Finding genes in sequence #982 (6861 bp)...done!
Finding genes in sequence #983 (5453 bp)...done!
Finding genes in sequence #984 (22067 bp)...done!
Finding genes in sequence #985 (6952 bp)...done!
Finding genes in sequence #986 (23100 bp)...done!
Finding genes in sequence #987 (1838 bp)...done!
Finding genes in sequence #988 (3362 bp)...done!
Finding genes in sequence #989 (3547 bp)...done!
Finding genes in sequence #990 (2598 bp)...done!
Finding genes in sequence #991 (7944 bp)...done!
Finding genes in sequence #992 (2909 bp)...done!
Finding genes in sequence #993 (2740 bp)...done!
Finding genes in sequence #994 (1718 bp)...done!
Finding genes in sequence #995 (5617 bp)...done!
Finding genes in sequence #996 (3181 bp)...done!
