-------------------------------------
PRODIGAL v2.6.3 [February, 2016]         
Univ of Tenn / Oak Ridge National Lab
Doug Hyatt, Loren Hauser, et al.     
-------------------------------------
Request:  Metagenomic, Phase:  Training
Initializing training files...done!
-------------------------------------
Request:  Metagenomic, Phase:  Gene Finding
Finding genes in sequence #1 (5952 bp)...done!
Finding genes in sequence #2 (5451 bp)...done!
Finding genes in sequence #3 (2841 bp)...done!
Finding genes in sequence #4 (1744 bp)...done!
Finding genes in sequence #5 (1957 bp)...done!
Finding genes in sequence #6 (8916 bp)...done!
Finding genes in sequence #7 (2204 bp)...done!
Finding genes in sequence #8 (5372 bp)...done!
Finding genes in sequence #9 (2222 bp)...done!
Finding genes in sequence #10 (1719 bp)...done!
Finding genes in sequence #11 (1814 bp)...done!
Finding genes in sequence #12 (6566 bp)...done!
Finding genes in sequence #13 (1997 bp)...done!
Finding genes in sequence #14 (2163 bp)...done!
Finding genes in sequence #15 (3173 bp)...done!
Finding genes in sequence #16 (2046 bp)...done!
Finding genes in sequence #17 (1708 bp)...done!
Finding genes in sequence #18 (1626 bp)...done!
Finding genes in sequence #19 (7203 bp)...done!
Finding genes in sequence #20 (9398 bp)...done!
Finding genes in sequence #21 (3917 bp)...done!
Finding genes in sequence #22 (1868 bp)...done!
Finding genes in sequence #23 (5020 bp)...done!
Finding genes in sequence #24 (9201 bp)...done!
Finding genes in sequence #25 (3393 bp)...done!
Finding genes in sequence #26 (3297 bp)...done!
Finding genes in sequence #27 (9003 bp)...done!
Finding genes in sequence #28 (4563 bp)...done!
Finding genes in sequence #29 (2271 bp)...done!
Finding genes in sequence #30 (4652 bp)...done!
Finding genes in sequence #31 (3678 bp)...done!
Finding genes in sequence #32 (3803 bp)...done!
Finding genes in sequence #33 (1862 bp)...done!
Finding genes in sequence #34 (8581 bp)...done!
Finding genes in sequence #35 (3961 bp)...done!
Finding genes in sequence #36 (7739 bp)...done!
Finding genes in sequence #37 (3626 bp)...done!
Finding genes in sequence #38 (3042 bp)...done!
Finding genes in sequence #39 (3065 bp)...done!
Finding genes in sequence #40 (1842 bp)...done!
Finding genes in sequence #41 (1674 bp)...done!
Finding genes in sequence #42 (8290 bp)...done!
Finding genes in sequence #43 (3127 bp)...done!
Finding genes in sequence #44 (4609 bp)...done!
Finding genes in sequence #45 (1742 bp)...done!
Finding genes in sequence #46 (3209 bp)...done!
Finding genes in sequence #47 (3037 bp)...done!
Finding genes in sequence #48 (1551 bp)...done!
Finding genes in sequence #49 (3478 bp)...done!
Finding genes in sequence #50 (4251 bp)...done!
Finding genes in sequence #51 (1621 bp)...done!
Finding genes in sequence #52 (4476 bp)...done!
Finding genes in sequence #53 (2405 bp)...done!
Finding genes in sequence #54 (2844 bp)...done!
Finding genes in sequence #55 (7407 bp)...done!
Finding genes in sequence #56 (6570 bp)...done!
Finding genes in sequence #57 (4771 bp)...done!
Finding genes in sequence #58 (5591 bp)...done!
Finding genes in sequence #59 (2862 bp)...done!
Finding genes in sequence #60 (2775 bp)...done!
Finding genes in sequence #61 (2925 bp)...done!
Finding genes in sequence #62 (3092 bp)...done!
Finding genes in sequence #63 (7064 bp)...done!
Finding genes in sequence #64 (6551 bp)...done!
Finding genes in sequence #65 (2280 bp)...done!
Finding genes in sequence #66 (1734 bp)...done!
Finding genes in sequence #67 (2349 bp)...done!
Finding genes in sequence #68 (3329 bp)...done!
Finding genes in sequence #69 (1875 bp)...done!
Finding genes in sequence #70 (1703 bp)...done!
Finding genes in sequence #71 (14688 bp)...done!
Finding genes in sequence #72 (2695 bp)...done!
Finding genes in sequence #73 (1908 bp)...done!
Finding genes in sequence #74 (2087 bp)...done!
Finding genes in sequence #75 (1537 bp)...done!
Finding genes in sequence #76 (10345 bp)...done!
Finding genes in sequence #77 (1966 bp)...done!
Finding genes in sequence #78 (5373 bp)...done!
Finding genes in sequence #79 (2329 bp)...done!
Finding genes in sequence #80 (2890 bp)...done!
Finding genes in sequence #81 (1605 bp)...done!
Finding genes in sequence #82 (6830 bp)...done!
Finding genes in sequence #83 (3465 bp)...done!
Finding genes in sequence #84 (3368 bp)...done!
Finding genes in sequence #85 (2629 bp)...done!
Finding genes in sequence #86 (5051 bp)...done!
Finding genes in sequence #87 (5950 bp)...done!
Finding genes in sequence #88 (5018 bp)...done!
Finding genes in sequence #89 (9905 bp)...done!
Finding genes in sequence #90 (1719 bp)...done!
Finding genes in sequence #91 (3155 bp)...done!
Finding genes in sequence #92 (3325 bp)...done!
Finding genes in sequence #93 (7199 bp)...done!
Finding genes in sequence #94 (1786 bp)...done!
Finding genes in sequence #95 (2836 bp)...done!
Finding genes in sequence #96 (9430 bp)...done!
Finding genes in sequence #97 (3338 bp)...done!
Finding genes in sequence #98 (4374 bp)...done!
Finding genes in sequence #99 (3054 bp)...done!
Finding genes in sequence #100 (8306 bp)...done!
Finding genes in sequence #101 (3373 bp)...done!
Finding genes in sequence #102 (2347 bp)...done!
Finding genes in sequence #103 (2729 bp)...done!
Finding genes in sequence #104 (2032 bp)...done!
Finding genes in sequence #105 (2375 bp)...done!
Finding genes in sequence #106 (16743 bp)...done!
Finding genes in sequence #107 (3669 bp)...done!
Finding genes in sequence #108 (5464 bp)...done!
Finding genes in sequence #109 (9096 bp)...done!
Finding genes in sequence #110 (6371 bp)...done!
Finding genes in sequence #111 (2704 bp)...done!
Finding genes in sequence #112 (1591 bp)...done!
Finding genes in sequence #113 (7382 bp)...done!
Finding genes in sequence #114 (1904 bp)...done!
Finding genes in sequence #115 (1950 bp)...done!
Finding genes in sequence #116 (4377 bp)...done!
Finding genes in sequence #117 (5126 bp)...done!
Finding genes in sequence #118 (4753 bp)...done!
Finding genes in sequence #119 (2806 bp)...done!
Finding genes in sequence #120 (6497 bp)...done!
Finding genes in sequence #121 (3344 bp)...done!
Finding genes in sequence #122 (1553 bp)...done!
Finding genes in sequence #123 (4707 bp)...done!
Finding genes in sequence #124 (2114 bp)...done!
Finding genes in sequence #125 (2403 bp)...done!
Finding genes in sequence #126 (3208 bp)...done!
Finding genes in sequence #127 (2189 bp)...done!
Finding genes in sequence #128 (2490 bp)...done!
Finding genes in sequence #129 (1565 bp)...done!
Finding genes in sequence #130 (1555 bp)...done!
Finding genes in sequence #131 (8210 bp)...done!
Finding genes in sequence #132 (4699 bp)...done!
Finding genes in sequence #133 (7546 bp)...done!
Finding genes in sequence #134 (2026 bp)...done!
Finding genes in sequence #135 (2484 bp)...done!
Finding genes in sequence #136 (1976 bp)...done!
Finding genes in sequence #137 (1648 bp)...done!
Finding genes in sequence #138 (3867 bp)...done!
Finding genes in sequence #139 (3885 bp)...done!
Finding genes in sequence #140 (3319 bp)...done!
Finding genes in sequence #141 (1561 bp)...done!
Finding genes in sequence #142 (3774 bp)...done!
Finding genes in sequence #143 (3896 bp)...done!
Finding genes in sequence #144 (4952 bp)...done!
Finding genes in sequence #145 (3533 bp)...done!
Finding genes in sequence #146 (2138 bp)...done!
Finding genes in sequence #147 (8037 bp)...done!
Finding genes in sequence #148 (1900 bp)...done!
Finding genes in sequence #149 (6160 bp)...done!
Finding genes in sequence #150 (3867 bp)...done!
Finding genes in sequence #151 (6290 bp)...done!
Finding genes in sequence #152 (6209 bp)...done!
Finding genes in sequence #153 (2799 bp)...done!
Finding genes in sequence #154 (3125 bp)...done!
Finding genes in sequence #155 (3743 bp)...done!
Finding genes in sequence #156 (5756 bp)...done!
Finding genes in sequence #157 (2169 bp)...done!
Finding genes in sequence #158 (1956 bp)...done!
Finding genes in sequence #159 (6865 bp)...done!
Finding genes in sequence #160 (1796 bp)...done!
Finding genes in sequence #161 (3718 bp)...done!
Finding genes in sequence #162 (2958 bp)...done!
Finding genes in sequence #163 (6184 bp)...done!
Finding genes in sequence #164 (1670 bp)...done!
Finding genes in sequence #165 (4403 bp)...done!
Finding genes in sequence #166 (6867 bp)...done!
Finding genes in sequence #167 (1835 bp)...done!
Finding genes in sequence #168 (2101 bp)...done!
Finding genes in sequence #169 (8432 bp)...done!
Finding genes in sequence #170 (8302 bp)...done!
Finding genes in sequence #171 (2387 bp)...done!
Finding genes in sequence #172 (2400 bp)...done!
Finding genes in sequence #173 (2098 bp)...done!
Finding genes in sequence #174 (3133 bp)...done!
Finding genes in sequence #175 (3274 bp)...done!
Finding genes in sequence #176 (5511 bp)...done!
Finding genes in sequence #177 (1587 bp)...done!
Finding genes in sequence #178 (3262 bp)...done!
Finding genes in sequence #179 (1929 bp)...done!
Finding genes in sequence #180 (1791 bp)...done!
Finding genes in sequence #181 (7837 bp)...done!
Finding genes in sequence #182 (2188 bp)...done!
Finding genes in sequence #183 (13721 bp)...done!
Finding genes in sequence #184 (2367 bp)...done!
Finding genes in sequence #185 (2553 bp)...done!
Finding genes in sequence #186 (6658 bp)...done!
Finding genes in sequence #187 (4622 bp)...done!
Finding genes in sequence #188 (10637 bp)...done!
Finding genes in sequence #189 (2094 bp)...done!
Finding genes in sequence #190 (1625 bp)...done!
Finding genes in sequence #191 (9055 bp)...done!
Finding genes in sequence #192 (3870 bp)...done!
Finding genes in sequence #193 (9154 bp)...done!
Finding genes in sequence #194 (1762 bp)...done!
Finding genes in sequence #195 (1565 bp)...done!
Finding genes in sequence #196 (2231 bp)...done!
Finding genes in sequence #197 (6688 bp)...done!
Finding genes in sequence #198 (3673 bp)...done!
Finding genes in sequence #199 (3719 bp)...done!
Finding genes in sequence #200 (4757 bp)...done!
Finding genes in sequence #201 (1980 bp)...done!
Finding genes in sequence #202 (4406 bp)...done!
Finding genes in sequence #203 (2547 bp)...done!
Finding genes in sequence #204 (2610 bp)...done!
Finding genes in sequence #205 (3939 bp)...done!
Finding genes in sequence #206 (2713 bp)...done!
Finding genes in sequence #207 (1937 bp)...done!
Finding genes in sequence #208 (1761 bp)...done!
Finding genes in sequence #209 (3574 bp)...done!
Finding genes in sequence #210 (1504 bp)...done!
Finding genes in sequence #211 (3151 bp)...done!
Finding genes in sequence #212 (1534 bp)...done!
Finding genes in sequence #213 (3521 bp)...done!
Finding genes in sequence #214 (4951 bp)...done!
Finding genes in sequence #215 (2693 bp)...done!
Finding genes in sequence #216 (2113 bp)...done!
Finding genes in sequence #217 (2948 bp)...done!
Finding genes in sequence #218 (2148 bp)...done!
Finding genes in sequence #219 (2107 bp)...done!
Finding genes in sequence #220 (5520 bp)...done!
Finding genes in sequence #221 (4352 bp)...done!
Finding genes in sequence #222 (10767 bp)...done!
Finding genes in sequence #223 (3520 bp)...done!
Finding genes in sequence #224 (2176 bp)...done!
Finding genes in sequence #225 (3258 bp)...done!
Finding genes in sequence #226 (2310 bp)...done!
Finding genes in sequence #227 (7845 bp)...done!
Finding genes in sequence #228 (4345 bp)...done!
Finding genes in sequence #229 (5919 bp)...done!
Finding genes in sequence #230 (2391 bp)...done!
Finding genes in sequence #231 (8825 bp)...done!
Finding genes in sequence #232 (4359 bp)...done!
Finding genes in sequence #233 (3503 bp)...done!
Finding genes in sequence #234 (1637 bp)...done!
Finding genes in sequence #235 (1669 bp)...done!
Finding genes in sequence #236 (2559 bp)...done!
Finding genes in sequence #237 (3422 bp)...done!
Finding genes in sequence #238 (5787 bp)...done!
Finding genes in sequence #239 (4713 bp)...done!
Finding genes in sequence #240 (1626 bp)...done!
Finding genes in sequence #241 (3963 bp)...done!
Finding genes in sequence #242 (2379 bp)...done!
Finding genes in sequence #243 (5933 bp)...done!
Finding genes in sequence #244 (2352 bp)...done!
Finding genes in sequence #245 (4901 bp)...done!
Finding genes in sequence #246 (6674 bp)...done!
Finding genes in sequence #247 (2630 bp)...done!
Finding genes in sequence #248 (3788 bp)...done!
Finding genes in sequence #249 (3934 bp)...done!
Finding genes in sequence #250 (2744 bp)...done!
Finding genes in sequence #251 (3621 bp)...done!
Finding genes in sequence #252 (1957 bp)...done!
Finding genes in sequence #253 (2757 bp)...done!
Finding genes in sequence #254 (3092 bp)...done!
Finding genes in sequence #255 (5664 bp)...done!
Finding genes in sequence #256 (2866 bp)...done!
Finding genes in sequence #257 (1559 bp)...done!
Finding genes in sequence #258 (2770 bp)...done!
Finding genes in sequence #259 (1856 bp)...done!
Finding genes in sequence #260 (2208 bp)...done!
Finding genes in sequence #261 (2836 bp)...done!
Finding genes in sequence #262 (4593 bp)...done!
Finding genes in sequence #263 (2284 bp)...done!
Finding genes in sequence #264 (3441 bp)...done!
Finding genes in sequence #265 (2954 bp)...done!
Finding genes in sequence #266 (3056 bp)...done!
Finding genes in sequence #267 (2633 bp)...done!
Finding genes in sequence #268 (2987 bp)...done!
Finding genes in sequence #269 (9820 bp)...done!
Finding genes in sequence #270 (5812 bp)...done!
Finding genes in sequence #271 (2248 bp)...done!
Finding genes in sequence #272 (5650 bp)...done!
