-------------------------------------
PRODIGAL v2.6.3 [February, 2016]         
Univ of Tenn / Oak Ridge National Lab
Doug Hyatt, Loren Hauser, et al.     
-------------------------------------
Request:  Metagenomic, Phase:  Training
Initializing training files...done!
-------------------------------------
Request:  Metagenomic, Phase:  Gene Finding
Finding genes in sequence #1 (85274 bp)...done!
Finding genes in sequence #2 (32459 bp)...done!
Finding genes in sequence #3 (1792 bp)...done!
Finding genes in sequence #4 (3643 bp)...done!
Finding genes in sequence #5 (17863 bp)...done!
Finding genes in sequence #6 (45522 bp)...done!
Finding genes in sequence #7 (32560 bp)...done!
Finding genes in sequence #8 (4409 bp)...done!
Finding genes in sequence #9 (15157 bp)...done!
Finding genes in sequence #10 (45940 bp)...done!
Finding genes in sequence #11 (56551 bp)...done!
Finding genes in sequence #12 (22199 bp)...done!
Finding genes in sequence #13 (26275 bp)...done!
Finding genes in sequence #14 (10832 bp)...done!
Finding genes in sequence #15 (4811 bp)...done!
Finding genes in sequence #16 (196262 bp)...done!
Finding genes in sequence #17 (158460 bp)...done!
Finding genes in sequence #18 (22661 bp)...done!
Finding genes in sequence #19 (10059 bp)...done!
Finding genes in sequence #20 (60460 bp)...done!
Finding genes in sequence #21 (12579 bp)...done!
Finding genes in sequence #22 (72702 bp)...done!
Finding genes in sequence #23 (12981 bp)...done!
Finding genes in sequence #24 (12744 bp)...done!
Finding genes in sequence #25 (38085 bp)...done!
Finding genes in sequence #26 (61318 bp)...done!
Finding genes in sequence #27 (28597 bp)...done!
Finding genes in sequence #28 (17368 bp)...done!
Finding genes in sequence #29 (76974 bp)...done!
Finding genes in sequence #30 (46833 bp)...done!
Finding genes in sequence #31 (7974 bp)...done!
Finding genes in sequence #32 (25529 bp)...done!
Finding genes in sequence #33 (8970 bp)...done!
Finding genes in sequence #34 (70408 bp)...done!
Finding genes in sequence #35 (31896 bp)...done!
Finding genes in sequence #36 (39032 bp)...done!
Finding genes in sequence #37 (76808 bp)...done!
Finding genes in sequence #38 (6426 bp)...done!
Finding genes in sequence #39 (38845 bp)...done!
Finding genes in sequence #40 (28938 bp)...done!
Finding genes in sequence #41 (2811 bp)...done!
Finding genes in sequence #42 (1514 bp)...done!
Finding genes in sequence #43 (45817 bp)...done!
Finding genes in sequence #44 (2648 bp)...done!
Finding genes in sequence #45 (25447 bp)...done!
Finding genes in sequence #46 (26428 bp)...done!
Finding genes in sequence #47 (3875 bp)...done!
Finding genes in sequence #48 (20720 bp)...done!
Finding genes in sequence #49 (24261 bp)...done!
Finding genes in sequence #50 (46648 bp)...done!
Finding genes in sequence #51 (36169 bp)...done!
Finding genes in sequence #52 (41885 bp)...done!
Finding genes in sequence #53 (1553 bp)...done!
Finding genes in sequence #54 (46001 bp)...done!
Finding genes in sequence #55 (1544 bp)...done!
Finding genes in sequence #56 (23882 bp)...done!
Finding genes in sequence #57 (52251 bp)...done!
Finding genes in sequence #58 (8114 bp)...done!
Finding genes in sequence #59 (46534 bp)...done!
Finding genes in sequence #60 (2363 bp)...done!
Finding genes in sequence #61 (7987 bp)...done!
Finding genes in sequence #62 (15923 bp)...done!
Finding genes in sequence #63 (50296 bp)...done!
Finding genes in sequence #64 (44186 bp)...done!
Finding genes in sequence #65 (153844 bp)...done!
Finding genes in sequence #66 (55725 bp)...done!
Finding genes in sequence #67 (43434 bp)...done!
Finding genes in sequence #68 (47024 bp)...done!
Finding genes in sequence #69 (14407 bp)...done!
Finding genes in sequence #70 (6089 bp)...done!
Finding genes in sequence #71 (62886 bp)...done!
Finding genes in sequence #72 (43518 bp)...done!
Finding genes in sequence #73 (24908 bp)...done!
Finding genes in sequence #74 (15511 bp)...done!
Finding genes in sequence #75 (6461 bp)...done!
Finding genes in sequence #76 (9394 bp)...done!
Finding genes in sequence #77 (13068 bp)...done!
