-------------------------------------
PRODIGAL v2.6.3 [February, 2016]         
Univ of Tenn / Oak Ridge National Lab
Doug Hyatt, Loren Hauser, et al.     
-------------------------------------
Request:  Metagenomic, Phase:  Training
Initializing training files...done!
-------------------------------------
Request:  Metagenomic, Phase:  Gene Finding
Finding genes in sequence #1 (18616 bp)...done!
Finding genes in sequence #2 (4233 bp)...done!
Finding genes in sequence #3 (13680 bp)...done!
Finding genes in sequence #4 (7839 bp)...done!
Finding genes in sequence #5 (10146 bp)...done!
Finding genes in sequence #6 (6252 bp)...done!
Finding genes in sequence #7 (4925 bp)...done!
Finding genes in sequence #8 (24388 bp)...done!
Finding genes in sequence #9 (6639 bp)...done!
Finding genes in sequence #10 (7933 bp)...done!
Finding genes in sequence #11 (6195 bp)...done!
Finding genes in sequence #12 (2596 bp)...done!
Finding genes in sequence #13 (4288 bp)...done!
Finding genes in sequence #14 (16376 bp)...done!
Finding genes in sequence #15 (2812 bp)...done!
Finding genes in sequence #16 (3024 bp)...done!
Finding genes in sequence #17 (2567 bp)...done!
Finding genes in sequence #18 (4791 bp)...done!
Finding genes in sequence #19 (14571 bp)...done!
Finding genes in sequence #20 (1905 bp)...done!
Finding genes in sequence #21 (7640 bp)...done!
Finding genes in sequence #22 (12551 bp)...done!
Finding genes in sequence #23 (2752 bp)...done!
Finding genes in sequence #24 (14101 bp)...done!
Finding genes in sequence #25 (2085 bp)...done!
Finding genes in sequence #26 (2236 bp)...done!
Finding genes in sequence #27 (2343 bp)...done!
Finding genes in sequence #28 (5934 bp)...done!
Finding genes in sequence #29 (10979 bp)...done!
Finding genes in sequence #30 (5713 bp)...done!
Finding genes in sequence #31 (2193 bp)...done!
Finding genes in sequence #32 (2958 bp)...done!
Finding genes in sequence #33 (1965 bp)...done!
Finding genes in sequence #34 (14634 bp)...done!
Finding genes in sequence #35 (2597 bp)...done!
Finding genes in sequence #36 (11319 bp)...done!
Finding genes in sequence #37 (4996 bp)...done!
Finding genes in sequence #38 (4057 bp)...done!
Finding genes in sequence #39 (3336 bp)...done!
Finding genes in sequence #40 (12503 bp)...done!
Finding genes in sequence #41 (3590 bp)...done!
Finding genes in sequence #42 (2387 bp)...done!
Finding genes in sequence #43 (10719 bp)...done!
Finding genes in sequence #44 (10687 bp)...done!
Finding genes in sequence #45 (6005 bp)...done!
Finding genes in sequence #46 (17972 bp)...done!
Finding genes in sequence #47 (2578 bp)...done!
Finding genes in sequence #48 (8815 bp)...done!
Finding genes in sequence #49 (13059 bp)...done!
Finding genes in sequence #50 (20020 bp)...done!
Finding genes in sequence #51 (1510 bp)...done!
Finding genes in sequence #52 (8235 bp)...done!
Finding genes in sequence #53 (12924 bp)...done!
Finding genes in sequence #54 (3266 bp)...done!
Finding genes in sequence #55 (5600 bp)...done!
Finding genes in sequence #56 (10024 bp)...done!
Finding genes in sequence #57 (2218 bp)...done!
Finding genes in sequence #58 (5413 bp)...done!
Finding genes in sequence #59 (1967 bp)...done!
Finding genes in sequence #60 (10183 bp)...done!
Finding genes in sequence #61 (1569 bp)...done!
Finding genes in sequence #62 (4079 bp)...done!
Finding genes in sequence #63 (14531 bp)...done!
Finding genes in sequence #64 (3587 bp)...done!
Finding genes in sequence #65 (4930 bp)...done!
Finding genes in sequence #66 (1998 bp)...done!
Finding genes in sequence #67 (6719 bp)...done!
Finding genes in sequence #68 (3701 bp)...done!
Finding genes in sequence #69 (5069 bp)...done!
Finding genes in sequence #70 (4719 bp)...done!
Finding genes in sequence #71 (1566 bp)...done!
Finding genes in sequence #72 (1955 bp)...done!
Finding genes in sequence #73 (14775 bp)...done!
Finding genes in sequence #74 (1969 bp)...done!
Finding genes in sequence #75 (7865 bp)...done!
Finding genes in sequence #76 (7946 bp)...done!
Finding genes in sequence #77 (8412 bp)...done!
Finding genes in sequence #78 (1617 bp)...done!
Finding genes in sequence #79 (7157 bp)...done!
Finding genes in sequence #80 (2882 bp)...done!
Finding genes in sequence #81 (15051 bp)...done!
Finding genes in sequence #82 (19087 bp)...done!
Finding genes in sequence #83 (26648 bp)...done!
Finding genes in sequence #84 (1504 bp)...done!
Finding genes in sequence #85 (8891 bp)...done!
Finding genes in sequence #86 (1535 bp)...done!
Finding genes in sequence #87 (11315 bp)...done!
Finding genes in sequence #88 (3927 bp)...done!
Finding genes in sequence #89 (6291 bp)...done!
Finding genes in sequence #90 (1575 bp)...done!
Finding genes in sequence #91 (4772 bp)...done!
Finding genes in sequence #92 (1890 bp)...done!
Finding genes in sequence #93 (6648 bp)...done!
Finding genes in sequence #94 (10178 bp)...done!
Finding genes in sequence #95 (10831 bp)...done!
Finding genes in sequence #96 (1797 bp)...done!
Finding genes in sequence #97 (9334 bp)...done!
Finding genes in sequence #98 (6151 bp)...done!
Finding genes in sequence #99 (1684 bp)...done!
Finding genes in sequence #100 (21906 bp)...done!
Finding genes in sequence #101 (1728 bp)...done!
Finding genes in sequence #102 (3307 bp)...done!
Finding genes in sequence #103 (2574 bp)...done!
Finding genes in sequence #104 (5057 bp)...done!
Finding genes in sequence #105 (5710 bp)...done!
Finding genes in sequence #106 (7179 bp)...done!
Finding genes in sequence #107 (3741 bp)...done!
Finding genes in sequence #108 (1809 bp)...done!
Finding genes in sequence #109 (15799 bp)...done!
Finding genes in sequence #110 (6636 bp)...done!
Finding genes in sequence #111 (2043 bp)...done!
Finding genes in sequence #112 (10623 bp)...done!
Finding genes in sequence #113 (2561 bp)...done!
Finding genes in sequence #114 (1545 bp)...done!
Finding genes in sequence #115 (2759 bp)...done!
Finding genes in sequence #116 (1671 bp)...done!
Finding genes in sequence #117 (7302 bp)...done!
Finding genes in sequence #118 (9099 bp)...done!
Finding genes in sequence #119 (8655 bp)...done!
Finding genes in sequence #120 (2313 bp)...done!
Finding genes in sequence #121 (4812 bp)...done!
Finding genes in sequence #122 (13796 bp)...done!
Finding genes in sequence #123 (2489 bp)...done!
Finding genes in sequence #124 (4565 bp)...done!
Finding genes in sequence #125 (6421 bp)...done!
Finding genes in sequence #126 (1978 bp)...done!
Finding genes in sequence #127 (15731 bp)...done!
Finding genes in sequence #128 (16445 bp)...done!
Finding genes in sequence #129 (9858 bp)...done!
Finding genes in sequence #130 (16343 bp)...done!
Finding genes in sequence #131 (3239 bp)...done!
Finding genes in sequence #132 (15101 bp)...done!
Finding genes in sequence #133 (12924 bp)...done!
Finding genes in sequence #134 (2177 bp)...done!
Finding genes in sequence #135 (2068 bp)...done!
Finding genes in sequence #136 (9128 bp)...done!
Finding genes in sequence #137 (6634 bp)...done!
Finding genes in sequence #138 (2499 bp)...done!
Finding genes in sequence #139 (1669 bp)...done!
Finding genes in sequence #140 (11514 bp)...done!
Finding genes in sequence #141 (3871 bp)...done!
Finding genes in sequence #142 (6243 bp)...done!
Finding genes in sequence #143 (2287 bp)...done!
Finding genes in sequence #144 (11648 bp)...done!
Finding genes in sequence #145 (3093 bp)...done!
Finding genes in sequence #146 (2280 bp)...done!
Finding genes in sequence #147 (2567 bp)...done!
Finding genes in sequence #148 (8479 bp)...done!
Finding genes in sequence #149 (3088 bp)...done!
Finding genes in sequence #150 (5865 bp)...done!
Finding genes in sequence #151 (7412 bp)...done!
Finding genes in sequence #152 (4809 bp)...done!
Finding genes in sequence #153 (2264 bp)...done!
Finding genes in sequence #154 (28162 bp)...done!
Finding genes in sequence #155 (35691 bp)...done!
Finding genes in sequence #156 (3763 bp)...done!
Finding genes in sequence #157 (2391 bp)...done!
Finding genes in sequence #158 (1769 bp)...done!
Finding genes in sequence #159 (3076 bp)...done!
Finding genes in sequence #160 (4237 bp)...done!
Finding genes in sequence #161 (1509 bp)...done!
Finding genes in sequence #162 (1985 bp)...done!
Finding genes in sequence #163 (2900 bp)...done!
Finding genes in sequence #164 (18277 bp)...done!
Finding genes in sequence #165 (27779 bp)...done!
Finding genes in sequence #166 (2864 bp)...done!
Finding genes in sequence #167 (2090 bp)...done!
Finding genes in sequence #168 (7464 bp)...done!
Finding genes in sequence #169 (2356 bp)...done!
Finding genes in sequence #170 (6476 bp)...done!
Finding genes in sequence #171 (2009 bp)...done!
Finding genes in sequence #172 (10285 bp)...done!
Finding genes in sequence #173 (8922 bp)...done!
Finding genes in sequence #174 (3265 bp)...done!
Finding genes in sequence #175 (6771 bp)...done!
Finding genes in sequence #176 (3628 bp)...done!
Finding genes in sequence #177 (8840 bp)...done!
Finding genes in sequence #178 (1723 bp)...done!
Finding genes in sequence #179 (4067 bp)...done!
Finding genes in sequence #180 (1951 bp)...done!
Finding genes in sequence #181 (28091 bp)...done!
Finding genes in sequence #182 (2676 bp)...done!
Finding genes in sequence #183 (16011 bp)...done!
Finding genes in sequence #184 (6057 bp)...done!
Finding genes in sequence #185 (2870 bp)...done!
Finding genes in sequence #186 (4903 bp)...done!
Finding genes in sequence #187 (5876 bp)...done!
Finding genes in sequence #188 (1614 bp)...done!
Finding genes in sequence #189 (24633 bp)...done!
Finding genes in sequence #190 (4497 bp)...done!
Finding genes in sequence #191 (38632 bp)...done!
Finding genes in sequence #192 (30931 bp)...done!
Finding genes in sequence #193 (4698 bp)...done!
Finding genes in sequence #194 (13535 bp)...done!
Finding genes in sequence #195 (1605 bp)...done!
Finding genes in sequence #196 (1532 bp)...done!
Finding genes in sequence #197 (17619 bp)...done!
Finding genes in sequence #198 (2946 bp)...done!
Finding genes in sequence #199 (5640 bp)...done!
Finding genes in sequence #200 (2511 bp)...done!
Finding genes in sequence #201 (11603 bp)...done!
Finding genes in sequence #202 (15616 bp)...done!
Finding genes in sequence #203 (2651 bp)...done!
Finding genes in sequence #204 (1920 bp)...done!
Finding genes in sequence #205 (5874 bp)...done!
Finding genes in sequence #206 (2777 bp)...done!
Finding genes in sequence #207 (18684 bp)...done!
Finding genes in sequence #208 (2300 bp)...done!
Finding genes in sequence #209 (11697 bp)...done!
Finding genes in sequence #210 (9566 bp)...done!
Finding genes in sequence #211 (5637 bp)...done!
Finding genes in sequence #212 (5243 bp)...done!
Finding genes in sequence #213 (6343 bp)...done!
Finding genes in sequence #214 (3611 bp)...done!
Finding genes in sequence #215 (1514 bp)...done!
Finding genes in sequence #216 (8444 bp)...done!
Finding genes in sequence #217 (52178 bp)...done!
Finding genes in sequence #218 (7499 bp)...done!
Finding genes in sequence #219 (2958 bp)...done!
Finding genes in sequence #220 (9750 bp)...done!
Finding genes in sequence #221 (1977 bp)...done!
Finding genes in sequence #222 (4935 bp)...done!
Finding genes in sequence #223 (7365 bp)...done!
Finding genes in sequence #224 (4482 bp)...done!
Finding genes in sequence #225 (3791 bp)...done!
Finding genes in sequence #226 (6767 bp)...done!
Finding genes in sequence #227 (4119 bp)...done!
Finding genes in sequence #228 (1508 bp)...done!
Finding genes in sequence #229 (4343 bp)...done!
Finding genes in sequence #230 (13413 bp)...done!
Finding genes in sequence #231 (2066 bp)...done!
Finding genes in sequence #232 (6028 bp)...done!
Finding genes in sequence #233 (31380 bp)...done!
Finding genes in sequence #234 (3338 bp)...done!
Finding genes in sequence #235 (6358 bp)...done!
Finding genes in sequence #236 (3680 bp)...done!
Finding genes in sequence #237 (9299 bp)...done!
Finding genes in sequence #238 (14548 bp)...done!
Finding genes in sequence #239 (6080 bp)...done!
Finding genes in sequence #240 (2232 bp)...done!
Finding genes in sequence #241 (6871 bp)...done!
Finding genes in sequence #242 (4972 bp)...done!
Finding genes in sequence #243 (4868 bp)...done!
Finding genes in sequence #244 (20594 bp)...done!
Finding genes in sequence #245 (16195 bp)...done!
Finding genes in sequence #246 (3060 bp)...done!
Finding genes in sequence #247 (17761 bp)...done!
Finding genes in sequence #248 (1714 bp)...done!
Finding genes in sequence #249 (3615 bp)...done!
Finding genes in sequence #250 (8867 bp)...done!
Finding genes in sequence #251 (9202 bp)...done!
Finding genes in sequence #252 (2886 bp)...done!
Finding genes in sequence #253 (3515 bp)...done!
Finding genes in sequence #254 (3569 bp)...done!
Finding genes in sequence #255 (20139 bp)...done!
Finding genes in sequence #256 (2354 bp)...done!
Finding genes in sequence #257 (17465 bp)...done!
Finding genes in sequence #258 (11341 bp)...done!
Finding genes in sequence #259 (14325 bp)...done!
Finding genes in sequence #260 (2774 bp)...done!
Finding genes in sequence #261 (2094 bp)...done!
Finding genes in sequence #262 (7442 bp)...done!
Finding genes in sequence #263 (14560 bp)...done!
Finding genes in sequence #264 (9492 bp)...done!
Finding genes in sequence #265 (1772 bp)...done!
Finding genes in sequence #266 (5251 bp)...done!
Finding genes in sequence #267 (8704 bp)...done!
Finding genes in sequence #268 (3402 bp)...done!
Finding genes in sequence #269 (29723 bp)...done!
Finding genes in sequence #270 (6659 bp)...done!
Finding genes in sequence #271 (7445 bp)...done!
Finding genes in sequence #272 (1535 bp)...done!
Finding genes in sequence #273 (1807 bp)...done!
Finding genes in sequence #274 (4896 bp)...done!
Finding genes in sequence #275 (13420 bp)...done!
Finding genes in sequence #276 (2453 bp)...done!
Finding genes in sequence #277 (13821 bp)...done!
Finding genes in sequence #278 (13808 bp)...done!
Finding genes in sequence #279 (6263 bp)...done!
Finding genes in sequence #280 (1597 bp)...done!
Finding genes in sequence #281 (5025 bp)...done!
Finding genes in sequence #282 (11618 bp)...done!
Finding genes in sequence #283 (2204 bp)...done!
