-------------------------------------
PRODIGAL v2.6.3 [February, 2016]         
Univ of Tenn / Oak Ridge National Lab
Doug Hyatt, Loren Hauser, et al.     
-------------------------------------
Request:  Metagenomic, Phase:  Training
Initializing training files...done!
-------------------------------------
Request:  Metagenomic, Phase:  Gene Finding
Finding genes in sequence #1 (5979 bp)...done!
Finding genes in sequence #2 (126559 bp)...done!
Finding genes in sequence #3 (49229 bp)...done!
Finding genes in sequence #4 (1601 bp)...done!
Finding genes in sequence #5 (2787 bp)...done!
Finding genes in sequence #6 (7789 bp)...done!
Finding genes in sequence #7 (133343 bp)...done!
Finding genes in sequence #8 (5595 bp)...done!
Finding genes in sequence #9 (82868 bp)...done!
Finding genes in sequence #10 (10766 bp)...done!
Finding genes in sequence #11 (41235 bp)...done!
Finding genes in sequence #12 (96880 bp)...done!
Finding genes in sequence #13 (30094 bp)...done!
Finding genes in sequence #14 (61208 bp)...done!
Finding genes in sequence #15 (69186 bp)...done!
Finding genes in sequence #16 (22072 bp)...done!
Finding genes in sequence #17 (7102 bp)...done!
Finding genes in sequence #18 (2329 bp)...done!
Finding genes in sequence #19 (25355 bp)...done!
Finding genes in sequence #20 (23734 bp)...done!
Finding genes in sequence #21 (4665 bp)...done!
Finding genes in sequence #22 (17683 bp)...done!
Finding genes in sequence #23 (110005 bp)...done!
Finding genes in sequence #24 (3261 bp)...done!
Finding genes in sequence #25 (1698 bp)...done!
Finding genes in sequence #26 (31429 bp)...done!
Finding genes in sequence #27 (2409 bp)...done!
Finding genes in sequence #28 (249950 bp)...done!
Finding genes in sequence #29 (90576 bp)...done!
Finding genes in sequence #30 (9716 bp)...done!
Finding genes in sequence #31 (4936 bp)...done!
Finding genes in sequence #32 (1976 bp)...done!
Finding genes in sequence #33 (2563 bp)...done!
Finding genes in sequence #34 (1509 bp)...done!
Finding genes in sequence #35 (11393 bp)...done!
Finding genes in sequence #36 (1809 bp)...done!
Finding genes in sequence #37 (2936 bp)...done!
Finding genes in sequence #38 (13500 bp)...done!
Finding genes in sequence #39 (57965 bp)...done!
Finding genes in sequence #40 (17798 bp)...done!
Finding genes in sequence #41 (44032 bp)...done!
Finding genes in sequence #42 (19933 bp)...done!
Finding genes in sequence #43 (6713 bp)...done!
Finding genes in sequence #44 (27817 bp)...done!
Finding genes in sequence #45 (40583 bp)...done!
Finding genes in sequence #46 (2254 bp)...done!
Finding genes in sequence #47 (53615 bp)...done!
Finding genes in sequence #48 (9460 bp)...done!
Finding genes in sequence #49 (15645 bp)...done!
Finding genes in sequence #50 (1601 bp)...done!
Finding genes in sequence #51 (12418 bp)...done!
Finding genes in sequence #52 (10663 bp)...done!
Finding genes in sequence #53 (2015 bp)...done!
Finding genes in sequence #54 (8102 bp)...done!
