-------------------------------------
PRODIGAL v2.6.3 [February, 2016]         
Univ of Tenn / Oak Ridge National Lab
Doug Hyatt, Loren Hauser, et al.     
-------------------------------------
Request:  Metagenomic, Phase:  Training
Initializing training files...done!
-------------------------------------
Request:  Metagenomic, Phase:  Gene Finding
Finding genes in sequence #1 (26698 bp)...done!
Finding genes in sequence #2 (8356 bp)...done!
Finding genes in sequence #3 (23095 bp)...done!
Finding genes in sequence #4 (29504 bp)...done!
Finding genes in sequence #5 (1727 bp)...done!
Finding genes in sequence #6 (26268 bp)...done!
Finding genes in sequence #7 (21503 bp)...done!
Finding genes in sequence #8 (17850 bp)...done!
Finding genes in sequence #9 (16423 bp)...done!
Finding genes in sequence #10 (4600 bp)...done!
Finding genes in sequence #11 (51645 bp)...done!
Finding genes in sequence #12 (40290 bp)...done!
Finding genes in sequence #13 (2089 bp)...done!
Finding genes in sequence #14 (4997 bp)...done!
Finding genes in sequence #15 (27546 bp)...done!
Finding genes in sequence #16 (161417 bp)...done!
Finding genes in sequence #17 (9510 bp)...done!
Finding genes in sequence #18 (4151 bp)...done!
Finding genes in sequence #19 (37824 bp)...done!
Finding genes in sequence #20 (20068 bp)...done!
Finding genes in sequence #21 (21374 bp)...done!
Finding genes in sequence #22 (1678 bp)...done!
Finding genes in sequence #23 (30793 bp)...done!
Finding genes in sequence #24 (25223 bp)...done!
Finding genes in sequence #25 (58018 bp)...done!
Finding genes in sequence #26 (72032 bp)...done!
Finding genes in sequence #27 (3037 bp)...done!
Finding genes in sequence #28 (24387 bp)...done!
Finding genes in sequence #29 (25797 bp)...done!
Finding genes in sequence #30 (4440 bp)...done!
Finding genes in sequence #31 (6847 bp)...done!
Finding genes in sequence #32 (85866 bp)...done!
Finding genes in sequence #33 (8230 bp)...done!
Finding genes in sequence #34 (5811 bp)...done!
Finding genes in sequence #35 (125055 bp)...done!
Finding genes in sequence #36 (6441 bp)...done!
Finding genes in sequence #37 (103425 bp)...done!
Finding genes in sequence #38 (4700 bp)...done!
Finding genes in sequence #39 (44955 bp)...done!
Finding genes in sequence #40 (96108 bp)...done!
Finding genes in sequence #41 (1839 bp)...done!
Finding genes in sequence #42 (14745 bp)...done!
Finding genes in sequence #43 (46504 bp)...done!
Finding genes in sequence #44 (154938 bp)...done!
Finding genes in sequence #45 (4696 bp)...done!
Finding genes in sequence #46 (4867 bp)...done!
Finding genes in sequence #47 (12299 bp)...done!
Finding genes in sequence #48 (69377 bp)...done!
Finding genes in sequence #49 (27843 bp)...done!
Finding genes in sequence #50 (22383 bp)...done!
Finding genes in sequence #51 (18288 bp)...done!
Finding genes in sequence #52 (2749 bp)...done!
Finding genes in sequence #53 (3342 bp)...done!
Finding genes in sequence #54 (2152 bp)...done!
Finding genes in sequence #55 (96808 bp)...done!
Finding genes in sequence #56 (21425 bp)...done!
Finding genes in sequence #57 (4733 bp)...done!
Finding genes in sequence #58 (26134 bp)...done!
Finding genes in sequence #59 (8403 bp)...done!
Finding genes in sequence #60 (55177 bp)...done!
Finding genes in sequence #61 (2746 bp)...done!
Finding genes in sequence #62 (30524 bp)...done!
Finding genes in sequence #63 (67277 bp)...done!
Finding genes in sequence #64 (22208 bp)...done!
Finding genes in sequence #65 (6820 bp)...done!
Finding genes in sequence #66 (3116 bp)...done!
Finding genes in sequence #67 (53627 bp)...done!
Finding genes in sequence #68 (36022 bp)...done!
Finding genes in sequence #69 (9095 bp)...done!
Finding genes in sequence #70 (2052 bp)...done!
Finding genes in sequence #71 (13155 bp)...done!
Finding genes in sequence #72 (74532 bp)...done!
Finding genes in sequence #73 (3164 bp)...done!
Finding genes in sequence #74 (3063 bp)...done!
Finding genes in sequence #75 (2411 bp)...done!
Finding genes in sequence #76 (7856 bp)...done!
Finding genes in sequence #77 (7658 bp)...done!
Finding genes in sequence #78 (71941 bp)...done!
Finding genes in sequence #79 (5486 bp)...done!
Finding genes in sequence #80 (103495 bp)...done!
Finding genes in sequence #81 (2830 bp)...done!
Finding genes in sequence #82 (36922 bp)...done!
Finding genes in sequence #83 (20721 bp)...done!
Finding genes in sequence #84 (1546 bp)...done!
Finding genes in sequence #85 (19691 bp)...done!
Finding genes in sequence #86 (53049 bp)...done!
Finding genes in sequence #87 (8414 bp)...done!
Finding genes in sequence #88 (21266 bp)...done!
Finding genes in sequence #89 (5185 bp)...done!
Finding genes in sequence #90 (67435 bp)...done!
Finding genes in sequence #91 (3994 bp)...done!
Finding genes in sequence #92 (114468 bp)...done!
