-------------------------------------
PRODIGAL v2.6.3 [February, 2016]         
Univ of Tenn / Oak Ridge National Lab
Doug Hyatt, Loren Hauser, et al.     
-------------------------------------
Request:  Metagenomic, Phase:  Training
Initializing training files...done!
-------------------------------------
Request:  Metagenomic, Phase:  Gene Finding
Finding genes in sequence #1 (42609 bp)...done!
Finding genes in sequence #2 (32430 bp)...done!
Finding genes in sequence #3 (5738 bp)...done!
Finding genes in sequence #4 (4307 bp)...done!
Finding genes in sequence #5 (7185 bp)...done!
Finding genes in sequence #6 (15158 bp)...done!
Finding genes in sequence #7 (21382 bp)...done!
Finding genes in sequence #8 (2071 bp)...done!
Finding genes in sequence #9 (3502 bp)...done!
Finding genes in sequence #10 (5650 bp)...done!
Finding genes in sequence #11 (71111 bp)...done!
Finding genes in sequence #12 (2522 bp)...done!
Finding genes in sequence #13 (3941 bp)...done!
Finding genes in sequence #14 (12364 bp)...done!
Finding genes in sequence #15 (2624 bp)...done!
Finding genes in sequence #16 (18396 bp)...done!
Finding genes in sequence #17 (23825 bp)...done!
Finding genes in sequence #18 (3441 bp)...done!
Finding genes in sequence #19 (3140 bp)...done!
Finding genes in sequence #20 (19110 bp)...done!
Finding genes in sequence #21 (1585 bp)...done!
Finding genes in sequence #22 (19078 bp)...done!
Finding genes in sequence #23 (1819 bp)...done!
Finding genes in sequence #24 (16098 bp)...done!
Finding genes in sequence #25 (71800 bp)...done!
Finding genes in sequence #26 (1859 bp)...done!
Finding genes in sequence #27 (93543 bp)...done!
Finding genes in sequence #28 (13861 bp)...done!
Finding genes in sequence #29 (8890 bp)...done!
Finding genes in sequence #30 (6781 bp)...done!
Finding genes in sequence #31 (22157 bp)...done!
Finding genes in sequence #32 (27689 bp)...done!
Finding genes in sequence #33 (22398 bp)...done!
Finding genes in sequence #34 (4042 bp)...done!
Finding genes in sequence #35 (9361 bp)...done!
Finding genes in sequence #36 (8961 bp)...done!
Finding genes in sequence #37 (4878 bp)...done!
Finding genes in sequence #38 (9707 bp)...done!
Finding genes in sequence #39 (7163 bp)...done!
Finding genes in sequence #40 (61912 bp)...done!
Finding genes in sequence #41 (63253 bp)...done!
Finding genes in sequence #42 (1595 bp)...done!
Finding genes in sequence #43 (7383 bp)...done!
Finding genes in sequence #44 (6655 bp)...done!
Finding genes in sequence #45 (2989 bp)...done!
Finding genes in sequence #46 (6457 bp)...done!
Finding genes in sequence #47 (23547 bp)...done!
Finding genes in sequence #48 (7036 bp)...done!
Finding genes in sequence #49 (17040 bp)...done!
Finding genes in sequence #50 (68288 bp)...done!
Finding genes in sequence #51 (13814 bp)...done!
Finding genes in sequence #52 (6454 bp)...done!
Finding genes in sequence #53 (2890 bp)...done!
Finding genes in sequence #54 (40841 bp)...done!
Finding genes in sequence #55 (25997 bp)...done!
Finding genes in sequence #56 (21068 bp)...done!
Finding genes in sequence #57 (35849 bp)...done!
Finding genes in sequence #58 (29773 bp)...done!
Finding genes in sequence #59 (38963 bp)...done!
Finding genes in sequence #60 (2004 bp)...done!
Finding genes in sequence #61 (17004 bp)...done!
Finding genes in sequence #62 (2876 bp)...done!
Finding genes in sequence #63 (1674 bp)...done!
Finding genes in sequence #64 (8166 bp)...done!
Finding genes in sequence #65 (7061 bp)...done!
Finding genes in sequence #66 (2743 bp)...done!
Finding genes in sequence #67 (62086 bp)...done!
Finding genes in sequence #68 (2259 bp)...done!
Finding genes in sequence #69 (23562 bp)...done!
Finding genes in sequence #70 (3028 bp)...done!
Finding genes in sequence #71 (23786 bp)...done!
Finding genes in sequence #72 (12993 bp)...done!
Finding genes in sequence #73 (1783 bp)...done!
Finding genes in sequence #74 (3410 bp)...done!
Finding genes in sequence #75 (23822 bp)...done!
Finding genes in sequence #76 (4472 bp)...done!
Finding genes in sequence #77 (64230 bp)...done!
Finding genes in sequence #78 (6802 bp)...done!
Finding genes in sequence #79 (4278 bp)...done!
Finding genes in sequence #80 (2494 bp)...done!
Finding genes in sequence #81 (11267 bp)...done!
Finding genes in sequence #82 (15358 bp)...done!
Finding genes in sequence #83 (5106 bp)...done!
Finding genes in sequence #84 (22972 bp)...done!
Finding genes in sequence #85 (4710 bp)...done!
Finding genes in sequence #86 (27621 bp)...done!
Finding genes in sequence #87 (50724 bp)...done!
Finding genes in sequence #88 (17583 bp)...done!
Finding genes in sequence #89 (3929 bp)...done!
Finding genes in sequence #90 (25415 bp)...done!
Finding genes in sequence #91 (11808 bp)...done!
Finding genes in sequence #92 (85448 bp)...done!
Finding genes in sequence #93 (7412 bp)...done!
Finding genes in sequence #94 (7243 bp)...done!
Finding genes in sequence #95 (28740 bp)...done!
Finding genes in sequence #96 (1772 bp)...done!
Finding genes in sequence #97 (5723 bp)...done!
Finding genes in sequence #98 (16125 bp)...done!
Finding genes in sequence #99 (44590 bp)...done!
Finding genes in sequence #100 (10874 bp)...done!
Finding genes in sequence #101 (20466 bp)...done!
Finding genes in sequence #102 (3403 bp)...done!
Finding genes in sequence #103 (7261 bp)...done!
Finding genes in sequence #104 (58690 bp)...done!
Finding genes in sequence #105 (1829 bp)...done!
Finding genes in sequence #106 (30671 bp)...done!
Finding genes in sequence #107 (11077 bp)...done!
Finding genes in sequence #108 (1960 bp)...done!
Finding genes in sequence #109 (2845 bp)...done!
Finding genes in sequence #110 (21310 bp)...done!
Finding genes in sequence #111 (92018 bp)...done!
Finding genes in sequence #112 (11743 bp)...done!
Finding genes in sequence #113 (1926 bp)...done!
Finding genes in sequence #114 (8265 bp)...done!
Finding genes in sequence #115 (26398 bp)...done!
Finding genes in sequence #116 (3663 bp)...done!
Finding genes in sequence #117 (38938 bp)...done!
Finding genes in sequence #118 (39791 bp)...done!
Finding genes in sequence #119 (6842 bp)...done!
Finding genes in sequence #120 (1686 bp)...done!
Finding genes in sequence #121 (224039 bp)...done!
Finding genes in sequence #122 (76482 bp)...done!
Finding genes in sequence #123 (6956 bp)...done!
Finding genes in sequence #124 (19250 bp)...done!
Finding genes in sequence #125 (23304 bp)...done!
Finding genes in sequence #126 (37376 bp)...done!
Finding genes in sequence #127 (29289 bp)...done!
Finding genes in sequence #128 (35627 bp)...done!
Finding genes in sequence #129 (2415 bp)...done!
Finding genes in sequence #130 (14573 bp)...done!
Finding genes in sequence #131 (98599 bp)...done!
Finding genes in sequence #132 (2292 bp)...done!
Finding genes in sequence #133 (2570 bp)...done!
Finding genes in sequence #134 (2185 bp)...done!
Finding genes in sequence #135 (16637 bp)...done!
Finding genes in sequence #136 (19406 bp)...done!
Finding genes in sequence #137 (5526 bp)...done!
Finding genes in sequence #138 (56749 bp)...done!
Finding genes in sequence #139 (17944 bp)...done!
Finding genes in sequence #140 (8605 bp)...done!
Finding genes in sequence #141 (3496 bp)...done!
Finding genes in sequence #142 (20566 bp)...done!
Finding genes in sequence #143 (4237 bp)...done!
Finding genes in sequence #144 (11932 bp)...done!
Finding genes in sequence #145 (53642 bp)...done!
Finding genes in sequence #146 (12028 bp)...done!
Finding genes in sequence #147 (4888 bp)...done!
Finding genes in sequence #148 (25060 bp)...done!
Finding genes in sequence #149 (1966 bp)...done!
Finding genes in sequence #150 (46222 bp)...done!
Finding genes in sequence #151 (46602 bp)...done!
Finding genes in sequence #152 (123045 bp)...done!
Finding genes in sequence #153 (6974 bp)...done!
Finding genes in sequence #154 (11891 bp)...done!
Finding genes in sequence #155 (49681 bp)...done!
Finding genes in sequence #156 (24752 bp)...done!
Finding genes in sequence #157 (55871 bp)...done!
Finding genes in sequence #158 (3020 bp)...done!
Finding genes in sequence #159 (21482 bp)...done!
Finding genes in sequence #160 (90778 bp)...done!
Finding genes in sequence #161 (7557 bp)...done!
Finding genes in sequence #162 (13404 bp)...done!
Finding genes in sequence #163 (16606 bp)...done!
Finding genes in sequence #164 (2855 bp)...done!
Finding genes in sequence #165 (9510 bp)...done!
Finding genes in sequence #166 (2440 bp)...done!
Finding genes in sequence #167 (3245 bp)...done!
Finding genes in sequence #168 (17113 bp)...done!
Finding genes in sequence #169 (24892 bp)...done!
Finding genes in sequence #170 (1543 bp)...done!
Finding genes in sequence #171 (2453 bp)...done!
Finding genes in sequence #172 (41887 bp)...done!
Finding genes in sequence #173 (47979 bp)...done!
Finding genes in sequence #174 (2436 bp)...done!
Finding genes in sequence #175 (9036 bp)...done!
Finding genes in sequence #176 (3894 bp)...done!
Finding genes in sequence #177 (9839 bp)...done!
Finding genes in sequence #178 (6186 bp)...done!
Finding genes in sequence #179 (11454 bp)...done!
Finding genes in sequence #180 (7967 bp)...done!
Finding genes in sequence #181 (33410 bp)...done!
Finding genes in sequence #182 (19052 bp)...done!
Finding genes in sequence #183 (63528 bp)...done!
Finding genes in sequence #184 (37803 bp)...done!
Finding genes in sequence #185 (23593 bp)...done!
Finding genes in sequence #186 (5323 bp)...done!
Finding genes in sequence #187 (3844 bp)...done!
Finding genes in sequence #188 (4980 bp)...done!
Finding genes in sequence #189 (44170 bp)...done!
Finding genes in sequence #190 (6232 bp)...done!
Finding genes in sequence #191 (52893 bp)...done!
Finding genes in sequence #192 (23038 bp)...done!
Finding genes in sequence #193 (21205 bp)...done!
Finding genes in sequence #194 (19618 bp)...done!
Finding genes in sequence #195 (8749 bp)...done!
Finding genes in sequence #196 (3016 bp)...done!
Finding genes in sequence #197 (76467 bp)...done!
Finding genes in sequence #198 (8803 bp)...done!
Finding genes in sequence #199 (3305 bp)...done!
Finding genes in sequence #200 (8158 bp)...done!
Finding genes in sequence #201 (6940 bp)...done!
Finding genes in sequence #202 (5650 bp)...done!
Finding genes in sequence #203 (4433 bp)...done!
Finding genes in sequence #204 (25840 bp)...done!
Finding genes in sequence #205 (4218 bp)...done!
Finding genes in sequence #206 (38661 bp)...done!
Finding genes in sequence #207 (8845 bp)...done!
Finding genes in sequence #208 (56968 bp)...done!
Finding genes in sequence #209 (47134 bp)...done!
Finding genes in sequence #210 (15826 bp)...done!
Finding genes in sequence #211 (97124 bp)...done!
Finding genes in sequence #212 (71499 bp)...done!
Finding genes in sequence #213 (7820 bp)...done!
Finding genes in sequence #214 (24288 bp)...done!
Finding genes in sequence #215 (9892 bp)...done!
Finding genes in sequence #216 (5831 bp)...done!
Finding genes in sequence #217 (6401 bp)...done!
Finding genes in sequence #218 (14577 bp)...done!
Finding genes in sequence #219 (4243 bp)...done!
Finding genes in sequence #220 (3262 bp)...done!
Finding genes in sequence #221 (52966 bp)...done!
Finding genes in sequence #222 (2777 bp)...done!
Finding genes in sequence #223 (8721 bp)...done!
Finding genes in sequence #224 (18500 bp)...done!
Finding genes in sequence #225 (5657 bp)...done!
Finding genes in sequence #226 (11576 bp)...done!
Finding genes in sequence #227 (1580 bp)...done!
Finding genes in sequence #228 (1530 bp)...done!
Finding genes in sequence #229 (7764 bp)...done!
Finding genes in sequence #230 (70773 bp)...done!
Finding genes in sequence #231 (22623 bp)...done!
Finding genes in sequence #232 (6750 bp)...done!
Finding genes in sequence #233 (1530 bp)...done!
Finding genes in sequence #234 (37716 bp)...done!
Finding genes in sequence #235 (2054 bp)...done!
Finding genes in sequence #236 (6952 bp)...done!
Finding genes in sequence #237 (3357 bp)...done!
Finding genes in sequence #238 (2426 bp)...done!
Finding genes in sequence #239 (12168 bp)...done!
Finding genes in sequence #240 (2331 bp)...done!
Finding genes in sequence #241 (13176 bp)...done!
Finding genes in sequence #242 (7667 bp)...done!
Finding genes in sequence #243 (9310 bp)...done!
Finding genes in sequence #244 (1922 bp)...done!
Finding genes in sequence #245 (7477 bp)...done!
Finding genes in sequence #246 (1972 bp)...done!
Finding genes in sequence #247 (4863 bp)...done!
Finding genes in sequence #248 (15087 bp)...done!
Finding genes in sequence #249 (127277 bp)...done!
Finding genes in sequence #250 (11276 bp)...done!
Finding genes in sequence #251 (11061 bp)...done!
Finding genes in sequence #252 (2160 bp)...done!
Finding genes in sequence #253 (24342 bp)...done!
Finding genes in sequence #254 (5360 bp)...done!
Finding genes in sequence #255 (47363 bp)...done!
Finding genes in sequence #256 (1668 bp)...done!
Finding genes in sequence #257 (10268 bp)...done!
Finding genes in sequence #258 (26345 bp)...done!
Finding genes in sequence #259 (10422 bp)...done!
Finding genes in sequence #260 (39897 bp)...done!
Finding genes in sequence #261 (30372 bp)...done!
Finding genes in sequence #262 (4203 bp)...done!
Finding genes in sequence #263 (28501 bp)...done!
Finding genes in sequence #264 (11749 bp)...done!
Finding genes in sequence #265 (11004 bp)...done!
Finding genes in sequence #266 (1650 bp)...done!
Finding genes in sequence #267 (52668 bp)...done!
Finding genes in sequence #268 (27518 bp)...done!
Finding genes in sequence #269 (2070 bp)...done!
Finding genes in sequence #270 (26708 bp)...done!
Finding genes in sequence #271 (5240 bp)...done!
Finding genes in sequence #272 (111616 bp)...done!
Finding genes in sequence #273 (66905 bp)...done!
Finding genes in sequence #274 (15217 bp)...done!
Finding genes in sequence #275 (58278 bp)...done!
Finding genes in sequence #276 (7465 bp)...done!
Finding genes in sequence #277 (6185 bp)...done!
Finding genes in sequence #278 (3330 bp)...done!
Finding genes in sequence #279 (61403 bp)...done!
Finding genes in sequence #280 (1518 bp)...done!
Finding genes in sequence #281 (5158 bp)...done!
Finding genes in sequence #282 (173122 bp)...done!
Finding genes in sequence #283 (9862 bp)...done!
Finding genes in sequence #284 (26329 bp)...done!
Finding genes in sequence #285 (35079 bp)...done!
Finding genes in sequence #286 (3867 bp)...done!
Finding genes in sequence #287 (1784 bp)...done!
Finding genes in sequence #288 (59521 bp)...done!
Finding genes in sequence #289 (15506 bp)...done!
Finding genes in sequence #290 (14681 bp)...done!
Finding genes in sequence #291 (13971 bp)...done!
Finding genes in sequence #292 (11834 bp)...done!
Finding genes in sequence #293 (18338 bp)...done!
Finding genes in sequence #294 (3511 bp)...done!
Finding genes in sequence #295 (20894 bp)...done!
Finding genes in sequence #296 (4434 bp)...done!
Finding genes in sequence #297 (3028 bp)...done!
Finding genes in sequence #298 (54540 bp)...done!
Finding genes in sequence #299 (1865 bp)...done!
Finding genes in sequence #300 (1733 bp)...done!
Finding genes in sequence #301 (2482 bp)...done!
Finding genes in sequence #302 (65230 bp)...done!
Finding genes in sequence #303 (1609 bp)...done!
Finding genes in sequence #304 (10002 bp)...done!
Finding genes in sequence #305 (8796 bp)...done!
Finding genes in sequence #306 (24991 bp)...done!
