-------------------------------------
PRODIGAL v2.6.3 [February, 2016]         
Univ of Tenn / Oak Ridge National Lab
Doug Hyatt, Loren Hauser, et al.     
-------------------------------------
Request:  Metagenomic, Phase:  Training
Initializing training files...done!
-------------------------------------
Request:  Metagenomic, Phase:  Gene Finding
Finding genes in sequence #1 (7357 bp)...done!
Finding genes in sequence #2 (5082 bp)...done!
Finding genes in sequence #3 (23884 bp)...done!
Finding genes in sequence #4 (24006 bp)...done!
Finding genes in sequence #5 (4975 bp)...done!
Finding genes in sequence #6 (53448 bp)...done!
Finding genes in sequence #7 (21424 bp)...done!
Finding genes in sequence #8 (44287 bp)...done!
Finding genes in sequence #9 (5289 bp)...done!
Finding genes in sequence #10 (53440 bp)...done!
Finding genes in sequence #11 (27886 bp)...done!
Finding genes in sequence #12 (1725 bp)...done!
Finding genes in sequence #13 (12651 bp)...done!
Finding genes in sequence #14 (78896 bp)...done!
Finding genes in sequence #15 (23683 bp)...done!
Finding genes in sequence #16 (102463 bp)...done!
Finding genes in sequence #17 (13648 bp)...done!
Finding genes in sequence #18 (117731 bp)...done!
Finding genes in sequence #19 (77682 bp)...done!
Finding genes in sequence #20 (54662 bp)...done!
Finding genes in sequence #21 (10282 bp)...done!
Finding genes in sequence #22 (25131 bp)...done!
Finding genes in sequence #23 (36838 bp)...done!
Finding genes in sequence #24 (11605 bp)...done!
Finding genes in sequence #25 (95010 bp)...done!
Finding genes in sequence #26 (12488 bp)...done!
Finding genes in sequence #27 (15994 bp)...done!
Finding genes in sequence #28 (6278 bp)...done!
Finding genes in sequence #29 (43783 bp)...done!
Finding genes in sequence #30 (68740 bp)...done!
Finding genes in sequence #31 (29804 bp)...done!
Finding genes in sequence #32 (2152 bp)...done!
Finding genes in sequence #33 (164705 bp)...done!
Finding genes in sequence #34 (24727 bp)...done!
Finding genes in sequence #35 (11274 bp)...done!
Finding genes in sequence #36 (38909 bp)...done!
Finding genes in sequence #37 (16557 bp)...done!
Finding genes in sequence #38 (29723 bp)...done!
Finding genes in sequence #39 (20504 bp)...done!
Finding genes in sequence #40 (9629 bp)...done!
Finding genes in sequence #41 (3648 bp)...done!
Finding genes in sequence #42 (20144 bp)...done!
Finding genes in sequence #43 (39839 bp)...done!
Finding genes in sequence #44 (48294 bp)...done!
Finding genes in sequence #45 (15436 bp)...done!
Finding genes in sequence #46 (32250 bp)...done!
Finding genes in sequence #47 (131661 bp)...done!
Finding genes in sequence #48 (5860 bp)...done!
Finding genes in sequence #49 (20895 bp)...done!
Finding genes in sequence #50 (13093 bp)...done!
Finding genes in sequence #51 (3117 bp)...done!
Finding genes in sequence #52 (4017 bp)...done!
Finding genes in sequence #53 (6466 bp)...done!
Finding genes in sequence #54 (12187 bp)...done!
Finding genes in sequence #55 (62021 bp)...done!
Finding genes in sequence #56 (177391 bp)...done!
Finding genes in sequence #57 (126361 bp)...done!
