-------------------------------------
PRODIGAL v2.6.3 [February, 2016]         
Univ of Tenn / Oak Ridge National Lab
Doug Hyatt, Loren Hauser, et al.     
-------------------------------------
Request:  Metagenomic, Phase:  Training
Initializing training files...done!
-------------------------------------
Request:  Metagenomic, Phase:  Gene Finding
Finding genes in sequence #1 (88409 bp)...done!
Finding genes in sequence #2 (41178 bp)...done!
Finding genes in sequence #3 (57844 bp)...done!
Finding genes in sequence #4 (61410 bp)...done!
Finding genes in sequence #5 (22153 bp)...done!
Finding genes in sequence #6 (29018 bp)...done!
Finding genes in sequence #7 (66793 bp)...done!
Finding genes in sequence #8 (44420 bp)...done!
Finding genes in sequence #9 (8871 bp)...done!
Finding genes in sequence #10 (3324 bp)...done!
Finding genes in sequence #11 (35314 bp)...done!
Finding genes in sequence #12 (182134 bp)...done!
Finding genes in sequence #13 (17451 bp)...done!
Finding genes in sequence #14 (13198 bp)...done!
Finding genes in sequence #15 (17143 bp)...done!
Finding genes in sequence #16 (307522 bp)...done!
Finding genes in sequence #17 (34596 bp)...done!
Finding genes in sequence #18 (145419 bp)...done!
Finding genes in sequence #19 (43961 bp)...done!
Finding genes in sequence #20 (20157 bp)...done!
Finding genes in sequence #21 (64494 bp)...done!
Finding genes in sequence #22 (42542 bp)...done!
Finding genes in sequence #23 (5588 bp)...done!
Finding genes in sequence #24 (114390 bp)...done!
Finding genes in sequence #25 (112890 bp)...done!
Finding genes in sequence #26 (10649 bp)...done!
Finding genes in sequence #27 (32383 bp)...done!
Finding genes in sequence #28 (69148 bp)...done!
Finding genes in sequence #29 (46841 bp)...done!
Finding genes in sequence #30 (25509 bp)...done!
Finding genes in sequence #31 (8094 bp)...done!
