-------------------------------------
PRODIGAL v2.6.3 [February, 2016]         
Univ of Tenn / Oak Ridge National Lab
Doug Hyatt, Loren Hauser, et al.     
-------------------------------------
Request:  Metagenomic, Phase:  Training
Initializing training files...done!
-------------------------------------
Request:  Metagenomic, Phase:  Gene Finding
Finding genes in sequence #1 (23726 bp)...done!
Finding genes in sequence #2 (12765 bp)...done!
Finding genes in sequence #3 (29150 bp)...done!
Finding genes in sequence #4 (48450 bp)...done!
Finding genes in sequence #5 (46096 bp)...done!
Finding genes in sequence #6 (8511 bp)...done!
Finding genes in sequence #7 (19544 bp)...done!
Finding genes in sequence #8 (7889 bp)...done!
Finding genes in sequence #9 (13639 bp)...done!
Finding genes in sequence #10 (18560 bp)...done!
Finding genes in sequence #11 (6857 bp)...done!
Finding genes in sequence #12 (34827 bp)...done!
Finding genes in sequence #13 (21516 bp)...done!
Finding genes in sequence #14 (13625 bp)...done!
Finding genes in sequence #15 (11229 bp)...done!
Finding genes in sequence #16 (157083 bp)...done!
Finding genes in sequence #17 (35554 bp)...done!
Finding genes in sequence #18 (19653 bp)...done!
Finding genes in sequence #19 (53212 bp)...done!
Finding genes in sequence #20 (12213 bp)...done!
Finding genes in sequence #21 (55383 bp)...done!
Finding genes in sequence #22 (38973 bp)...done!
Finding genes in sequence #23 (4676 bp)...done!
Finding genes in sequence #24 (34282 bp)...done!
Finding genes in sequence #25 (101155 bp)...done!
Finding genes in sequence #26 (2150 bp)...done!
Finding genes in sequence #27 (37334 bp)...done!
Finding genes in sequence #28 (19954 bp)...done!
Finding genes in sequence #29 (43990 bp)...done!
Finding genes in sequence #30 (39822 bp)...done!
Finding genes in sequence #31 (48108 bp)...done!
Finding genes in sequence #32 (34951 bp)...done!
Finding genes in sequence #33 (16395 bp)...done!
Finding genes in sequence #34 (112552 bp)...done!
Finding genes in sequence #35 (38851 bp)...done!
Finding genes in sequence #36 (103750 bp)...done!
Finding genes in sequence #37 (118693 bp)...done!
Finding genes in sequence #38 (56240 bp)...done!
Finding genes in sequence #39 (27090 bp)...done!
Finding genes in sequence #40 (27251 bp)...done!
Finding genes in sequence #41 (17077 bp)...done!
Finding genes in sequence #42 (26947 bp)...done!
Finding genes in sequence #43 (77660 bp)...done!
Finding genes in sequence #44 (45136 bp)...done!
Finding genes in sequence #45 (30201 bp)...done!
Finding genes in sequence #46 (27841 bp)...done!
Finding genes in sequence #47 (64897 bp)...done!
Finding genes in sequence #48 (14184 bp)...done!
