-------------------------------------
PRODIGAL v2.6.3 [February, 2016]         
Univ of Tenn / Oak Ridge National Lab
Doug Hyatt, Loren Hauser, et al.     
-------------------------------------
Request:  Metagenomic, Phase:  Training
Initializing training files...done!
-------------------------------------
Request:  Metagenomic, Phase:  Gene Finding
Finding genes in sequence #1 (1839 bp)...done!
Finding genes in sequence #2 (8597 bp)...done!
Finding genes in sequence #3 (11055 bp)...done!
Finding genes in sequence #4 (4965 bp)...done!
Finding genes in sequence #5 (9450 bp)...done!
Finding genes in sequence #6 (3615 bp)...done!
Finding genes in sequence #7 (7997 bp)...done!
Finding genes in sequence #8 (8317 bp)...done!
Finding genes in sequence #9 (13329 bp)...done!
Finding genes in sequence #10 (15282 bp)...done!
Finding genes in sequence #11 (27284 bp)...done!
Finding genes in sequence #12 (17389 bp)...done!
Finding genes in sequence #13 (14669 bp)...done!
Finding genes in sequence #14 (55545 bp)...done!
Finding genes in sequence #15 (5061 bp)...done!
Finding genes in sequence #16 (5929 bp)...done!
Finding genes in sequence #17 (2257 bp)...done!
Finding genes in sequence #18 (3979 bp)...done!
Finding genes in sequence #19 (8247 bp)...done!
Finding genes in sequence #20 (38262 bp)...done!
Finding genes in sequence #21 (11662 bp)...done!
Finding genes in sequence #22 (6333 bp)...done!
Finding genes in sequence #23 (3787 bp)...done!
Finding genes in sequence #24 (3346 bp)...done!
Finding genes in sequence #25 (7524 bp)...done!
Finding genes in sequence #26 (2541 bp)...done!
Finding genes in sequence #27 (5672 bp)...done!
Finding genes in sequence #28 (5006 bp)...done!
Finding genes in sequence #29 (7167 bp)...done!
Finding genes in sequence #30 (22135 bp)...done!
Finding genes in sequence #31 (8000 bp)...done!
Finding genes in sequence #32 (2182 bp)...done!
Finding genes in sequence #33 (2496 bp)...done!
Finding genes in sequence #34 (2175 bp)...done!
Finding genes in sequence #35 (14064 bp)...done!
Finding genes in sequence #36 (14832 bp)...done!
Finding genes in sequence #37 (3270 bp)...done!
Finding genes in sequence #38 (11960 bp)...done!
Finding genes in sequence #39 (4145 bp)...done!
Finding genes in sequence #40 (5101 bp)...done!
Finding genes in sequence #41 (16050 bp)...done!
Finding genes in sequence #42 (8828 bp)...done!
Finding genes in sequence #43 (2904 bp)...done!
Finding genes in sequence #44 (17681 bp)...done!
Finding genes in sequence #45 (2080 bp)...done!
Finding genes in sequence #46 (6347 bp)...done!
Finding genes in sequence #47 (4057 bp)...done!
Finding genes in sequence #48 (60482 bp)...done!
Finding genes in sequence #49 (4468 bp)...done!
Finding genes in sequence #50 (2140 bp)...done!
Finding genes in sequence #51 (2188 bp)...done!
Finding genes in sequence #52 (5975 bp)...done!
Finding genes in sequence #53 (2749 bp)...done!
Finding genes in sequence #54 (16222 bp)...done!
Finding genes in sequence #55 (20607 bp)...done!
Finding genes in sequence #56 (7411 bp)...done!
Finding genes in sequence #57 (10525 bp)...done!
Finding genes in sequence #58 (4055 bp)...done!
Finding genes in sequence #59 (4040 bp)...done!
Finding genes in sequence #60 (9603 bp)...done!
Finding genes in sequence #61 (7942 bp)...done!
Finding genes in sequence #62 (8363 bp)...done!
Finding genes in sequence #63 (6016 bp)...done!
Finding genes in sequence #64 (7175 bp)...done!
Finding genes in sequence #65 (4964 bp)...done!
Finding genes in sequence #66 (17241 bp)...done!
Finding genes in sequence #67 (3339 bp)...done!
Finding genes in sequence #68 (12110 bp)...done!
Finding genes in sequence #69 (2545 bp)...done!
Finding genes in sequence #70 (23189 bp)...done!
Finding genes in sequence #71 (8915 bp)...done!
Finding genes in sequence #72 (3721 bp)...done!
Finding genes in sequence #73 (22803 bp)...done!
Finding genes in sequence #74 (44901 bp)...done!
Finding genes in sequence #75 (55322 bp)...done!
Finding genes in sequence #76 (5861 bp)...done!
Finding genes in sequence #77 (19964 bp)...done!
Finding genes in sequence #78 (2327 bp)...done!
Finding genes in sequence #79 (3805 bp)...done!
Finding genes in sequence #80 (18634 bp)...done!
Finding genes in sequence #81 (1692 bp)...done!
Finding genes in sequence #82 (9310 bp)...done!
Finding genes in sequence #83 (7201 bp)...done!
Finding genes in sequence #84 (12009 bp)...done!
Finding genes in sequence #85 (6407 bp)...done!
Finding genes in sequence #86 (9430 bp)...done!
Finding genes in sequence #87 (1803 bp)...done!
Finding genes in sequence #88 (2873 bp)...done!
Finding genes in sequence #89 (5218 bp)...done!
Finding genes in sequence #90 (13732 bp)...done!
Finding genes in sequence #91 (10346 bp)...done!
Finding genes in sequence #92 (3750 bp)...done!
Finding genes in sequence #93 (2869 bp)...done!
Finding genes in sequence #94 (11382 bp)...done!
Finding genes in sequence #95 (4465 bp)...done!
Finding genes in sequence #96 (14247 bp)...done!
Finding genes in sequence #97 (4342 bp)...done!
Finding genes in sequence #98 (5046 bp)...done!
Finding genes in sequence #99 (4870 bp)...done!
Finding genes in sequence #100 (55413 bp)...done!
Finding genes in sequence #101 (3108 bp)...done!
Finding genes in sequence #102 (2698 bp)...done!
Finding genes in sequence #103 (28364 bp)...done!
Finding genes in sequence #104 (3062 bp)...done!
Finding genes in sequence #105 (2250 bp)...done!
Finding genes in sequence #106 (7071 bp)...done!
Finding genes in sequence #107 (4032 bp)...done!
Finding genes in sequence #108 (5005 bp)...done!
Finding genes in sequence #109 (20471 bp)...done!
Finding genes in sequence #110 (6477 bp)...done!
Finding genes in sequence #111 (10237 bp)...done!
Finding genes in sequence #112 (4009 bp)...done!
Finding genes in sequence #113 (1613 bp)...done!
Finding genes in sequence #114 (4672 bp)...done!
Finding genes in sequence #115 (20544 bp)...done!
Finding genes in sequence #116 (4304 bp)...done!
Finding genes in sequence #117 (27027 bp)...done!
Finding genes in sequence #118 (2233 bp)...done!
Finding genes in sequence #119 (6605 bp)...done!
Finding genes in sequence #120 (8661 bp)...done!
Finding genes in sequence #121 (2384 bp)...done!
Finding genes in sequence #122 (3875 bp)...done!
Finding genes in sequence #123 (17475 bp)...done!
Finding genes in sequence #124 (2427 bp)...done!
Finding genes in sequence #125 (3039 bp)...done!
Finding genes in sequence #126 (6109 bp)...done!
Finding genes in sequence #127 (13028 bp)...done!
Finding genes in sequence #128 (7345 bp)...done!
Finding genes in sequence #129 (3567 bp)...done!
Finding genes in sequence #130 (1529 bp)...done!
Finding genes in sequence #131 (6897 bp)...done!
Finding genes in sequence #132 (2869 bp)...done!
Finding genes in sequence #133 (10079 bp)...done!
Finding genes in sequence #134 (16591 bp)...done!
Finding genes in sequence #135 (13871 bp)...done!
Finding genes in sequence #136 (59174 bp)...done!
Finding genes in sequence #137 (2318 bp)...done!
Finding genes in sequence #138 (5323 bp)...done!
Finding genes in sequence #139 (2561 bp)...done!
Finding genes in sequence #140 (25229 bp)...done!
Finding genes in sequence #141 (19131 bp)...done!
Finding genes in sequence #142 (2132 bp)...done!
Finding genes in sequence #143 (12976 bp)...done!
Finding genes in sequence #144 (1995 bp)...done!
Finding genes in sequence #145 (8191 bp)...done!
Finding genes in sequence #146 (14263 bp)...done!
Finding genes in sequence #147 (11344 bp)...done!
Finding genes in sequence #148 (6331 bp)...done!
Finding genes in sequence #149 (8693 bp)...done!
Finding genes in sequence #150 (4423 bp)...done!
Finding genes in sequence #151 (4894 bp)...done!
Finding genes in sequence #152 (8126 bp)...done!
Finding genes in sequence #153 (9143 bp)...done!
Finding genes in sequence #154 (6286 bp)...done!
Finding genes in sequence #155 (3901 bp)...done!
Finding genes in sequence #156 (6869 bp)...done!
Finding genes in sequence #157 (2935 bp)...done!
Finding genes in sequence #158 (3147 bp)...done!
Finding genes in sequence #159 (7168 bp)...done!
Finding genes in sequence #160 (2384 bp)...done!
Finding genes in sequence #161 (1843 bp)...done!
Finding genes in sequence #162 (2982 bp)...done!
Finding genes in sequence #163 (11335 bp)...done!
Finding genes in sequence #164 (5964 bp)...done!
Finding genes in sequence #165 (1941 bp)...done!
Finding genes in sequence #166 (5145 bp)...done!
Finding genes in sequence #167 (5777 bp)...done!
Finding genes in sequence #168 (2775 bp)...done!
Finding genes in sequence #169 (31758 bp)...done!
Finding genes in sequence #170 (6622 bp)...done!
Finding genes in sequence #171 (3984 bp)...done!
Finding genes in sequence #172 (2738 bp)...done!
Finding genes in sequence #173 (3727 bp)...done!
Finding genes in sequence #174 (20718 bp)...done!
Finding genes in sequence #175 (14186 bp)...done!
Finding genes in sequence #176 (9185 bp)...done!
Finding genes in sequence #177 (12300 bp)...done!
Finding genes in sequence #178 (8594 bp)...done!
Finding genes in sequence #179 (4664 bp)...done!
Finding genes in sequence #180 (9145 bp)...done!
Finding genes in sequence #181 (13243 bp)...done!
Finding genes in sequence #182 (5107 bp)...done!
Finding genes in sequence #183 (25658 bp)...done!
Finding genes in sequence #184 (3936 bp)...done!
Finding genes in sequence #185 (4467 bp)...done!
Finding genes in sequence #186 (21488 bp)...done!
Finding genes in sequence #187 (2744 bp)...done!
Finding genes in sequence #188 (7215 bp)...done!
Finding genes in sequence #189 (2381 bp)...done!
Finding genes in sequence #190 (12651 bp)...done!
Finding genes in sequence #191 (37072 bp)...done!
Finding genes in sequence #192 (3372 bp)...done!
Finding genes in sequence #193 (25951 bp)...done!
Finding genes in sequence #194 (3574 bp)...done!
Finding genes in sequence #195 (3714 bp)...done!
Finding genes in sequence #196 (1978 bp)...done!
Finding genes in sequence #197 (4257 bp)...done!
Finding genes in sequence #198 (2233 bp)...done!
Finding genes in sequence #199 (10273 bp)...done!
Finding genes in sequence #200 (5908 bp)...done!
Finding genes in sequence #201 (3979 bp)...done!
Finding genes in sequence #202 (13839 bp)...done!
Finding genes in sequence #203 (3825 bp)...done!
Finding genes in sequence #204 (7889 bp)...done!
Finding genes in sequence #205 (5926 bp)...done!
Finding genes in sequence #206 (7352 bp)...done!
Finding genes in sequence #207 (13935 bp)...done!
Finding genes in sequence #208 (8600 bp)...done!
Finding genes in sequence #209 (1865 bp)...done!
Finding genes in sequence #210 (9916 bp)...done!
Finding genes in sequence #211 (12701 bp)...done!
Finding genes in sequence #212 (13927 bp)...done!
Finding genes in sequence #213 (13415 bp)...done!
Finding genes in sequence #214 (5665 bp)...done!
Finding genes in sequence #215 (38319 bp)...done!
Finding genes in sequence #216 (8218 bp)...done!
Finding genes in sequence #217 (8102 bp)...done!
Finding genes in sequence #218 (6715 bp)...done!
Finding genes in sequence #219 (2694 bp)...done!
Finding genes in sequence #220 (1512 bp)...done!
Finding genes in sequence #221 (1964 bp)...done!
Finding genes in sequence #222 (2516 bp)...done!
Finding genes in sequence #223 (21861 bp)...done!
Finding genes in sequence #224 (2318 bp)...done!
Finding genes in sequence #225 (14968 bp)...done!
Finding genes in sequence #226 (6778 bp)...done!
Finding genes in sequence #227 (9871 bp)...done!
Finding genes in sequence #228 (8791 bp)...done!
Finding genes in sequence #229 (11930 bp)...done!
Finding genes in sequence #230 (2020 bp)...done!
Finding genes in sequence #231 (11498 bp)...done!
Finding genes in sequence #232 (17996 bp)...done!
Finding genes in sequence #233 (22398 bp)...done!
Finding genes in sequence #234 (3548 bp)...done!
Finding genes in sequence #235 (30148 bp)...done!
Finding genes in sequence #236 (4420 bp)...done!
Finding genes in sequence #237 (2387 bp)...done!
Finding genes in sequence #238 (8184 bp)...done!
Finding genes in sequence #239 (86083 bp)...done!
Finding genes in sequence #240 (7507 bp)...done!
Finding genes in sequence #241 (1848 bp)...done!
Finding genes in sequence #242 (4364 bp)...done!
Finding genes in sequence #243 (2100 bp)...done!
Finding genes in sequence #244 (4394 bp)...done!
Finding genes in sequence #245 (8957 bp)...done!
Finding genes in sequence #246 (15064 bp)...done!
Finding genes in sequence #247 (6425 bp)...done!
Finding genes in sequence #248 (7204 bp)...done!
Finding genes in sequence #249 (2330 bp)...done!
Finding genes in sequence #250 (2125 bp)...done!
Finding genes in sequence #251 (41722 bp)...done!
Finding genes in sequence #252 (8991 bp)...done!
Finding genes in sequence #253 (4137 bp)...done!
Finding genes in sequence #254 (10308 bp)...done!
Finding genes in sequence #255 (9616 bp)...done!
Finding genes in sequence #256 (1548 bp)...done!
Finding genes in sequence #257 (2372 bp)...done!
Finding genes in sequence #258 (6631 bp)...done!
Finding genes in sequence #259 (9576 bp)...done!
Finding genes in sequence #260 (17235 bp)...done!
Finding genes in sequence #261 (14975 bp)...done!
Finding genes in sequence #262 (13991 bp)...done!
Finding genes in sequence #263 (12272 bp)...done!
Finding genes in sequence #264 (9747 bp)...done!
Finding genes in sequence #265 (45951 bp)...done!
Finding genes in sequence #266 (7824 bp)...done!
Finding genes in sequence #267 (25613 bp)...done!
Finding genes in sequence #268 (32123 bp)...done!
Finding genes in sequence #269 (3870 bp)...done!
Finding genes in sequence #270 (4864 bp)...done!
Finding genes in sequence #271 (5599 bp)...done!
Finding genes in sequence #272 (1986 bp)...done!
Finding genes in sequence #273 (1507 bp)...done!
Finding genes in sequence #274 (5880 bp)...done!
Finding genes in sequence #275 (3743 bp)...done!
Finding genes in sequence #276 (30351 bp)...done!
Finding genes in sequence #277 (1623 bp)...done!
Finding genes in sequence #278 (7073 bp)...done!
Finding genes in sequence #279 (4554 bp)...done!
Finding genes in sequence #280 (2819 bp)...done!
Finding genes in sequence #281 (8015 bp)...done!
Finding genes in sequence #282 (6803 bp)...done!
Finding genes in sequence #283 (4377 bp)...done!
Finding genes in sequence #284 (6251 bp)...done!
Finding genes in sequence #285 (33465 bp)...done!
Finding genes in sequence #286 (3286 bp)...done!
Finding genes in sequence #287 (6482 bp)...done!
Finding genes in sequence #288 (49520 bp)...done!
Finding genes in sequence #289 (3017 bp)...done!
Finding genes in sequence #290 (8823 bp)...done!
Finding genes in sequence #291 (2023 bp)...done!
Finding genes in sequence #292 (9801 bp)...done!
Finding genes in sequence #293 (1736 bp)...done!
Finding genes in sequence #294 (12769 bp)...done!
Finding genes in sequence #295 (3705 bp)...done!
Finding genes in sequence #296 (35795 bp)...done!
Finding genes in sequence #297 (2026 bp)...done!
Finding genes in sequence #298 (3875 bp)...done!
Finding genes in sequence #299 (18714 bp)...done!
Finding genes in sequence #300 (3446 bp)...done!
Finding genes in sequence #301 (2797 bp)...done!
Finding genes in sequence #302 (10008 bp)...done!
Finding genes in sequence #303 (17668 bp)...done!
Finding genes in sequence #304 (12560 bp)...done!
Finding genes in sequence #305 (22154 bp)...done!
Finding genes in sequence #306 (9291 bp)...done!
Finding genes in sequence #307 (10094 bp)...done!
Finding genes in sequence #308 (3879 bp)...done!
Finding genes in sequence #309 (14549 bp)...done!
Finding genes in sequence #310 (4662 bp)...done!
Finding genes in sequence #311 (4231 bp)...done!
Finding genes in sequence #312 (15929 bp)...done!
Finding genes in sequence #313 (10027 bp)...done!
Finding genes in sequence #314 (12517 bp)...done!
Finding genes in sequence #315 (11465 bp)...done!
Finding genes in sequence #316 (12125 bp)...done!
Finding genes in sequence #317 (2533 bp)...done!
Finding genes in sequence #318 (3578 bp)...done!
Finding genes in sequence #319 (1992 bp)...done!
Finding genes in sequence #320 (8212 bp)...done!
Finding genes in sequence #321 (3333 bp)...done!
Finding genes in sequence #322 (2063 bp)...done!
Finding genes in sequence #323 (17484 bp)...done!
Finding genes in sequence #324 (9986 bp)...done!
Finding genes in sequence #325 (7654 bp)...done!
Finding genes in sequence #326 (3452 bp)...done!
Finding genes in sequence #327 (2928 bp)...done!
Finding genes in sequence #328 (5601 bp)...done!
Finding genes in sequence #329 (7393 bp)...done!
Finding genes in sequence #330 (28942 bp)...done!
Finding genes in sequence #331 (6640 bp)...done!
Finding genes in sequence #332 (26511 bp)...done!
Finding genes in sequence #333 (4910 bp)...done!
Finding genes in sequence #334 (2871 bp)...done!
Finding genes in sequence #335 (16960 bp)...done!
Finding genes in sequence #336 (21693 bp)...done!
Finding genes in sequence #337 (2445 bp)...done!
Finding genes in sequence #338 (5794 bp)...done!
Finding genes in sequence #339 (7762 bp)...done!
Finding genes in sequence #340 (8406 bp)...done!
Finding genes in sequence #341 (7264 bp)...done!
Finding genes in sequence #342 (2936 bp)...done!
Finding genes in sequence #343 (7609 bp)...done!
Finding genes in sequence #344 (8816 bp)...done!
Finding genes in sequence #345 (5350 bp)...done!
Finding genes in sequence #346 (27510 bp)...done!
Finding genes in sequence #347 (6526 bp)...done!
Finding genes in sequence #348 (18171 bp)...done!
Finding genes in sequence #349 (23837 bp)...done!
Finding genes in sequence #350 (2624 bp)...done!
Finding genes in sequence #351 (18754 bp)...done!
Finding genes in sequence #352 (4531 bp)...done!
Finding genes in sequence #353 (15347 bp)...done!
Finding genes in sequence #354 (27057 bp)...done!
Finding genes in sequence #355 (2296 bp)...done!
Finding genes in sequence #356 (5044 bp)...done!
Finding genes in sequence #357 (12411 bp)...done!
Finding genes in sequence #358 (2372 bp)...done!
Finding genes in sequence #359 (2701 bp)...done!
Finding genes in sequence #360 (2039 bp)...done!
Finding genes in sequence #361 (11400 bp)...done!
Finding genes in sequence #362 (10177 bp)...done!
Finding genes in sequence #363 (26254 bp)...done!
Finding genes in sequence #364 (6307 bp)...done!
Finding genes in sequence #365 (1923 bp)...done!
Finding genes in sequence #366 (2781 bp)...done!
Finding genes in sequence #367 (2305 bp)...done!
Finding genes in sequence #368 (3161 bp)...done!
Finding genes in sequence #369 (10394 bp)...done!
Finding genes in sequence #370 (1501 bp)...done!
Finding genes in sequence #371 (9969 bp)...done!
Finding genes in sequence #372 (32276 bp)...done!
Finding genes in sequence #373 (19597 bp)...done!
Finding genes in sequence #374 (2419 bp)...done!
Finding genes in sequence #375 (9715 bp)...done!
Finding genes in sequence #376 (20148 bp)...done!
Finding genes in sequence #377 (1756 bp)...done!
Finding genes in sequence #378 (12616 bp)...done!
Finding genes in sequence #379 (6969 bp)...done!
Finding genes in sequence #380 (16845 bp)...done!
Finding genes in sequence #381 (9880 bp)...done!
Finding genes in sequence #382 (7177 bp)...done!
Finding genes in sequence #383 (21414 bp)...done!
Finding genes in sequence #384 (5842 bp)...done!
Finding genes in sequence #385 (7115 bp)...done!
Finding genes in sequence #386 (2332 bp)...done!
Finding genes in sequence #387 (7908 bp)...done!
Finding genes in sequence #388 (1638 bp)...done!
Finding genes in sequence #389 (4719 bp)...done!
Finding genes in sequence #390 (21467 bp)...done!
Finding genes in sequence #391 (9262 bp)...done!
Finding genes in sequence #392 (4516 bp)...done!
Finding genes in sequence #393 (4305 bp)...done!
Finding genes in sequence #394 (19782 bp)...done!
Finding genes in sequence #395 (3465 bp)...done!
Finding genes in sequence #396 (2620 bp)...done!
Finding genes in sequence #397 (3386 bp)...done!
Finding genes in sequence #398 (6763 bp)...done!
Finding genes in sequence #399 (28730 bp)...done!
Finding genes in sequence #400 (24105 bp)...done!
Finding genes in sequence #401 (17092 bp)...done!
Finding genes in sequence #402 (8860 bp)...done!
Finding genes in sequence #403 (5043 bp)...done!
Finding genes in sequence #404 (2051 bp)...done!
Finding genes in sequence #405 (5947 bp)...done!
Finding genes in sequence #406 (14302 bp)...done!
Finding genes in sequence #407 (10647 bp)...done!
Finding genes in sequence #408 (4614 bp)...done!
Finding genes in sequence #409 (8862 bp)...done!
Finding genes in sequence #410 (29254 bp)...done!
Finding genes in sequence #411 (8358 bp)...done!
Finding genes in sequence #412 (8519 bp)...done!
Finding genes in sequence #413 (22178 bp)...done!
Finding genes in sequence #414 (10689 bp)...done!
Finding genes in sequence #415 (7091 bp)...done!
Finding genes in sequence #416 (1894 bp)...done!
Finding genes in sequence #417 (8081 bp)...done!
Finding genes in sequence #418 (4218 bp)...done!
Finding genes in sequence #419 (9050 bp)...done!
Finding genes in sequence #420 (1965 bp)...done!
Finding genes in sequence #421 (1815 bp)...done!
Finding genes in sequence #422 (14515 bp)...done!
Finding genes in sequence #423 (13783 bp)...done!
Finding genes in sequence #424 (18078 bp)...done!
Finding genes in sequence #425 (2248 bp)...done!
Finding genes in sequence #426 (3565 bp)...done!
Finding genes in sequence #427 (26998 bp)...done!
Finding genes in sequence #428 (8713 bp)...done!
Finding genes in sequence #429 (11961 bp)...done!
Finding genes in sequence #430 (2025 bp)...done!
Finding genes in sequence #431 (8758 bp)...done!
Finding genes in sequence #432 (5381 bp)...done!
Finding genes in sequence #433 (4509 bp)...done!
Finding genes in sequence #434 (14367 bp)...done!
Finding genes in sequence #435 (21680 bp)...done!
Finding genes in sequence #436 (2223 bp)...done!
Finding genes in sequence #437 (19160 bp)...done!
Finding genes in sequence #438 (16852 bp)...done!
Finding genes in sequence #439 (2117 bp)...done!
Finding genes in sequence #440 (10466 bp)...done!
Finding genes in sequence #441 (14366 bp)...done!
Finding genes in sequence #442 (5704 bp)...done!
Finding genes in sequence #443 (20637 bp)...done!
Finding genes in sequence #444 (2483 bp)...done!
Finding genes in sequence #445 (8118 bp)...done!
Finding genes in sequence #446 (1660 bp)...done!
Finding genes in sequence #447 (3211 bp)...done!
Finding genes in sequence #448 (8598 bp)...done!
Finding genes in sequence #449 (11963 bp)...done!
Finding genes in sequence #450 (4191 bp)...done!
Finding genes in sequence #451 (23736 bp)...done!
Finding genes in sequence #452 (2915 bp)...done!
Finding genes in sequence #453 (2004 bp)...done!
Finding genes in sequence #454 (4413 bp)...done!
Finding genes in sequence #455 (2745 bp)...done!
Finding genes in sequence #456 (2300 bp)...done!
Finding genes in sequence #457 (5311 bp)...done!
Finding genes in sequence #458 (3650 bp)...done!
Finding genes in sequence #459 (4444 bp)...done!
Finding genes in sequence #460 (8810 bp)...done!
Finding genes in sequence #461 (2609 bp)...done!
Finding genes in sequence #462 (1802 bp)...done!
Finding genes in sequence #463 (3200 bp)...done!
Finding genes in sequence #464 (3312 bp)...done!
Finding genes in sequence #465 (5415 bp)...done!
Finding genes in sequence #466 (2255 bp)...done!
Finding genes in sequence #467 (19553 bp)...done!
Finding genes in sequence #468 (10476 bp)...done!
Finding genes in sequence #469 (21615 bp)...done!
Finding genes in sequence #470 (67161 bp)...done!
Finding genes in sequence #471 (14093 bp)...done!
Finding genes in sequence #472 (19153 bp)...done!
Finding genes in sequence #473 (5339 bp)...done!
Finding genes in sequence #474 (4572 bp)...done!
Finding genes in sequence #475 (5211 bp)...done!
Finding genes in sequence #476 (1636 bp)...done!
Finding genes in sequence #477 (2576 bp)...done!
Finding genes in sequence #478 (1973 bp)...done!
Finding genes in sequence #479 (7654 bp)...done!
Finding genes in sequence #480 (20438 bp)...done!
Finding genes in sequence #481 (11745 bp)...done!
Finding genes in sequence #482 (3832 bp)...done!
Finding genes in sequence #483 (10366 bp)...done!
Finding genes in sequence #484 (4676 bp)...done!
Finding genes in sequence #485 (3642 bp)...done!
Finding genes in sequence #486 (3569 bp)...done!
Finding genes in sequence #487 (9777 bp)...done!
Finding genes in sequence #488 (26615 bp)...done!
Finding genes in sequence #489 (14847 bp)...done!
Finding genes in sequence #490 (3480 bp)...done!
Finding genes in sequence #491 (6478 bp)...done!
Finding genes in sequence #492 (13381 bp)...done!
Finding genes in sequence #493 (13622 bp)...done!
Finding genes in sequence #494 (8735 bp)...done!
Finding genes in sequence #495 (9458 bp)...done!
Finding genes in sequence #496 (3122 bp)...done!
Finding genes in sequence #497 (56647 bp)...done!
Finding genes in sequence #498 (14418 bp)...done!
Finding genes in sequence #499 (42181 bp)...done!
Finding genes in sequence #500 (4111 bp)...done!
Finding genes in sequence #501 (9946 bp)...done!
Finding genes in sequence #502 (1603 bp)...done!
Finding genes in sequence #503 (2012 bp)...done!
Finding genes in sequence #504 (1505 bp)...done!
Finding genes in sequence #505 (12379 bp)...done!
Finding genes in sequence #506 (2213 bp)...done!
Finding genes in sequence #507 (1717 bp)...done!
Finding genes in sequence #508 (2750 bp)...done!
Finding genes in sequence #509 (14908 bp)...done!
Finding genes in sequence #510 (10939 bp)...done!
Finding genes in sequence #511 (2808 bp)...done!
Finding genes in sequence #512 (15792 bp)...done!
Finding genes in sequence #513 (5474 bp)...done!
Finding genes in sequence #514 (5097 bp)...done!
Finding genes in sequence #515 (1784 bp)...done!
Finding genes in sequence #516 (4549 bp)...done!
Finding genes in sequence #517 (3576 bp)...done!
Finding genes in sequence #518 (5380 bp)...done!
Finding genes in sequence #519 (1672 bp)...done!
Finding genes in sequence #520 (12405 bp)...done!
Finding genes in sequence #521 (11879 bp)...done!
Finding genes in sequence #522 (8300 bp)...done!
Finding genes in sequence #523 (12718 bp)...done!
Finding genes in sequence #524 (1764 bp)...done!
Finding genes in sequence #525 (3734 bp)...done!
Finding genes in sequence #526 (2400 bp)...done!
Finding genes in sequence #527 (7177 bp)...done!
Finding genes in sequence #528 (7624 bp)...done!
Finding genes in sequence #529 (13815 bp)...done!
Finding genes in sequence #530 (1568 bp)...done!
Finding genes in sequence #531 (11378 bp)...done!
Finding genes in sequence #532 (15447 bp)...done!
Finding genes in sequence #533 (6264 bp)...done!
Finding genes in sequence #534 (2373 bp)...done!
Finding genes in sequence #535 (32711 bp)...done!
Finding genes in sequence #536 (7716 bp)...done!
Finding genes in sequence #537 (5137 bp)...done!
Finding genes in sequence #538 (7247 bp)...done!
Finding genes in sequence #539 (11290 bp)...done!
Finding genes in sequence #540 (18873 bp)...done!
Finding genes in sequence #541 (4479 bp)...done!
Finding genes in sequence #542 (2768 bp)...done!
Finding genes in sequence #543 (2472 bp)...done!
Finding genes in sequence #544 (1640 bp)...done!
Finding genes in sequence #545 (13288 bp)...done!
Finding genes in sequence #546 (9106 bp)...done!
Finding genes in sequence #547 (2825 bp)...done!
Finding genes in sequence #548 (10219 bp)...done!
Finding genes in sequence #549 (6952 bp)...done!
Finding genes in sequence #550 (8642 bp)...done!
Finding genes in sequence #551 (16563 bp)...done!
Finding genes in sequence #552 (6254 bp)...done!
Finding genes in sequence #553 (7961 bp)...done!
Finding genes in sequence #554 (21450 bp)...done!
Finding genes in sequence #555 (20475 bp)...done!
Finding genes in sequence #556 (2831 bp)...done!
Finding genes in sequence #557 (12830 bp)...done!
Finding genes in sequence #558 (5792 bp)...done!
Finding genes in sequence #559 (6687 bp)...done!
Finding genes in sequence #560 (16338 bp)...done!
Finding genes in sequence #561 (24662 bp)...done!
Finding genes in sequence #562 (8276 bp)...done!
Finding genes in sequence #563 (1963 bp)...done!
Finding genes in sequence #564 (5742 bp)...done!
Finding genes in sequence #565 (2061 bp)...done!
Finding genes in sequence #566 (4150 bp)...done!
Finding genes in sequence #567 (15696 bp)...done!
Finding genes in sequence #568 (3015 bp)...done!
Finding genes in sequence #569 (30843 bp)...done!
Finding genes in sequence #570 (5972 bp)...done!
Finding genes in sequence #571 (12728 bp)...done!
Finding genes in sequence #572 (3535 bp)...done!
Finding genes in sequence #573 (2981 bp)...done!
Finding genes in sequence #574 (27752 bp)...done!
Finding genes in sequence #575 (34422 bp)...done!
Finding genes in sequence #576 (6765 bp)...done!
Finding genes in sequence #577 (2266 bp)...done!
Finding genes in sequence #578 (11762 bp)...done!
Finding genes in sequence #579 (5467 bp)...done!
Finding genes in sequence #580 (6830 bp)...done!
Finding genes in sequence #581 (28613 bp)...done!
Finding genes in sequence #582 (2082 bp)...done!
Finding genes in sequence #583 (2562 bp)...done!
Finding genes in sequence #584 (2829 bp)...done!
Finding genes in sequence #585 (1736 bp)...done!
Finding genes in sequence #586 (9272 bp)...done!
Finding genes in sequence #587 (9224 bp)...done!
Finding genes in sequence #588 (2657 bp)...done!
Finding genes in sequence #589 (7520 bp)...done!
Finding genes in sequence #590 (2916 bp)...done!
Finding genes in sequence #591 (16998 bp)...done!
Finding genes in sequence #592 (12709 bp)...done!
Finding genes in sequence #593 (8992 bp)...done!
Finding genes in sequence #594 (21603 bp)...done!
Finding genes in sequence #595 (3991 bp)...done!
Finding genes in sequence #596 (1833 bp)...done!
Finding genes in sequence #597 (7260 bp)...done!
Finding genes in sequence #598 (40478 bp)...done!
Finding genes in sequence #599 (2152 bp)...done!
Finding genes in sequence #600 (26430 bp)...done!
Finding genes in sequence #601 (15023 bp)...done!
Finding genes in sequence #602 (9705 bp)...done!
Finding genes in sequence #603 (74741 bp)...done!
Finding genes in sequence #604 (14708 bp)...done!
Finding genes in sequence #605 (46903 bp)...done!
Finding genes in sequence #606 (7553 bp)...done!
Finding genes in sequence #607 (2566 bp)...done!
Finding genes in sequence #608 (1532 bp)...done!
Finding genes in sequence #609 (3120 bp)...done!
Finding genes in sequence #610 (31848 bp)...done!
Finding genes in sequence #611 (6913 bp)...done!
Finding genes in sequence #612 (2021 bp)...done!
Finding genes in sequence #613 (31179 bp)...done!
Finding genes in sequence #614 (5374 bp)...done!
Finding genes in sequence #615 (2591 bp)...done!
Finding genes in sequence #616 (26392 bp)...done!
Finding genes in sequence #617 (11456 bp)...done!
Finding genes in sequence #618 (3238 bp)...done!
Finding genes in sequence #619 (15928 bp)...done!
Finding genes in sequence #620 (12580 bp)...done!
Finding genes in sequence #621 (5628 bp)...done!
Finding genes in sequence #622 (8162 bp)...done!
Finding genes in sequence #623 (8187 bp)...done!
Finding genes in sequence #624 (27964 bp)...done!
Finding genes in sequence #625 (3589 bp)...done!
Finding genes in sequence #626 (17353 bp)...done!
Finding genes in sequence #627 (2815 bp)...done!
Finding genes in sequence #628 (4210 bp)...done!
Finding genes in sequence #629 (3462 bp)...done!
Finding genes in sequence #630 (21576 bp)...done!
Finding genes in sequence #631 (18479 bp)...done!
Finding genes in sequence #632 (5939 bp)...done!
Finding genes in sequence #633 (2599 bp)...done!
Finding genes in sequence #634 (11349 bp)...done!
Finding genes in sequence #635 (14956 bp)...done!
Finding genes in sequence #636 (23091 bp)...done!
Finding genes in sequence #637 (5116 bp)...done!
Finding genes in sequence #638 (3401 bp)...done!
Finding genes in sequence #639 (27335 bp)...done!
Finding genes in sequence #640 (2089 bp)...done!
Finding genes in sequence #641 (1975 bp)...done!
Finding genes in sequence #642 (12236 bp)...done!
Finding genes in sequence #643 (6685 bp)...done!
Finding genes in sequence #644 (7343 bp)...done!
Finding genes in sequence #645 (3486 bp)...done!
Finding genes in sequence #646 (30507 bp)...done!
Finding genes in sequence #647 (11470 bp)...done!
Finding genes in sequence #648 (9685 bp)...done!
Finding genes in sequence #649 (7740 bp)...done!
Finding genes in sequence #650 (1587 bp)...done!
Finding genes in sequence #651 (5047 bp)...done!
Finding genes in sequence #652 (10399 bp)...done!
Finding genes in sequence #653 (3574 bp)...done!
Finding genes in sequence #654 (3894 bp)...done!
Finding genes in sequence #655 (6802 bp)...done!
Finding genes in sequence #656 (6619 bp)...done!
Finding genes in sequence #657 (6673 bp)...done!
Finding genes in sequence #658 (1663 bp)...done!
Finding genes in sequence #659 (21111 bp)...done!
Finding genes in sequence #660 (6174 bp)...done!
Finding genes in sequence #661 (2864 bp)...done!
Finding genes in sequence #662 (57806 bp)...done!
Finding genes in sequence #663 (4197 bp)...done!
Finding genes in sequence #664 (16730 bp)...done!
Finding genes in sequence #665 (20243 bp)...done!
Finding genes in sequence #666 (13585 bp)...done!
Finding genes in sequence #667 (25485 bp)...done!
Finding genes in sequence #668 (4658 bp)...done!
Finding genes in sequence #669 (2482 bp)...done!
Finding genes in sequence #670 (8528 bp)...done!
Finding genes in sequence #671 (9446 bp)...done!
Finding genes in sequence #672 (6309 bp)...done!
Finding genes in sequence #673 (2031 bp)...done!
Finding genes in sequence #674 (3385 bp)...done!
Finding genes in sequence #675 (2052 bp)...done!
Finding genes in sequence #676 (10397 bp)...done!
Finding genes in sequence #677 (7335 bp)...done!
Finding genes in sequence #678 (5831 bp)...done!
Finding genes in sequence #679 (5577 bp)...done!
Finding genes in sequence #680 (2566 bp)...done!
Finding genes in sequence #681 (2856 bp)...done!
Finding genes in sequence #682 (4569 bp)...done!
