-------------------------------------
PRODIGAL v2.6.3 [February, 2016]         
Univ of Tenn / Oak Ridge National Lab
Doug Hyatt, Loren Hauser, et al.     
-------------------------------------
Request:  Metagenomic, Phase:  Training
Initializing training files...done!
-------------------------------------
Request:  Metagenomic, Phase:  Gene Finding
Finding genes in sequence #1 (2127 bp)...done!
Finding genes in sequence #2 (1696 bp)...done!
Finding genes in sequence #3 (2412 bp)...done!
Finding genes in sequence #4 (3564 bp)...done!
Finding genes in sequence #5 (6182 bp)...done!
Finding genes in sequence #6 (2775 bp)...done!
Finding genes in sequence #7 (1903 bp)...done!
Finding genes in sequence #8 (5812 bp)...done!
Finding genes in sequence #9 (4129 bp)...done!
Finding genes in sequence #10 (2808 bp)...done!
Finding genes in sequence #11 (6138 bp)...done!
Finding genes in sequence #12 (3710 bp)...done!
Finding genes in sequence #13 (2334 bp)...done!
Finding genes in sequence #14 (3902 bp)...done!
Finding genes in sequence #15 (2066 bp)...done!
Finding genes in sequence #16 (2631 bp)...done!
Finding genes in sequence #17 (1608 bp)...done!
Finding genes in sequence #18 (1727 bp)...done!
Finding genes in sequence #19 (1733 bp)...done!
Finding genes in sequence #20 (4239 bp)...done!
Finding genes in sequence #21 (2704 bp)...done!
Finding genes in sequence #22 (1802 bp)...done!
Finding genes in sequence #23 (1501 bp)...done!
Finding genes in sequence #24 (2818 bp)...done!
Finding genes in sequence #25 (2143 bp)...done!
Finding genes in sequence #26 (2358 bp)...done!
Finding genes in sequence #27 (1991 bp)...done!
Finding genes in sequence #28 (4202 bp)...done!
Finding genes in sequence #29 (2641 bp)...done!
Finding genes in sequence #30 (3180 bp)...done!
Finding genes in sequence #31 (4921 bp)...done!
Finding genes in sequence #32 (3519 bp)...done!
Finding genes in sequence #33 (2862 bp)...done!
Finding genes in sequence #34 (4125 bp)...done!
Finding genes in sequence #35 (2174 bp)...done!
Finding genes in sequence #36 (3340 bp)...done!
Finding genes in sequence #37 (2032 bp)...done!
Finding genes in sequence #38 (2167 bp)...done!
Finding genes in sequence #39 (4829 bp)...done!
Finding genes in sequence #40 (2770 bp)...done!
Finding genes in sequence #41 (2129 bp)...done!
Finding genes in sequence #42 (1924 bp)...done!
Finding genes in sequence #43 (1935 bp)...done!
Finding genes in sequence #44 (1570 bp)...done!
Finding genes in sequence #45 (2873 bp)...done!
Finding genes in sequence #46 (1810 bp)...done!
Finding genes in sequence #47 (2048 bp)...done!
Finding genes in sequence #48 (2017 bp)...done!
Finding genes in sequence #49 (3294 bp)...done!
Finding genes in sequence #50 (1828 bp)...done!
Finding genes in sequence #51 (8558 bp)...done!
Finding genes in sequence #52 (2076 bp)...done!
Finding genes in sequence #53 (3360 bp)...done!
Finding genes in sequence #54 (2046 bp)...done!
Finding genes in sequence #55 (2454 bp)...done!
Finding genes in sequence #56 (1891 bp)...done!
Finding genes in sequence #57 (2806 bp)...done!
Finding genes in sequence #58 (3517 bp)...done!
Finding genes in sequence #59 (2523 bp)...done!
Finding genes in sequence #60 (3495 bp)...done!
Finding genes in sequence #61 (1783 bp)...done!
Finding genes in sequence #62 (2310 bp)...done!
Finding genes in sequence #63 (8127 bp)...done!
Finding genes in sequence #64 (2644 bp)...done!
Finding genes in sequence #65 (1756 bp)...done!
Finding genes in sequence #66 (2902 bp)...done!
Finding genes in sequence #67 (1593 bp)...done!
Finding genes in sequence #68 (2942 bp)...done!
Finding genes in sequence #69 (2592 bp)...done!
Finding genes in sequence #70 (1621 bp)...done!
Finding genes in sequence #71 (1626 bp)...done!
Finding genes in sequence #72 (1753 bp)...done!
Finding genes in sequence #73 (1647 bp)...done!
Finding genes in sequence #74 (3251 bp)...done!
Finding genes in sequence #75 (5079 bp)...done!
Finding genes in sequence #76 (2240 bp)...done!
Finding genes in sequence #77 (5703 bp)...done!
Finding genes in sequence #78 (1548 bp)...done!
Finding genes in sequence #79 (2656 bp)...done!
Finding genes in sequence #80 (1553 bp)...done!
Finding genes in sequence #81 (2185 bp)...done!
Finding genes in sequence #82 (2602 bp)...done!
Finding genes in sequence #83 (6396 bp)...done!
Finding genes in sequence #84 (1697 bp)...done!
Finding genes in sequence #85 (3592 bp)...done!
Finding genes in sequence #86 (1627 bp)...done!
Finding genes in sequence #87 (2350 bp)...done!
Finding genes in sequence #88 (3652 bp)...done!
Finding genes in sequence #89 (3145 bp)...done!
Finding genes in sequence #90 (4054 bp)...done!
Finding genes in sequence #91 (3404 bp)...done!
Finding genes in sequence #92 (4202 bp)...done!
Finding genes in sequence #93 (2156 bp)...done!
Finding genes in sequence #94 (3712 bp)...done!
Finding genes in sequence #95 (2755 bp)...done!
Finding genes in sequence #96 (1917 bp)...done!
Finding genes in sequence #97 (1718 bp)...done!
Finding genes in sequence #98 (5361 bp)...done!
Finding genes in sequence #99 (1787 bp)...done!
Finding genes in sequence #100 (1672 bp)...done!
Finding genes in sequence #101 (3203 bp)...done!
Finding genes in sequence #102 (2317 bp)...done!
Finding genes in sequence #103 (2718 bp)...done!
Finding genes in sequence #104 (1691 bp)...done!
Finding genes in sequence #105 (1675 bp)...done!
Finding genes in sequence #106 (2249 bp)...done!
Finding genes in sequence #107 (3876 bp)...done!
Finding genes in sequence #108 (3147 bp)...done!
Finding genes in sequence #109 (4445 bp)...done!
Finding genes in sequence #110 (1713 bp)...done!
Finding genes in sequence #111 (1533 bp)...done!
Finding genes in sequence #112 (2063 bp)...done!
Finding genes in sequence #113 (1940 bp)...done!
Finding genes in sequence #114 (4207 bp)...done!
Finding genes in sequence #115 (2732 bp)...done!
Finding genes in sequence #116 (2668 bp)...done!
Finding genes in sequence #117 (3260 bp)...done!
Finding genes in sequence #118 (3446 bp)...done!
Finding genes in sequence #119 (3696 bp)...done!
Finding genes in sequence #120 (1988 bp)...done!
Finding genes in sequence #121 (1940 bp)...done!
Finding genes in sequence #122 (1551 bp)...done!
Finding genes in sequence #123 (2341 bp)...done!
Finding genes in sequence #124 (2215 bp)...done!
Finding genes in sequence #125 (3632 bp)...done!
Finding genes in sequence #126 (2000 bp)...done!
Finding genes in sequence #127 (2549 bp)...done!
Finding genes in sequence #128 (3559 bp)...done!
Finding genes in sequence #129 (2058 bp)...done!
Finding genes in sequence #130 (1571 bp)...done!
Finding genes in sequence #131 (2081 bp)...done!
Finding genes in sequence #132 (2664 bp)...done!
Finding genes in sequence #133 (4549 bp)...done!
Finding genes in sequence #134 (2175 bp)...done!
Finding genes in sequence #135 (1916 bp)...done!
Finding genes in sequence #136 (2412 bp)...done!
Finding genes in sequence #137 (2729 bp)...done!
Finding genes in sequence #138 (1826 bp)...done!
Finding genes in sequence #139 (1926 bp)...done!
Finding genes in sequence #140 (2961 bp)...done!
Finding genes in sequence #141 (2329 bp)...done!
Finding genes in sequence #142 (2056 bp)...done!
Finding genes in sequence #143 (2161 bp)...done!
Finding genes in sequence #144 (5871 bp)...done!
Finding genes in sequence #145 (2107 bp)...done!
Finding genes in sequence #146 (3400 bp)...done!
Finding genes in sequence #147 (1645 bp)...done!
Finding genes in sequence #148 (1674 bp)...done!
Finding genes in sequence #149 (2256 bp)...done!
Finding genes in sequence #150 (2586 bp)...done!
Finding genes in sequence #151 (3826 bp)...done!
Finding genes in sequence #152 (2693 bp)...done!
Finding genes in sequence #153 (3958 bp)...done!
Finding genes in sequence #154 (1855 bp)...done!
Finding genes in sequence #155 (1746 bp)...done!
Finding genes in sequence #156 (3090 bp)...done!
Finding genes in sequence #157 (4581 bp)...done!
Finding genes in sequence #158 (2249 bp)...done!
Finding genes in sequence #159 (1547 bp)...done!
Finding genes in sequence #160 (2491 bp)...done!
Finding genes in sequence #161 (2356 bp)...done!
Finding genes in sequence #162 (5920 bp)...done!
Finding genes in sequence #163 (1521 bp)...done!
Finding genes in sequence #164 (1748 bp)...done!
Finding genes in sequence #165 (4768 bp)...done!
Finding genes in sequence #166 (2066 bp)...done!
Finding genes in sequence #167 (1894 bp)...done!
Finding genes in sequence #168 (1969 bp)...done!
Finding genes in sequence #169 (1813 bp)...done!
Finding genes in sequence #170 (2130 bp)...done!
Finding genes in sequence #171 (2942 bp)...done!
Finding genes in sequence #172 (3924 bp)...done!
Finding genes in sequence #173 (1772 bp)...done!
Finding genes in sequence #174 (2159 bp)...done!
Finding genes in sequence #175 (2688 bp)...done!
Finding genes in sequence #176 (3304 bp)...done!
Finding genes in sequence #177 (2090 bp)...done!
Finding genes in sequence #178 (2969 bp)...done!
Finding genes in sequence #179 (3531 bp)...done!
Finding genes in sequence #180 (3081 bp)...done!
Finding genes in sequence #181 (6520 bp)...done!
Finding genes in sequence #182 (2190 bp)...done!
Finding genes in sequence #183 (3636 bp)...done!
Finding genes in sequence #184 (1790 bp)...done!
Finding genes in sequence #185 (6170 bp)...done!
Finding genes in sequence #186 (3402 bp)...done!
Finding genes in sequence #187 (2116 bp)...done!
Finding genes in sequence #188 (2204 bp)...done!
Finding genes in sequence #189 (7503 bp)...done!
Finding genes in sequence #190 (1595 bp)...done!
Finding genes in sequence #191 (4010 bp)...done!
Finding genes in sequence #192 (3660 bp)...done!
Finding genes in sequence #193 (1965 bp)...done!
Finding genes in sequence #194 (2613 bp)...done!
Finding genes in sequence #195 (3339 bp)...done!
Finding genes in sequence #196 (2679 bp)...done!
Finding genes in sequence #197 (5188 bp)...done!
Finding genes in sequence #198 (2152 bp)...done!
Finding genes in sequence #199 (2936 bp)...done!
Finding genes in sequence #200 (1689 bp)...done!
Finding genes in sequence #201 (3388 bp)...done!
Finding genes in sequence #202 (1791 bp)...done!
Finding genes in sequence #203 (3747 bp)...done!
Finding genes in sequence #204 (2007 bp)...done!
Finding genes in sequence #205 (2633 bp)...done!
Finding genes in sequence #206 (3170 bp)...done!
Finding genes in sequence #207 (2615 bp)...done!
Finding genes in sequence #208 (1662 bp)...done!
Finding genes in sequence #209 (3613 bp)...done!
Finding genes in sequence #210 (3057 bp)...done!
Finding genes in sequence #211 (1867 bp)...done!
Finding genes in sequence #212 (5140 bp)...done!
Finding genes in sequence #213 (1770 bp)...done!
Finding genes in sequence #214 (1865 bp)...done!
Finding genes in sequence #215 (4599 bp)...done!
Finding genes in sequence #216 (2010 bp)...done!
Finding genes in sequence #217 (1965 bp)...done!
Finding genes in sequence #218 (2260 bp)...done!
Finding genes in sequence #219 (3839 bp)...done!
Finding genes in sequence #220 (1591 bp)...done!
Finding genes in sequence #221 (2055 bp)...done!
Finding genes in sequence #222 (1700 bp)...done!
Finding genes in sequence #223 (1922 bp)...done!
Finding genes in sequence #224 (1975 bp)...done!
Finding genes in sequence #225 (2701 bp)...done!
Finding genes in sequence #226 (1758 bp)...done!
Finding genes in sequence #227 (3123 bp)...done!
Finding genes in sequence #228 (2019 bp)...done!
Finding genes in sequence #229 (1505 bp)...done!
Finding genes in sequence #230 (6075 bp)...done!
Finding genes in sequence #231 (3628 bp)...done!
Finding genes in sequence #232 (1760 bp)...done!
Finding genes in sequence #233 (1886 bp)...done!
Finding genes in sequence #234 (1740 bp)...done!
Finding genes in sequence #235 (2314 bp)...done!
Finding genes in sequence #236 (5603 bp)...done!
Finding genes in sequence #237 (2711 bp)...done!
Finding genes in sequence #238 (1737 bp)...done!
Finding genes in sequence #239 (2212 bp)...done!
Finding genes in sequence #240 (3212 bp)...done!
Finding genes in sequence #241 (4919 bp)...done!
Finding genes in sequence #242 (3358 bp)...done!
Finding genes in sequence #243 (3717 bp)...done!
Finding genes in sequence #244 (1506 bp)...done!
Finding genes in sequence #245 (5831 bp)...done!
Finding genes in sequence #246 (3063 bp)...done!
Finding genes in sequence #247 (3365 bp)...done!
Finding genes in sequence #248 (2509 bp)...done!
Finding genes in sequence #249 (5064 bp)...done!
Finding genes in sequence #250 (2184 bp)...done!
Finding genes in sequence #251 (2074 bp)...done!
Finding genes in sequence #252 (2456 bp)...done!
Finding genes in sequence #253 (1605 bp)...done!
Finding genes in sequence #254 (3121 bp)...done!
Finding genes in sequence #255 (5198 bp)...done!
Finding genes in sequence #256 (3172 bp)...done!
Finding genes in sequence #257 (4961 bp)...done!
Finding genes in sequence #258 (2149 bp)...done!
Finding genes in sequence #259 (2109 bp)...done!
Finding genes in sequence #260 (1957 bp)...done!
Finding genes in sequence #261 (1612 bp)...done!
Finding genes in sequence #262 (4242 bp)...done!
Finding genes in sequence #263 (4462 bp)...done!
Finding genes in sequence #264 (2262 bp)...done!
Finding genes in sequence #265 (6838 bp)...done!
Finding genes in sequence #266 (1987 bp)...done!
Finding genes in sequence #267 (1582 bp)...done!
Finding genes in sequence #268 (4700 bp)...done!
Finding genes in sequence #269 (5486 bp)...done!
Finding genes in sequence #270 (3357 bp)...done!
Finding genes in sequence #271 (2267 bp)...done!
Finding genes in sequence #272 (5466 bp)...done!
Finding genes in sequence #273 (1593 bp)...done!
Finding genes in sequence #274 (1935 bp)...done!
Finding genes in sequence #275 (1831 bp)...done!
Finding genes in sequence #276 (2191 bp)...done!
Finding genes in sequence #277 (2760 bp)...done!
Finding genes in sequence #278 (5398 bp)...done!
Finding genes in sequence #279 (1799 bp)...done!
Finding genes in sequence #280 (1928 bp)...done!
Finding genes in sequence #281 (3040 bp)...done!
Finding genes in sequence #282 (3203 bp)...done!
Finding genes in sequence #283 (3044 bp)...done!
Finding genes in sequence #284 (1971 bp)...done!
Finding genes in sequence #285 (2504 bp)...done!
Finding genes in sequence #286 (3054 bp)...done!
Finding genes in sequence #287 (5836 bp)...done!
Finding genes in sequence #288 (2336 bp)...done!
Finding genes in sequence #289 (6562 bp)...done!
Finding genes in sequence #290 (1937 bp)...done!
Finding genes in sequence #291 (5774 bp)...done!
Finding genes in sequence #292 (3209 bp)...done!
Finding genes in sequence #293 (1996 bp)...done!
Finding genes in sequence #294 (2151 bp)...done!
Finding genes in sequence #295 (1503 bp)...done!
Finding genes in sequence #296 (4353 bp)...done!
Finding genes in sequence #297 (3150 bp)...done!
Finding genes in sequence #298 (3542 bp)...done!
Finding genes in sequence #299 (4840 bp)...done!
Finding genes in sequence #300 (3259 bp)...done!
Finding genes in sequence #301 (2630 bp)...done!
Finding genes in sequence #302 (3175 bp)...done!
Finding genes in sequence #303 (2603 bp)...done!
Finding genes in sequence #304 (1834 bp)...done!
Finding genes in sequence #305 (1724 bp)...done!
Finding genes in sequence #306 (4226 bp)...done!
Finding genes in sequence #307 (2792 bp)...done!
Finding genes in sequence #308 (2903 bp)...done!
Finding genes in sequence #309 (1841 bp)...done!
Finding genes in sequence #310 (4528 bp)...done!
Finding genes in sequence #311 (4244 bp)...done!
Finding genes in sequence #312 (2501 bp)...done!
Finding genes in sequence #313 (2844 bp)...done!
Finding genes in sequence #314 (3479 bp)...done!
Finding genes in sequence #315 (2697 bp)...done!
Finding genes in sequence #316 (1565 bp)...done!
Finding genes in sequence #317 (4435 bp)...done!
Finding genes in sequence #318 (2113 bp)...done!
Finding genes in sequence #319 (3570 bp)...done!
Finding genes in sequence #320 (7525 bp)...done!
Finding genes in sequence #321 (2546 bp)...done!
Finding genes in sequence #322 (1831 bp)...done!
Finding genes in sequence #323 (4599 bp)...done!
Finding genes in sequence #324 (2459 bp)...done!
