-------------------------------------
PRODIGAL v2.6.3 [February, 2016]         
Univ of Tenn / Oak Ridge National Lab
Doug Hyatt, Loren Hauser, et al.     
-------------------------------------
Request:  Metagenomic, Phase:  Training
Initializing training files...done!
-------------------------------------
Request:  Metagenomic, Phase:  Gene Finding
Finding genes in sequence #1 (100061 bp)...done!
Finding genes in sequence #2 (509735 bp)...done!
Finding genes in sequence #3 (90782 bp)...done!
Finding genes in sequence #4 (284315 bp)...done!
Finding genes in sequence #5 (236805 bp)...done!
Finding genes in sequence #6 (179560 bp)...done!
Finding genes in sequence #7 (432090 bp)...done!
Finding genes in sequence #8 (1064594 bp)...done!
Finding genes in sequence #9 (466493 bp)...done!
Finding genes in sequence #10 (288556 bp)...done!
Finding genes in sequence #11 (204530 bp)...done!
Finding genes in sequence #12 (372866 bp)...done!
Finding genes in sequence #13 (399026 bp)...done!
