-------------------------------------
PRODIGAL v2.6.3 [February, 2016]         
Univ of Tenn / Oak Ridge National Lab
Doug Hyatt, Loren Hauser, et al.     
-------------------------------------
Request:  Metagenomic, Phase:  Training
Initializing training files...done!
-------------------------------------
Request:  Metagenomic, Phase:  Gene Finding
Finding genes in sequence #1 (8592 bp)...done!
Finding genes in sequence #2 (6090 bp)...done!
Finding genes in sequence #3 (1895 bp)...done!
Finding genes in sequence #4 (3826 bp)...done!
Finding genes in sequence #5 (10803 bp)...done!
Finding genes in sequence #6 (1987 bp)...done!
Finding genes in sequence #7 (2019 bp)...done!
Finding genes in sequence #8 (8094 bp)...done!
Finding genes in sequence #9 (4478 bp)...done!
Finding genes in sequence #10 (4951 bp)...done!
Finding genes in sequence #11 (3124 bp)...done!
Finding genes in sequence #12 (7166 bp)...done!
Finding genes in sequence #13 (2308 bp)...done!
Finding genes in sequence #14 (6612 bp)...done!
Finding genes in sequence #15 (14594 bp)...done!
Finding genes in sequence #16 (8191 bp)...done!
Finding genes in sequence #17 (11111 bp)...done!
Finding genes in sequence #18 (18029 bp)...done!
Finding genes in sequence #19 (11236 bp)...done!
Finding genes in sequence #20 (7544 bp)...done!
Finding genes in sequence #21 (2996 bp)...done!
Finding genes in sequence #22 (1960 bp)...done!
Finding genes in sequence #23 (8323 bp)...done!
Finding genes in sequence #24 (4488 bp)...done!
Finding genes in sequence #25 (11753 bp)...done!
Finding genes in sequence #26 (8414 bp)...done!
Finding genes in sequence #27 (5967 bp)...done!
Finding genes in sequence #28 (14057 bp)...done!
Finding genes in sequence #29 (14525 bp)...done!
Finding genes in sequence #30 (11890 bp)...done!
Finding genes in sequence #31 (1724 bp)...done!
Finding genes in sequence #32 (1866 bp)...done!
Finding genes in sequence #33 (3044 bp)...done!
Finding genes in sequence #34 (5062 bp)...done!
Finding genes in sequence #35 (1585 bp)...done!
Finding genes in sequence #36 (11091 bp)...done!
Finding genes in sequence #37 (3441 bp)...done!
Finding genes in sequence #38 (2047 bp)...done!
Finding genes in sequence #39 (6254 bp)...done!
Finding genes in sequence #40 (3807 bp)...done!
Finding genes in sequence #41 (11871 bp)...done!
Finding genes in sequence #42 (8280 bp)...done!
Finding genes in sequence #43 (1675 bp)...done!
Finding genes in sequence #44 (3052 bp)...done!
Finding genes in sequence #45 (5166 bp)...done!
Finding genes in sequence #46 (6637 bp)...done!
Finding genes in sequence #47 (3344 bp)...done!
Finding genes in sequence #48 (4923 bp)...done!
Finding genes in sequence #49 (1681 bp)...done!
Finding genes in sequence #50 (4547 bp)...done!
Finding genes in sequence #51 (5440 bp)...done!
Finding genes in sequence #52 (6111 bp)...done!
Finding genes in sequence #53 (3687 bp)...done!
Finding genes in sequence #54 (1533 bp)...done!
Finding genes in sequence #55 (5487 bp)...done!
Finding genes in sequence #56 (18077 bp)...done!
Finding genes in sequence #57 (2316 bp)...done!
Finding genes in sequence #58 (1884 bp)...done!
Finding genes in sequence #59 (2366 bp)...done!
Finding genes in sequence #60 (11483 bp)...done!
Finding genes in sequence #61 (4568 bp)...done!
Finding genes in sequence #62 (3132 bp)...done!
Finding genes in sequence #63 (13854 bp)...done!
Finding genes in sequence #64 (3220 bp)...done!
Finding genes in sequence #65 (5004 bp)...done!
Finding genes in sequence #66 (2171 bp)...done!
Finding genes in sequence #67 (3511 bp)...done!
Finding genes in sequence #68 (2354 bp)...done!
Finding genes in sequence #69 (1797 bp)...done!
Finding genes in sequence #70 (2041 bp)...done!
