-------------------------------------
PRODIGAL v2.6.3 [February, 2016]         
Univ of Tenn / Oak Ridge National Lab
Doug Hyatt, Loren Hauser, et al.     
-------------------------------------
Request:  Metagenomic, Phase:  Training
Initializing training files...done!
-------------------------------------
Request:  Metagenomic, Phase:  Gene Finding
Finding genes in sequence #1 (1683 bp)...done!
Finding genes in sequence #2 (1918 bp)...done!
Finding genes in sequence #3 (1781 bp)...done!
Finding genes in sequence #4 (1540 bp)...done!
Finding genes in sequence #5 (3746 bp)...done!
Finding genes in sequence #6 (1702 bp)...done!
Finding genes in sequence #7 (2335 bp)...done!
Finding genes in sequence #8 (2673 bp)...done!
Finding genes in sequence #9 (1541 bp)...done!
Finding genes in sequence #10 (2387 bp)...done!
Finding genes in sequence #11 (1569 bp)...done!
Finding genes in sequence #12 (3473 bp)...done!
Finding genes in sequence #13 (1863 bp)...done!
Finding genes in sequence #14 (8955 bp)...done!
Finding genes in sequence #15 (4017 bp)...done!
Finding genes in sequence #16 (2254 bp)...done!
Finding genes in sequence #17 (2841 bp)...done!
Finding genes in sequence #18 (4746 bp)...done!
Finding genes in sequence #19 (2269 bp)...done!
Finding genes in sequence #20 (2044 bp)...done!
Finding genes in sequence #21 (1521 bp)...done!
Finding genes in sequence #22 (1676 bp)...done!
Finding genes in sequence #23 (2221 bp)...done!
Finding genes in sequence #24 (1600 bp)...done!
Finding genes in sequence #25 (1620 bp)...done!
Finding genes in sequence #26 (2852 bp)...done!
Finding genes in sequence #27 (2037 bp)...done!
Finding genes in sequence #28 (2787 bp)...done!
Finding genes in sequence #29 (2168 bp)...done!
Finding genes in sequence #30 (2737 bp)...done!
Finding genes in sequence #31 (1896 bp)...done!
Finding genes in sequence #32 (2599 bp)...done!
Finding genes in sequence #33 (1572 bp)...done!
Finding genes in sequence #34 (3064 bp)...done!
Finding genes in sequence #35 (4762 bp)...done!
Finding genes in sequence #36 (4078 bp)...done!
Finding genes in sequence #37 (3029 bp)...done!
Finding genes in sequence #38 (1979 bp)...done!
Finding genes in sequence #39 (4232 bp)...done!
Finding genes in sequence #40 (4244 bp)...done!
Finding genes in sequence #41 (3601 bp)...done!
Finding genes in sequence #42 (3254 bp)...done!
Finding genes in sequence #43 (2910 bp)...done!
Finding genes in sequence #44 (3921 bp)...done!
Finding genes in sequence #45 (2292 bp)...done!
Finding genes in sequence #46 (2255 bp)...done!
Finding genes in sequence #47 (2047 bp)...done!
Finding genes in sequence #48 (3745 bp)...done!
Finding genes in sequence #49 (2267 bp)...done!
Finding genes in sequence #50 (3771 bp)...done!
Finding genes in sequence #51 (1902 bp)...done!
Finding genes in sequence #52 (6485 bp)...done!
Finding genes in sequence #53 (5836 bp)...done!
Finding genes in sequence #54 (5329 bp)...done!
Finding genes in sequence #55 (2308 bp)...done!
Finding genes in sequence #56 (2091 bp)...done!
Finding genes in sequence #57 (6294 bp)...done!
Finding genes in sequence #58 (1569 bp)...done!
Finding genes in sequence #59 (2363 bp)...done!
Finding genes in sequence #60 (3209 bp)...done!
Finding genes in sequence #61 (1664 bp)...done!
Finding genes in sequence #62 (1722 bp)...done!
Finding genes in sequence #63 (3414 bp)...done!
Finding genes in sequence #64 (1611 bp)...done!
Finding genes in sequence #65 (4333 bp)...done!
Finding genes in sequence #66 (4274 bp)...done!
Finding genes in sequence #67 (2503 bp)...done!
Finding genes in sequence #68 (2309 bp)...done!
Finding genes in sequence #69 (2220 bp)...done!
Finding genes in sequence #70 (1766 bp)...done!
Finding genes in sequence #71 (1608 bp)...done!
Finding genes in sequence #72 (2433 bp)...done!
Finding genes in sequence #73 (2717 bp)...done!
Finding genes in sequence #74 (1592 bp)...done!
Finding genes in sequence #75 (1791 bp)...done!
Finding genes in sequence #76 (4419 bp)...done!
Finding genes in sequence #77 (4241 bp)...done!
Finding genes in sequence #78 (4752 bp)...done!
Finding genes in sequence #79 (2634 bp)...done!
Finding genes in sequence #80 (6070 bp)...done!
Finding genes in sequence #81 (2468 bp)...done!
Finding genes in sequence #82 (1730 bp)...done!
Finding genes in sequence #83 (2428 bp)...done!
Finding genes in sequence #84 (1708 bp)...done!
Finding genes in sequence #85 (1622 bp)...done!
Finding genes in sequence #86 (7363 bp)...done!
Finding genes in sequence #87 (2847 bp)...done!
Finding genes in sequence #88 (1759 bp)...done!
Finding genes in sequence #89 (1959 bp)...done!
Finding genes in sequence #90 (2093 bp)...done!
Finding genes in sequence #91 (2356 bp)...done!
Finding genes in sequence #92 (1510 bp)...done!
Finding genes in sequence #93 (2771 bp)...done!
Finding genes in sequence #94 (1737 bp)...done!
Finding genes in sequence #95 (2199 bp)...done!
Finding genes in sequence #96 (6080 bp)...done!
Finding genes in sequence #97 (1552 bp)...done!
Finding genes in sequence #98 (3994 bp)...done!
Finding genes in sequence #99 (2287 bp)...done!
Finding genes in sequence #100 (5072 bp)...done!
Finding genes in sequence #101 (1890 bp)...done!
Finding genes in sequence #102 (1998 bp)...done!
Finding genes in sequence #103 (5434 bp)...done!
Finding genes in sequence #104 (2234 bp)...done!
Finding genes in sequence #105 (1774 bp)...done!
Finding genes in sequence #106 (2062 bp)...done!
Finding genes in sequence #107 (1883 bp)...done!
Finding genes in sequence #108 (1672 bp)...done!
Finding genes in sequence #109 (4319 bp)...done!
Finding genes in sequence #110 (4875 bp)...done!
Finding genes in sequence #111 (3607 bp)...done!
Finding genes in sequence #112 (3505 bp)...done!
Finding genes in sequence #113 (2125 bp)...done!
Finding genes in sequence #114 (1581 bp)...done!
Finding genes in sequence #115 (1975 bp)...done!
Finding genes in sequence #116 (3426 bp)...done!
Finding genes in sequence #117 (2010 bp)...done!
Finding genes in sequence #118 (2340 bp)...done!
Finding genes in sequence #119 (1733 bp)...done!
Finding genes in sequence #120 (1511 bp)...done!
Finding genes in sequence #121 (4291 bp)...done!
Finding genes in sequence #122 (1947 bp)...done!
Finding genes in sequence #123 (1662 bp)...done!
Finding genes in sequence #124 (2201 bp)...done!
Finding genes in sequence #125 (2441 bp)...done!
Finding genes in sequence #126 (3345 bp)...done!
Finding genes in sequence #127 (3333 bp)...done!
Finding genes in sequence #128 (1572 bp)...done!
Finding genes in sequence #129 (1623 bp)...done!
Finding genes in sequence #130 (2076 bp)...done!
Finding genes in sequence #131 (1589 bp)...done!
Finding genes in sequence #132 (2772 bp)...done!
Finding genes in sequence #133 (2633 bp)...done!
Finding genes in sequence #134 (2191 bp)...done!
Finding genes in sequence #135 (1513 bp)...done!
Finding genes in sequence #136 (2199 bp)...done!
Finding genes in sequence #137 (2261 bp)...done!
Finding genes in sequence #138 (1686 bp)...done!
Finding genes in sequence #139 (2257 bp)...done!
Finding genes in sequence #140 (2905 bp)...done!
Finding genes in sequence #141 (1500 bp)...done!
Finding genes in sequence #142 (4998 bp)...done!
Finding genes in sequence #143 (1992 bp)...done!
Finding genes in sequence #144 (12283 bp)...done!
Finding genes in sequence #145 (2581 bp)...done!
Finding genes in sequence #146 (5117 bp)...done!
Finding genes in sequence #147 (2140 bp)...done!
Finding genes in sequence #148 (3767 bp)...done!
Finding genes in sequence #149 (3288 bp)...done!
Finding genes in sequence #150 (6779 bp)...done!
Finding genes in sequence #151 (6761 bp)...done!
Finding genes in sequence #152 (1805 bp)...done!
Finding genes in sequence #153 (2900 bp)...done!
Finding genes in sequence #154 (3746 bp)...done!
Finding genes in sequence #155 (1693 bp)...done!
Finding genes in sequence #156 (1583 bp)...done!
Finding genes in sequence #157 (1685 bp)...done!
Finding genes in sequence #158 (3534 bp)...done!
Finding genes in sequence #159 (2313 bp)...done!
Finding genes in sequence #160 (1859 bp)...done!
Finding genes in sequence #161 (10203 bp)...done!
Finding genes in sequence #162 (2150 bp)...done!
Finding genes in sequence #163 (2358 bp)...done!
Finding genes in sequence #164 (3341 bp)...done!
Finding genes in sequence #165 (2259 bp)...done!
Finding genes in sequence #166 (1929 bp)...done!
Finding genes in sequence #167 (2342 bp)...done!
Finding genes in sequence #168 (1621 bp)...done!
Finding genes in sequence #169 (2398 bp)...done!
Finding genes in sequence #170 (1642 bp)...done!
Finding genes in sequence #171 (1923 bp)...done!
Finding genes in sequence #172 (3985 bp)...done!
Finding genes in sequence #173 (2598 bp)...done!
Finding genes in sequence #174 (2363 bp)...done!
Finding genes in sequence #175 (2570 bp)...done!
Finding genes in sequence #176 (2118 bp)...done!
Finding genes in sequence #177 (11870 bp)...done!
Finding genes in sequence #178 (3441 bp)...done!
Finding genes in sequence #179 (3232 bp)...done!
Finding genes in sequence #180 (1604 bp)...done!
Finding genes in sequence #181 (2858 bp)...done!
Finding genes in sequence #182 (2147 bp)...done!
Finding genes in sequence #183 (1688 bp)...done!
Finding genes in sequence #184 (1538 bp)...done!
Finding genes in sequence #185 (2006 bp)...done!
Finding genes in sequence #186 (1567 bp)...done!
Finding genes in sequence #187 (3799 bp)...done!
Finding genes in sequence #188 (3609 bp)...done!
Finding genes in sequence #189 (3090 bp)...done!
Finding genes in sequence #190 (1810 bp)...done!
Finding genes in sequence #191 (3225 bp)...done!
Finding genes in sequence #192 (2403 bp)...done!
Finding genes in sequence #193 (3123 bp)...done!
Finding genes in sequence #194 (4482 bp)...done!
Finding genes in sequence #195 (1728 bp)...done!
Finding genes in sequence #196 (2057 bp)...done!
Finding genes in sequence #197 (3855 bp)...done!
Finding genes in sequence #198 (4155 bp)...done!
Finding genes in sequence #199 (2196 bp)...done!
Finding genes in sequence #200 (2643 bp)...done!
Finding genes in sequence #201 (2649 bp)...done!
Finding genes in sequence #202 (4745 bp)...done!
Finding genes in sequence #203 (1590 bp)...done!
Finding genes in sequence #204 (1618 bp)...done!
Finding genes in sequence #205 (3213 bp)...done!
Finding genes in sequence #206 (2653 bp)...done!
Finding genes in sequence #207 (2193 bp)...done!
Finding genes in sequence #208 (2142 bp)...done!
Finding genes in sequence #209 (3623 bp)...done!
Finding genes in sequence #210 (4445 bp)...done!
Finding genes in sequence #211 (2174 bp)...done!
Finding genes in sequence #212 (1890 bp)...done!
Finding genes in sequence #213 (5720 bp)...done!
Finding genes in sequence #214 (1835 bp)...done!
Finding genes in sequence #215 (2928 bp)...done!
Finding genes in sequence #216 (4272 bp)...done!
Finding genes in sequence #217 (3285 bp)...done!
Finding genes in sequence #218 (5180 bp)...done!
Finding genes in sequence #219 (2589 bp)...done!
Finding genes in sequence #220 (8130 bp)...done!
Finding genes in sequence #221 (2452 bp)...done!
Finding genes in sequence #222 (2928 bp)...done!
Finding genes in sequence #223 (4057 bp)...done!
Finding genes in sequence #224 (5212 bp)...done!
Finding genes in sequence #225 (3848 bp)...done!
Finding genes in sequence #226 (2765 bp)...done!
Finding genes in sequence #227 (2701 bp)...done!
Finding genes in sequence #228 (6509 bp)...done!
Finding genes in sequence #229 (1923 bp)...done!
Finding genes in sequence #230 (3224 bp)...done!
Finding genes in sequence #231 (2325 bp)...done!
Finding genes in sequence #232 (6240 bp)...done!
Finding genes in sequence #233 (2352 bp)...done!
Finding genes in sequence #234 (6676 bp)...done!
Finding genes in sequence #235 (3360 bp)...done!
Finding genes in sequence #236 (3788 bp)...done!
Finding genes in sequence #237 (3797 bp)...done!
Finding genes in sequence #238 (7690 bp)...done!
Finding genes in sequence #239 (3615 bp)...done!
Finding genes in sequence #240 (1759 bp)...done!
Finding genes in sequence #241 (4726 bp)...done!
Finding genes in sequence #242 (1543 bp)...done!
Finding genes in sequence #243 (5074 bp)...done!
Finding genes in sequence #244 (2516 bp)...done!
Finding genes in sequence #245 (1863 bp)...done!
Finding genes in sequence #246 (2312 bp)...done!
Finding genes in sequence #247 (1609 bp)...done!
Finding genes in sequence #248 (1868 bp)...done!
Finding genes in sequence #249 (3489 bp)...done!
Finding genes in sequence #250 (1868 bp)...done!
Finding genes in sequence #251 (2163 bp)...done!
Finding genes in sequence #252 (2743 bp)...done!
Finding genes in sequence #253 (5836 bp)...done!
Finding genes in sequence #254 (2367 bp)...done!
Finding genes in sequence #255 (4205 bp)...done!
Finding genes in sequence #256 (2618 bp)...done!
Finding genes in sequence #257 (3424 bp)...done!
Finding genes in sequence #258 (5606 bp)...done!
Finding genes in sequence #259 (2129 bp)...done!
Finding genes in sequence #260 (3898 bp)...done!
Finding genes in sequence #261 (3670 bp)...done!
Finding genes in sequence #262 (3242 bp)...done!
Finding genes in sequence #263 (1603 bp)...done!
Finding genes in sequence #264 (3302 bp)...done!
Finding genes in sequence #265 (2877 bp)...done!
Finding genes in sequence #266 (2852 bp)...done!
Finding genes in sequence #267 (3329 bp)...done!
Finding genes in sequence #268 (4410 bp)...done!
Finding genes in sequence #269 (2425 bp)...done!
Finding genes in sequence #270 (1626 bp)...done!
Finding genes in sequence #271 (2642 bp)...done!
Finding genes in sequence #272 (6067 bp)...done!
Finding genes in sequence #273 (3916 bp)...done!
Finding genes in sequence #274 (8187 bp)...done!
Finding genes in sequence #275 (3563 bp)...done!
Finding genes in sequence #276 (2171 bp)...done!
Finding genes in sequence #277 (5140 bp)...done!
Finding genes in sequence #278 (2363 bp)...done!
Finding genes in sequence #279 (2220 bp)...done!
Finding genes in sequence #280 (2108 bp)...done!
Finding genes in sequence #281 (1781 bp)...done!
Finding genes in sequence #282 (1614 bp)...done!
Finding genes in sequence #283 (2775 bp)...done!
Finding genes in sequence #284 (7276 bp)...done!
Finding genes in sequence #285 (1620 bp)...done!
Finding genes in sequence #286 (2844 bp)...done!
Finding genes in sequence #287 (1970 bp)...done!
Finding genes in sequence #288 (1900 bp)...done!
Finding genes in sequence #289 (4483 bp)...done!
Finding genes in sequence #290 (2208 bp)...done!
Finding genes in sequence #291 (3145 bp)...done!
Finding genes in sequence #292 (3776 bp)...done!
Finding genes in sequence #293 (3184 bp)...done!
Finding genes in sequence #294 (2710 bp)...done!
Finding genes in sequence #295 (1774 bp)...done!
Finding genes in sequence #296 (3035 bp)...done!
Finding genes in sequence #297 (5763 bp)...done!
Finding genes in sequence #298 (1747 bp)...done!
Finding genes in sequence #299 (4558 bp)...done!
Finding genes in sequence #300 (1903 bp)...done!
Finding genes in sequence #301 (1703 bp)...done!
Finding genes in sequence #302 (4626 bp)...done!
Finding genes in sequence #303 (2702 bp)...done!
Finding genes in sequence #304 (4367 bp)...done!
Finding genes in sequence #305 (4870 bp)...done!
Finding genes in sequence #306 (2698 bp)...done!
Finding genes in sequence #307 (2178 bp)...done!
Finding genes in sequence #308 (2247 bp)...done!
Finding genes in sequence #309 (2198 bp)...done!
Finding genes in sequence #310 (6562 bp)...done!
Finding genes in sequence #311 (2859 bp)...done!
Finding genes in sequence #312 (3452 bp)...done!
Finding genes in sequence #313 (1765 bp)...done!
Finding genes in sequence #314 (1516 bp)...done!
Finding genes in sequence #315 (3841 bp)...done!
Finding genes in sequence #316 (1634 bp)...done!
Finding genes in sequence #317 (3325 bp)...done!
Finding genes in sequence #318 (7729 bp)...done!
Finding genes in sequence #319 (2413 bp)...done!
Finding genes in sequence #320 (3457 bp)...done!
Finding genes in sequence #321 (1933 bp)...done!
Finding genes in sequence #322 (3715 bp)...done!
Finding genes in sequence #323 (1515 bp)...done!
Finding genes in sequence #324 (4256 bp)...done!
Finding genes in sequence #325 (3897 bp)...done!
Finding genes in sequence #326 (1840 bp)...done!
Finding genes in sequence #327 (1716 bp)...done!
Finding genes in sequence #328 (2592 bp)...done!
Finding genes in sequence #329 (3550 bp)...done!
Finding genes in sequence #330 (2041 bp)...done!
Finding genes in sequence #331 (3592 bp)...done!
Finding genes in sequence #332 (3323 bp)...done!
Finding genes in sequence #333 (1815 bp)...done!
Finding genes in sequence #334 (6493 bp)...done!
Finding genes in sequence #335 (14790 bp)...done!
Finding genes in sequence #336 (2286 bp)...done!
Finding genes in sequence #337 (4018 bp)...done!
Finding genes in sequence #338 (7704 bp)...done!
Finding genes in sequence #339 (3500 bp)...done!
Finding genes in sequence #340 (2329 bp)...done!
Finding genes in sequence #341 (2167 bp)...done!
Finding genes in sequence #342 (5252 bp)...done!
Finding genes in sequence #343 (1665 bp)...done!
Finding genes in sequence #344 (1745 bp)...done!
Finding genes in sequence #345 (1914 bp)...done!
Finding genes in sequence #346 (10738 bp)...done!
Finding genes in sequence #347 (2982 bp)...done!
Finding genes in sequence #348 (4768 bp)...done!
Finding genes in sequence #349 (4879 bp)...done!
Finding genes in sequence #350 (2090 bp)...done!
Finding genes in sequence #351 (3786 bp)...done!
Finding genes in sequence #352 (1802 bp)...done!
Finding genes in sequence #353 (1588 bp)...done!
Finding genes in sequence #354 (2244 bp)...done!
Finding genes in sequence #355 (3312 bp)...done!
Finding genes in sequence #356 (3549 bp)...done!
Finding genes in sequence #357 (1851 bp)...done!
Finding genes in sequence #358 (1760 bp)...done!
Finding genes in sequence #359 (2854 bp)...done!
Finding genes in sequence #360 (3034 bp)...done!
Finding genes in sequence #361 (1836 bp)...done!
