-------------------------------------
PRODIGAL v2.6.3 [February, 2016]         
Univ of Tenn / Oak Ridge National Lab
Doug Hyatt, Loren Hauser, et al.     
-------------------------------------
Request:  Metagenomic, Phase:  Training
Initializing training files...done!
-------------------------------------
Request:  Metagenomic, Phase:  Gene Finding
Finding genes in sequence #1 (19672 bp)...done!
Finding genes in sequence #2 (32214 bp)...done!
Finding genes in sequence #3 (31408 bp)...done!
Finding genes in sequence #4 (20766 bp)...done!
Finding genes in sequence #5 (5128 bp)...done!
Finding genes in sequence #6 (2434 bp)...done!
Finding genes in sequence #7 (4961 bp)...done!
Finding genes in sequence #8 (3556 bp)...done!
Finding genes in sequence #9 (6465 bp)...done!
Finding genes in sequence #10 (24318 bp)...done!
Finding genes in sequence #11 (9671 bp)...done!
Finding genes in sequence #12 (3630 bp)...done!
Finding genes in sequence #13 (47018 bp)...done!
Finding genes in sequence #14 (8125 bp)...done!
Finding genes in sequence #15 (4076 bp)...done!
Finding genes in sequence #16 (60188 bp)...done!
Finding genes in sequence #17 (1563 bp)...done!
Finding genes in sequence #18 (15590 bp)...done!
Finding genes in sequence #19 (5981 bp)...done!
Finding genes in sequence #20 (31699 bp)...done!
Finding genes in sequence #21 (14075 bp)...done!
Finding genes in sequence #22 (45346 bp)...done!
Finding genes in sequence #23 (4717 bp)...done!
Finding genes in sequence #24 (154393 bp)...done!
Finding genes in sequence #25 (1920 bp)...done!
Finding genes in sequence #26 (28130 bp)...done!
Finding genes in sequence #27 (15426 bp)...done!
Finding genes in sequence #28 (8128 bp)...done!
Finding genes in sequence #29 (7347 bp)...done!
Finding genes in sequence #30 (85981 bp)...done!
Finding genes in sequence #31 (46623 bp)...done!
Finding genes in sequence #32 (8425 bp)...done!
Finding genes in sequence #33 (55598 bp)...done!
Finding genes in sequence #34 (1514 bp)...done!
Finding genes in sequence #35 (15133 bp)...done!
Finding genes in sequence #36 (13870 bp)...done!
Finding genes in sequence #37 (12261 bp)...done!
Finding genes in sequence #38 (2838 bp)...done!
Finding genes in sequence #39 (10807 bp)...done!
Finding genes in sequence #40 (11422 bp)...done!
Finding genes in sequence #41 (1728 bp)...done!
Finding genes in sequence #42 (23578 bp)...done!
Finding genes in sequence #43 (2945 bp)...done!
Finding genes in sequence #44 (14806 bp)...done!
Finding genes in sequence #45 (16998 bp)...done!
Finding genes in sequence #46 (11262 bp)...done!
Finding genes in sequence #47 (8635 bp)...done!
Finding genes in sequence #48 (32923 bp)...done!
Finding genes in sequence #49 (1621 bp)...done!
Finding genes in sequence #50 (1945 bp)...done!
Finding genes in sequence #51 (8426 bp)...done!
Finding genes in sequence #52 (2818 bp)...done!
Finding genes in sequence #53 (29962 bp)...done!
Finding genes in sequence #54 (13952 bp)...done!
Finding genes in sequence #55 (17391 bp)...done!
Finding genes in sequence #56 (4894 bp)...done!
Finding genes in sequence #57 (9455 bp)...done!
Finding genes in sequence #58 (1810 bp)...done!
Finding genes in sequence #59 (39458 bp)...done!
Finding genes in sequence #60 (15803 bp)...done!
Finding genes in sequence #61 (9846 bp)...done!
Finding genes in sequence #62 (2689 bp)...done!
Finding genes in sequence #63 (1609 bp)...done!
Finding genes in sequence #64 (34810 bp)...done!
Finding genes in sequence #65 (1838 bp)...done!
Finding genes in sequence #66 (78730 bp)...done!
Finding genes in sequence #67 (2928 bp)...done!
Finding genes in sequence #68 (13304 bp)...done!
Finding genes in sequence #69 (8030 bp)...done!
Finding genes in sequence #70 (7532 bp)...done!
Finding genes in sequence #71 (26943 bp)...done!
Finding genes in sequence #72 (2087 bp)...done!
Finding genes in sequence #73 (106814 bp)...done!
Finding genes in sequence #74 (23194 bp)...done!
Finding genes in sequence #75 (6018 bp)...done!
Finding genes in sequence #76 (4869 bp)...done!
Finding genes in sequence #77 (98437 bp)...done!
Finding genes in sequence #78 (3262 bp)...done!
Finding genes in sequence #79 (6767 bp)...done!
Finding genes in sequence #80 (4774 bp)...done!
Finding genes in sequence #81 (2858 bp)...done!
Finding genes in sequence #82 (81898 bp)...done!
Finding genes in sequence #83 (9381 bp)...done!
Finding genes in sequence #84 (1888 bp)...done!
Finding genes in sequence #85 (7743 bp)...done!
Finding genes in sequence #86 (5115 bp)...done!
Finding genes in sequence #87 (2355 bp)...done!
Finding genes in sequence #88 (18726 bp)...done!
Finding genes in sequence #89 (9594 bp)...done!
Finding genes in sequence #90 (5803 bp)...done!
Finding genes in sequence #91 (4527 bp)...done!
Finding genes in sequence #92 (44823 bp)...done!
Finding genes in sequence #93 (2744 bp)...done!
Finding genes in sequence #94 (2068 bp)...done!
Finding genes in sequence #95 (11522 bp)...done!
Finding genes in sequence #96 (3917 bp)...done!
Finding genes in sequence #97 (22622 bp)...done!
Finding genes in sequence #98 (18131 bp)...done!
Finding genes in sequence #99 (34299 bp)...done!
Finding genes in sequence #100 (5983 bp)...done!
Finding genes in sequence #101 (67213 bp)...done!
Finding genes in sequence #102 (4285 bp)...done!
Finding genes in sequence #103 (3117 bp)...done!
Finding genes in sequence #104 (41813 bp)...done!
Finding genes in sequence #105 (3751 bp)...done!
Finding genes in sequence #106 (41861 bp)...done!
