
MicrobeCensus - estimation of average genome size from shotgun sequence data
version 1.1.0; github.com/snayfach/MicrobeCensus
Copyright (C) 2013-2015 Stephen Nayfach
Freely distributed under the GNU General Public License (GPLv3)

=============Parameters==============
Input metagenome: ['${PROJECT_ROOT}/data/raw/article13/ERR9765746_clean_R1.fastq.gz', '${PROJECT_ROOT}/data/raw/article13/ERR9765746_clean_R2.fastq.gz']
Output file: ${ARTICLE21_RAW_DIR}/read-length-100.output.tsv
Reads trimmed to: 100 bp
Maximum reads sampled: 100000000
Threads to use for db search: 8
Minimum base-level quality score: -5
Minimum read-level quality score: -5
Maximum percent unknown bases/read: 100
Filter duplicate reads: False
Keep temporary files: False

====Estimating Average Genome Size====
Sampling & trimming reads...
	207 reads shorter than 100 bp and skipped
	0 low quality reads found and skipped
	0 duplicate reads found and skipped
	199775 reads sampled from seqfile
Searching reads against marker proteins...
	8546 reads hit marker proteins
Filtering hits...
	1353 reads assigned to a marker protein
Computing average genome size...
	2469448.8 bp
Computing number of genome equivalents...
{"average_genome_size": 2469448.8040391826, "compatibility_shim": "RAPsearch2 preflight bytes-to-text only", "duplicate_filter": false, "genome_equivalents": 12.071427822776199, "internal_version": "1.1.0", "nreads_ceiling": 100000000, "quality_filters": false, "read_length": 100, "reads_sampled": 199775, "source_commit": "dfc42d356bfd7943633cde6c0fbfc0b116f29ae2", "source_tag": "v1.1.1", "status": "passed", "threads": 8, "total_bases": 29809773}
