#  emapper-2.1.15-085544b
# emapper.py  -i /workspace/wechat/Metagenome/data/raw/article36/work/inputs/catalog.faa --itype proteins -m diamond --sensmode sensitive --dmnd_iterate yes --evalue 0.001 --outfmt_short --seed_ortholog_evalue 0.001 --tax_scope auto --tax_scope_mode inner_narrowest --target_orthologs all --pfam_realign none --data_dir /workspace/databases/eggnog_data --go_evidence non-electronic --md5 --cpu 32 -o catalog-main --output_dir /workspace/wechat/Metagenome/data/raw/article36/work/annotation/main --override
[1;33m  /workspace/miniconda3/envs/metagenome-eggnog-2026.07/bin/diamond blastp -d '/workspace/databases/eggnog_data/eggnog_proteins.dmnd' -q '/workspace/wechat/Metagenome/data/raw/article36/work/inputs/catalog.faa' --threads 32 -o '/workspace/wechat/Metagenome/data/raw/article36/work/annotation/main/catalog-main.emapper.hits' --tmpdir '/workspace/wechat/Metagenome/emappertmp_dmdn_pscek8n9' --sensitive --iterate -e 0.001 --top 3  --outfmt 6 qseqid sseqid evalue bitscore[0m
[32mCreating md5 hashes of input sequences[0m
[32mDone[0m
[1;33mResult files:[0m
   /workspace/wechat/Metagenome/data/raw/article36/work/annotation/main/catalog-main.emapper.hits
   /workspace/wechat/Metagenome/data/raw/article36/work/annotation/main/catalog-main.emapper.seed_orthologs
   /workspace/wechat/Metagenome/data/raw/article36/work/annotation/main/catalog-main.emapper.annotations

================================================================================
CITATION:
If you use this software, please cite:

[1] eggNOG-mapper v2: functional annotation, orthology assignments, and domain 
      prediction at the metagenomic scale. Carlos P. Cantalapiedra, 
      Ana Hernandez-Plaza, Ivica Letunic, Peer Bork, Jaime Huerta-Cepas. 2021.
      Molecular Biology and Evolution, msab293, https://doi.org/10.1093/molbev/msab293

[2] eggNOG 5.0: a hierarchical, functionally and phylogenetically annotated
      orthology resource based on 5090 organisms and 2502 viruses. Jaime
      Huerta-Cepas, Damian Szklarczyk, Davide Heller, Ana Hernandez-Plaza,
      Sofia K Forslund, Helen Cook, Daniel R Mende, Ivica Letunic, Thomas
      Rattei, Lars J Jensen, Christian von Mering and Peer Bork. Nucleic Acids
      Research, Volume 47, Issue D1, 8 January 2019, Pages D309-D314,
      https://doi.org/10.1093/nar/gky1085 

[3] Sensitive protein alignments at tree-of-life scale using DIAMOND.
       Buchfink B, Reuter K, Drost HG. 2021.
       Nature Methods 18, 366–368 (2021). https://doi.org/10.1038/s41592-021-01101-x

e.g. Functional annotation was performed using eggNOG-mapper (version emapper-2.1.15-085544b) [1]
 based on eggNOG orthology data [2]. Sequence searches were performed using [3].

================================================================================

Total hits processed: 84511
Total time: 718 secs
FINISHED
