#  emapper-2.1.15-085544b
# emapper.py  -m no_search --annotate_hits_table /workspace/wechat/Metagenome/data/raw/article36/work/annotation/main/catalog-main.emapper.seed_orthologs --seed_ortholog_evalue 0.001 --tax_scope auto --tax_scope_mode inner_narrowest --target_orthologs all --pfam_realign none --data_dir /workspace/databases/eggnog_data --go_evidence all --cpu 8 -o catalog-go-all --output_dir /workspace/wechat/Metagenome/data/raw/article36/work/annotation/go-all --override
[32mDone[0m
[1;33mResult files:[0m
   /workspace/wechat/Metagenome/data/raw/article36/work/annotation/go-all/catalog-go-all.emapper.annotations

================================================================================
CITATION:
If you use this software, please cite:

[1] eggNOG-mapper v2: functional annotation, orthology assignments, and domain 
      prediction at the metagenomic scale. Carlos P. Cantalapiedra, 
      Ana Hernandez-Plaza, Ivica Letunic, Peer Bork, Jaime Huerta-Cepas. 2021.
      Molecular Biology and Evolution, msab293, https://doi.org/10.1093/molbev/msab293

[2] eggNOG 5.0: a hierarchical, functionally and phylogenetically annotated
      orthology resource based on 5090 organisms and 2502 viruses. Jaime
      Huerta-Cepas, Damian Szklarczyk, Davide Heller, Ana Hernandez-Plaza,
      Sofia K Forslund, Helen Cook, Daniel R Mende, Ivica Letunic, Thomas
      Rattei, Lars J Jensen, Christian von Mering and Peer Bork. Nucleic Acids
      Research, Volume 47, Issue D1, 8 January 2019, Pages D309-D314,
      https://doi.org/10.1093/nar/gky1085 

e.g. Functional annotation was performed using eggNOG-mapper (version emapper-2.1.15-085544b) [1]
 based on eggNOG orthology data [2]. Sequence searches were performed using [3].

================================================================================

Total hits processed: 84511
Total time: 70 secs
FINISHED
