
======= SPAdes pipeline continued. Log can be found here: ${ARTICLE32_WORK_DIR}/assemblies/spades-illumina-ont/spades.log

Restored from Command line: ${HYBRID_ENV_PREFIX}/bin/spades.py	--meta	--only-assembler	-1	${ARTICLE32_RAW_DIR}/clean/ERR9765746_clean10m_R1.fastq.gz	-2	${ARTICLE32_RAW_DIR}/clean/ERR9765746_clean10m_R2.fastq.gz	--nanopore	${PROJECT_ROOT}/data/raw/article31/full/ERR9765780.fastq.gz	-k	21,33,55,77	-t	32	-m	256	-o	${ARTICLE32_WORK_DIR}/assemblies/spades-illumina-ont

Command line: ${HYBRID_ENV_PREFIX}/bin/spades.py	--meta	--only-assembler	-1	${ARTICLE32_RAW_DIR}/clean/ERR9765746_clean10m_R1.fastq.gz	-2	${ARTICLE32_RAW_DIR}/clean/ERR9765746_clean10m_R2.fastq.gz	--nanopore	${PROJECT_ROOT}/data/raw/article31/full/ERR9765780.fastq.gz	-k	21,33,55,77	-t	32	-m	256	-o	${ARTICLE32_WORK_DIR}/assemblies/spades-illumina-ont

System information:
  SPAdes version: 4.3.0
  Python version: 3.10.20
  OS: Linux-6.8.0-49-generic-x86_64-with-glibc2.35

Output dir: ${ARTICLE32_WORK_DIR}/assemblies/spades-illumina-ont
Mode: ONLY assembling (without read error correction)
Debug mode is turned OFF

Dataset parameters:
  Metagenomic mode
  Reads:
    Library number: 1, library type: paired-end
      orientation: fr
      left reads: ['${ARTICLE32_RAW_DIR}/clean/ERR9765746_clean10m_R1.fastq.gz']
      right reads: ['${ARTICLE32_RAW_DIR}/clean/ERR9765746_clean10m_R2.fastq.gz']
      interlaced reads: not specified
      single reads: not specified
      merged reads: not specified
    Library number: 2, library type: nanopore
      left reads: not specified
      right reads: not specified
      interlaced reads: not specified
      single reads: ['${PROJECT_ROOT}/data/raw/article31/full/ERR9765780.fastq.gz']
      merged reads: not specified
Assembly parameters:
  k: [21, 33, 55, 77]
  Repeat resolution is enabled
  Mismatch careful mode is turned OFF
  MismatchCorrector will be SKIPPED
  Coverage cutoff is turned OFF
  Assembly graph output will use GFA v1.2 format
Other parameters:
  Dir for temp files: ${ARTICLE32_WORK_DIR}/assemblies/spades-illumina-ont/tmp
  Threads: 32
  Memory limit (in Gb): 256

${ARTICLE32_RAW_DIR}/clean/ERR9765746_clean10m_R1.fastq.gz: max reads length: 150
${ARTICLE32_RAW_DIR}/clean/ERR9765746_clean10m_R2.fastq.gz: max reads length: 150

Reads length: 150


===== Before start started. 


===== Assembling started. 


===== K21 started. 


== Running: ${HYBRID_ENV_PREFIX}/bin/spades-core ${ARTICLE32_WORK_DIR}/assemblies/spades-illumina-ont/K21/configs/config.info ${ARTICLE32_WORK_DIR}/assemblies/spades-illumina-ont/K21/configs/mda_mode.info ${ARTICLE32_WORK_DIR}/assemblies/spades-illumina-ont/K21/configs/meta_mode.info

  0:00:00.000     1M / 17M   INFO    General                 (main.cpp                  :  94)   Loaded config from "${ARTICLE32_WORK_DIR}/assemblies/spades-illumina-ont/K21/configs/config.info"
  0:00:00.002     1M / 17M   INFO    General                 (main.cpp                  :  94)   Loaded config from "${ARTICLE32_WORK_DIR}/assemblies/spades-illumina-ont/K21/configs/mda_mode.info"
  0:00:00.002     1M / 17M   INFO    General                 (main.cpp                  :  94)   Loaded config from "${ARTICLE32_WORK_DIR}/assemblies/spades-illumina-ont/K21/configs/meta_mode.info"
  0:00:00.002     1M / 17M   INFO    General                 (memory_limit.cpp          :  55)   Memory limit set to 256 Gb
  0:00:00.002     1M / 17M   INFO    General                 (main.cpp                  : 102)   Starting SPAdes, built from N/A, git revision N/A
  0:00:00.002     1M / 17M   INFO    General                 (main.cpp                  : 103)   Maximum k-mer length: 128
  0:00:00.002     1M / 17M   INFO    General                 (main.cpp                  : 104)   Assembling dataset ("${ARTICLE32_WORK_DIR}/assemblies/spades-illumina-ont/dataset.info") with K=21
  0:00:00.002     1M / 17M   INFO    General                 (main.cpp                  : 105)   Maximum # of threads to use (adjusted due to OMP capabilities): 32
  0:00:00.002     1M / 17M   INFO    General                 (pipeline.cpp              : 221)   SPAdes started
  0:00:00.002     1M / 17M   INFO    General                 (pipeline.cpp              : 234)   Starting from stage: last
  0:00:00.002     1M / 17M   INFO    General                 (pipeline.cpp              : 245)   Two-step repeat resolution disabled
  0:00:00.002     1M / 17M   INFO   GraphCore                (graph_core.hpp            : 582)   Graph created, vertex min_id: 3, edge min_id: 3
  0:00:00.002     1M / 17M   INFO   GraphCore                (graph_core.hpp            : 583)   Vertex size: 48, edge size: 40
  0:00:00.003     1M / 17M   INFO    General                 (edge_index.hpp            : 132)   Size of edge index entries: 12/8
  0:00:00.003     1M / 17M   WARN   StageManager             (stage.cpp                 : 162)   No saved checkpoint
  0:00:00.003     1M / 17M   INFO   StageManager             (stage.cpp                 : 210)   STAGE == Binary Read Conversion (id: read_conversion)
  0:00:00.005     1M / 17M   INFO    General                 (read_converter.cpp        :  78)   Converting reads to binary format for library #0 (takes a while)
  0:00:00.005     1M / 17M   INFO    General                 (read_converter.cpp        :  99)   Converting paired reads
  0:00:00.634    81M / 121M  INFO    General                 (binary_converter.cpp      : 127)   16384 reads processed
  0:00:00.646    81M / 123M  INFO    General                 (binary_converter.cpp      : 127)   32768 reads processed
  0:00:00.668    81M / 125M  INFO    General                 (binary_converter.cpp      : 127)   65536 reads processed
  0:00:00.919    81M / 161M  INFO    General                 (binary_converter.cpp      : 127)   131072 reads processed
  0:00:01.433    50M / 202M  INFO    General                 (binary_converter.cpp      : 127)   262144 reads processed
  0:00:02.156     0M / 257M  INFO    General                 (binary_converter.cpp      : 127)   524288 reads processed
  0:00:03.743     0M / 354M  INFO    General                 (binary_converter.cpp      : 127)   1048576 reads processed
  0:00:06.912     0M / 529M  INFO    General                 (binary_converter.cpp      : 127)   2097152 reads processed
  0:00:13.322     0M / 710M  INFO    General                 (binary_converter.cpp      : 127)   4194304 reads processed
  0:00:26.222     0M / 789M  INFO    General                 (binary_converter.cpp      : 127)   8388608 reads processed
  0:00:30.938     0M / 789M  INFO    General                 (binary_converter.cpp      : 143)   9999320 reads written
  0:00:30.960     0M / 789M  INFO    General                 (read_converter.cpp        : 113)   Converting single reads
  0:00:30.975     0M / 789M  INFO    General                 (binary_converter.cpp      : 143)   0 reads written
  0:00:30.976     0M / 789M  INFO    General                 (read_converter.cpp        : 119)   Converting merged reads
  0:00:30.985     0M / 789M  INFO    General                 (binary_converter.cpp      : 143)   0 reads written
  0:00:30.986     0M / 789M  INFO    General                 (read_converter.cpp        :  78)   Converting reads to binary format for library #1 (takes a while)
  0:00:30.987     0M / 789M  INFO    General                 (read_converter.cpp        :  99)   Converting paired reads
  0:00:31.000     0M / 789M  INFO    General                 (binary_converter.cpp      : 143)   0 reads written
  0:00:31.002     0M / 789M  INFO    General                 (read_converter.cpp        : 113)   Converting single reads
  0:00:39.362     0M / 1184M INFO    General                 (binary_converter.cpp      : 127)   16384 reads processed
  0:00:39.460     0M / 1189M INFO    General                 (binary_converter.cpp      : 127)   32768 reads processed
  0:00:39.654     0M / 1201M INFO    General                 (binary_converter.cpp      : 127)   65536 reads processed
  0:00:47.576     0M / 1641M INFO    General                 (binary_converter.cpp      : 127)   131072 reads processed
  0:00:59.463     0M / 2208M INFO    General                 (binary_converter.cpp      : 127)   262144 reads processed
  0:01:22.212     0M / 3458M INFO    General                 (binary_converter.cpp      : 127)   524288 reads processed
  0:01:34.321     0M / 3458M INFO    General                 (binary_converter.cpp      : 143)   696944 reads written
  0:01:34.339     0M / 3458M INFO    General                 (read_converter.cpp        : 119)   Converting merged reads
  0:01:34.341     0M / 3458M INFO    General                 (binary_converter.cpp      : 143)   0 reads written
  0:01:35.158     1M / 3458M INFO   StageManager             (stage.cpp                 : 210)   STAGE == de Bruijn graph construction (id: construction)
  0:01:35.277     1M / 3458M INFO    General                 (construction.cpp          : 150)   Max read length 150
  0:01:35.277     1M / 3458M INFO    General                 (construction.cpp          : 156)   Average read length 148.973
  0:01:35.277     1M / 3458M INFO    General                 (stage.cpp                 : 120)   PROCEDURE == k+1-mer counting (id: construction:kpomer_counting)
  0:01:35.277     1M / 3458M INFO    General                 (kmer_index_builder.hpp    : 308)   Splitting kmer instances into 320 files using 32 threads. This might take a while.
  0:01:35.286     1M / 3458M INFO    General                 (file_limit.hpp            :  43)   Open file limit set to 1048576
  0:01:35.286     1M / 3458M INFO    General                 (kmer_splitter.hpp         :  96)   Memory available for splitting buffers: 2.66666 Gb
  0:01:35.286     1M / 3458M INFO    General                 (kmer_splitter.hpp         : 104)   Using cell size of 209715
mimalloc: warning: thread 0x797ddee00640: unable to allocate aligned OS memory directly, fall back to over-allocation (67108864 bytes, address: 0x797dc8400000, alignment: 67108864, commit: 1)
mimalloc: warning: thread 0x797dcfe00640: unable to allocate aligned OS memory directly, fall back to over-allocation (67108864 bytes, address: 0x797db4400000, alignment: 67108864, commit: 1)
  0:01:45.708    19G / 19G   INFO    General                 (kmer_splitters.hpp        : 128)   Processed 33227100 reads
  0:01:47.743    19G / 19G   INFO    General                 (kmer_splitters.hpp        : 128)   Processed 39997280 reads
  0:01:47.751     3M / 18G   INFO    General                 (kmer_splitters.hpp        : 134)   Used 39997280 reads
  0:01:48.184     3M / 18G   INFO    General                 (kmer_index_builder.hpp    : 314)   Starting k-mer counting.
  0:01:48.692     3M / 18G   INFO    General                 (kmer_index_builder.hpp    : 325)   K-mer counting done. There are 322715679 kmers in total.
  0:01:48.692     2M / 18G   INFO    General                 (stage.cpp                 : 120)   PROCEDURE == Extension index construction (id: construction:extension_index_construction)
  0:01:48.697     3M / 18G   INFO   K-mer Index Building     (kmer_index_builder.hpp    : 503)   Building kmer index
  0:01:48.697     3M / 18G   INFO    General                 (kmer_index_builder.hpp    : 308)   Splitting kmer instances into 320 files using 32 threads. This might take a while.
  0:01:48.704     3M / 18G   INFO    General                 (file_limit.hpp            :  43)   Open file limit set to 1048576
  0:01:48.704     3M / 18G   INFO    General                 (kmer_splitter.hpp         :  96)   Memory available for splitting buffers: 2.66664 Gb
  0:01:48.704     3M / 18G   INFO    General                 (kmer_splitter.hpp         : 104)   Using cell size of 209715
  0:01:49.060    19G / 19G   INFO    General                 (kmer_splitters.hpp        : 197)   Processed 8111711 kmers
  0:01:49.662    19G / 19G   INFO    General                 (kmer_splitters.hpp        : 197)   Processed 40218689 kmers
  0:01:50.345    19G / 19G   INFO    General                 (kmer_splitters.hpp        : 197)   Processed 72570840 kmers
  0:01:50.922    19G / 19G   INFO    General                 (kmer_splitters.hpp        : 197)   Processed 104879210 kmers
  0:01:51.514    19G / 19G   INFO    General                 (kmer_splitters.hpp        : 197)   Processed 137178701 kmers
  0:01:52.108    19G / 19G   INFO    General                 (kmer_splitters.hpp        : 197)   Processed 169459078 kmers
  0:01:52.716    19G / 19G   INFO    General                 (kmer_splitters.hpp        : 197)   Processed 201705051 kmers
  0:01:53.305    19G / 19G   INFO    General                 (kmer_splitters.hpp        : 197)   Processed 233963291 kmers
  0:01:53.902    19G / 19G   INFO    General                 (kmer_splitters.hpp        : 197)   Processed 266175028 kmers
  0:01:54.495    19G / 19G   INFO    General                 (kmer_splitters.hpp        : 197)   Processed 298387141 kmers
  0:01:54.946    19G / 19G   INFO    General                 (kmer_splitters.hpp        : 197)   Processed 322717439 kmers
  0:01:54.948    19G / 19G   INFO    General                 (kmer_splitters.hpp        : 202)   Used 322717439 kmers.
  0:01:54.954     4M / 18G   INFO    General                 (kmer_index_builder.hpp    : 314)   Starting k-mer counting.
  0:01:56.014     4M / 18G   INFO    General                 (kmer_index_builder.hpp    : 325)   K-mer counting done. There are 318369337 kmers in total.
  0:01:56.014     4M / 18G   INFO   K-mer Index Building     (kmer_index_builder.hpp    : 460)   Building perfect hash indices
  0:01:58.182   227M / 18G   INFO   K-mer Index Building     (kmer_index_builder.hpp    : 496)   Index built. Total 318369337 kmers, 230184544 bytes occupied (5.78409 bits per kmer).
  0:01:58.186   227M / 18G   INFO    General                 (kmer_index_builder.hpp    : 191)   Merging final buckets.
