Command line: ${HYBRID_ENV_PREFIX}/bin/spades.py	--meta	--only-assembler	-1	${ARTICLE32_RAW_DIR}/clean/ERR9765746_clean10m_R1.fastq.gz	-2	${ARTICLE32_RAW_DIR}/clean/ERR9765746_clean10m_R2.fastq.gz	--nanopore	${PROJECT_ROOT}/data/raw/article31/full/ERR9765780.fastq.gz	-k	21,33,55,77	-t	32	-m	256	-o	${ARTICLE32_WORK_DIR}/assemblies/spades-illumina-ont	

System information:
  SPAdes version: 4.3.0
  Python version: 3.10.20
  OS: Linux-6.8.0-49-generic-x86_64-with-glibc2.35

Output dir: ${ARTICLE32_WORK_DIR}/assemblies/spades-illumina-ont
Mode: ONLY assembling (without read error correction)
Debug mode is turned OFF

Dataset parameters:
  Metagenomic mode
  Reads:
    Library number: 1, library type: paired-end
      orientation: fr
      left reads: ['${ARTICLE32_RAW_DIR}/clean/ERR9765746_clean10m_R1.fastq.gz']
      right reads: ['${ARTICLE32_RAW_DIR}/clean/ERR9765746_clean10m_R2.fastq.gz']
      interlaced reads: not specified
      single reads: not specified
      merged reads: not specified
    Library number: 2, library type: nanopore
      left reads: not specified
      right reads: not specified
      interlaced reads: not specified
      single reads: ['${PROJECT_ROOT}/data/raw/article31/full/ERR9765780.fastq.gz']
      merged reads: not specified
Assembly parameters:
  k: [21, 33, 55, 77]
  Repeat resolution is enabled
  Mismatch careful mode is turned OFF
  MismatchCorrector will be SKIPPED
  Coverage cutoff is turned OFF
  Assembly graph output will use GFA v1.2 format
Other parameters:
  Dir for temp files: ${ARTICLE32_WORK_DIR}/assemblies/spades-illumina-ont/tmp
  Threads: 32
  Memory limit (in Gb): 256


======= SPAdes pipeline started. Log can be found here: ${ARTICLE32_WORK_DIR}/assemblies/spades-illumina-ont/spades.log

${ARTICLE32_RAW_DIR}/clean/ERR9765746_clean10m_R1.fastq.gz: max reads length: 150
${ARTICLE32_RAW_DIR}/clean/ERR9765746_clean10m_R2.fastq.gz: max reads length: 150

Reads length: 150


===== Before start started. 


===== Assembling started. 


===== K21 started. 


== Running: ${HYBRID_ENV_PREFIX}/bin/spades-core ${ARTICLE32_WORK_DIR}/assemblies/spades-illumina-ont/K21/configs/config.info ${ARTICLE32_WORK_DIR}/assemblies/spades-illumina-ont/K21/configs/mda_mode.info ${ARTICLE32_WORK_DIR}/assemblies/spades-illumina-ont/K21/configs/meta_mode.info

  0:00:00.000     1M / 17M   INFO    General                 (main.cpp                  :  94)   Loaded config from "${ARTICLE32_WORK_DIR}/assemblies/spades-illumina-ont/K21/configs/config.info"
  0:00:00.002     1M / 17M   INFO    General                 (main.cpp                  :  94)   Loaded config from "${ARTICLE32_WORK_DIR}/assemblies/spades-illumina-ont/K21/configs/mda_mode.info"
  0:00:00.002     1M / 17M   INFO    General                 (main.cpp                  :  94)   Loaded config from "${ARTICLE32_WORK_DIR}/assemblies/spades-illumina-ont/K21/configs/meta_mode.info"
  0:00:00.002     1M / 17M   INFO    General                 (memory_limit.cpp          :  55)   Memory limit set to 256 Gb
  0:00:00.002     1M / 17M   INFO    General                 (main.cpp                  : 102)   Starting SPAdes, built from N/A, git revision N/A
  0:00:00.002     1M / 17M   INFO    General                 (main.cpp                  : 103)   Maximum k-mer length: 128
  0:00:00.002     1M / 17M   INFO    General                 (main.cpp                  : 104)   Assembling dataset ("${ARTICLE32_WORK_DIR}/assemblies/spades-illumina-ont/dataset.info") with K=21
  0:00:00.002     1M / 17M   INFO    General                 (main.cpp                  : 105)   Maximum # of threads to use (adjusted due to OMP capabilities): 32
  0:00:00.002     1M / 17M   INFO    General                 (pipeline.cpp              : 221)   SPAdes started
  0:00:00.002     1M / 17M   INFO    General                 (pipeline.cpp              : 234)   Starting from stage: read_conversion
  0:00:00.002     1M / 17M   INFO    General                 (pipeline.cpp              : 245)   Two-step repeat resolution disabled
  0:00:00.002     1M / 17M   INFO   GraphCore                (graph_core.hpp            : 582)   Graph created, vertex min_id: 3, edge min_id: 3
  0:00:00.002     1M / 17M   INFO   GraphCore                (graph_core.hpp            : 583)   Vertex size: 48, edge size: 40
  0:00:00.002     1M / 17M   INFO    General                 (edge_index.hpp            : 132)   Size of edge index entries: 12/8
  0:00:00.003     1M / 17M   INFO   StageManager             (stage.cpp                 : 210)   STAGE == Binary Read Conversion (id: read_conversion)
  0:00:00.005     1M / 17M   INFO    General                 (read_converter.cpp        :  78)   Converting reads to binary format for library #0 (takes a while)
  0:00:00.005     1M / 17M   INFO    General                 (read_converter.cpp        :  99)   Converting paired reads
  0:00:00.562    81M / 122M  INFO    General                 (binary_converter.cpp      : 127)   16384 reads processed
  0:00:00.573    81M / 123M  INFO    General                 (binary_converter.cpp      : 127)   32768 reads processed
  0:00:00.596    81M / 125M  INFO    General                 (binary_converter.cpp      : 127)   65536 reads processed
  0:00:00.846    81M / 161M  INFO    General                 (binary_converter.cpp      : 127)   131072 reads processed
  0:00:01.318    50M / 202M  INFO    General                 (binary_converter.cpp      : 127)   262144 reads processed
  0:00:02.262     0M / 277M  INFO    General                 (binary_converter.cpp      : 127)   524288 reads processed
  0:00:03.930     0M / 390M  INFO    General                 (binary_converter.cpp      : 127)   1048576 reads processed
  0:00:06.958     0M / 508M  INFO    General                 (binary_converter.cpp      : 127)   2097152 reads processed
  0:00:13.440     0M / 647M  INFO    General                 (binary_converter.cpp      : 127)   4194304 reads processed
  0:00:25.847     0M / 735M  INFO    General                 (binary_converter.cpp      : 127)   8388608 reads processed
  0:00:30.805     0M / 778M  INFO    General                 (binary_converter.cpp      : 143)   9999320 reads written
  0:00:30.831     0M / 778M  INFO    General                 (read_converter.cpp        : 113)   Converting single reads
  0:00:30.846     0M / 778M  INFO    General                 (binary_converter.cpp      : 143)   0 reads written
  0:00:30.846     0M / 778M  INFO    General                 (read_converter.cpp        : 119)   Converting merged reads
  0:00:30.854     0M / 778M  INFO    General                 (binary_converter.cpp      : 143)   0 reads written
  0:00:30.855     0M / 778M  INFO    General                 (read_converter.cpp        :  78)   Converting reads to binary format for library #1 (takes a while)
  0:00:30.856     0M / 778M  INFO    General                 (read_converter.cpp        :  99)   Converting paired reads
  0:00:30.864     0M / 778M  INFO    General                 (binary_converter.cpp      : 143)   0 reads written
  0:00:30.866     0M / 778M  INFO    General                 (read_converter.cpp        : 113)   Converting single reads
  0:00:39.254     0M / 1213M INFO    General                 (binary_converter.cpp      : 127)   16384 reads processed
  0:00:39.354     0M / 1214M INFO    General                 (binary_converter.cpp      : 127)   32768 reads processed
  0:00:39.549     0M / 1220M INFO    General                 (binary_converter.cpp      : 127)   65536 reads processed
  0:00:47.366     0M / 1647M INFO    General                 (binary_converter.cpp      : 127)   131072 reads processed
  0:00:56.640     0M / 2136M INFO    General                 (binary_converter.cpp      : 127)   262144 reads processed
  0:01:20.723     0M / 3445M INFO    General                 (binary_converter.cpp      : 127)   524288 reads processed
  0:01:32.784     0M / 3894M INFO    General                 (binary_converter.cpp      : 143)   696944 reads written
  0:01:32.841     0M / 3894M INFO    General                 (read_converter.cpp        : 119)   Converting merged reads
  0:01:32.844     0M / 3894M INFO    General                 (binary_converter.cpp      : 143)   0 reads written
  0:01:33.499     1M / 3894M INFO   StageManager             (stage.cpp                 : 210)   STAGE == de Bruijn graph construction (id: construction)
  0:01:33.598     1M / 3894M INFO    General                 (construction.cpp          : 150)   Max read length 150
  0:01:33.598     1M / 3894M INFO    General                 (construction.cpp          : 156)   Average read length 148.973
  0:01:33.598     1M / 3894M INFO    General                 (stage.cpp                 : 120)   PROCEDURE == k+1-mer counting (id: construction:kpomer_counting)
  0:01:33.598     1M / 3894M INFO    General                 (kmer_index_builder.hpp    : 308)   Splitting kmer instances into 320 files using 32 threads. This might take a while.
  0:01:33.605     1M / 3894M INFO    General                 (file_limit.hpp            :  43)   Open file limit set to 1048576
  0:01:33.605     1M / 3894M INFO    General                 (kmer_splitter.hpp         :  96)   Memory available for splitting buffers: 2.66666 Gb
  0:01:33.605     1M / 3894M INFO    General                 (kmer_splitter.hpp         : 104)   Using cell size of 209715
mimalloc: warning: thread 0x7a0db1a00640: unable to allocate aligned OS memory directly, fall back to over-allocation (67108864 bytes, address: 0x7a0da3c00000, alignment: 67108864, commit: 1)
mimalloc: warning: thread 0x7a0db4c00640: unable to allocate aligned OS memory directly, fall back to over-allocation (67108864 bytes, address: 0x7a0d8fc00000, alignment: 67108864, commit: 1)
mimalloc: warning: thread 0x7a0db2e00640: unable to allocate aligned OS memory directly, fall back to over-allocation (67108864 bytes, address: 0x7a0d8fc00000, alignment: 67108864, commit: 1)
  0:01:44.520    19G / 19G   INFO    General                 (kmer_splitters.hpp        : 128)   Processed 33227100 reads
  0:01:46.573    19G / 19G   INFO    General                 (kmer_splitters.hpp        : 128)   Processed 39997280 reads
  0:01:46.580     3M / 18G   INFO    General                 (kmer_splitters.hpp        : 134)   Used 39997280 reads
  0:01:47.074     3M / 18G   INFO    General                 (kmer_index_builder.hpp    : 314)   Starting k-mer counting.
  0:01:47.572     3M / 18G   INFO    General                 (kmer_index_builder.hpp    : 325)   K-mer counting done. There are 322715679 kmers in total.
  0:01:47.573     2M / 18G   INFO    General                 (stage.cpp                 : 120)   PROCEDURE == Extension index construction (id: construction:extension_index_construction)
  0:01:47.578     3M / 18G   INFO   K-mer Index Building     (kmer_index_builder.hpp    : 503)   Building kmer index
  0:01:47.578     3M / 18G   INFO    General                 (kmer_index_builder.hpp    : 308)   Splitting kmer instances into 320 files using 32 threads. This might take a while.
  0:01:47.584     3M / 18G   INFO    General                 (file_limit.hpp            :  43)   Open file limit set to 1048576
  0:01:47.584     3M / 18G   INFO    General                 (kmer_splitter.hpp         :  96)   Memory available for splitting buffers: 2.66664 Gb
  0:01:47.585     3M / 18G   INFO    General                 (kmer_splitter.hpp         : 104)   Using cell size of 209715
  0:01:47.946    19G / 19G   INFO    General                 (kmer_splitters.hpp        : 197)   Processed 8111711 kmers
  0:01:48.568    19G / 19G   INFO    General                 (kmer_splitters.hpp        : 197)   Processed 40218689 kmers
  0:01:49.209    19G / 19G   INFO    General                 (kmer_splitters.hpp        : 197)   Processed 72570840 kmers
  0:01:49.863    19G / 19G   INFO    General                 (kmer_splitters.hpp        : 197)   Processed 104879210 kmers
  0:01:50.444    19G / 19G   INFO    General                 (kmer_splitters.hpp        : 197)   Processed 137178701 kmers
  0:01:51.042    19G / 19G   INFO    General                 (kmer_splitters.hpp        : 197)   Processed 169459078 kmers
  0:01:51.700    19G / 19G   INFO    General                 (kmer_splitters.hpp        : 197)   Processed 201705051 kmers
  0:01:52.296    19G / 19G   INFO    General                 (kmer_splitters.hpp        : 197)   Processed 233963291 kmers
  0:01:52.895    19G / 19G   INFO    General                 (kmer_splitters.hpp        : 197)   Processed 266175028 kmers
  0:01:53.500    19G / 19G   INFO    General                 (kmer_splitters.hpp        : 197)   Processed 298387141 kmers
  0:01:53.952    19G / 19G   INFO    General                 (kmer_splitters.hpp        : 197)   Processed 322717439 kmers
  0:01:53.953    19G / 19G   INFO    General                 (kmer_splitters.hpp        : 202)   Used 322717439 kmers.
  0:01:53.959     4M / 18G   INFO    General                 (kmer_index_builder.hpp    : 314)   Starting k-mer counting.
  0:01:55.000     4M / 18G   INFO    General                 (kmer_index_builder.hpp    : 325)   K-mer counting done. There are 318369337 kmers in total.
  0:01:55.000     4M / 18G   INFO   K-mer Index Building     (kmer_index_builder.hpp    : 460)   Building perfect hash indices
  0:01:57.196   227M / 18G   INFO   K-mer Index Building     (kmer_index_builder.hpp    : 496)   Index built. Total 318369337 kmers, 230184544 bytes occupied (5.78409 bits per kmer).
  0:01:57.204   227M / 18G   INFO    General                 (kmer_index_builder.hpp    : 191)   Merging final buckets.
  0:02:07.744   531M / 18G   INFO   DeBruijnExtensionIndexBu (kmer_extension_index_build: 101)   Building k-mer extensions from k+1-mers
  0:02:16.966   531M / 18G   INFO   DeBruijnExtensionIndexBu (kmer_extension_index_build: 106)   Building k-mer extensions from k+1-mers finished.
  0:02:17.107   530M / 18G   INFO    General                 (stage.cpp                 : 120)   PROCEDURE == Early tip clipping (id: construction:early_tip_clipper)
  0:02:17.107   530M / 18G   INFO    General                 (construction.cpp          : 298)   Early tip clipper length bound set as (RL - K)
  0:02:17.107   530M / 18G   INFO   Early tip clipping       (early_simplification.hpp  :  48)   Early tip clipping
  0:02:26.316   788M / 18G   INFO   Early tip clipping       (early_simplification.hpp  :  83)   #tipped junctions: 2629497
  0:02:26.406   788M / 18G   INFO   Early tip clipping       (early_simplification.hpp  :  94)   Clipped tips: 2654999
  0:02:26.534   530M / 18G   INFO   Early tip clipping       (early_simplification.hpp  :  50)   48772581 22-mers were removed by early tip clipper
  0:02:26.535   530M / 18G   INFO    General                 (stage.cpp                 : 120)   PROCEDURE == Condensing graph (id: construction:graph_condensing)
  0:02:26.539   530M / 18G   INFO   UnbranchingPathExtractor (debruijn_graph_constructor: 324)   Extracting unbranching paths
  0:02:37.259   778M / 18G   INFO   UnbranchingPathExtractor (debruijn_graph_constructor: 348)   Extracting unbranching paths finished. 12814903 sequences extracted
  0:02:42.564   777M / 18G   INFO   UnbranchingPathExtractor (debruijn_graph_constructor: 362)   Collecting perfect loops
  0:02:43.731   778M / 18G   INFO   UnbranchingPathExtractor (debruijn_graph_constructor: 395)   Collecting perfect loops finished. 77 loops collected
  0:02:44.381   777M / 18G   INFO   DeBruijnGraphConstructor (debruijn_graph_constructor: 597)   Sorting edges...
  0:02:44.598   777M / 18G   INFO   DeBruijnGraphConstructor (debruijn_graph_constructor: 602)   Edges sorted
  0:02:44.598   777M / 18G   INFO    General                 (debruijn_graph_constructor: 511)   Total 25629960 edges to create
  0:02:44.598  1764M / 18G   INFO    General                 (debruijn_graph_constructor: 514)   Collecting link records
  0:03:04.276  2156M / 18G   INFO    General                 (debruijn_graph_constructor: 521)   Total short graph edges: 23316068
  0:03:04.277  2156M / 18G   INFO    General                 (debruijn_graph_constructor: 523)   Ordering link records
  0:03:04.492  2156M / 18G   INFO    General                 (debruijn_graph_constructor: 529)   Sorting done
  0:03:04.700  2284M / 18G   INFO    General                 (debruijn_graph_constructor: 542)   Sorting LinkRecords...
  0:03:04.869  2284M / 18G   INFO    General                 (debruijn_graph_constructor: 548)   LinkRecords sorted
  0:03:04.869  2284M / 18G   INFO    General                 (debruijn_graph_constructor: 550)   Total 8468638 vertices to create
  0:03:04.870  3067M / 18G   INFO    General                 (debruijn_graph_constructor: 553)   Connecting the graph
  0:03:24.498  2352M / 18G   INFO    General                 (stage.cpp                 : 120)   PROCEDURE == Filling coverage indices (PHM) (id: construction:coverage_filling_phm)
  0:03:24.498  2352M / 18G   INFO   K-mer Index Building     (kmer_index_builder.hpp    : 460)   Building perfect hash indices
  0:03:26.720  2580M / 18G   INFO   K-mer Index Building     (kmer_index_builder.hpp    : 496)   Index built. Total 322715679 kmers, 233324136 bytes occupied (5.78402 bits per kmer).
mimalloc: warning: unable to allocate aligned OS memory directly, fall back to over-allocation (1296039936 bytes, address: 0x7a0d36c00000, alignment: 67108864, commit: 1)
  0:03:27.601  3812M / 18G   INFO    General                 (coverage_hash_map_builder.:  49)   Collecting k-mer coverage information from reads, this takes a while.
  0:04:05.905  3812M / 18G   INFO    General                 (construction.cpp          : 400)   Filling coverage and flanking coverage from PHM
  0:04:17.044  3812M / 18G   INFO    General                 (coverage_filling.hpp      :  83)   Processed 25623782 edges
  0:04:17.071  3812M / 18G   INFO    General                 (coverage_filling.hpp      :  83)   Processed 25628987 edges
  0:04:18.841  1824M / 18G   INFO   StageManager             (stage.cpp                 : 210)   STAGE == Raw Simplification (id: raw_simplification)
  0:04:18.843  1824M / 18G   INFO    General                 (simplification.cpp        : 129)   PROCEDURE == Initial cleaning
  0:04:18.843  1824M / 18G   INFO    General                 (graph_simplification.hpp  : 674)   Flanking coverage based disconnection disabled
  0:04:18.843  1824M / 18G   INFO   Simplification           (parallel_processing.hpp   : 168)   Running Self conjugate edge remover
  0:04:19.171  1824M / 18G   INFO   Simplification           (parallel_processing.hpp   : 171)   Self conjugate edge remover triggered 0 times
  0:04:19.171  1824M / 18G   INFO   Simplification           (parallel_processing.hpp   : 168)   Running Initial tip clipper
  0:04:19.718  1825M / 18G   INFO   Simplification           (parallel_processing.hpp   : 171)   Initial tip clipper triggered 20609 times
  0:04:19.719  1825M / 18G   INFO   Simplification           (parallel_processing.hpp   : 168)   Running Initial ec remover
