Detecting adapter sequence for read1...
No adapter detected for read1

Detecting adapter sequence for read2...
No adapter detected for read2

Read1 before filtering:
total reads: 10000000
total bases: 1497641905
Q20 bases: 1476638647(98.5976%)
Q30 bases: 1433054147(95.6874%)
Q40 bases: 1193982313(79.7242%)

Read2 before filtering:
total reads: 10000000
total bases: 1481707773
Q20 bases: 1385672341(93.5186%)
Q30 bases: 1248530574(84.2629%)
Q40 bases: 848235004(57.2471%)

Read1 after filtering:
total reads: 9999320
total bases: 1497590756
Q20 bases: 1476591701(98.5978%)
Q30 bases: 1433011968(95.6878%)
Q40 bases: 1193952850(79.7249%)

Read2 after filtering:
total reads: 9999320
total bases: 1481675707
Q20 bases: 1385642634(93.5186%)
Q30 bases: 1248503059(84.2629%)
Q40 bases: 848213831(57.2469%)

Filtering result:
reads passed filter: 19998640
reads failed due to low quality: 0
reads failed due to too many N: 0
reads failed due to too short: 1360
reads failed due to adapter dimer: 0
reads with adapter trimmed: 18
bases trimmed due to adapters: 18

Duplication rate: 1.80051%

Insert size peak (evaluated by paired-end reads): 262

JSON report: ${ARTICLE32_WORK_DIR}/fastp.json
HTML report: ${ARTICLE32_WORK_DIR}/fastp.html

${HYBRID_ENV_PREFIX}/bin/fastp --in1 ${ARTICLE32_RAW_DIR}/selected/ERR9765746_selected10m_R1.fastq.gz --in2 ${ARTICLE32_RAW_DIR}/selected/ERR9765746_selected10m_R2.fastq.gz --out1 ${ARTICLE32_RAW_DIR}/clean/ERR9765746_clean10m_R1.fastq.gz --out2 ${ARTICLE32_RAW_DIR}/clean/ERR9765746_clean10m_R2.fastq.gz --json ${ARTICLE32_WORK_DIR}/fastp.json --html ${ARTICLE32_WORK_DIR}/fastp.html --report_title ERR9765746 deterministic ten-million-pair subset --thread 32 --compression 6 --detect_adapter_for_pe --qualified_quality_phred 20 --unqualified_percent_limit 40 --n_base_limit 5 --length_required 50 --disable_trim_poly_g --overrepresentation_analysis --overrepresentation_sampling 20 --dont_overwrite 
fastp v1.3.6, time used: 783 seconds
