${HYBRID_ENV_PREFIX}/bin/metaquast.py --min-alignment 500 --fragmented --min-identity 97 --split-scaffolds --threads 32 --min-contig 1000 --no-icarus -r ${ARTICLE32_WORK_DIR}/truth/references/MOCK1/Acidilobus_saccharovorans_345-15.fna.gz,${ARTICLE32_WORK_DIR}/truth/references/MOCK1/Acidobacterium_capsulatum_ATCC_51196.fna.gz,${ARTICLE32_WORK_DIR}/truth/references/MOCK1/Aciduliprofundum_boonei_T469.fna.gz,${ARTICLE32_WORK_DIR}/truth/references/MOCK1/Akkermansia_muciniphila_ATCC_BAA-835.fna.gz,${ARTICLE32_WORK_DIR}/truth/references/MOCK1/Archaeoglobus_fulgidus_DSM_4304.fna.gz,${ARTICLE32_WORK_DIR}/truth/references/MOCK1/Bacteroides_thetaiotaomicron_VPI-5482.fna.gz,${ARTICLE32_WORK_DIR}/truth/references/MOCK1/Bordetella_pertussis_RB50.fna.gz,${ARTICLE32_WORK_DIR}/truth/references/MOCK1/Caldicellulosiruptor_bescii_DSM_6725.fna.gz,${ARTICLE32_WORK_DIR}/truth/references/MOCK1/Caldicellulosiruptor_saccharolyticus_DSM_8903.fna.gz,${ARTICLE32_WORK_DIR}/truth/references/MOCK1/Chlorobaculum_tepidum_TLS.fna.gz,${ARTICLE32_WORK_DIR}/truth/references/MOCK1/Chlorobium_limicola_DSM_245.fna.gz,${ARTICLE32_WORK_DIR}/truth/references/MOCK1/Chlorobium_phaeobacteroides_DSM_266.fna.gz,${ARTICLE32_WORK_DIR}/truth/references/MOCK1/Chlorobium_phaeovibrioides_DSM_265.fna.gz,${ARTICLE32_WORK_DIR}/truth/references/MOCK1/Chloroflexus_aurantiacus_J-10-fl.fna.gz,${ARTICLE32_WORK_DIR}/truth/references/MOCK1/Deinococcus_radiodurans_R1.fna.gz,${ARTICLE32_WORK_DIR}/truth/references/MOCK1/Desulfitobacterium_dehalogenans_ATCC_51507.fna.gz,${ARTICLE32_WORK_DIR}/truth/references/MOCK1/Desulfobulbus_oralis_sp._ONRL.fna.gz,${ARTICLE32_WORK_DIR}/truth/references/MOCK1/Desulfovibrio_mercurii_ND_132.fna.gz,${ARTICLE32_WORK_DIR}/truth/references/MOCK1/Desulfovibrio_piger_ATCC_29098.fna.gz,${ARTICLE32_WORK_DIR}/truth/references/MOCK1/Dictyoglomus_turgidum_DSM_6724.fna.gz,${ARTICLE32_WORK_DIR}/truth/references/MOCK1/Enterococcus_faecalis_OG1RF.fna.gz,${ARTICLE32_WORK_DIR}/truth/references/MOCK1/Fusobacterium_nucleatum_subsp._nucleatum_ATCC_25586.fna.gz,${ARTICLE32_WORK_DIR}/truth/references/MOCK1/Gemmatimonas_aurantiaca_T-27.fna.gz,${ARTICLE32_WORK_DIR}/truth/references/MOCK1/Geobacter_bemidjiensis_Bem.fna.gz,${ARTICLE32_WORK_DIR}/truth/references/MOCK1/Geobacter_sulfurreducens_PCA.fna.gz,${ARTICLE32_WORK_DIR}/truth/references/MOCK1/Halobacterium_salinarum_NRC-1.fna.gz,${ARTICLE32_WORK_DIR}/truth/references/MOCK1/Haloferax_volcanii_DS2.fna.gz,${ARTICLE32_WORK_DIR}/truth/references/MOCK1/Herpetosiphon_aurantiacus_DSM_785.fna.gz,${ARTICLE32_WORK_DIR}/truth/references/MOCK1/Hydrogenobaculum_sp._Y04AAS1.fna.gz,${ARTICLE32_WORK_DIR}/truth/references/MOCK1/Ignicoccus_hospitalis_KIN4_I.fna.gz,${ARTICLE32_WORK_DIR}/truth/references/MOCK1/Ignicoccus_islandicus_DSM_13165.fna.gz,${ARTICLE32_WORK_DIR}/truth/references/MOCK1/Leptothrix_cholodnii_SP-6.fna.gz,${ARTICLE32_WORK_DIR}/truth/references/MOCK1/Methanobrevibacter_oralis_DSM_7256.fna.gz,${ARTICLE32_WORK_DIR}/truth/references/MOCK1/Methanocaldococcus_jannaschii_DSM_2661.fna.gz,${ARTICLE32_WORK_DIR}/truth/references/MOCK1/Methanococcus_maripaludis_C5.fna.gz,${ARTICLE32_WORK_DIR}/truth/references/MOCK1/Methanococcus_maripaludis_S2.fna.gz,${ARTICLE32_WORK_DIR}/truth/references/MOCK1/Methanomassiliicoccus_luminyensis_B10.fna.gz,${ARTICLE32_WORK_DIR}/truth/references/MOCK1/Methanomethylovorans_hollandica_DSM_15978.fna.gz,${ARTICLE32_WORK_DIR}/truth/references/MOCK1/Methanopyrus_kandleri_AV19.fna.gz,${ARTICLE32_WORK_DIR}/truth/references/MOCK1/Methanosarcina_acetivorans_C2A.fna.gz,${ARTICLE32_WORK_DIR}/truth/references/MOCK1/Methanothermus_fervidus_DSM_2088.fna.gz,${ARTICLE32_WORK_DIR}/truth/references/MOCK1/Micromonospora_arenicola_CNS-205.fna.gz,${ARTICLE32_WORK_DIR}/truth/references/MOCK1/Micromonospora_tropica_CNB-440.fna.gz,${ARTICLE32_WORK_DIR}/truth/references/MOCK1/Nanoarchaeum_equitans_Kin4-M.fna.gz,${ARTICLE32_WORK_DIR}/truth/references/MOCK1/Nitratidesulfovibrio_vulgaris_Hildenborough.fna.gz,${ARTICLE32_WORK_DIR}/truth/references/MOCK1/Nitrosomonas_europaea_ATCC_19718.fna.gz,${ARTICLE32_WORK_DIR}/truth/references/MOCK1/Paraburkholderia_xenovorans_LB400.fna.gz,${ARTICLE32_WORK_DIR}/truth/references/MOCK1/Persephonella_marina_EX-H1.fna.gz,${ARTICLE32_WORK_DIR}/truth/references/MOCK1/Phocaeicola_vulgatus_ATCC_8482.fna.gz,${ARTICLE32_WORK_DIR}/truth/references/MOCK1/Porphyromonas_gingivalis_ATCC_33277.fna.gz,${ARTICLE32_WORK_DIR}/truth/references/MOCK1/Pseudomonas_fluorescens_SBW25.fna.gz,${ARTICLE32_WORK_DIR}/truth/references/MOCK1/Pseudomonas_putida_KT2440.fna.gz,${ARTICLE32_WORK_DIR}/truth/references/MOCK1/Pyrobaculum_aerophilum_IM2.fna.gz,${ARTICLE32_WORK_DIR}/truth/references/MOCK1/Pyrobaculum_arsenaticum_DSM_13514.fna.gz,${ARTICLE32_WORK_DIR}/truth/references/MOCK1/Pyrobaculum_calidifontis_JCM_11548.fna.gz,${ARTICLE32_WORK_DIR}/truth/references/MOCK1/Pyrococcus_furiosus_DSM_3638.fna.gz,${ARTICLE32_WORK_DIR}/truth/references/MOCK1/Pyrococcus_horikoshii_OT3.fna.gz,${ARTICLE32_WORK_DIR}/truth/references/MOCK1/Rhodopirellula_baltica_SH_1.fna.gz,${ARTICLE32_WORK_DIR}/truth/references/MOCK1/Ruegeria_pomeroyi_DSS-3.fna.gz,${ARTICLE32_WORK_DIR}/truth/references/MOCK1/Ruminiclostridium_thermocellum_ATCC_27405.fna.gz,${ARTICLE32_WORK_DIR}/truth/references/MOCK1/Shewanella_baltica_OS185.fna.gz,${ARTICLE32_WORK_DIR}/truth/references/MOCK1/Shewanella_baltica_OS223.fna.gz,${ARTICLE32_WORK_DIR}/truth/references/MOCK1/Shewanella_loihica_PV-4.fna.gz,${ARTICLE32_WORK_DIR}/truth/references/MOCK1/Sulfurihydrogenibium_sp._YO3AOP1.fna.gz,${ARTICLE32_WORK_DIR}/truth/references/MOCK1/Sulfurisphaera_tokodaii_str._7.fna.gz,${ARTICLE32_WORK_DIR}/truth/references/MOCK1/Thermoanaerobacter_pseudethanolicus_ATCC_33223.fna.gz,${ARTICLE32_WORK_DIR}/truth/references/MOCK1/Thermotoga_neapolitana_DSM_4359.fna.gz,${ARTICLE32_WORK_DIR}/truth/references/MOCK1/Thermotoga_petrophila_RKU-1.fna.gz,${ARTICLE32_WORK_DIR}/truth/references/MOCK1/Treponema_denticola_ATCC_35405.fna.gz,${ARTICLE32_WORK_DIR}/truth/references/MOCK1/Trichormus_sp._PCC_7120.fna.gz,${ARTICLE32_WORK_DIR}/truth/references/MOCK1/Wolinella_succinogenes_DSM_1740.fna.gz ${ARTICLE32_WORK_DIR}/normalized/final/spades-short-only.ge1000.fasta ${ARTICLE32_WORK_DIR}/normalized/final/spades-illumina-ont.ge1000.fasta ${ARTICLE32_WORK_DIR}/normalized/final/spades-illumina-hifi.ge1000.fasta ${ARTICLE32_WORK_DIR}/normalized/final/flye-ont.ge1000.fasta ${ARTICLE32_WORK_DIR}/normalized/final/flye-ont-polypolish-default.ge1000.fasta ${ARTICLE32_WORK_DIR}/normalized/final/flye-ont-polypolish-careful.ge1000.fasta ${ARTICLE32_WORK_DIR}/normalized/final/flye-hifi.ge1000.fasta --labels spades-short-only,spades-illumina-ont,spades-illumina-hifi,flye-ont,flye-ont-polypolish-default,flye-ont-polypolish-careful,flye-hifi -o ${ARTICLE32_WORK_DIR}/metaquast.partial

Version: 5.3.0

System information:
  OS: Linux-6.8.0-49-generic-x86_64-with-glibc2.35 (linux_64)
  Python version: 3.10.20
  CPUs number: 72

Started: 2026-07-26 23:14:16

Logging to ${ARTICLE32_WORK_DIR}/metaquast.partial/metaquast.log
INFO	Failed to extract font properties from /usr/share/fonts/truetype/noto/NotoColorEmoji.ttf: Could not set the fontsize (invalid pixel size; error code 0x17)
INFO	Failed to extract font properties from /usr/share/fonts/truetype/noto/NotoColorEmoji.ttf: Could not set the fontsize (invalid pixel size; error code 0x17)
INFO	generated new fontManager
INFO	generated new fontManager

Reference(s):
  ${ARTICLE32_WORK_DIR}/truth/references/MOCK1/Acidilobus_saccharovorans_345-15.fna.gz ==> Acidilobus_saccharovorans_345-15
  ${ARTICLE32_WORK_DIR}/truth/references/MOCK1/Acidobacterium_capsulatum_ATCC_51196.fna.gz ==> Acidobacterium_capsulatum_ATCC_51196
  ${ARTICLE32_WORK_DIR}/truth/references/MOCK1/Aciduliprofundum_boonei_T469.fna.gz ==> Aciduliprofundum_boonei_T469
  ${ARTICLE32_WORK_DIR}/truth/references/MOCK1/Akkermansia_muciniphila_ATCC_BAA-835.fna.gz ==> Akkermansia_muciniphila_ATCC_BAA-835
  ${ARTICLE32_WORK_DIR}/truth/references/MOCK1/Archaeoglobus_fulgidus_DSM_4304.fna.gz ==> Archaeoglobus_fulgidus_DSM_4304
  ${ARTICLE32_WORK_DIR}/truth/references/MOCK1/Bacteroides_thetaiotaomicron_VPI-5482.fna.gz ==> Bacteroides_thetaiotaomicron_VPI-5482
  ${ARTICLE32_WORK_DIR}/truth/references/MOCK1/Bordetella_pertussis_RB50.fna.gz ==> Bordetella_pertussis_RB50
  ${ARTICLE32_WORK_DIR}/truth/references/MOCK1/Caldicellulosiruptor_bescii_DSM_6725.fna.gz ==> Caldicellulosiruptor_bescii_DSM_6725
  ${ARTICLE32_WORK_DIR}/truth/references/MOCK1/Caldicellulosiruptor_saccharolyticus_DSM_8903.fna.gz ==> Caldicellulosiruptor_saccharolyticus_DSM_8903
  ${ARTICLE32_WORK_DIR}/truth/references/MOCK1/Chlorobaculum_tepidum_TLS.fna.gz ==> Chlorobaculum_tepidum_TLS
  ${ARTICLE32_WORK_DIR}/truth/references/MOCK1/Chlorobium_limicola_DSM_245.fna.gz ==> Chlorobium_limicola_DSM_245
  ${ARTICLE32_WORK_DIR}/truth/references/MOCK1/Chlorobium_phaeobacteroides_DSM_266.fna.gz ==> Chlorobium_phaeobacteroides_DSM_266
  ${ARTICLE32_WORK_DIR}/truth/references/MOCK1/Chlorobium_phaeovibrioides_DSM_265.fna.gz ==> Chlorobium_phaeovibrioides_DSM_265
  ${ARTICLE32_WORK_DIR}/truth/references/MOCK1/Chloroflexus_aurantiacus_J-10-fl.fna.gz ==> Chloroflexus_aurantiacus_J-10-fl
  ${ARTICLE32_WORK_DIR}/truth/references/MOCK1/Deinococcus_radiodurans_R1.fna.gz ==> Deinococcus_radiodurans_R1
  ${ARTICLE32_WORK_DIR}/truth/references/MOCK1/Desulfitobacterium_dehalogenans_ATCC_51507.fna.gz ==> Desulfitobacterium_dehalogenans_ATCC_51507
  ${ARTICLE32_WORK_DIR}/truth/references/MOCK1/Desulfobulbus_oralis_sp._ONRL.fna.gz ==> Desulfobulbus_oralis_sp._ONRL
  ${ARTICLE32_WORK_DIR}/truth/references/MOCK1/Desulfovibrio_mercurii_ND_132.fna.gz ==> Desulfovibrio_mercurii_ND_132
  ${ARTICLE32_WORK_DIR}/truth/references/MOCK1/Desulfovibrio_piger_ATCC_29098.fna.gz ==> Desulfovibrio_piger_ATCC_29098
  ${ARTICLE32_WORK_DIR}/truth/references/MOCK1/Dictyoglomus_turgidum_DSM_6724.fna.gz ==> Dictyoglomus_turgidum_DSM_6724
  ${ARTICLE32_WORK_DIR}/truth/references/MOCK1/Enterococcus_faecalis_OG1RF.fna.gz ==> Enterococcus_faecalis_OG1RF
  ${ARTICLE32_WORK_DIR}/truth/references/MOCK1/Fusobacterium_nucleatum_subsp._nucleatum_ATCC_25586.fna.gz ==> Fusobacterium_nucleatum_subsp._nucleatum_ATCC_25586
  ${ARTICLE32_WORK_DIR}/truth/references/MOCK1/Gemmatimonas_aurantiaca_T-27.fna.gz ==> Gemmatimonas_aurantiaca_T-27
  ${ARTICLE32_WORK_DIR}/truth/references/MOCK1/Geobacter_bemidjiensis_Bem.fna.gz ==> Geobacter_bemidjiensis_Bem
  ${ARTICLE32_WORK_DIR}/truth/references/MOCK1/Geobacter_sulfurreducens_PCA.fna.gz ==> Geobacter_sulfurreducens_PCA
  ${ARTICLE32_WORK_DIR}/truth/references/MOCK1/Halobacterium_salinarum_NRC-1.fna.gz ==> Halobacterium_salinarum_NRC-1
  ${ARTICLE32_WORK_DIR}/truth/references/MOCK1/Haloferax_volcanii_DS2.fna.gz ==> Haloferax_volcanii_DS2
  ${ARTICLE32_WORK_DIR}/truth/references/MOCK1/Herpetosiphon_aurantiacus_DSM_785.fna.gz ==> Herpetosiphon_aurantiacus_DSM_785
  ${ARTICLE32_WORK_DIR}/truth/references/MOCK1/Hydrogenobaculum_sp._Y04AAS1.fna.gz ==> Hydrogenobaculum_sp._Y04AAS1
  ${ARTICLE32_WORK_DIR}/truth/references/MOCK1/Ignicoccus_hospitalis_KIN4_I.fna.gz ==> Ignicoccus_hospitalis_KIN4_I
  ${ARTICLE32_WORK_DIR}/truth/references/MOCK1/Ignicoccus_islandicus_DSM_13165.fna.gz ==> Ignicoccus_islandicus_DSM_13165
  ${ARTICLE32_WORK_DIR}/truth/references/MOCK1/Leptothrix_cholodnii_SP-6.fna.gz ==> Leptothrix_cholodnii_SP-6
  ${ARTICLE32_WORK_DIR}/truth/references/MOCK1/Methanobrevibacter_oralis_DSM_7256.fna.gz ==> Methanobrevibacter_oralis_DSM_7256
  ${ARTICLE32_WORK_DIR}/truth/references/MOCK1/Methanocaldococcus_jannaschii_DSM_2661.fna.gz ==> Methanocaldococcus_jannaschii_DSM_2661
  ${ARTICLE32_WORK_DIR}/truth/references/MOCK1/Methanococcus_maripaludis_C5.fna.gz ==> Methanococcus_maripaludis_C5
  ${ARTICLE32_WORK_DIR}/truth/references/MOCK1/Methanococcus_maripaludis_S2.fna.gz ==> Methanococcus_maripaludis_S2
  ${ARTICLE32_WORK_DIR}/truth/references/MOCK1/Methanomassiliicoccus_luminyensis_B10.fna.gz ==> Methanomassiliicoccus_luminyensis_B10
  ${ARTICLE32_WORK_DIR}/truth/references/MOCK1/Methanomethylovorans_hollandica_DSM_15978.fna.gz ==> Methanomethylovorans_hollandica_DSM_15978
  ${ARTICLE32_WORK_DIR}/truth/references/MOCK1/Methanopyrus_kandleri_AV19.fna.gz ==> Methanopyrus_kandleri_AV19
  ${ARTICLE32_WORK_DIR}/truth/references/MOCK1/Methanosarcina_acetivorans_C2A.fna.gz ==> Methanosarcina_acetivorans_C2A
  ${ARTICLE32_WORK_DIR}/truth/references/MOCK1/Methanothermus_fervidus_DSM_2088.fna.gz ==> Methanothermus_fervidus_DSM_2088
  ${ARTICLE32_WORK_DIR}/truth/references/MOCK1/Micromonospora_arenicola_CNS-205.fna.gz ==> Micromonospora_arenicola_CNS-205
  ${ARTICLE32_WORK_DIR}/truth/references/MOCK1/Micromonospora_tropica_CNB-440.fna.gz ==> Micromonospora_tropica_CNB-440
  ${ARTICLE32_WORK_DIR}/truth/references/MOCK1/Nanoarchaeum_equitans_Kin4-M.fna.gz ==> Nanoarchaeum_equitans_Kin4-M
  ${ARTICLE32_WORK_DIR}/truth/references/MOCK1/Nitratidesulfovibrio_vulgaris_Hildenborough.fna.gz ==> Nitratidesulfovibrio_vulgaris_Hildenborough
  ${ARTICLE32_WORK_DIR}/truth/references/MOCK1/Nitrosomonas_europaea_ATCC_19718.fna.gz ==> Nitrosomonas_europaea_ATCC_19718
  ${ARTICLE32_WORK_DIR}/truth/references/MOCK1/Paraburkholderia_xenovorans_LB400.fna.gz ==> Paraburkholderia_xenovorans_LB400
  ${ARTICLE32_WORK_DIR}/truth/references/MOCK1/Persephonella_marina_EX-H1.fna.gz ==> Persephonella_marina_EX-H1
  ${ARTICLE32_WORK_DIR}/truth/references/MOCK1/Phocaeicola_vulgatus_ATCC_8482.fna.gz ==> Phocaeicola_vulgatus_ATCC_8482
  ${ARTICLE32_WORK_DIR}/truth/references/MOCK1/Porphyromonas_gingivalis_ATCC_33277.fna.gz ==> Porphyromonas_gingivalis_ATCC_33277
  ${ARTICLE32_WORK_DIR}/truth/references/MOCK1/Pseudomonas_fluorescens_SBW25.fna.gz ==> Pseudomonas_fluorescens_SBW25
  ${ARTICLE32_WORK_DIR}/truth/references/MOCK1/Pseudomonas_putida_KT2440.fna.gz ==> Pseudomonas_putida_KT2440
  ${ARTICLE32_WORK_DIR}/truth/references/MOCK1/Pyrobaculum_aerophilum_IM2.fna.gz ==> Pyrobaculum_aerophilum_IM2
  ${ARTICLE32_WORK_DIR}/truth/references/MOCK1/Pyrobaculum_arsenaticum_DSM_13514.fna.gz ==> Pyrobaculum_arsenaticum_DSM_13514
  ${ARTICLE32_WORK_DIR}/truth/references/MOCK1/Pyrobaculum_calidifontis_JCM_11548.fna.gz ==> Pyrobaculum_calidifontis_JCM_11548
  ${ARTICLE32_WORK_DIR}/truth/references/MOCK1/Pyrococcus_furiosus_DSM_3638.fna.gz ==> Pyrococcus_furiosus_DSM_3638
  ${ARTICLE32_WORK_DIR}/truth/references/MOCK1/Pyrococcus_horikoshii_OT3.fna.gz ==> Pyrococcus_horikoshii_OT3
  ${ARTICLE32_WORK_DIR}/truth/references/MOCK1/Rhodopirellula_baltica_SH_1.fna.gz ==> Rhodopirellula_baltica_SH_1
  ${ARTICLE32_WORK_DIR}/truth/references/MOCK1/Ruegeria_pomeroyi_DSS-3.fna.gz ==> Ruegeria_pomeroyi_DSS-3
  ${ARTICLE32_WORK_DIR}/truth/references/MOCK1/Ruminiclostridium_thermocellum_ATCC_27405.fna.gz ==> Ruminiclostridium_thermocellum_ATCC_27405
  ${ARTICLE32_WORK_DIR}/truth/references/MOCK1/Shewanella_baltica_OS185.fna.gz ==> Shewanella_baltica_OS185
  ${ARTICLE32_WORK_DIR}/truth/references/MOCK1/Shewanella_baltica_OS223.fna.gz ==> Shewanella_baltica_OS223
  ${ARTICLE32_WORK_DIR}/truth/references/MOCK1/Shewanella_loihica_PV-4.fna.gz ==> Shewanella_loihica_PV-4
  ${ARTICLE32_WORK_DIR}/truth/references/MOCK1/Sulfurihydrogenibium_sp._YO3AOP1.fna.gz ==> Sulfurihydrogenibium_sp._YO3AOP1
  ${ARTICLE32_WORK_DIR}/truth/references/MOCK1/Sulfurisphaera_tokodaii_str._7.fna.gz ==> Sulfurisphaera_tokodaii_str._7
  ${ARTICLE32_WORK_DIR}/truth/references/MOCK1/Thermoanaerobacter_pseudethanolicus_ATCC_33223.fna.gz ==> Thermoanaerobacter_pseudethanolicus_ATCC_33223
  ${ARTICLE32_WORK_DIR}/truth/references/MOCK1/Thermotoga_neapolitana_DSM_4359.fna.gz ==> Thermotoga_neapolitana_DSM_4359
  ${ARTICLE32_WORK_DIR}/truth/references/MOCK1/Thermotoga_petrophila_RKU-1.fna.gz ==> Thermotoga_petrophila_RKU-1
  ${ARTICLE32_WORK_DIR}/truth/references/MOCK1/Treponema_denticola_ATCC_35405.fna.gz ==> Treponema_denticola_ATCC_35405
  ${ARTICLE32_WORK_DIR}/truth/references/MOCK1/Trichormus_sp._PCC_7120.fna.gz ==> Trichormus_sp._PCC_7120
  ${ARTICLE32_WORK_DIR}/truth/references/MOCK1/Wolinella_succinogenes_DSM_1740.fna.gz ==> Wolinella_succinogenes_DSM_1740
  All references were combined in combined_reference.fasta

Contigs:
  Pre-processing...
  1  ${ARTICLE32_WORK_DIR}/normalized/final/spades-short-only.ge1000.fasta ==> spades-short-only
  1    breaking scaffolds into contigs:
  1      20647 scaffolds (spades-short-only) were broken into 27001 contigs (spades-short-only_broken)
  2  ${ARTICLE32_WORK_DIR}/normalized/final/spades-illumina-ont.ge1000.fasta ==> spades-illumina-ont
  2    breaking scaffolds into contigs:
  2      11064 scaffolds (spades-illumina-ont) were broken into 13333 contigs (spades-illumina-ont_broken)
  3  ${ARTICLE32_WORK_DIR}/normalized/final/spades-illumina-hifi.ge1000.fasta ==> spades-illumina-hifi
  3    breaking scaffolds into contigs:
  3      9751 scaffolds (spades-illumina-hifi) were broken into 11816 contigs (spades-illumina-hifi_broken)
  4  ${ARTICLE32_WORK_DIR}/normalized/final/flye-ont.ge1000.fasta ==> flye-ont
  4    breaking scaffolds into contigs:
  4      WARNING: nothing was broken, skipping 'flye-ont broken' from further analysis
  5  ${ARTICLE32_WORK_DIR}/normalized/final/flye-ont-polypolish-default.ge1000.fasta ==> flye-ont-polypolish-default
  5    breaking scaffolds into contigs:
  5      WARNING: nothing was broken, skipping 'flye-ont-polypolish-default broken' from further analysis
  6  ${ARTICLE32_WORK_DIR}/normalized/final/flye-ont-polypolish-careful.ge1000.fasta ==> flye-ont-polypolish-careful
  6    breaking scaffolds into contigs:
  6      WARNING: nothing was broken, skipping 'flye-ont-polypolish-careful broken' from further analysis
  7  ${ARTICLE32_WORK_DIR}/normalized/final/flye-hifi.ge1000.fasta ==> flye-hifi
  7    breaking scaffolds into contigs:
  7      WARNING: nothing was broken, skipping 'flye-hifi broken' from further analysis

Starting quast.py for the combined reference...
${HYBRID_ENV_PREFIX}/bin/quast.py --min-alignment 500 --fragmented --min-identity 97 --split-scaffolds --threads 32 --min-contig 1000 --no-icarus --combined-ref --colors #E31A1C,#1F78B4,#33A02C,#6A3D9A,#FF7F00,#800000,#A6CEE3,#B2DF8A,#333300,#CCCC00 --ls solid,solid,solid,solid,solid,solid,solid,solid,solid,solid --ambiguity-usage all ${ARTICLE32_WORK_DIR}/normalized/final/spades-short-only.ge1000.fasta ${ARTICLE32_WORK_DIR}/metaquast.partial/quast_corrected_input/spades-short-only_broken.fasta ${ARTICLE32_WORK_DIR}/normalized/final/spades-illumina-ont.ge1000.fasta ${ARTICLE32_WORK_DIR}/metaquast.partial/quast_corrected_input/spades-illumina-ont_broken.fasta ${ARTICLE32_WORK_DIR}/normalized/final/spades-illumina-hifi.ge1000.fasta ${ARTICLE32_WORK_DIR}/metaquast.partial/quast_corrected_input/spades-illumina-hifi_broken.fasta ${ARTICLE32_WORK_DIR}/normalized/final/flye-ont.ge1000.fasta ${ARTICLE32_WORK_DIR}/normalized/final/flye-ont-polypolish-default.ge1000.fasta ${ARTICLE32_WORK_DIR}/normalized/final/flye-ont-polypolish-careful.ge1000.fasta ${ARTICLE32_WORK_DIR}/normalized/final/flye-hifi.ge1000.fasta -R ${ARTICLE32_WORK_DIR}/metaquast.partial/quast_corrected_input/combined_reference.fasta -o ${ARTICLE32_WORK_DIR}/metaquast.partial/combined_reference --labels "spades-short-only, spades-short-only_broken, spades-illumina-ont, spades-illumina-ont_broken, spades-illumina-hifi, spades-illumina-hifi_broken, flye-ont, flye-ont-polypolish-default, flye-ont-polypolish-careful, flye-hifi"

Started: 2026-07-26 23:14:40

Logging to ${ARTICLE32_WORK_DIR}/metaquast.partial/combined_reference/quast.log

CWD: ${PROJECT_ROOT}
Main parameters: 
  MODE: meta, threads: 32, split scaffolds: true, min contig length: 1000, min alignment length: 500, \
  min alignment IDY: 97.0, ambiguity: all, min local misassembly length: 200, min extensive misassembly length: 1000

Reference:
  ${ARTICLE32_WORK_DIR}/metaquast.partial/quast_corrected_input/combined_reference.fasta ==> combined_reference

Contigs:
  Pre-processing...
  1  ${ARTICLE32_WORK_DIR}/normalized/final/spades-short-only.ge1000.fasta ==> spades-short-only
  2  ${ARTICLE32_WORK_DIR}/metaquast.partial/quast_corrected_input/spades-short-only_broken.fasta ==> spades-short-only_broken
  3  ${ARTICLE32_WORK_DIR}/normalized/final/spades-illumina-ont.ge1000.fasta ==> spades-illumina-ont
  4  ${ARTICLE32_WORK_DIR}/metaquast.partial/quast_corrected_input/spades-illumina-ont_broken.fasta ==> spades-illumina-ont_broken
  5  ${ARTICLE32_WORK_DIR}/normalized/final/spades-illumina-hifi.ge1000.fasta ==> spades-illumina-hifi
  6  ${ARTICLE32_WORK_DIR}/metaquast.partial/quast_corrected_input/spades-illumina-hifi_broken.fasta ==> spades-illumina-hifi_broken
  7  ${ARTICLE32_WORK_DIR}/normalized/final/flye-ont.ge1000.fasta ==> flye-ont
  8  ${ARTICLE32_WORK_DIR}/normalized/final/flye-ont-polypolish-default.ge1000.fasta ==> flye-ont-polypolish-default
  9  ${ARTICLE32_WORK_DIR}/normalized/final/flye-ont-polypolish-careful.ge1000.fasta ==> flye-ont-polypolish-careful
  10 ${ARTICLE32_WORK_DIR}/normalized/final/flye-hifi.ge1000.fasta ==> flye-hifi

2026-07-26 23:14:46
Running Basic statistics processor...
  Reference genome:
    combined_reference.fasta, length = 239414479, num fragments = 310, GC % = 52.18
  Contig files: 
    1  spades-short-only
    2  spades-short-only_broken
    3  spades-illumina-ont
    4  spades-illumina-ont_broken
    5  spades-illumina-hifi
    6  spades-illumina-hifi_broken
    7  flye-ont
    8  flye-ont-polypolish-default
    9  flye-ont-polypolish-careful
    10 flye-hifi
  Calculating N50 and L50...
    1  spades-short-only, N50 = 26020, L50 = 774, auN = 139521.1, Total length = 141314393, GC % = 49.96, # N's per 100 kbp =  92.95
    2  spades-short-only_broken, N50 = 22015, L50 = 854, auN = 132762.8, Total length = 138420342, GC % = 49.89, # N's per 100 kbp =  0.00
    3  spades-illumina-ont, N50 = 72626, L50 = 259, auN = 606935.5, Total length = 159368905, GC % = 50.53, # N's per 100 kbp =  180.34
    4  spades-illumina-ont_broken, N50 = 62110, L50 = 340, auN = 424807.0, Total length = 158336020, GC % = 50.53, # N's per 100 kbp =  0.00
    5  spades-illumina-hifi, N50 = 72242, L50 = 296, auN = 769198.7, Total length = 168451875, GC % = 50.84, # N's per 100 kbp =  512.72
    6  spades-illumina-hifi_broken, N50 = 62786, L50 = 350, auN = 591164.3, Total length = 166997057, GC % = 50.85, # N's per 100 kbp =  0.00
    7  flye-ont, N50 = 441240, L50 = 47, auN = 1291481.1, Total length = 143770812, GC % = 50.70, # N's per 100 kbp =  0.00
    8  flye-ont-polypolish-default, N50 = 440931, L50 = 47, auN = 1294953.4, Total length = 143898052, GC % = 50.67, # N's per 100 kbp =  0.00
    9  flye-ont-polypolish-careful, N50 = 440979, L50 = 47, auN = 1294836.6, Total length = 143893598, GC % = 50.67, # N's per 100 kbp =  0.00
    10 flye-hifi, N50 = 2013697, L50 = 22, auN = 2711172.4, Total length = 169457769, GC % = 51.94, # N's per 100 kbp =  0.00
  Drawing Nx plot...
    saved to ${ARTICLE32_WORK_DIR}/metaquast.partial/combined_reference/basic_stats/Nx_plot.pdf
  Drawing cumulative plot...
    saved to ${ARTICLE32_WORK_DIR}/metaquast.partial/combined_reference/basic_stats/cumulative_plot.pdf
  Drawing GC content plot...
    saved to ${ARTICLE32_WORK_DIR}/metaquast.partial/combined_reference/basic_stats/GC_content_plot.pdf
  Drawing spades-short-only GC content plot...
    saved to ${ARTICLE32_WORK_DIR}/metaquast.partial/combined_reference/basic_stats/spades-short-only_GC_content_plot.pdf
  Drawing spades-short-only_broken GC content plot...
    saved to ${ARTICLE32_WORK_DIR}/metaquast.partial/combined_reference/basic_stats/spades-short-only_broken_GC_content_plot.pdf
  Drawing spades-illumina-ont GC content plot...
    saved to ${ARTICLE32_WORK_DIR}/metaquast.partial/combined_reference/basic_stats/spades-illumina-ont_GC_content_plot.pdf
  Drawing spades-illumina-ont_broken GC content plot...
    saved to ${ARTICLE32_WORK_DIR}/metaquast.partial/combined_reference/basic_stats/spades-illumina-ont_broken_GC_content_plot.pdf
  Drawing spades-illumina-hifi GC content plot...
    saved to ${ARTICLE32_WORK_DIR}/metaquast.partial/combined_reference/basic_stats/spades-illumina-hifi_GC_content_plot.pdf
  Drawing spades-illumina-hifi_broken GC content plot...
    saved to ${ARTICLE32_WORK_DIR}/metaquast.partial/combined_reference/basic_stats/spades-illumina-hifi_broken_GC_content_plot.pdf
  Drawing flye-ont GC content plot...
    saved to ${ARTICLE32_WORK_DIR}/metaquast.partial/combined_reference/basic_stats/flye-ont_GC_content_plot.pdf
  Drawing flye-ont-polypolish-default GC content plot...
    saved to ${ARTICLE32_WORK_DIR}/metaquast.partial/combined_reference/basic_stats/flye-ont-polypolish-default_GC_content_plot.pdf
  Drawing flye-ont-polypolish-careful GC content plot...
    saved to ${ARTICLE32_WORK_DIR}/metaquast.partial/combined_reference/basic_stats/flye-ont-polypolish-careful_GC_content_plot.pdf
  Drawing flye-hifi GC content plot...
    saved to ${ARTICLE32_WORK_DIR}/metaquast.partial/combined_reference/basic_stats/flye-hifi_GC_content_plot.pdf
  Drawing Coverage histogram (bin size: 1x)...
    saved to ${ARTICLE32_WORK_DIR}/metaquast.partial/combined_reference/basic_stats/coverage_histogram.pdf
  Drawing spades-short-only coverage histogram (bin size: 1x)...
    saved to ${ARTICLE32_WORK_DIR}/metaquast.partial/combined_reference/basic_stats/spades-short-only_coverage_histogram.pdf
  Drawing spades-short-only_broken coverage histogram (bin size: 1x)...
    saved to ${ARTICLE32_WORK_DIR}/metaquast.partial/combined_reference/basic_stats/spades-short-only_broken_coverage_histogram.pdf
  Drawing spades-illumina-ont coverage histogram (bin size: 1x)...
    saved to ${ARTICLE32_WORK_DIR}/metaquast.partial/combined_reference/basic_stats/spades-illumina-ont_coverage_histogram.pdf
  Drawing spades-illumina-ont_broken coverage histogram (bin size: 1x)...
    saved to ${ARTICLE32_WORK_DIR}/metaquast.partial/combined_reference/basic_stats/spades-illumina-ont_broken_coverage_histogram.pdf
  Drawing spades-illumina-hifi coverage histogram (bin size: 1x)...
    saved to ${ARTICLE32_WORK_DIR}/metaquast.partial/combined_reference/basic_stats/spades-illumina-hifi_coverage_histogram.pdf
  Drawing spades-illumina-hifi_broken coverage histogram (bin size: 1x)...
    saved to ${ARTICLE32_WORK_DIR}/metaquast.partial/combined_reference/basic_stats/spades-illumina-hifi_broken_coverage_histogram.pdf
Done.

2026-07-26 23:16:49
Running Contig analyzer...
  1  spades-short-only
  1  Logging to files ${ARTICLE32_WORK_DIR}/metaquast.partial/combined_reference/contigs_reports/contigs_report_spades-short-only.stdout and contigs_report_spades-short-only.stderr...
  1  Aligning contigs to the reference
  2  spades-short-only_broken
  2  Logging to files ${ARTICLE32_WORK_DIR}/metaquast.partial/combined_reference/contigs_reports/contigs_report_spades-short-only_broken.stdout and contigs_report_spades-short-only_broken.stderr...
  2  Aligning contigs to the reference
  3  spades-illumina-ont
  3  Logging to files ${ARTICLE32_WORK_DIR}/metaquast.partial/combined_reference/contigs_reports/contigs_report_spades-illumina-ont.stdout and contigs_report_spades-illumina-ont.stderr...
  3  Aligning contigs to the reference
  4  spades-illumina-ont_broken
  4  Logging to files ${ARTICLE32_WORK_DIR}/metaquast.partial/combined_reference/contigs_reports/contigs_report_spades-illumina-ont_broken.stdout and contigs_report_spades-illumina-ont_broken.stderr...
  4  Aligning contigs to the reference
  5  spades-illumina-hifi
  5  Logging to files ${ARTICLE32_WORK_DIR}/metaquast.partial/combined_reference/contigs_reports/contigs_report_spades-illumina-hifi.stdout and contigs_report_spades-illumina-hifi.stderr...
  5  Aligning contigs to the reference
  6  spades-illumina-hifi_broken
  6  Logging to files ${ARTICLE32_WORK_DIR}/metaquast.partial/combined_reference/contigs_reports/contigs_report_spades-illumina-hifi_broken.stdout and contigs_report_spades-illumina-hifi_broken.stderr...
  6  Aligning contigs to the reference
  7  flye-ont
  7  Logging to files ${ARTICLE32_WORK_DIR}/metaquast.partial/combined_reference/contigs_reports/contigs_report_flye-ont.stdout and contigs_report_flye-ont.stderr...
  7  Aligning contigs to the reference
  8  flye-ont-polypolish-default
  8  Logging to files ${ARTICLE32_WORK_DIR}/metaquast.partial/combined_reference/contigs_reports/contigs_report_flye-ont-polypolish-default.stdout and contigs_report_flye-ont-polypolish-default.stderr...
  8  Aligning contigs to the reference
  9  flye-ont-polypolish-careful
  9  Logging to files ${ARTICLE32_WORK_DIR}/metaquast.partial/combined_reference/contigs_reports/contigs_report_flye-ont-polypolish-careful.stdout and contigs_report_flye-ont-polypolish-careful.stderr...
  9  Aligning contigs to the reference
  10 flye-hifi
  10 Logging to files ${ARTICLE32_WORK_DIR}/metaquast.partial/combined_reference/contigs_reports/contigs_report_flye-hifi.stdout and contigs_report_flye-hifi.stderr...
  10 Aligning contigs to the reference
  2  Analysis is finished.
  1  Analysis is finished.
  4  Analysis is finished.
  3  Analysis is finished.
  6  Analysis is finished.
  5  Analysis is finished.
  8  Analysis is finished.
  9  Analysis is finished.
  7  Analysis is finished.
  10 Analysis is finished.
  Information about interspecies translocations by references for spades-short-only is saved to ${ARTICLE32_WORK_DIR}/metaquast.partial/combined_reference/contigs_reports/interspecies_translocations_by_refs_spades-short-only.info
  Information about interspecies translocations by references for spades-short-only_broken is saved to ${ARTICLE32_WORK_DIR}/metaquast.partial/combined_reference/contigs_reports/interspecies_translocations_by_refs_spades-short-only_broken.info
  Information about interspecies translocations by references for spades-illumina-ont is saved to ${ARTICLE32_WORK_DIR}/metaquast.partial/combined_reference/contigs_reports/interspecies_translocations_by_refs_spades-illumina-ont.info
  Information about interspecies translocations by references for spades-illumina-ont_broken is saved to ${ARTICLE32_WORK_DIR}/metaquast.partial/combined_reference/contigs_reports/interspecies_translocations_by_refs_spades-illumina-ont_broken.info
  Information about interspecies translocations by references for spades-illumina-hifi is saved to ${ARTICLE32_WORK_DIR}/metaquast.partial/combined_reference/contigs_reports/interspecies_translocations_by_refs_spades-illumina-hifi.info
  Information about interspecies translocations by references for spades-illumina-hifi_broken is saved to ${ARTICLE32_WORK_DIR}/metaquast.partial/combined_reference/contigs_reports/interspecies_translocations_by_refs_spades-illumina-hifi_broken.info
  Information about interspecies translocations by references for flye-ont is saved to ${ARTICLE32_WORK_DIR}/metaquast.partial/combined_reference/contigs_reports/interspecies_translocations_by_refs_flye-ont.info
  Information about interspecies translocations by references for flye-ont-polypolish-default is saved to ${ARTICLE32_WORK_DIR}/metaquast.partial/combined_reference/contigs_reports/interspecies_translocations_by_refs_flye-ont-polypolish-default.info
  Information about interspecies translocations by references for flye-ont-polypolish-careful is saved to ${ARTICLE32_WORK_DIR}/metaquast.partial/combined_reference/contigs_reports/interspecies_translocations_by_refs_flye-ont-polypolish-careful.info
  Information about interspecies translocations by references for flye-hifi is saved to ${ARTICLE32_WORK_DIR}/metaquast.partial/combined_reference/contigs_reports/interspecies_translocations_by_refs_flye-hifi.info
  Drawing Intergenomic misassemblies (found and supposed) metaQUAST summary plot...
    saved to ${ARTICLE32_WORK_DIR}/metaquast.partial/combined_reference/contigs_reports/intergenomic_misassemblies.pdf
  Creating total report...
    saved to ${ARTICLE32_WORK_DIR}/metaquast.partial/combined_reference/contigs_reports/misassemblies_report.txt, misassemblies_report.tsv, and misassemblies_report.tex
  Transposed version of total report...
    saved to ${ARTICLE32_WORK_DIR}/metaquast.partial/combined_reference/contigs_reports/transposed_report_misassemblies.txt, transposed_report_misassemblies.tsv, and transposed_report_misassemblies.tex
  Creating total report...
    saved to ${ARTICLE32_WORK_DIR}/metaquast.partial/combined_reference/contigs_reports/unaligned_report.txt, unaligned_report.tsv, and unaligned_report.tex
  Drawing misassemblies by types plot...
    saved to ${ARTICLE32_WORK_DIR}/metaquast.partial/combined_reference/contigs_reports/misassemblies_plot.pdf
  Drawing misassemblies FRCurve plot...
    saved to ${ARTICLE32_WORK_DIR}/metaquast.partial/combined_reference/contigs_reports/misassemblies_frcurve_plot.pdf
Done.

2026-07-26 23:19:20
Running NA-NGA calculation...
  1  spades-short-only, Largest alignment = 1630363, NA50 = 25703, LA50 = 809
  2  spades-short-only_broken, Largest alignment = 1630363, NA50 = 21821, LA50 = 887
  3  spades-illumina-ont, Largest alignment = 3239829, NA50 = 65930, LA50 = 328
  4  spades-illumina-ont_broken, Largest alignment = 3147103, NA50 = 57815, LA50 = 394
  5  spades-illumina-hifi, Largest alignment = 3238920, NA50 = 65182, LA50 = 370
  6  spades-illumina-hifi_broken, Largest alignment = 3147103, NA50 = 57740, LA50 = 415
  7  flye-ont, Largest alignment = 4357351, NA50 = 194794, LA50 = 108
  8  flye-ont-polypolish-default, Largest alignment = 4361376, NA50 = 198296, LA50 = 107
  9  flye-ont-polypolish-careful, Largest alignment = 4361350, NA50 = 198300, LA50 = 107
  10 flye-hifi, Largest alignment = 6602741, NA50 = 903979, LA50 = 42
  Drawing cumulative plot...
    saved to ${ARTICLE32_WORK_DIR}/metaquast.partial/combined_reference/aligned_stats/cumulative_plot.pdf
  Drawing NAx plot...
    saved to ${ARTICLE32_WORK_DIR}/metaquast.partial/combined_reference/aligned_stats/NAx_plot.pdf
Done.

2026-07-26 23:19:39
Running Genome analyzer...
  NOTICE: No file with genomic features were provided. Use the --features option if you want to specify it.

  NOTICE: No file with operons were provided. Use the -O option if you want to specify it.
  1  spades-short-only
  2  spades-short-only_broken
  3  spades-illumina-ont
  4  spades-illumina-ont_broken
  5  spades-illumina-hifi
  6  spades-illumina-hifi_broken
  7  flye-ont
  8  flye-ont-polypolish-default
  9  flye-ont-polypolish-careful
  10 flye-hifi
  7  Analysis is finished.
  8  Analysis is finished.
  9  Analysis is finished.
  2  Analysis is finished.
  10 Analysis is finished.
  1  Analysis is finished.
  6  Analysis is finished.
  4  Analysis is finished.
  3  Analysis is finished.
  5  Analysis is finished.
  Drawing Genome fraction, % histogram...
    saved to ${ARTICLE32_WORK_DIR}/metaquast.partial/combined_reference/genome_stats/genome_fraction_histogram.pdf
Done.

NOTICE: Genes are not predicted by default. Use --gene-finding or --glimmer option to enable it.

2026-07-26 23:20:52
Creating large visual summaries...
This may take a while: press Ctrl-C to skip this step..
  1 of 1: Creating PDF with all tables and plots...
Done

2026-07-26 23:20:58
RESULTS:
  Text versions of total report are saved to ${ARTICLE32_WORK_DIR}/metaquast.partial/combined_reference/report.txt, report.tsv, and report.tex
  Text versions of transposed total report are saved to ${ARTICLE32_WORK_DIR}/metaquast.partial/combined_reference/transposed_report.txt, transposed_report.tsv, and transposed_report.tex
  HTML version (interactive tables and plots) is saved to ${ARTICLE32_WORK_DIR}/metaquast.partial/combined_reference/report.html
  PDF version (tables and plots) is saved to ${ARTICLE32_WORK_DIR}/metaquast.partial/combined_reference/report.pdf

Partitioning contigs into bins aligned to each reference..
  processing spades-short-only
  processing spades-short-only_broken
  processing spades-illumina-ont
  processing spades-illumina-ont_broken
  processing spades-illumina-hifi
  processing spades-illumina-hifi_broken
  processing flye-ont
  processing flye-ont-polypolish-default
  processing flye-ont-polypolish-careful
  processing flye-hifi

Run QUAST on different references in parallel..

No contigs were aligned to the reference Acidilobus_saccharovorans_345-15, skipping..

Starting quast.py for the contigs aligned to Acidobacterium_capsulatum_ATCC_51196... (logging to ${ARTICLE32_WORK_DIR}/metaquast.partial/runs_per_reference/Acidobacterium_capsulatum_ATCC_51196/quast.log)

No contigs were aligned to the reference Aciduliprofundum_boonei_T469, skipping..

Starting quast.py for the contigs aligned to Akkermansia_muciniphila_ATCC_BAA-835... (logging to ${ARTICLE32_WORK_DIR}/metaquast.partial/runs_per_reference/Akkermansia_muciniphila_ATCC_BAA-835/quast.log)

Starting quast.py for the contigs aligned to Archaeoglobus_fulgidus_DSM_4304... (logging to ${ARTICLE32_WORK_DIR}/metaquast.partial/runs_per_reference/Archaeoglobus_fulgidus_DSM_4304/quast.log)

Starting quast.py for the contigs aligned to Bacteroides_thetaiotaomicron_VPI-5482... (logging to ${ARTICLE32_WORK_DIR}/metaquast.partial/runs_per_reference/Bacteroides_thetaiotaomicron_VPI-5482/quast.log)

Starting quast.py for the contigs aligned to Bordetella_pertussis_RB50... (logging to ${ARTICLE32_WORK_DIR}/metaquast.partial/runs_per_reference/Bordetella_pertussis_RB50/quast.log)

Starting quast.py for the contigs aligned to Caldicellulosiruptor_bescii_DSM_6725... (logging to ${ARTICLE32_WORK_DIR}/metaquast.partial/runs_per_reference/Caldicellulosiruptor_bescii_DSM_6725/quast.log)

Starting quast.py for the contigs aligned to Caldicellulosiruptor_saccharolyticus_DSM_8903... (logging to ${ARTICLE32_WORK_DIR}/metaquast.partial/runs_per_reference/Caldicellulosiruptor_saccharolyticus_DSM_8903/quast.log)

Starting quast.py for the contigs aligned to Chlorobaculum_tepidum_TLS... (logging to ${ARTICLE32_WORK_DIR}/metaquast.partial/runs_per_reference/Chlorobaculum_tepidum_TLS/quast.log)

Starting quast.py for the contigs aligned to Chlorobium_limicola_DSM_245... (logging to ${ARTICLE32_WORK_DIR}/metaquast.partial/runs_per_reference/Chlorobium_limicola_DSM_245/quast.log)

Starting quast.py for the contigs aligned to Chlorobium_phaeobacteroides_DSM_266... (logging to ${ARTICLE32_WORK_DIR}/metaquast.partial/runs_per_reference/Chlorobium_phaeobacteroides_DSM_266/quast.log)

Starting quast.py for the contigs aligned to Chlorobium_phaeovibrioides_DSM_265... (logging to ${ARTICLE32_WORK_DIR}/metaquast.partial/runs_per_reference/Chlorobium_phaeovibrioides_DSM_265/quast.log)

Starting quast.py for the contigs aligned to Chloroflexus_aurantiacus_J-10-fl... (logging to ${ARTICLE32_WORK_DIR}/metaquast.partial/runs_per_reference/Chloroflexus_aurantiacus_J-10-fl/quast.log)

Starting quast.py for the contigs aligned to Deinococcus_radiodurans_R1... (logging to ${ARTICLE32_WORK_DIR}/metaquast.partial/runs_per_reference/Deinococcus_radiodurans_R1/quast.log)

No contigs were aligned to the reference Desulfitobacterium_dehalogenans_ATCC_51507, skipping..

Starting quast.py for the contigs aligned to Desulfobulbus_oralis_sp._ONRL... (logging to ${ARTICLE32_WORK_DIR}/metaquast.partial/runs_per_reference/Desulfobulbus_oralis_sp._ONRL/quast.log)

No contigs were aligned to the reference Desulfovibrio_mercurii_ND_132, skipping..

Starting quast.py for the contigs aligned to Desulfovibrio_piger_ATCC_29098... (logging to ${ARTICLE32_WORK_DIR}/metaquast.partial/runs_per_reference/Desulfovibrio_piger_ATCC_29098/quast.log)

Starting quast.py for the contigs aligned to Dictyoglomus_turgidum_DSM_6724... (logging to ${ARTICLE32_WORK_DIR}/metaquast.partial/runs_per_reference/Dictyoglomus_turgidum_DSM_6724/quast.log)

Starting quast.py for the contigs aligned to Enterococcus_faecalis_OG1RF... (logging to ${ARTICLE32_WORK_DIR}/metaquast.partial/runs_per_reference/Enterococcus_faecalis_OG1RF/quast.log)

Starting quast.py for the contigs aligned to Fusobacterium_nucleatum_subsp._nucleatum_ATCC_25586... (logging to ${ARTICLE32_WORK_DIR}/metaquast.partial/runs_per_reference/Fusobacterium_nucleatum_subsp._nucleatum_ATCC_25586/quast.log)

Starting quast.py for the contigs aligned to Gemmatimonas_aurantiaca_T-27... (logging to ${ARTICLE32_WORK_DIR}/metaquast.partial/runs_per_reference/Gemmatimonas_aurantiaca_T-27/quast.log)

No contigs were aligned to the reference Geobacter_bemidjiensis_Bem, skipping..

Starting quast.py for the contigs aligned to Geobacter_sulfurreducens_PCA... (logging to ${ARTICLE32_WORK_DIR}/metaquast.partial/runs_per_reference/Geobacter_sulfurreducens_PCA/quast.log)

Starting quast.py for the contigs aligned to Halobacterium_salinarum_NRC-1... (logging to ${ARTICLE32_WORK_DIR}/metaquast.partial/runs_per_reference/Halobacterium_salinarum_NRC-1/quast.log)

No contigs were aligned to the reference Haloferax_volcanii_DS2, skipping..

Starting quast.py for the contigs aligned to Herpetosiphon_aurantiacus_DSM_785... (logging to ${ARTICLE32_WORK_DIR}/metaquast.partial/runs_per_reference/Herpetosiphon_aurantiacus_DSM_785/quast.log)

Starting quast.py for the contigs aligned to Hydrogenobaculum_sp._Y04AAS1... (logging to ${ARTICLE32_WORK_DIR}/metaquast.partial/runs_per_reference/Hydrogenobaculum_sp._Y04AAS1/quast.log)

Starting quast.py for the contigs aligned to Ignicoccus_hospitalis_KIN4_I... (logging to ${ARTICLE32_WORK_DIR}/metaquast.partial/runs_per_reference/Ignicoccus_hospitalis_KIN4_I/quast.log)

Starting quast.py for the contigs aligned to Ignicoccus_islandicus_DSM_13165... (logging to ${ARTICLE32_WORK_DIR}/metaquast.partial/runs_per_reference/Ignicoccus_islandicus_DSM_13165/quast.log)

Starting quast.py for the contigs aligned to Methanobrevibacter_oralis_DSM_7256... (logging to ${ARTICLE32_WORK_DIR}/metaquast.partial/runs_per_reference/Methanobrevibacter_oralis_DSM_7256/quast.log)

Starting quast.py for the contigs aligned to Leptothrix_cholodnii_SP-6... (logging to ${ARTICLE32_WORK_DIR}/metaquast.partial/runs_per_reference/Leptothrix_cholodnii_SP-6/quast.log)

Starting quast.py for the contigs aligned to Methanocaldococcus_jannaschii_DSM_2661... (logging to ${ARTICLE32_WORK_DIR}/metaquast.partial/runs_per_reference/Methanocaldococcus_jannaschii_DSM_2661/quast.log)

Starting quast.py for the contigs aligned to Methanococcus_maripaludis_C5... (logging to ${ARTICLE32_WORK_DIR}/metaquast.partial/runs_per_reference/Methanococcus_maripaludis_C5/quast.log)

Starting quast.py for the contigs aligned to Methanococcus_maripaludis_S2... (logging to ${ARTICLE32_WORK_DIR}/metaquast.partial/runs_per_reference/Methanococcus_maripaludis_S2/quast.log)

Starting quast.py for the contigs aligned to Methanomassiliicoccus_luminyensis_B10... (logging to ${ARTICLE32_WORK_DIR}/metaquast.partial/runs_per_reference/Methanomassiliicoccus_luminyensis_B10/quast.log)

Starting quast.py for the contigs aligned to Methanomethylovorans_hollandica_DSM_15978... (logging to ${ARTICLE32_WORK_DIR}/metaquast.partial/runs_per_reference/Methanomethylovorans_hollandica_DSM_15978/quast.log)

Starting quast.py for the contigs aligned to Methanopyrus_kandleri_AV19... (logging to ${ARTICLE32_WORK_DIR}/metaquast.partial/runs_per_reference/Methanopyrus_kandleri_AV19/quast.log)

Starting quast.py for the contigs aligned to Methanosarcina_acetivorans_C2A... (logging to ${ARTICLE32_WORK_DIR}/metaquast.partial/runs_per_reference/Methanosarcina_acetivorans_C2A/quast.log)

Starting quast.py for the contigs aligned to Methanothermus_fervidus_DSM_2088... (logging to ${ARTICLE32_WORK_DIR}/metaquast.partial/runs_per_reference/Methanothermus_fervidus_DSM_2088/quast.log)

Starting quast.py for the contigs aligned to Micromonospora_arenicola_CNS-205... (logging to ${ARTICLE32_WORK_DIR}/metaquast.partial/runs_per_reference/Micromonospora_arenicola_CNS-205/quast.log)

Starting quast.py for the contigs aligned to Micromonospora_tropica_CNB-440... (logging to ${ARTICLE32_WORK_DIR}/metaquast.partial/runs_per_reference/Micromonospora_tropica_CNB-440/quast.log)

Starting quast.py for the contigs aligned to Nanoarchaeum_equitans_Kin4-M... (logging to ${ARTICLE32_WORK_DIR}/metaquast.partial/runs_per_reference/Nanoarchaeum_equitans_Kin4-M/quast.log)

No contigs were aligned to the reference Nitratidesulfovibrio_vulgaris_Hildenborough, skipping..

Starting quast.py for the contigs aligned to Nitrosomonas_europaea_ATCC_19718... (logging to ${ARTICLE32_WORK_DIR}/metaquast.partial/runs_per_reference/Nitrosomonas_europaea_ATCC_19718/quast.log)

Starting quast.py for the contigs aligned to Paraburkholderia_xenovorans_LB400... (logging to ${ARTICLE32_WORK_DIR}/metaquast.partial/runs_per_reference/Paraburkholderia_xenovorans_LB400/quast.log)

Starting quast.py for the contigs aligned to Persephonella_marina_EX-H1... (logging to ${ARTICLE32_WORK_DIR}/metaquast.partial/runs_per_reference/Persephonella_marina_EX-H1/quast.log)

Starting quast.py for the contigs aligned to Phocaeicola_vulgatus_ATCC_8482... (logging to ${ARTICLE32_WORK_DIR}/metaquast.partial/runs_per_reference/Phocaeicola_vulgatus_ATCC_8482/quast.log)

Starting quast.py for the contigs aligned to Porphyromonas_gingivalis_ATCC_33277... (logging to ${ARTICLE32_WORK_DIR}/metaquast.partial/runs_per_reference/Porphyromonas_gingivalis_ATCC_33277/quast.log)

Starting quast.py for the contigs aligned to Pseudomonas_fluorescens_SBW25... (logging to ${ARTICLE32_WORK_DIR}/metaquast.partial/runs_per_reference/Pseudomonas_fluorescens_SBW25/quast.log)

Starting quast.py for the contigs aligned to Pseudomonas_putida_KT2440... (logging to ${ARTICLE32_WORK_DIR}/metaquast.partial/runs_per_reference/Pseudomonas_putida_KT2440/quast.log)

Starting quast.py for the contigs aligned to Pyrobaculum_aerophilum_IM2... (logging to ${ARTICLE32_WORK_DIR}/metaquast.partial/runs_per_reference/Pyrobaculum_aerophilum_IM2/quast.log)

No contigs were aligned to the reference Pyrobaculum_arsenaticum_DSM_13514, skipping..

Starting quast.py for the contigs aligned to Pyrobaculum_calidifontis_JCM_11548... (logging to ${ARTICLE32_WORK_DIR}/metaquast.partial/runs_per_reference/Pyrobaculum_calidifontis_JCM_11548/quast.log)

Starting quast.py for the contigs aligned to Pyrococcus_furiosus_DSM_3638... (logging to ${ARTICLE32_WORK_DIR}/metaquast.partial/runs_per_reference/Pyrococcus_furiosus_DSM_3638/quast.log)

Starting quast.py for the contigs aligned to Pyrococcus_horikoshii_OT3... (logging to ${ARTICLE32_WORK_DIR}/metaquast.partial/runs_per_reference/Pyrococcus_horikoshii_OT3/quast.log)

Starting quast.py for the contigs aligned to Rhodopirellula_baltica_SH_1... (logging to ${ARTICLE32_WORK_DIR}/metaquast.partial/runs_per_reference/Rhodopirellula_baltica_SH_1/quast.log)

Starting quast.py for the contigs aligned to Ruegeria_pomeroyi_DSS-3... (logging to ${ARTICLE32_WORK_DIR}/metaquast.partial/runs_per_reference/Ruegeria_pomeroyi_DSS-3/quast.log)

Starting quast.py for the contigs aligned to Ruminiclostridium_thermocellum_ATCC_27405... (logging to ${ARTICLE32_WORK_DIR}/metaquast.partial/runs_per_reference/Ruminiclostridium_thermocellum_ATCC_27405/quast.log)

Starting quast.py for the contigs aligned to Shewanella_baltica_OS185... (logging to ${ARTICLE32_WORK_DIR}/metaquast.partial/runs_per_reference/Shewanella_baltica_OS185/quast.log)

Starting quast.py for the contigs aligned to Shewanella_baltica_OS223... (logging to ${ARTICLE32_WORK_DIR}/metaquast.partial/runs_per_reference/Shewanella_baltica_OS223/quast.log)

Starting quast.py for the contigs aligned to Shewanella_loihica_PV-4... (logging to ${ARTICLE32_WORK_DIR}/metaquast.partial/runs_per_reference/Shewanella_loihica_PV-4/quast.log)

Starting quast.py for the contigs aligned to Sulfurihydrogenibium_sp._YO3AOP1... (logging to ${ARTICLE32_WORK_DIR}/metaquast.partial/runs_per_reference/Sulfurihydrogenibium_sp._YO3AOP1/quast.log)

Starting quast.py for the contigs aligned to Sulfurisphaera_tokodaii_str._7... (logging to ${ARTICLE32_WORK_DIR}/metaquast.partial/runs_per_reference/Sulfurisphaera_tokodaii_str._7/quast.log)

Starting quast.py for the contigs aligned to Thermoanaerobacter_pseudethanolicus_ATCC_33223... (logging to ${ARTICLE32_WORK_DIR}/metaquast.partial/runs_per_reference/Thermoanaerobacter_pseudethanolicus_ATCC_33223/quast.log)

Starting quast.py for the contigs aligned to Thermotoga_neapolitana_DSM_4359... (logging to ${ARTICLE32_WORK_DIR}/metaquast.partial/runs_per_reference/Thermotoga_neapolitana_DSM_4359/quast.log)

Starting quast.py for the contigs aligned to Thermotoga_petrophila_RKU-1... (logging to ${ARTICLE32_WORK_DIR}/metaquast.partial/runs_per_reference/Thermotoga_petrophila_RKU-1/quast.log)

Starting quast.py for the contigs aligned to Treponema_denticola_ATCC_35405... (logging to ${ARTICLE32_WORK_DIR}/metaquast.partial/runs_per_reference/Treponema_denticola_ATCC_35405/quast.log)

Starting quast.py for the contigs aligned to Trichormus_sp._PCC_7120... (logging to ${ARTICLE32_WORK_DIR}/metaquast.partial/runs_per_reference/Trichormus_sp._PCC_7120/quast.log)

Starting quast.py for the contigs aligned to Wolinella_succinogenes_DSM_1740... (logging to ${ARTICLE32_WORK_DIR}/metaquast.partial/runs_per_reference/Wolinella_succinogenes_DSM_1740/quast.log)

Starting quast.py for the contigs not aligned anywhere... (logging to ${ARTICLE32_WORK_DIR}/metaquast.partial/not_aligned/quast.log)
${HYBRID_ENV_PREFIX}/bin/quast.py --min-alignment 500 --fragmented --min-identity 97 --threads 32 --min-contig 1000 --no-icarus --colors #E31A1C,#1F78B4,#33A02C,#6A3D9A,#FF7F00,#800000,#A6CEE3,#B2DF8A,#333300,#CCCC00 --ls solid,solid,solid,solid,solid,solid,solid,solid,solid,solid --no-check-meta --contig-thresholds 1000,5000,10000,25000,50000 -t 32 ${ARTICLE32_WORK_DIR}/metaquast.partial/quast_corrected_input/spades-short-only_not_aligned_anywhere.fasta ${ARTICLE32_WORK_DIR}/metaquast.partial/quast_corrected_input/spades-short-only_broken_not_aligned_anywhere.fasta ${ARTICLE32_WORK_DIR}/metaquast.partial/quast_corrected_input/spades-illumina-ont_not_aligned_anywhere.fasta ${ARTICLE32_WORK_DIR}/metaquast.partial/quast_corrected_input/spades-illumina-ont_broken_not_aligned_anywhere.fasta ${ARTICLE32_WORK_DIR}/metaquast.partial/quast_corrected_input/spades-illumina-hifi_not_aligned_anywhere.fasta ${ARTICLE32_WORK_DIR}/metaquast.partial/quast_corrected_input/spades-illumina-hifi_broken_not_aligned_anywhere.fasta ${ARTICLE32_WORK_DIR}/metaquast.partial/quast_corrected_input/flye-ont_not_aligned_anywhere.fasta ${ARTICLE32_WORK_DIR}/metaquast.partial/quast_corrected_input/flye-ont-polypolish-default_not_aligned_anywhere.fasta ${ARTICLE32_WORK_DIR}/metaquast.partial/quast_corrected_input/flye-ont-polypolish-careful_not_aligned_anywhere.fasta ${ARTICLE32_WORK_DIR}/metaquast.partial/quast_corrected_input/flye-hifi_not_aligned_anywhere.fasta -o ${ARTICLE32_WORK_DIR}/metaquast.partial/not_aligned --labels "spades-short-only, spades-short-only_broken, spades-illumina-ont, spades-illumina-ont_broken, spades-illumina-hifi, spades-illumina-hifi_broken, flye-ont, flye-ont-polypolish-default, flye-ont-polypolish-careful, flye-hifi"

Started: 2026-07-26 23:23:10

Logging to ${ARTICLE32_WORK_DIR}/metaquast.partial/not_aligned/quast.log

CWD: ${PROJECT_ROOT}
Main parameters: 
  MODE: meta, threads: 32, min contig length: 1000, min alignment length: 500, min alignment IDY: 97.0, \
  ambiguity: one, min local misassembly length: 200, min extensive misassembly length: 1000

Contigs:
  Pre-processing...
  1  ${ARTICLE32_WORK_DIR}/metaquast.partial/quast_corrected_input/spades-short-only_not_aligned_anywhere.fasta ==> spades-short-only
  2  ${ARTICLE32_WORK_DIR}/metaquast.partial/quast_corrected_input/spades-short-only_broken_not_aligned_anywhere.fasta ==> spades-short-only_broken
  3  ${ARTICLE32_WORK_DIR}/metaquast.partial/quast_corrected_input/spades-illumina-ont_not_aligned_anywhere.fasta ==> spades-illumina-ont
  4  ${ARTICLE32_WORK_DIR}/metaquast.partial/quast_corrected_input/spades-illumina-ont_broken_not_aligned_anywhere.fasta ==> spades-illumina-ont_broken
  5  ${ARTICLE32_WORK_DIR}/metaquast.partial/quast_corrected_input/spades-illumina-hifi_not_aligned_anywhere.fasta ==> spades-illumina-hifi
  6  ${ARTICLE32_WORK_DIR}/metaquast.partial/quast_corrected_input/spades-illumina-hifi_broken_not_aligned_anywhere.fasta ==> spades-illumina-hifi_broken
  7  ${ARTICLE32_WORK_DIR}/metaquast.partial/quast_corrected_input/flye-ont_not_aligned_anywhere.fasta ==> flye-ont
  8  ${ARTICLE32_WORK_DIR}/metaquast.partial/quast_corrected_input/flye-ont-polypolish-default_not_aligned_anywhere.fasta ==> flye-ont-polypolish-default
  9  ${ARTICLE32_WORK_DIR}/metaquast.partial/quast_corrected_input/flye-ont-polypolish-careful_not_aligned_anywhere.fasta ==> flye-ont-polypolish-careful
  10 ${ARTICLE32_WORK_DIR}/metaquast.partial/quast_corrected_input/flye-hifi_not_aligned_anywhere.fasta ==> flye-hifi

2026-07-26 23:23:11
Running Basic statistics processor...
  Contig files: 
    1  spades-short-only
    2  spades-short-only_broken
    3  spades-illumina-ont
    4  spades-illumina-ont_broken
    5  spades-illumina-hifi
    6  spades-illumina-hifi_broken
    7  flye-ont
    8  flye-ont-polypolish-default
    9  flye-ont-polypolish-careful
    10 flye-hifi
  Calculating N50 and L50...
    1  spades-short-only, N50 = 1355, L50 = 22, auN = 3676.3, Total length = 112707, GC % = 60.68, # N's per 100 kbp =  677.86
    2  spades-short-only_broken, N50 = 1696, L50 = 11, auN = 4636.9, Total length = 80277, GC % = 60.63, # N's per 100 kbp =  0.00
    3  spades-illumina-ont, N50 = 4781, L50 = 285, auN = 5423.5, Total length = 4028574, GC % = 59.94, # N's per 100 kbp =  42.57
    4  spades-illumina-ont_broken, N50 = 4783, L50 = 288, auN = 5451.5, Total length = 4076040, GC % = 59.81, # N's per 100 kbp =  0.00
    5  spades-illumina-hifi, N50 = 3934, L50 = 60, auN = 4741.9, Total length = 743171, GC % = 69.76, # N's per 100 kbp =  12.78
    6  spades-illumina-hifi_broken, N50 = 3934, L50 = 60, auN = 4754.9, Total length = 740733, GC % = 69.78, # N's per 100 kbp =  0.00
    7  flye-ont, N50 = 24070, L50 = 210, auN = 29264.8, Total length = 16127522, GC % = 54.65, # N's per 100 kbp =  0.00
    8  flye-ont-polypolish-default, N50 = 22807, L50 = 173, auN = 27658.6, Total length = 12660078, GC % = 55.51, # N's per 100 kbp =  0.00
    9  flye-ont-polypolish-careful, N50 = 22741, L50 = 176, auN = 27545.0, Total length = 12823029, GC % = 55.33, # N's per 100 kbp =  0.00
    10 flye-hifi, N50 = 19856, L50 = 18, auN = 24069.0, Total length = 1067502, GC % = 53.37, # N's per 100 kbp =  0.00
  Drawing Nx plot...
    saved to ${ARTICLE32_WORK_DIR}/metaquast.partial/not_aligned/basic_stats/Nx_plot.pdf
  Drawing cumulative plot...
    saved to ${ARTICLE32_WORK_DIR}/metaquast.partial/not_aligned/basic_stats/cumulative_plot.pdf
  Drawing GC content plot...
    saved to ${ARTICLE32_WORK_DIR}/metaquast.partial/not_aligned/basic_stats/GC_content_plot.pdf
  Drawing spades-short-only GC content plot...
    saved to ${ARTICLE32_WORK_DIR}/metaquast.partial/not_aligned/basic_stats/spades-short-only_GC_content_plot.pdf
  Drawing spades-short-only_broken GC content plot...
    saved to ${ARTICLE32_WORK_DIR}/metaquast.partial/not_aligned/basic_stats/spades-short-only_broken_GC_content_plot.pdf
  Drawing spades-illumina-ont GC content plot...
    saved to ${ARTICLE32_WORK_DIR}/metaquast.partial/not_aligned/basic_stats/spades-illumina-ont_GC_content_plot.pdf
  Drawing spades-illumina-ont_broken GC content plot...
    saved to ${ARTICLE32_WORK_DIR}/metaquast.partial/not_aligned/basic_stats/spades-illumina-ont_broken_GC_content_plot.pdf
  Drawing spades-illumina-hifi GC content plot...
    saved to ${ARTICLE32_WORK_DIR}/metaquast.partial/not_aligned/basic_stats/spades-illumina-hifi_GC_content_plot.pdf
  Drawing spades-illumina-hifi_broken GC content plot...
    saved to ${ARTICLE32_WORK_DIR}/metaquast.partial/not_aligned/basic_stats/spades-illumina-hifi_broken_GC_content_plot.pdf
  Drawing flye-ont GC content plot...
    saved to ${ARTICLE32_WORK_DIR}/metaquast.partial/not_aligned/basic_stats/flye-ont_GC_content_plot.pdf
  Drawing flye-ont-polypolish-default GC content plot...
    saved to ${ARTICLE32_WORK_DIR}/metaquast.partial/not_aligned/basic_stats/flye-ont-polypolish-default_GC_content_plot.pdf
  Drawing flye-ont-polypolish-careful GC content plot...
    saved to ${ARTICLE32_WORK_DIR}/metaquast.partial/not_aligned/basic_stats/flye-ont-polypolish-careful_GC_content_plot.pdf
  Drawing flye-hifi GC content plot...
    saved to ${ARTICLE32_WORK_DIR}/metaquast.partial/not_aligned/basic_stats/flye-hifi_GC_content_plot.pdf
  Drawing Coverage histogram (bin size: 1x)...
    saved to ${ARTICLE32_WORK_DIR}/metaquast.partial/not_aligned/basic_stats/coverage_histogram.pdf
  Drawing spades-short-only coverage histogram (bin size: 2x)...
    saved to ${ARTICLE32_WORK_DIR}/metaquast.partial/not_aligned/basic_stats/spades-short-only_coverage_histogram.pdf
  Drawing spades-short-only_broken coverage histogram (bin size: 2x)...
    saved to ${ARTICLE32_WORK_DIR}/metaquast.partial/not_aligned/basic_stats/spades-short-only_broken_coverage_histogram.pdf
  Drawing spades-illumina-ont coverage histogram (bin size: 1x)...
    saved to ${ARTICLE32_WORK_DIR}/metaquast.partial/not_aligned/basic_stats/spades-illumina-ont_coverage_histogram.pdf
  Drawing spades-illumina-ont_broken coverage histogram (bin size: 1x)...
    saved to ${ARTICLE32_WORK_DIR}/metaquast.partial/not_aligned/basic_stats/spades-illumina-ont_broken_coverage_histogram.pdf
  Drawing spades-illumina-hifi coverage histogram (bin size: 1x)...
    saved to ${ARTICLE32_WORK_DIR}/metaquast.partial/not_aligned/basic_stats/spades-illumina-hifi_coverage_histogram.pdf
  Drawing spades-illumina-hifi_broken coverage histogram (bin size: 1x)...
    saved to ${ARTICLE32_WORK_DIR}/metaquast.partial/not_aligned/basic_stats/spades-illumina-hifi_broken_coverage_histogram.pdf
Done.

NOTICE: Genes are not predicted by default. Use --gene-finding or --glimmer option to enable it.

2026-07-26 23:23:18
Creating large visual summaries...
This may take a while: press Ctrl-C to skip this step..
  1 of 1: Creating PDF with all tables and plots...
Done

2026-07-26 23:23:20
RESULTS:
  Text versions of total report are saved to ${ARTICLE32_WORK_DIR}/metaquast.partial/not_aligned/report.txt, report.tsv, and report.tex
  Text versions of transposed total report are saved to ${ARTICLE32_WORK_DIR}/metaquast.partial/not_aligned/transposed_report.txt, transposed_report.tsv, and transposed_report.tex
  HTML version (interactive tables and plots) is saved to ${ARTICLE32_WORK_DIR}/metaquast.partial/not_aligned/report.html
  PDF version (tables and plots) is saved to ${ARTICLE32_WORK_DIR}/metaquast.partial/not_aligned/report.pdf

2026-07-26 23:23:20
Summarizing results...
  Drawing # contigs metaQUAST summary plot...
    saved to ${ARTICLE32_WORK_DIR}/metaquast.partial/summary/PDF/num_contigs.pdf
  Drawing Largest contig metaQUAST summary plot...
    saved to ${ARTICLE32_WORK_DIR}/metaquast.partial/summary/PDF/Largest_contig.pdf
  Drawing Total length metaQUAST summary plot...
    saved to ${ARTICLE32_WORK_DIR}/metaquast.partial/summary/PDF/Total_length.pdf
  Drawing Largest alignment metaQUAST summary plot...
    saved to ${ARTICLE32_WORK_DIR}/metaquast.partial/summary/PDF/Largest_alignment.pdf
  Drawing Total aligned length metaQUAST summary plot...
    saved to ${ARTICLE32_WORK_DIR}/metaquast.partial/summary/PDF/Total_aligned_length.pdf
  Drawing Total length (>= 1000 bp) metaQUAST summary plot...
    saved to ${ARTICLE32_WORK_DIR}/metaquast.partial/summary/PDF/Total_length_(ge_1000_bp).pdf
  Drawing Total length (>= 10000 bp) metaQUAST summary plot...
    saved to ${ARTICLE32_WORK_DIR}/metaquast.partial/summary/PDF/Total_length_(ge_10000_bp).pdf
  Drawing Total length (>= 50000 bp) metaQUAST summary plot...
    saved to ${ARTICLE32_WORK_DIR}/metaquast.partial/summary/PDF/Total_length_(ge_50000_bp).pdf
  Drawing # misassemblies metaQUAST summary plot...
    saved to ${ARTICLE32_WORK_DIR}/metaquast.partial/summary/PDF/num_misassemblies.pdf
  Drawing metaQUAST summary misassemblies plot for spades-short-only...
    saved to ${ARTICLE32_WORK_DIR}/metaquast.partial/summary/PDF/spades-short-only_misassemblies.pdf
  Drawing metaQUAST summary misassemblies plot for spades-short-only_broken...
    saved to ${ARTICLE32_WORK_DIR}/metaquast.partial/summary/PDF/spades-short-only_broken_misassemblies.pdf
  Drawing metaQUAST summary misassemblies plot for spades-illumina-ont...
    saved to ${ARTICLE32_WORK_DIR}/metaquast.partial/summary/PDF/spades-illumina-ont_misassemblies.pdf
  Drawing metaQUAST summary misassemblies plot for spades-illumina-ont_broken...
    saved to ${ARTICLE32_WORK_DIR}/metaquast.partial/summary/PDF/spades-illumina-ont_broken_misassemblies.pdf
  Drawing metaQUAST summary misassemblies plot for spades-illumina-hifi...
    saved to ${ARTICLE32_WORK_DIR}/metaquast.partial/summary/PDF/spades-illumina-hifi_misassemblies.pdf
  Drawing metaQUAST summary misassemblies plot for spades-illumina-hifi_broken...
    saved to ${ARTICLE32_WORK_DIR}/metaquast.partial/summary/PDF/spades-illumina-hifi_broken_misassemblies.pdf
  Drawing metaQUAST summary misassemblies plot for flye-ont...
    saved to ${ARTICLE32_WORK_DIR}/metaquast.partial/summary/PDF/flye-ont_misassemblies.pdf
  Drawing metaQUAST summary misassemblies plot for flye-ont-polypolish-default...
    saved to ${ARTICLE32_WORK_DIR}/metaquast.partial/summary/PDF/flye-ont-polypolish-default_misassemblies.pdf
  Drawing metaQUAST summary misassemblies plot for flye-ont-polypolish-careful...
    saved to ${ARTICLE32_WORK_DIR}/metaquast.partial/summary/PDF/flye-ont-polypolish-careful_misassemblies.pdf
  Drawing metaQUAST summary misassemblies plot for flye-hifi...
    saved to ${ARTICLE32_WORK_DIR}/metaquast.partial/summary/PDF/flye-hifi_misassemblies.pdf
  Drawing Misassembled contigs length metaQUAST summary plot...
    saved to ${ARTICLE32_WORK_DIR}/metaquast.partial/summary/PDF/Misassembled_contigs_length.pdf
  Drawing # mismatches per 100 kbp metaQUAST summary plot...
    saved to ${ARTICLE32_WORK_DIR}/metaquast.partial/summary/PDF/num_mismatches_per_100_kbp.pdf
  Drawing # indels per 100 kbp metaQUAST summary plot...
    saved to ${ARTICLE32_WORK_DIR}/metaquast.partial/summary/PDF/num_indels_per_100_kbp.pdf
  Drawing # N's per 100 kbp metaQUAST summary plot...
    saved to ${ARTICLE32_WORK_DIR}/metaquast.partial/summary/PDF/num_Ns_per_100_kbp.pdf
  Drawing Genome fraction (%) metaQUAST summary plot...
    saved to ${ARTICLE32_WORK_DIR}/metaquast.partial/summary/PDF/Genome_fraction.pdf
  Drawing Duplication ratio metaQUAST summary plot...
    saved to ${ARTICLE32_WORK_DIR}/metaquast.partial/summary/PDF/Duplication_ratio.pdf
  Drawing NGA50 metaQUAST summary plot...
    saved to ${ARTICLE32_WORK_DIR}/metaquast.partial/summary/PDF/NGA50.pdf
  Drawing LGA50 metaQUAST summary plot...
    saved to ${ARTICLE32_WORK_DIR}/metaquast.partial/summary/PDF/LGA50.pdf

  Text versions of reports and plots for each metric (for all references and assemblies) are saved to ${ARTICLE32_WORK_DIR}/metaquast.partial/summary/
  Extended version of HTML-report (for all references and assemblies) is saved to ${ARTICLE32_WORK_DIR}/metaquast.partial/report.html

MetaQUAST finished.
  Log is saved to ${ARTICLE32_WORK_DIR}/metaquast.partial/metaquast.log

Finished: 2026-07-26 23:23:47
Elapsed time: 0:09:30.662559
Total NOTICEs: 67; WARNINGs: 0; non-fatal ERRORs: 0

Thank you for using QUAST!
