2026-07-30 16:23:11.804 | CheckV v1.1.1: contamination
2026-07-30 16:23:11.804 | 1/8 | Reading database info...
2026-07-30 16:23:11.896 | 2/8 | Reading genome info...
2026-07-30 16:23:11.902 | 3/8 | Calling genes...
2026-07-30 16:23:12.612 | 4/8 | Reading gene info...
2026-07-30 16:23:12.638 | 5/8 | Running hmmsearch...
2026-07-30 16:23:32.724 | 6/8 | Annotating genes...
2026-07-30 16:23:32.756 | 7/8 | Identifying host regions...
2026-07-30 16:23:32.797 | 8/8 | Writing results...
2026-07-30 16:23:32.808 | Run time: 21.02 seconds
2026-07-30 16:23:32.808 | Peak mem: 0.46 GB
2026-07-30 16:23:32.839 | CheckV v1.1.1: completeness
2026-07-30 16:23:32.840 | 1/8 | Skipping gene calling...
2026-07-30 16:23:32.840 | 2/8 | Initializing queries and database...
2026-07-30 16:23:33.507 | 3/8 | Running DIAMOND blastp search...
2026-07-30 16:23:45.467 | 4/8 | Computing AAI...
2026-07-30 16:23:46.307 | 5/8 | Running AAI based completeness estimation...
2026-07-30 16:23:46.618 | 6/8 | Running HMM based completeness estimation...
2026-07-30 16:23:46.789 | 7/8 | Determining genome copy number...
2026-07-30 16:23:47.108 | 8/8 | Writing results...
2026-07-30 16:23:47.112 | Run time: 14.29 seconds
2026-07-30 16:23:47.112 | Peak mem: 2.33 GB
2026-07-30 16:23:47.192 | CheckV v1.1.1: complete_genomes
2026-07-30 16:23:47.192 | 1/7 | Reading input sequences...
2026-07-30 16:23:47.198 | 2/7 | Finding complete proviruses...
2026-07-30 16:23:47.199 | 3/7 | Finding direct/inverted terminal repeats...
2026-07-30 16:23:47.242 | 4/7 | Filtering terminal repeats...
2026-07-30 16:23:47.243 | 5/7 | Checking genome for completeness...
2026-07-30 16:23:47.244 | 6/7 | Checking genome for large duplications...
2026-07-30 16:23:47.245 | 7/7 | Writing results...
2026-07-30 16:23:47.246 | Run time: 0.06 seconds
2026-07-30 16:23:47.246 | Peak mem: 2.33 GB
2026-07-30 16:23:47.254 | CheckV v1.1.1: quality_summary
2026-07-30 16:23:47.254 | 1/6 | Reading input sequences...
2026-07-30 16:23:47.260 | 2/6 | Reading results from contamination module...
2026-07-30 16:23:47.260 | 3/6 | Reading results from completeness module...
2026-07-30 16:23:47.261 | 4/6 | Reading results from complete genomes module...
2026-07-30 16:23:47.261 | 5/6 | Classifying contigs into quality tiers...
2026-07-30 16:23:47.261 | 6/6 | Writing results...
2026-07-30 16:23:47.261 | Run time: 0.02 seconds
2026-07-30 16:23:47.261 | Peak mem: 2.33 GB
	Command being timed: "checkv end_to_end data/raw/article54/checkv-test-sequences.fna results/54-virus-discovery-quality/checkv -d db/virus-discovery-cache/databases/checkv -t 16 --restart"
	User time (seconds): 343.68
	System time (seconds): 10.24
	Percent of CPU this job got: 951%
	Elapsed (wall clock) time (h:mm:ss or m:ss): 0:37.18
	Average shared text size (kbytes): 0
	Average unshared data size (kbytes): 0
	Average stack size (kbytes): 0
	Average total size (kbytes): 0
	Maximum resident set size (kbytes): 2039904
	Average resident set size (kbytes): 0
	Major (requiring I/O) page faults: 54
	Minor (reclaiming a frame) page faults: 2127494
	Voluntary context switches: 12555
	Involuntary context switches: 14378
	Swaps: 0
	File system inputs: 6048
	File system outputs: 25072
	Socket messages sent: 0
	Socket messages received: 0
	Signals delivered: 0
	Page size (bytes): 4096
	Exit status: 0
