╭──────────────────────────────────────────────────────────────────────────────╮
│  Executing geNomad annotate (v1.12.0). This will perform gene calling in     │
│  the input sequences and annotate the predicted proteins with geNomad's      │
│  markers.                                                                    │
│  ──────────────────────────────────────────────────────────────────────────  │
│  Outputs:                                                                    │
│    results/54-virus-discovery-quality/genomad/checkv-test-sequences_annotat  │
│    e                                                                         │
│    ├── checkv-test-sequences_annotate.json (execution parameters)            │
│    ├── checkv-test-sequences_genes.tsv (gene annotation data)                │
│    ├── checkv-test-sequences_taxonomy.tsv (taxonomic assignment)             │
│    ├── checkv-test-sequences_mmseqs2.tsv (MMseqs2 output file)               │
│    └── checkv-test-sequences_proteins.faa (protein FASTA file)               │
╰──────────────────────────────────────────────────────────────────────────────╯
[16:39:17] Executing genomad annotate.                                          
[16:39:18] Proteins predicted with pyrodigal-gv were written to                 
           checkv-test-sequences_proteins.faa.                                  
[16:41:08] Proteins annotated with MMseqs2 and geNomad database (v1.9) were     
           written to checkv-test-sequences_mmseqs2.tsv.                        
[16:41:08] Deleting checkv-test-sequences_mmseqs2.                              
[16:41:09] Gene data was written to checkv-test-sequences_genes.tsv.            
[16:41:09] Taxonomic assignment data was written to                             
           checkv-test-sequences_taxonomy.tsv.                                  
[16:41:09] geNomad annotate finished!                                           
╭──────────────────────────────────────────────────────────────────────────────╮
│  Executing geNomad find-proviruses (v1.12.0). This will find putative        │
│  proviral regions within the input sequences.                                │
│  ──────────────────────────────────────────────────────────────────────────  │
│  Outputs:                                                                    │
│    results/54-virus-discovery-quality/genomad/checkv-test-sequences_find_pr  │
│    oviruses                                                                  │
│    ├── checkv-test-sequences_find_proviruses.json (execution parameters)     │
│    ├── checkv-test-sequences_provirus.tsv (provirus data)                    │
│    ├── checkv-test-sequences_provirus.fna (provirus nucleotide sequences)    │
│    ├── checkv-test-sequences_provirus_proteins.faa (provirus protein         │
│    │   sequences)                                                            │
│    ├── checkv-test-sequences_provirus_genes.tsv (provirus gene annotation    │
│    │   data)                                                                 │
│    ├── checkv-test-sequences_provirus_taxonomy.tsv (provirus taxonomic       │
│    │   assignment)                                                           │
│    ├── checkv-test-sequences_provirus_mmseqs2.tsv (MMseqs2 output file)      │
│    └── checkv-test-sequences_provirus_aragorn.tsv (Aragorn output file)      │
╰──────────────────────────────────────────────────────────────────────────────╯
[16:41:09] Executing genomad find-proviruses.                                   
[16:41:11] Integrases identified with MMseqs2 and geNomad database (v1.9) were  
           written to checkv-test-sequences_provirus_mmseqs2.tsv.               
[16:41:11] Deleting checkv-test-sequences_provirus_mmseqs2.                     
[16:41:11] Deleting checkv-test-sequences_provirus_mmseqs2_input.faa.           
[16:41:12] tRNAs identified with Aragorn were written to                        
           checkv-test-sequences_provirus_aragorn.tsv.                          
[16:41:12] Deleting checkv-test-sequences_provirus_aragorn_input.fna.           
[16:41:12] Provirus regions identified.                                         
[16:41:12] Provirus data was written to checkv-test-sequences_provirus.tsv.     
[16:41:12] Provirus nucleotide sequences were written to                        
           checkv-test-sequences_provirus.fna.                                  
[16:41:12] Provirus protein sequences were written to                           
           checkv-test-sequences_provirus_proteins.faa.                         
[16:41:12] Provirus gene data was written to                                    
           checkv-test-sequences_provirus_genes.tsv.                            
[16:41:13] Taxonomic assignment data was written to                             
           checkv-test-sequences_provirus_taxonomy.tsv.                         
[16:41:13] geNomad find-proviruses finished!                                    
╭──────────────────────────────────────────────────────────────────────────────╮
│  Executing geNomad marker-classification (v1.12.0). This will classify the   │
│  input sequences into chromosome, plasmid, or virus based on the presence    │
│  of geNomad markers and other gene-related features.                         │
│  ──────────────────────────────────────────────────────────────────────────  │
│  Outputs:                                                                    │
│    results/54-virus-discovery-quality/genomad/checkv-test-sequences_marker_  │
│    classification                                                            │
│    ├── checkv-test-sequences_marker_classification.json (execution           │
│    │   parameters)                                                           │
│    ├── checkv-test-sequences_features.tsv (sequence feature data: tabular    │
│    │   format)                                                               │
│    ├── checkv-test-sequences_features.npz (sequence feature data: binary     │
│    │   format)                                                               │
│    ├── checkv-test-sequences_marker_classification.tsv (sequence             │
│    │   classification: tabular format)                                       │
│    └── checkv-test-sequences_marker_classification.npz (sequence             │
│        classification: binary format)                                        │
╰──────────────────────────────────────────────────────────────────────────────╯
[16:41:13] Executing genomad marker-classification.                             
[16:41:13] Sequence features computed.                                          
[16:41:13] Sequence features in binary format written to                        
           checkv-test-sequences_features.npz.                                  
[16:41:13] Sequence features in tabular format written to                       
           checkv-test-sequences_features.tsv.                                  
[16:41:14] Sequences classified.                                                
[16:41:14] Sequence classification in binary format written to                  
           checkv-test-sequences_marker_classification.npz.                     
[16:41:14] Sequence classification in tabular format written to                 
           checkv-test-sequences_marker_classification.tsv.                     
[16:41:14] geNomad marker-classification finished!                              
╭──────────────────────────────────────────────────────────────────────────────╮
│  Executing geNomad nn-classification (v1.12.0). This will classify the       │
│  input sequences into chromosome, plasmid, or virus based on the nucleotide  │
│  sequence.                                                                   │
│  ──────────────────────────────────────────────────────────────────────────  │
│  Outputs:                                                                    │
│    results/54-virus-discovery-quality/genomad/checkv-test-sequences_nn_clas  │
│    sification                                                                │
│    ├── checkv-test-sequences_nn_classification.json (execution parameters)   │
│    ├── checkv-test-sequences_encoded_sequences (directory containing         │
│    │   encoded sequence data)                                                │
│    ├── checkv-test-sequences_nn_classification.tsv (contig classification:   │
│    │   tabular format)                                                       │
│    └── checkv-test-sequences_nn_classification.npz (contig classification:   │
│        binary format)                                                        │
╰──────────────────────────────────────────────────────────────────────────────╯
[16:41:16] Executing genomad nn-classification.                                 
[16:41:16] Creating the                                                         
           results/54-virus-discovery-quality/genomad/checkv-test-sequences_nn_c
           lassification/checkv-test-sequences_encoded_sequences directory.     
[16:41:17] Encoded sequence data written to                                     
           checkv-test-sequences_encoded_sequences.                             

[16:41:24] Sequences classified.                                                
[16:41:24] Sequence classification in binary format written to                  
           checkv-test-sequences_nn_classification.npz.                         
[16:41:24] Deleting encoded sequence data.                                      
[16:41:25] Sequence classification in tabular format written to                 
           checkv-test-sequences_nn_classification.tsv.                         
[16:41:25] geNomad nn-classification finished!                                  
╭──────────────────────────────────────────────────────────────────────────────╮
│  Executing geNomad aggregated-classification (v1.12.0). This will aggregate  │
│  the results of the marker-classification and nn-classification modules to   │
│  classify the input sequences into chromosome, plasmid, or virus.            │
│  ──────────────────────────────────────────────────────────────────────────  │
│  Outputs:                                                                    │
│    results/54-virus-discovery-quality/genomad/checkv-test-sequences_aggrega  │
│    ted_classification                                                        │
│    ├── checkv-test-sequences_aggregated_classification.json (execution       │
│    │   parameters)                                                           │
│    ├── checkv-test-sequences_aggregated_classification.tsv (sequence         │
│    │   classification: tabular format)                                       │
│    └── checkv-test-sequences_aggregated_classification.npz (sequence         │
│        classification: binary format)                                        │
╰──────────────────────────────────────────────────────────────────────────────╯
[16:41:25] Executing genomad aggregated-classification.                         
[16:41:25] The total marker frequencies of the input sequences were computed.   
[16:41:25] Sequences classified.                                                
[16:41:25] Sequence classification in binary format written to                  
           checkv-test-sequences_aggregated_classification.npz.                 
[16:41:25] Sequence classification in tabular format written to                 
           checkv-test-sequences_aggregated_classification.tsv.                 
[16:41:25] geNomad aggregated-classification finished!                          
╭──────────────────────────────────────────────────────────────────────────────╮
│  Executing geNomad summary (v1.12.0). This will summarize the results        │
│  across modules into a classification report.                                │
│  ──────────────────────────────────────────────────────────────────────────  │
│  Outputs:                                                                    │
│    results/54-virus-discovery-quality/genomad/checkv-test-sequences_summary  │
│    ├── checkv-test-sequences_summary.json (execution parameters)             │
│    ├── checkv-test-sequences_virus_summary.tsv (virus classification         │
│    │   summary)                                                              │
│    ├── checkv-test-sequences_plasmid_summary.tsv (plasmid classification     │
│    │   summary)                                                              │
│    ├── checkv-test-sequences_virus.fna (virus nucleotide FASTA file)         │
│    ├── checkv-test-sequences_plasmid.fna (plasmid nucleotide FASTA file)     │
│    ├── checkv-test-sequences_virus_proteins.faa (virus protein FASTA file)   │
│    ├── checkv-test-sequences_plasmid_proteins.faa (plasmid protein FASTA     │
│    │   file)                                                                 │
│    ├── checkv-test-sequences_virus_genes.tsv (virus gene annotation data)    │
│    └── checkv-test-sequences_plasmid_genes.tsv (plasmid gene annotation      │
│        data)                                                                 │
╰──────────────────────────────────────────────────────────────────────────────╯
[16:41:25] Executing genomad summary.                                           
[16:41:25] Using scores from aggregated-classification.                         
[16:41:25] 0 plasmid(s) and 41 virus(es) were identified.                       
[16:41:25] Nucleotide sequences were written to                                 
           checkv-test-sequences_plasmid.fna and                                
           checkv-test-sequences_virus.fna.                                     
[16:41:25] Protein sequences were written to                                    
           checkv-test-sequences_plasmid_proteins.faa and                       
           checkv-test-sequences_virus_proteins.faa.                            
[16:41:25] Gene annotation data was written to                                  
           checkv-test-sequences_plasmid_genes.tsv and                          
           checkv-test-sequences_virus_genes.tsv.                               
[16:41:25] Summary files were written to                                        
           checkv-test-sequences_plasmid_summary.tsv and                        
           checkv-test-sequences_virus_summary.tsv.                             
[16:41:25] geNomad summary finished!                                            
