	Command being timed: "genomad end-to-end --cleanup --restart --threads 16 --splits 8 data/raw/article54/checkv-test-sequences.fna results/54-virus-discovery-quality/genomad db/virus-discovery-cache/databases/genomad_db"
	User time (seconds): 1564.76
	System time (seconds): 34.99
	Percent of CPU this job got: 1213%
	Elapsed (wall clock) time (h:mm:ss or m:ss): 2:11.88
	Average shared text size (kbytes): 0
	Average unshared data size (kbytes): 0
	Average stack size (kbytes): 0
	Average total size (kbytes): 0
	Maximum resident set size (kbytes): 3994300
	Average resident set size (kbytes): 0
	Major (requiring I/O) page faults: 0
	Minor (reclaiming a frame) page faults: 9822023
	Voluntary context switches: 33676
	Involuntary context switches: 50349
	Swaps: 0
	File system inputs: 0
	File system outputs: 134896
	Socket messages sent: 0
	Socket messages received: 0
	Signals delivered: 0
	Page size (bytes): 4096
	Exit status: 0
