[2026-07-30 16:24 INFO] VirSorter 2.2.4
[2026-07-30 16:24 INFO] ${HOME}/miniconda3/envs/metagenome-virsorter2-2026.07/bin/virsorter run -w results/54-virus-discovery-quality/virsorter2 -d ${PROJECT_ROOT}/db/virus-discovery-cache/databases/virsorter2 -i data/raw/article54/checkv-test-sequences.fna --min-length 1500 --keep-original-seq --include-groups dsDNAphage,ssDNA --min-score 0.5 -j 16 all
[2026-07-30 16:24 INFO] Using /tmp/article54-home/.virsorter/template-config.yaml as config template
[2026-07-30 16:24 INFO] conig file written to ${PROJECT_ROOT}/results/54-virus-discovery-quality/virsorter2/config.yaml

[2026-07-30 16:24 INFO] Executing: snakemake --snakefile ${HOME}/miniconda3/envs/metagenome-virsorter2-2026.07/lib/python3.10/site-packages/virsorter/Snakefile --directory ${PROJECT_ROOT}/results/54-virus-discovery-quality/virsorter2 --jobs 16 --configfile ${PROJECT_ROOT}/results/54-virus-discovery-quality/virsorter2/config.yaml --latency-wait 600 --rerun-incomplete --nolock  --conda-frontend mamba --conda-prefix ${PROJECT_ROOT}/db/virus-discovery-cache/databases/virsorter2/conda_envs --use-conda    --quiet  all   
Job counts:
	count	jobs
	1	all
	1	check_point_for_reclassify
	1	circular_linear_split
	1	classify
	2	classify_by_group
	2	classify_full_and_part_by_group
	1	combine_linear_circular
	2	combine_linear_circular_by_group
	1	extract_feature
	1	extract_provirus_seqs
	1	finalize
	1	gff_feature
	2	gff_feature_by_group
	2	hmm_features_by_group
	1	hmm_sort_to_best_hit_taxon
	2	hmm_sort_to_best_hit_taxon_by_group
	1	merge_classification
	1	merge_full_and_part_classification
	2	merge_hmm_gff_features_by_group
	2	merge_provirus_call_by_group_by_split
	1	merge_provirus_call_from_groups
	5	merge_split_hmmtbl
	10	merge_split_hmmtbl_by_group
	10	merge_split_hmmtbl_by_group_tmp
	1	pick_viral_fullseq
	1	preprocess
	1	split_faa
	2	split_faa_by_group
	2	split_gff_by_group
	61
[2026-07-30 16:24 INFO] # of seqs < 1500 bp and removed: 0
[2026-07-30 16:24 INFO] # of circular seqs: 7
[2026-07-30 16:24 INFO] # of linear seqs  : 39
[2026-07-30 16:24 INFO] Finish spliting circular contig file with common rbs
[2026-07-30 16:24 INFO] Finish spliting linear contig file with common rbs
[2026-07-30 16:24 INFO] Step 1 - preprocess finished.
[2026-07-30 16:38 INFO] Step 2 - extract-feature finished.
[2026-07-30 16:38 INFO] 
            ====> VirSorter run (provirus mode) finished.
            # of full    seqs (>=2 genes) as viral:	43
            # of partial seqs (>=2 genes) as viral:	0
            # of short   seqs (< 2 genes) as viral:	0

            Useful output files:
                final-viral-score.tsv       ==> score table
                final-viral-combined.fa     ==> all viral seqs
                final-viral-boundary.tsv    ==> table with boundary info
                
            
                Suffix is added to seq names in final-viral-combined.fa:
                full    seqs (>=2 genes) as viral:	||full
                partial seqs (>=2 genes) as viral:	||partial
                short   seqs (< 2 genes) as viral:	||lt2gene
                
                
            NOTES:
            Users can further screen the results based on the following 
                columns in final-viral-score.tsv:
                - contig length (length) 
                - hallmark gene count (hallmark)
                - viral gene % (viral) 
                - cellular gene % (cellular)
            The group field in final-viral-score.tsv should NOT be used
                as reliable taxonomy info
            We recommend this SOP/tutorial for quality control 
                (make sure to use the lastest version):
                https://dx.doi.org/10.17504/protocols.io.bwm5pc86

            <====
            
[2026-07-30 16:38 INFO] Step 3 - classify finished.
	Command being timed: "env -u http_proxy -u https_proxy -u HTTP_PROXY -u HTTPS_PROXY -u ALL_PROXY -u all_proxy HOME=/tmp/article54-home virsorter run -w results/54-virus-discovery-quality/virsorter2 -d ${PROJECT_ROOT}/db/virus-discovery-cache/databases/virsorter2 -i data/raw/article54/checkv-test-sequences.fna --min-length 1500 --keep-original-seq --include-groups dsDNAphage,ssDNA --min-score 0.5 -j 16 all"
	User time (seconds): 1170.75
	System time (seconds): 55.04
	Percent of CPU this job got: 139%
	Elapsed (wall clock) time (h:mm:ss or m:ss): 14:41.50
	Average shared text size (kbytes): 0
	Average unshared data size (kbytes): 0
	Average stack size (kbytes): 0
	Average total size (kbytes): 0
	Maximum resident set size (kbytes): 383564
	Average resident set size (kbytes): 0
	Major (requiring I/O) page faults: 13
	Minor (reclaiming a frame) page faults: 3486212
	Voluntary context switches: 945376
	Involuntary context switches: 116220
	Swaps: 0
	File system inputs: 88
	File system outputs: 41008
	Socket messages sent: 0
	Socket messages received: 0
	Signals delivered: 0
	Page size (bytes): 4096
	Exit status: 0
