[scope]
host=native-linux
checked=2026-07-19
networked_pull=one-time-only
image_committed=false

[recommended-runtime]
apptainer_release=1.5.2
release_date=2026-06-23
local_apptainer_cli=NOT_FOUND

[immutable-oci-payload]
reference=docker://alpine@sha256:eafc1edb577d2e9b458664a15f23ea1c370214193226069eb22921169fc7e43f
platform=linux/amd64
docker_payload_smoke=PASS
payload_release=3.22.1
payload_uid=0
payload_gid=0

[legacy-singularity-observation]
version=3.7.2
sif_build=PASS
sif_bytes=3727360
sif_sha256=5dd8b9d84e1dfec614fdece44123833d2acc6330a44538bf6b9ab2f0b76902d8
sif_exec=EXPECTED_FAIL
normalized_error=No setuid installation found; unprivileged runtime was not configured

[scheduler-boundary]
sbatch=NOT_FOUND
sacct=NOT_FOUND
slurm_template_execution=NOT_RUN
