Output depth matrix to ${ARTICLE41_WORK_DIR}/depth/jgi-depth.tsv
Output pairedContigs lower triangle to ${ARTICLE41_WORK_DIR}/depth/paired-contigs.tsv
Minimum percent identity for a mapped read: 0.97
minMapQual: 0
Reference fasta file ${ARTICLE41_WORK_DIR}/inputs/megahit-coassembly.ge1000.fna
jgi_summarize_bam_contig_depths 2.18 20260506_185317
Running with 24 threads to save memory you can reduce the number of threads with the OMP_NUM_THREADS variable
Output matrix to ${ARTICLE41_WORK_DIR}/depth/jgi-depth.tsv
Not writing checkpoints, all depths will be in memory -- You can save memory by using --checkpoint
Opening all bam files and validating headers
Three are 18354 contigs in the first bam file: ${ARTICLE41_WORK_DIR}/bam/MOCK1.primary.sorted.bam
0: Processed header: ${ARTICLE41_WORK_DIR}/bam/MOCK1.primary.sorted.bam1: Processed header: ${ARTICLE41_WORK_DIR}/bam/MOCK2.primary.sorted.bamConsolidated header with 18354 contigs from 2 bam files.
Allocating pairedContigs matrix: 1 MB over 2 threads
Processing bam files with largest_contig=1064594
Thread 0 opening and reading the header for file: ${ARTICLE41_WORK_DIR}/bam/MOCK1.primary.sorted.bam
Thread 0 opened the file: ${ARTICLE41_WORK_DIR}/bam/MOCK1.primary.sorted.bam
Thread 1 opening and reading the header for file: ${ARTICLE41_WORK_DIR}/bam/MOCK2.primary.sorted.bam
Thread 0 processing bam 0: MOCK1.primary.sorted.bam
Thread 1 opened the file: ${ARTICLE41_WORK_DIR}/bam/MOCK2.primary.sorted.bam
Thread 1 processing bam 1: MOCK2.primary.sorted.bam
Thread 0 finished reading bam 0: MOCK1.primary.sorted.bam
Thread 0 finished: MOCK1.primary.sorted.bam with 3499110 reads and 3276610 readsWellMapped (93.6412%)
Thread 1 finished reading bam 1: MOCK2.primary.sorted.bam
Thread 1 finished: MOCK2.primary.sorted.bam with 3489766 reads and 3265606 readsWellMapped (93.5766%)
Closing bam 1: 0x74b5e4233bd0
Creating depth matrix file: ${ARTICLE41_WORK_DIR}/depth/jgi-depth.tsv
Creating pairedContigs matrix file: ${ARTICLE41_WORK_DIR}/depth/paired-contigs.tsv
Closing last bam file
Finished
