2026-07-30 21:37:35 [INFO] Running in SINGLE mode: bowtie2 will use 16 threads
2026-07-30 21:37:35 [INFO] Building config from command-line arguments
2026-07-30 21:37:35 [INFO] Parsing sample from command line input.
2026-07-30 21:37:35 [INFO] Auto-detected read length: 149 bp
2026-07-30 21:37:35 [INFO] Validating input
2026-07-30 21:37:36 [INFO] Removing 1 existing alignment file(s)
2026-07-30 21:37:36 [INFO] Removing 3 existing filter file(s)
2026-07-30 21:37:36 [INFO] Validations passed
2026-07-30 21:37:36 [INFO] Writing config to /workspace/wechat/Metagenome/work/article58/results/eukdetect/configs/config_Zymo_D6300_3.yml
2026-07-30 21:37:36 [INFO] Running EukDetect in all mode
2026-07-30 21:37:36 [INFO] Running: snakemake --snakefile /workspace/miniconda3/envs/metagenome-microbial-eukaryotes-2026.07/lib/python3.13/site-packages/eukdetect/rules/eukdetect.rules --configfile /workspace/wechat/Metagenome/work/article58/tmp/tmp_awg4su6.yml --cores 16 --directory /workspace/wechat/Metagenome/work/article58/results/eukdetect --forceall
2026-07-30 21:37:36 [INFO] Snakemake output: /workspace/wechat/Metagenome/work/article58/results/eukdetect/logs/snakemake_Zymo_D6300_20260730_213736.log
2026-07-30 21:38:34 [INFO] EukDetect completed.
2026-07-30 21:38:34 [INFO] 
************************************************************
2026-07-30 21:38:34 [INFO] Output summary
2026-07-30 21:38:34 [INFO] ************************************************************
2026-07-30 21:38:34 [INFO] 
Results directory: /workspace/wechat/Metagenome/work/article58/results/eukdetect
2026-07-30 21:38:34 [INFO] 
Filtered output files:
2026-07-30 21:38:34 [INFO]   • Zymo_D6300:
2026-07-30 21:38:34 [INFO] 	  - /workspace/wechat/Metagenome/work/article58/results/eukdetect/Zymo_D6300_filtered_hits_table.txt
2026-07-30 21:38:34 [INFO] 	  - /workspace/wechat/Metagenome/work/article58/results/eukdetect/Zymo_D6300_filtered_hits_eukfrac.txt
2026-07-30 21:38:34 [INFO] 
************************************************************
