Detecting adapter sequence for read1...
No adapter detected for read1

Detecting adapter sequence for read2...
No adapter detected for read2

Read1 before filtering:
total reads: 20000000
total bases: 2992054627
Q20 bases: 2992054606(100%)
Q30 bases: 2992054606(100%)
Q40 bases: 0(0%)

Read2 before filtering:
total reads: 20000000
total bases: 2990099525
Q20 bases: 2990097277(99.9999%)
Q30 bases: 2990097277(99.9999%)
Q40 bases: 0(0%)

Read1 after filtering:
total reads: 19906206
total bases: 2982384016
Q20 bases: 2982384016(100%)
Q30 bases: 2982384016(100%)
Q40 bases: 0(0%)

Read2 after filtering:
total reads: 19906206
total bases: 2981919763
Q20 bases: 2981919763(100%)
Q30 bases: 2981919763(100%)
Q40 bases: 0(0%)

Filtering result:
reads passed filter: 39812412
reads failed due to low quality: 152
reads failed due to too many N: 1346
reads failed due to too short: 186090
reads failed due to adapter dimer: 0
reads with adapter trimmed: 9454
bases trimmed due to adapters: 385346

Duplication rate: 6.23469%

Insert size peak (evaluated by paired-end reads): 268

JSON report: /workspace/wechat/Metagenome/work/article58/results/qc/fastp-assembly.json
HTML report: /workspace/wechat/Metagenome/work/article58/results/qc/fastp-assembly.html

/workspace/miniconda3/envs/metagenome-read-qc-2026.07/bin/fastp --in1 /workspace/wechat/Metagenome/work/article58/inputs/SRR12324253.first-20000000-pairs.R1.fastq --in2 /workspace/wechat/Metagenome/work/article58/inputs/SRR12324253.first-20000000-pairs.R2.fastq --out1 /workspace/wechat/Metagenome/work/article58/results/qc/assembly.R1.fastq --out2 /workspace/wechat/Metagenome/work/article58/results/qc/assembly.R2.fastq --detect_adapter_for_pe --qualified_quality_phred 20 --unqualified_percent_limit 40 --length_required 80 --compression 4 --thread 16 --json /workspace/wechat/Metagenome/work/article58/results/qc/fastp-assembly.json --html /workspace/wechat/Metagenome/work/article58/results/qc/fastp-assembly.html 
fastp v1.3.6, time used: 121 seconds
