Detecting adapter sequence for read1...
No adapter detected for read1

Detecting adapter sequence for read2...
No adapter detected for read2

Read1 before filtering:
total reads: 1000000
total bases: 149574725
Q20 bases: 149574725(100%)
Q30 bases: 149574725(100%)
Q40 bases: 0(0%)

Read2 before filtering:
total reads: 1000000
total bases: 149536068
Q20 bases: 149535971(99.9999%)
Q30 bases: 149535971(99.9999%)
Q40 bases: 0(0%)

Read1 after filtering:
total reads: 995217
total bases: 149098462
Q20 bases: 149098462(100%)
Q30 bases: 149098462(100%)
Q40 bases: 0(0%)

Read2 after filtering:
total reads: 995217
total bases: 149094566
Q20 bases: 149094566(100%)
Q30 bases: 149094566(100%)
Q40 bases: 0(0%)

Filtering result:
reads passed filter: 1990434
reads failed due to low quality: 6
reads failed due to too many N: 262
reads failed due to too short: 9298
reads failed due to adapter dimer: 0
reads with adapter trimmed: 448
bases trimmed due to adapters: 18397

Duplication rate: 5.0418%

Insert size peak (evaluated by paired-end reads): 262

JSON report: /workspace/wechat/Metagenome/work/article58/results/qc/fastp-eukdetect.json
HTML report: /workspace/wechat/Metagenome/work/article58/results/qc/fastp-eukdetect.html

/workspace/miniconda3/envs/metagenome-read-qc-2026.07/bin/fastp --in1 /workspace/wechat/Metagenome/work/article58/inputs/SRR12324253.first-1000000-pairs.R1.fastq --in2 /workspace/wechat/Metagenome/work/article58/inputs/SRR12324253.first-1000000-pairs.R2.fastq --out1 /workspace/wechat/Metagenome/work/article58/results/qc/eukdetect.R1.fastq.gz --out2 /workspace/wechat/Metagenome/work/article58/results/qc/eukdetect.R2.fastq.gz --detect_adapter_for_pe --qualified_quality_phred 20 --unqualified_percent_limit 40 --length_required 80 --compression 4 --thread 16 --json /workspace/wechat/Metagenome/work/article58/results/qc/fastp-eukdetect.json --html /workspace/wechat/Metagenome/work/article58/results/qc/fastp-eukdetect.html 
fastp v1.3.6, time used: 88 seconds
