2026-07-30 21:45:21 - MEGAHIT v1.2.9
2026-07-30 21:45:21 - Using megahit_core with POPCNT and BMI2 support
2026-07-30 21:45:21 - Convert reads to binary library
2026-07-30 21:46:00 - b'INFO  sequence/io/sequence_lib.cpp  :   75 - Lib 0 (/workspace/wechat/Metagenome/work/article58/results/qc/assembly.R1.fastq,/workspace/wechat/Metagenome/work/article58/results/qc/assembly.R2.fastq): pe, 39812412 reads, 150 max length'
2026-07-30 21:46:00 - b'INFO  utils/utils.h                 :  152 - Real: 39.7309\tuser: 39.1062\tsys: 6.1380\tmaxrss: 255336'
2026-07-30 21:46:00 - k-max reset to: 141 
2026-07-30 21:46:00 - Start assembly. Number of CPU threads 32 
2026-07-30 21:46:00 - k list: 21,29,39,49,59,69,79,89,99,109,119,129,141 
2026-07-30 21:46:00 - Memory used: 60000000000
2026-07-30 21:46:00 - Extracting solid (k+1)-mers and building sdbg for k = 21
2026-07-30 21:50:40 - Assemble contigs from SdBG for k = 21
2026-07-30 21:54:02 - Local assembly for k = 21
2026-07-30 21:55:30 - Extract iterative edges from k = 21 to 29 
2026-07-30 21:56:00 - Build graph for k = 29 
2026-07-30 21:56:15 - Assemble contigs from SdBG for k = 29
2026-07-30 21:56:42 - Local assembly for k = 29
2026-07-30 21:57:55 - Extract iterative edges from k = 29 to 39 
2026-07-30 21:58:11 - Build graph for k = 39 
2026-07-30 21:58:17 - Assemble contigs from SdBG for k = 39
2026-07-30 21:58:37 - Local assembly for k = 39
2026-07-30 21:59:35 - Extract iterative edges from k = 39 to 49 
2026-07-30 21:59:50 - Build graph for k = 49 
2026-07-30 21:59:53 - Assemble contigs from SdBG for k = 49
2026-07-30 22:00:13 - Local assembly for k = 49
2026-07-30 22:01:16 - Extract iterative edges from k = 49 to 59 
2026-07-30 22:01:29 - Build graph for k = 59 
2026-07-30 22:01:32 - Assemble contigs from SdBG for k = 59
2026-07-30 22:01:48 - Local assembly for k = 59
2026-07-30 22:02:44 - Extract iterative edges from k = 59 to 69 
2026-07-30 22:02:54 - Build graph for k = 69 
2026-07-30 22:02:56 - Assemble contigs from SdBG for k = 69
2026-07-30 22:03:12 - Local assembly for k = 69
2026-07-30 22:04:12 - Extract iterative edges from k = 69 to 79 
2026-07-30 22:04:26 - Build graph for k = 79 
2026-07-30 22:04:28 - Assemble contigs from SdBG for k = 79
2026-07-30 22:04:43 - Local assembly for k = 79
2026-07-30 22:05:33 - Extract iterative edges from k = 79 to 89 
2026-07-30 22:05:43 - Build graph for k = 89 
2026-07-30 22:05:45 - Assemble contigs from SdBG for k = 89
2026-07-30 22:06:00 - Local assembly for k = 89
2026-07-30 22:06:53 - Extract iterative edges from k = 89 to 99 
2026-07-30 22:07:01 - Build graph for k = 99 
2026-07-30 22:07:03 - Assemble contigs from SdBG for k = 99
2026-07-30 22:07:16 - Local assembly for k = 99
2026-07-30 22:08:05 - Extract iterative edges from k = 99 to 109 
2026-07-30 22:08:14 - Build graph for k = 109 
2026-07-30 22:08:16 - Assemble contigs from SdBG for k = 109
2026-07-30 22:08:30 - Local assembly for k = 109
2026-07-30 22:09:21 - Extract iterative edges from k = 109 to 119 
2026-07-30 22:09:29 - Build graph for k = 119 
2026-07-30 22:09:31 - Assemble contigs from SdBG for k = 119
2026-07-30 22:09:46 - Local assembly for k = 119
2026-07-30 22:10:32 - Extract iterative edges from k = 119 to 129 
2026-07-30 22:10:39 - Build graph for k = 129 
2026-07-30 22:10:41 - Assemble contigs from SdBG for k = 129
2026-07-30 22:10:54 - Local assembly for k = 129
2026-07-30 22:11:39 - Extract iterative edges from k = 129 to 141 
2026-07-30 22:11:46 - Build graph for k = 141 
2026-07-30 22:11:48 - Assemble contigs from SdBG for k = 141
2026-07-30 22:11:59 - Merging to output final contigs 
2026-07-30 22:12:00 - 4222 contigs, total 37166382 bp, min 1000 bp, max 881849 bp, avg 8803 bp, N50 122804 bp
2026-07-30 22:12:00 - ALL DONE. Time elapsed: 1599.147773 seconds 
