DAS Tool 1.1.7 
2026-07-29 06:58:14.104186 

Parameters: 
--bins	/workspace/wechat/Metagenome/work/article43/tables/metabat2-mock1-only.contig2bin.tsv,/workspace/wechat/Metagenome/work/article43/tables/metabat2-multisample.contig2bin.tsv,/workspace/wechat/Metagenome/work/article43/tables/semibin2-self-supervised.contig2bin.tsv,/workspace/wechat/Metagenome/work/article43/tables/taxvamb-kraken2.contig2bin.tsv,/workspace/wechat/Metagenome/work/article43/tables/vamb-taxonomy-free.contig2bin.tsv
--contigs	/workspace/wechat/Metagenome/work/article43/inputs/megahit-coassembly.ge1500.fna
--outputbasename	/workspace/wechat/Metagenome/work/article43/refinement/dastool/article43
--labels	metabat2-mock1-only,metabat2-multisample,semibin2-self-supervised,taxvamb-kraken2,vamb-taxonomy-free
--search_engine	diamond
--proteins	/workspace/wechat/Metagenome/work/article43/inputs/megahit-coassembly.ge1500.proteins.faa
--write_bin_evals	TRUE
--write_bins	TRUE
--write_unbinned	FALSE
--threads	24
--score_threshold	0.5
--duplicate_penalty	0.6
--megabin_penalty	0.5
--max_iter_post_threshold	10
--dbDirectory	db
--resume	FALSE
--debug	FALSE
--version	FALSE
--help	FALSE

Dependencies: 
prodigal	/workspace/miniconda3/envs/metagenome-assembly-2026.07/bin/prodigal
diamond	/workspace/miniconda3/envs/metagenome-assembly-2026.07/bin/diamond
pullseq	/workspace/miniconda3/envs/metagenome-assembly-2026.07/bin/pullseq
ruby	/workspace/miniconda3/envs/metagenome-assembly-2026.07/bin/ruby
usearch	
blastp	/workspace/miniconda3/envs/metagenome-assembly-2026.07/bin/blastp

Analyzing assembly 
Skipping gene prediction
	 using protein fasta file: /workspace/wechat/Metagenome/work/article43/inputs/megahit-coassembly.ge1500.proteins.faa 
Annotating single copy genes using diamond 
Dereplicating, aggregating, and scoring bins 
Writing bins 
