2026-07-25 18:42:09 - MEGAHIT v1.2.9
2026-07-25 18:42:09 - Using megahit_core with POPCNT and BMI2 support
2026-07-25 18:42:09 - Convert reads to binary library
2026-07-25 18:42:15 - b'INFO  sequence/io/sequence_lib.cpp  :   75 - Lib 0 (${ARTICLE30_RAW_DIR}/clean/ERR9765746_clean_R1.fastq.gz,${ARTICLE30_RAW_DIR}/clean/ERR9765746_clean_R2.fastq.gz): pe, 3999706 reads, 150 max length'
2026-07-25 18:42:21 - b'INFO  sequence/io/sequence_lib.cpp  :   75 - Lib 1 (${ARTICLE30_RAW_DIR}/clean/ERR9765747_clean_R1.fastq.gz,${ARTICLE30_RAW_DIR}/clean/ERR9765747_clean_R2.fastq.gz): pe, 3999776 reads, 150 max length'
2026-07-25 18:42:21 - b'INFO  utils/utils.h                 :  152 - Real: 11.3806\tuser: 6.7795\tsys: 1.5743\tmaxrss: 253336'
2026-07-25 18:42:21 - k-max reset to: 141 
2026-07-25 18:42:21 - Start assembly. Number of CPU threads 16 
2026-07-25 18:42:21 - k list: 21,29,39,49,59,69,79,89,99,109,119,129,141 
2026-07-25 18:42:21 - Memory used: 68719476736
2026-07-25 18:42:21 - Extracting solid (k+1)-mers and building sdbg for k = 21
2026-07-25 18:43:16 - Assemble contigs from SdBG for k = 21
2026-07-25 18:45:50 - Local assembly for k = 21
2026-07-25 18:46:49 - Extract iterative edges from k = 21 to 29 
2026-07-25 18:47:09 - Build graph for k = 29 
2026-07-25 18:48:03 - Assemble contigs from SdBG for k = 29
2026-07-25 18:49:20 - Local assembly for k = 29
2026-07-25 18:50:22 - Extract iterative edges from k = 29 to 39 
2026-07-25 18:50:31 - Build graph for k = 39 
2026-07-25 18:51:03 - Assemble contigs from SdBG for k = 39
2026-07-25 18:52:08 - Local assembly for k = 39
2026-07-25 18:53:07 - Extract iterative edges from k = 39 to 49 
2026-07-25 18:53:14 - Build graph for k = 49 
2026-07-25 18:53:32 - Assemble contigs from SdBG for k = 49
2026-07-25 18:54:31 - Local assembly for k = 49
2026-07-25 18:55:21 - Extract iterative edges from k = 49 to 59 
2026-07-25 18:55:26 - Build graph for k = 59 
2026-07-25 18:55:39 - Assemble contigs from SdBG for k = 59
2026-07-25 18:56:29 - Local assembly for k = 59
2026-07-25 18:57:20 - Extract iterative edges from k = 59 to 69 
2026-07-25 18:57:24 - Build graph for k = 69 
2026-07-25 18:57:34 - Assemble contigs from SdBG for k = 69
2026-07-25 18:58:20 - Local assembly for k = 69
2026-07-25 18:59:19 - Extract iterative edges from k = 69 to 79 
2026-07-25 18:59:23 - Build graph for k = 79 
2026-07-25 18:59:31 - Assemble contigs from SdBG for k = 79
2026-07-25 19:00:15 - Local assembly for k = 79
2026-07-25 19:01:05 - Extract iterative edges from k = 79 to 89 
2026-07-25 19:01:08 - Build graph for k = 89 
2026-07-25 19:01:16 - Assemble contigs from SdBG for k = 89
2026-07-25 19:01:56 - Local assembly for k = 89
2026-07-25 19:02:53 - Extract iterative edges from k = 89 to 99 
2026-07-25 19:02:56 - Build graph for k = 99 
2026-07-25 19:03:03 - Assemble contigs from SdBG for k = 99
2026-07-25 19:03:42 - Local assembly for k = 99
2026-07-25 19:04:30 - Extract iterative edges from k = 99 to 109 
2026-07-25 19:04:33 - Build graph for k = 109 
2026-07-25 19:04:40 - Assemble contigs from SdBG for k = 109
2026-07-25 19:05:17 - Local assembly for k = 109
2026-07-25 19:06:07 - Extract iterative edges from k = 109 to 119 
2026-07-25 19:06:10 - Build graph for k = 119 
2026-07-25 19:06:16 - Assemble contigs from SdBG for k = 119
2026-07-25 19:06:51 - Local assembly for k = 119
2026-07-25 19:07:33 - Extract iterative edges from k = 119 to 129 
2026-07-25 19:07:36 - Build graph for k = 129 
2026-07-25 19:07:42 - Assemble contigs from SdBG for k = 129
2026-07-25 19:08:19 - Local assembly for k = 129
2026-07-25 19:09:00 - Extract iterative edges from k = 129 to 141 
2026-07-25 19:09:03 - Build graph for k = 141 
2026-07-25 19:09:08 - Assemble contigs from SdBG for k = 141
2026-07-25 19:09:38 - Merging to output final contigs 
2026-07-25 19:09:39 - 46217 contigs, total 104174097 bp, min 500 bp, max 1064594 bp, avg 2254 bp, N50 7201 bp
2026-07-25 19:09:39 - ALL DONE. Time elapsed: 1649.538533 seconds 
