2026-07-25 18:23:30 - MEGAHIT v1.2.9
2026-07-25 18:23:30 - Using megahit_core with POPCNT and BMI2 support
2026-07-25 18:23:30 - Convert reads to binary library
2026-07-25 18:23:35 - b'INFO  sequence/io/sequence_lib.cpp  :   75 - Lib 0 (${ARTICLE30_RAW_DIR}/clean/ERR9765747_clean_R1.fastq.gz,${ARTICLE30_RAW_DIR}/clean/ERR9765747_clean_R2.fastq.gz): pe, 3999776 reads, 150 max length'
2026-07-25 18:23:35 - b'INFO  utils/utils.h                 :  152 - Real: 5.6670\tuser: 3.3499\tsys: 0.7980\tmaxrss: 255400'
2026-07-25 18:23:35 - k-max reset to: 141 
2026-07-25 18:23:35 - Start assembly. Number of CPU threads 16 
2026-07-25 18:23:35 - k list: 21,29,39,49,59,69,79,89,99,109,119,129,141 
2026-07-25 18:23:35 - Memory used: 68719476736
2026-07-25 18:23:35 - Extracting solid (k+1)-mers and building sdbg for k = 21
2026-07-25 18:24:01 - Assemble contigs from SdBG for k = 21
2026-07-25 18:25:36 - Local assembly for k = 21
2026-07-25 18:26:17 - Extract iterative edges from k = 21 to 29 
2026-07-25 18:26:30 - Build graph for k = 29 
2026-07-25 18:27:08 - Assemble contigs from SdBG for k = 29
2026-07-25 18:28:10 - Local assembly for k = 29
2026-07-25 18:28:47 - Extract iterative edges from k = 29 to 39 
2026-07-25 18:28:54 - Build graph for k = 39 
2026-07-25 18:29:18 - Assemble contigs from SdBG for k = 39
2026-07-25 18:30:14 - Local assembly for k = 39
2026-07-25 18:30:55 - Extract iterative edges from k = 39 to 49 
2026-07-25 18:30:59 - Build graph for k = 49 
2026-07-25 18:31:13 - Assemble contigs from SdBG for k = 49
2026-07-25 18:32:03 - Local assembly for k = 49
2026-07-25 18:32:36 - Extract iterative edges from k = 49 to 59 
2026-07-25 18:32:39 - Build graph for k = 59 
2026-07-25 18:32:48 - Assemble contigs from SdBG for k = 59
2026-07-25 18:33:28 - Local assembly for k = 59
2026-07-25 18:33:57 - Extract iterative edges from k = 59 to 69 
2026-07-25 18:33:59 - Build graph for k = 69 
2026-07-25 18:34:05 - Assemble contigs from SdBG for k = 69
2026-07-25 18:34:40 - Local assembly for k = 69
2026-07-25 18:35:21 - Extract iterative edges from k = 69 to 79 
2026-07-25 18:35:24 - Build graph for k = 79 
2026-07-25 18:35:29 - Assemble contigs from SdBG for k = 79
2026-07-25 18:36:01 - Local assembly for k = 79
2026-07-25 18:36:31 - Extract iterative edges from k = 79 to 89 
2026-07-25 18:36:33 - Build graph for k = 89 
2026-07-25 18:36:38 - Assemble contigs from SdBG for k = 89
2026-07-25 18:37:07 - Local assembly for k = 89
2026-07-25 18:37:35 - Extract iterative edges from k = 89 to 99 
2026-07-25 18:37:36 - Build graph for k = 99 
2026-07-25 18:37:41 - Assemble contigs from SdBG for k = 99
2026-07-25 18:38:07 - Local assembly for k = 99
2026-07-25 18:38:41 - Extract iterative edges from k = 99 to 109 
2026-07-25 18:38:43 - Build graph for k = 109 
2026-07-25 18:38:47 - Assemble contigs from SdBG for k = 109
2026-07-25 18:39:12 - Local assembly for k = 109
2026-07-25 18:39:41 - Extract iterative edges from k = 109 to 119 
2026-07-25 18:39:42 - Build graph for k = 119 
2026-07-25 18:39:46 - Assemble contigs from SdBG for k = 119
2026-07-25 18:40:09 - Local assembly for k = 119
2026-07-25 18:40:41 - Extract iterative edges from k = 119 to 129 
2026-07-25 18:40:42 - Build graph for k = 129 
2026-07-25 18:40:46 - Assemble contigs from SdBG for k = 129
2026-07-25 18:41:10 - Local assembly for k = 129
2026-07-25 18:41:44 - Extract iterative edges from k = 129 to 141 
2026-07-25 18:41:45 - Build graph for k = 141 
2026-07-25 18:41:49 - Assemble contigs from SdBG for k = 141
2026-07-25 18:42:09 - Merging to output final contigs 
2026-07-25 18:42:09 - 36635 contigs, total 69404669 bp, min 500 bp, max 307522 bp, avg 1894 bp, N50 3361 bp
2026-07-25 18:42:09 - ALL DONE. Time elapsed: 1119.518765 seconds 
