2026-07-25 18:05:11 - MEGAHIT v1.2.9
2026-07-25 18:05:11 - Using megahit_core with POPCNT and BMI2 support
2026-07-25 18:05:11 - Convert reads to binary library
2026-07-25 18:05:16 - b'INFO  sequence/io/sequence_lib.cpp  :   75 - Lib 0 (${ARTICLE30_RAW_DIR}/clean/ERR9765746_clean_R1.fastq.gz,${ARTICLE30_RAW_DIR}/clean/ERR9765746_clean_R2.fastq.gz): pe, 3999706 reads, 150 max length'
2026-07-25 18:05:16 - b'INFO  utils/utils.h                 :  152 - Real: 5.6841\tuser: 3.3729\tsys: 0.8462\tmaxrss: 253596'
2026-07-25 18:05:16 - k-max reset to: 141 
2026-07-25 18:05:16 - Start assembly. Number of CPU threads 16 
2026-07-25 18:05:16 - k list: 21,29,39,49,59,69,79,89,99,109,119,129,141 
2026-07-25 18:05:16 - Memory used: 68719476736
2026-07-25 18:05:16 - Extracting solid (k+1)-mers and building sdbg for k = 21
2026-07-25 18:05:42 - Assemble contigs from SdBG for k = 21
2026-07-25 18:07:09 - Local assembly for k = 21
2026-07-25 18:07:50 - Extract iterative edges from k = 21 to 29 
2026-07-25 18:08:02 - Build graph for k = 29 
2026-07-25 18:08:41 - Assemble contigs from SdBG for k = 29
2026-07-25 18:09:40 - Local assembly for k = 29
2026-07-25 18:10:24 - Extract iterative edges from k = 29 to 39 
2026-07-25 18:10:30 - Build graph for k = 39 
2026-07-25 18:10:54 - Assemble contigs from SdBG for k = 39
2026-07-25 18:11:48 - Local assembly for k = 39
2026-07-25 18:12:23 - Extract iterative edges from k = 39 to 49 
2026-07-25 18:12:27 - Build graph for k = 49 
2026-07-25 18:12:41 - Assemble contigs from SdBG for k = 49
2026-07-25 18:13:29 - Local assembly for k = 49
2026-07-25 18:14:11 - Extract iterative edges from k = 49 to 59 
2026-07-25 18:14:14 - Build graph for k = 59 
2026-07-25 18:14:24 - Assemble contigs from SdBG for k = 59
2026-07-25 18:15:02 - Local assembly for k = 59
2026-07-25 18:15:41 - Extract iterative edges from k = 59 to 69 
2026-07-25 18:15:43 - Build graph for k = 69 
2026-07-25 18:15:50 - Assemble contigs from SdBG for k = 69
2026-07-25 18:16:25 - Local assembly for k = 69
2026-07-25 18:16:55 - Extract iterative edges from k = 69 to 79 
2026-07-25 18:16:58 - Build graph for k = 79 
2026-07-25 18:17:03 - Assemble contigs from SdBG for k = 79
2026-07-25 18:17:35 - Local assembly for k = 79
2026-07-25 18:18:08 - Extract iterative edges from k = 79 to 89 
2026-07-25 18:18:10 - Build graph for k = 89 
2026-07-25 18:18:14 - Assemble contigs from SdBG for k = 89
2026-07-25 18:18:43 - Local assembly for k = 89
2026-07-25 18:19:11 - Extract iterative edges from k = 89 to 99 
2026-07-25 18:19:13 - Build graph for k = 99 
2026-07-25 18:19:17 - Assemble contigs from SdBG for k = 99
2026-07-25 18:19:44 - Local assembly for k = 99
2026-07-25 18:20:11 - Extract iterative edges from k = 99 to 109 
2026-07-25 18:20:13 - Build graph for k = 109 
2026-07-25 18:20:17 - Assemble contigs from SdBG for k = 109
2026-07-25 18:20:41 - Local assembly for k = 109
2026-07-25 18:21:08 - Extract iterative edges from k = 109 to 119 
2026-07-25 18:21:09 - Build graph for k = 119 
2026-07-25 18:21:13 - Assemble contigs from SdBG for k = 119
2026-07-25 18:21:36 - Local assembly for k = 119
2026-07-25 18:22:15 - Extract iterative edges from k = 119 to 129 
2026-07-25 18:22:17 - Build graph for k = 129 
2026-07-25 18:22:20 - Assemble contigs from SdBG for k = 129
2026-07-25 18:22:45 - Local assembly for k = 129
2026-07-25 18:23:05 - Extract iterative edges from k = 129 to 141 
2026-07-25 18:23:06 - Build graph for k = 141 
2026-07-25 18:23:09 - Assemble contigs from SdBG for k = 141
2026-07-25 18:23:29 - Merging to output final contigs 
2026-07-25 18:23:30 - 35986 contigs, total 69996867 bp, min 500 bp, max 307522 bp, avg 1945 bp, N50 3589 bp
2026-07-25 18:23:30 - ALL DONE. Time elapsed: 1098.984668 seconds 
