Detecting adapter sequence for read1...
No adapter detected for read1

Detecting adapter sequence for read2...
No adapter detected for read2

Read1 before filtering:
total reads: 2000000
total bases: 299344103
Q20 bases: 292460841(97.7006%)
Q30 bases: 278353413(92.9878%)
Q40 bases: 212143796(70.8695%)

Read2 before filtering:
total reads: 2000000
total bases: 295699910
Q20 bases: 273795414(92.5923%)
Q30 bases: 243049599(82.1947%)
Q40 bases: 157872649(53.3895%)

Read1 after filtering:
total reads: 1999888
total bases: 299336440
Q20 bases: 292453828(97.7007%)
Q30 bases: 278347109(92.988%)
Q40 bases: 212139358(70.8699%)

Read2 after filtering:
total reads: 1999888
total bases: 295694617
Q20 bases: 273790456(92.5923%)
Q30 bases: 243045028(82.1946%)
Q40 bases: 157869227(53.3893%)

Filtering result:
reads passed filter: 3999776
reads failed due to low quality: 0
reads failed due to too many N: 0
reads failed due to too short: 224
reads failed due to adapter dimer: 0
reads with adapter trimmed: 10
bases trimmed due to adapters: 12

Duplication rate: 0.30905%

Insert size peak (evaluated by paired-end reads): 267

JSON report: ${ARTICLE30_WORK_DIR}/fastp/MOCK2.json
HTML report: ${ARTICLE30_WORK_DIR}/fastp/MOCK2.html

${HOME}/miniconda3/envs/metagenome-read-qc-2026.07/bin/fastp --in1 ${ARTICLE30_RAW_DIR}/selected/ERR9765747_selected2m_R1.fastq.gz --in2 ${ARTICLE30_RAW_DIR}/selected/ERR9765747_selected2m_R2.fastq.gz --out1 ${ARTICLE30_RAW_DIR}/clean/ERR9765747_clean_R1.fastq.gz --out2 ${ARTICLE30_RAW_DIR}/clean/ERR9765747_clean_R2.fastq.gz --json ${ARTICLE30_WORK_DIR}/fastp/MOCK2.json --html ${ARTICLE30_WORK_DIR}/fastp/MOCK2.html --report_title ERR9765747 deterministic two-million-pair subset --thread 16 --compression 6 --detect_adapter_for_pe --qualified_quality_phred 20 --unqualified_percent_limit 40 --n_base_limit 5 --length_required 50 --disable_trim_poly_g --overrepresentation_analysis --overrepresentation_sampling 20 --dont_overwrite 
fastp v1.3.6, time used: 85 seconds
