Detecting adapter sequence for read1...
No adapter detected for read1

Detecting adapter sequence for read2...
No adapter detected for read2

Read1 before filtering:
total reads: 2000000
total bases: 299520828
Q20 bases: 295318115(98.5969%)
Q30 bases: 286607397(95.6886%)
Q40 bases: 238799983(79.7273%)

Read2 before filtering:
total reads: 2000000
total bases: 296335382
Q20 bases: 277154396(93.5273%)
Q30 bases: 249746143(84.2782%)
Q40 bases: 169704862(57.2678%)

Read1 after filtering:
total reads: 1999853
total bases: 299510349
Q20 bases: 295308333(98.597%)
Q30 bases: 286598435(95.689%)
Q40 bases: 238793526(79.728%)

Read2 after filtering:
total reads: 1999853
total bases: 296328312
Q20 bases: 277147758(93.5273%)
Q30 bases: 249739905(84.2781%)
Q40 bases: 169700078(57.2676%)

Filtering result:
reads passed filter: 3999706
reads failed due to low quality: 0
reads failed due to too many N: 0
reads failed due to too short: 294
reads failed due to adapter dimer: 0
reads with adapter trimmed: 12
bases trimmed due to adapters: 13

Duplication rate: 0.3731%

Insert size peak (evaluated by paired-end reads): 269

JSON report: ${ARTICLE30_WORK_DIR}/fastp/MOCK1.json
HTML report: ${ARTICLE30_WORK_DIR}/fastp/MOCK1.html

${HOME}/miniconda3/envs/metagenome-read-qc-2026.07/bin/fastp --in1 ${ARTICLE30_RAW_DIR}/selected/ERR9765746_selected2m_R1.fastq.gz --in2 ${ARTICLE30_RAW_DIR}/selected/ERR9765746_selected2m_R2.fastq.gz --out1 ${ARTICLE30_RAW_DIR}/clean/ERR9765746_clean_R1.fastq.gz --out2 ${ARTICLE30_RAW_DIR}/clean/ERR9765746_clean_R2.fastq.gz --json ${ARTICLE30_WORK_DIR}/fastp/MOCK1.json --html ${ARTICLE30_WORK_DIR}/fastp/MOCK1.html --report_title ERR9765746 deterministic two-million-pair subset --thread 16 --compression 6 --detect_adapter_for_pe --qualified_quality_phred 20 --unqualified_percent_limit 40 --n_base_limit 5 --length_required 50 --disable_trim_poly_g --overrepresentation_analysis --overrepresentation_sampling 20 --dont_overwrite 
fastp v1.3.6, time used: 85 seconds
