***************************************************
    ..:: dRep dereplicate Step 1. Filter ::..
***************************************************
    
Will filter the genome list
Loading genomes from a list
124 genomes were input to dRep
Calculating genome info of genomes
100.00% of genomes passed length filtering
100.00% of genomes passed checkM filtering
***************************************************
    ..:: dRep dereplicate Step 2. Cluster ::..
***************************************************
    
Running primary clustering
Running pair-wise MASH clustering
24 primary clusters made
Running secondary clustering
Running 664 fastANI comparisons- should take ~ 7.6 min
Step 4. Return output
***************************************************
    ..:: dRep dereplicate Step 3. Choose ::..
***************************************************
    
Loading work directory
***************************************************
    ..:: dRep dereplicate Step 4. Evaluate ::..
***************************************************
    
will provide warnings about clusters
0 warnings generated: saved to ${ARTICLE45_WORK_DIR}/drep/species95/log/warnings.txt
will produce Widb (winner information db)
Winner database saved to ${ARTICLE45_WORK_DIR}/drep/species95data_tables/Widb.csv
***************************************************
    ..:: dRep dereplicate Step 5. Analyze ::..
***************************************************
    
making plots 1, 2, 3, 4, 5, 6
Plotting primary dendrogram
Plotting secondary dendrograms
Plotting MDS plot
Plotting scatterplots
Plotting bin scorring plot
Plotting winning genomes plot...

$$$$$$$$$$$$$$$$$$$$$$$$$$$$$$$$$$$$$$$$$$$$$$$$$$$$$$$$$$$$$$$$$$$$$$$$$$$$$$$$

    ..:: dRep dereplicate finished ::..

Dereplicated genomes................. ${ARTICLE45_WORK_DIR}/drep/species95/dereplicated_genomes/
Dereplicated genomes information..... ${ARTICLE45_WORK_DIR}/drep/species95/data_tables/Widb.csv
Figures.............................. ${ARTICLE45_WORK_DIR}/drep/species95/figures/
Warnings............................. ${ARTICLE45_WORK_DIR}/drep/species95/log/warnings.txt

$$$$$$$$$$$$$$$$$$$$$$$$$$$$$$$$$$$$$$$$$$$$$$$$$$$$$$$$$$$$$$$$$$$$$$$$$$$$$$$$
    
