/workspace/miniconda3/envs/metagenome-dram-2026.07/lib/python3.10/site-packages/mag_annotator/database_handler.py:2: UserWarning: pkg_resources is deprecated as an API. See https://setuptools.pypa.io/en/latest/pkg_resources.html. The pkg_resources package is slated for removal as early as 2025-11-30. Refrain from using this package or pin to Setuptools<81.
  from pkg_resources import resource_filename
/workspace/miniconda3/envs/metagenome-dram-2026.07/lib/python3.10/site-packages/mag_annotator/database_handler.py:169: UserWarning: Database does not exist at path None
  warnings.warn(
/workspace/miniconda3/envs/metagenome-dram-2026.07/lib/python3.10/site-packages/mag_annotator/database_handler.py:126: UserWarning: Database does not exist at path None
  warnings.warn("Database does not exist at path %s" % description_loc)
2026-07-31 22:39:53,090 - Starting the process of downloading data
2026-07-31 22:39:53,090 - The kegg_loc argument was not used to specify a downloaded kegg file, and dram can not download it its self. So it is assumed that the user wants to set up DRAM without it
2026-07-31 22:39:53,090 - The gene_ko_link_loc argument was not used to specify a downloaded gene_ko_link file, and dram can not download it its self. So it is assumed that the user wants to set up DRAM without it
2026-07-31 22:39:53,090 - Database preparation started
2026-07-31 22:39:53,091 - Copying /tmp/article59-DRAM/data/genome_summary_form.tsv to output_dir
2026-07-31 22:39:53,091 - Copying /tmp/article59-DRAM/data/module_step_form.tsv to output_dir
2026-07-31 22:39:53,092 - Copying /tmp/article59-DRAM/data/etc_module_database.tsv to output_dir
2026-07-31 22:39:53,092 - Copying /tmp/article59-DRAM/data/function_heatmap_form.tsv to output_dir
2026-07-31 22:39:53,092 - Copying /tmp/article59-DRAM/data/amg_database.tsv to output_dir
2026-07-31 22:39:53,092 - All raw data files were downloaded successfully
2026-07-31 22:39:53,093 - Processing kofam_hmm
2026-07-31 22:44:01,051 - KOfam database processed
2026-07-31 22:44:01,069 - Moved kofam_hmm to final destination, configuration updated
2026-07-31 22:44:01,069 - Processing kofam_ko_list
2026-07-31 22:44:01,102 - KOfam ko list processed
2026-07-31 22:44:01,104 - Moved kofam_ko_list to final destination, configuration updated
2026-07-31 22:44:01,106 - Moved genome_summary_form to final destination, configuration updated
2026-07-31 22:44:01,138 - Moved module_step_form to final destination, configuration updated
2026-07-31 22:44:01,140 - Moved etc_module_database to final destination, configuration updated
2026-07-31 22:44:01,142 - Moved function_heatmap_form to final destination, configuration updated
2026-07-31 22:44:01,144 - Moved amg_database to final destination, configuration updated
2026-07-31 22:44:01,144 - Populating the description db, this may take some time
2026-07-31 22:44:01,213 - DRAM description database populated
2026-07-31 22:44:01,213 - Database preparation completed
