/workspace/miniconda3/envs/metagenome-dram-2026.07/lib/python3.10/site-packages/mag_annotator/database_handler.py:2: UserWarning: pkg_resources is deprecated as an API. See https://setuptools.pypa.io/en/latest/pkg_resources.html. The pkg_resources package is slated for removal as early as 2025-11-30. Refrain from using this package or pin to Setuptools<81.
  from pkg_resources import resource_filename
2026-08-01 00:11:59,926 - The log file is created at /workspace/wechat/Metagenome/work/article59/dram-annotation/annotate.log
2026-08-01 00:11:59,926 - No trnas.tsv file found in directory /workspace/wechat/Metagenome/work/article59/dram-shards/SGB_006
2026-08-01 00:11:59,926 - No trnas.tsv file found in directory /workspace/wechat/Metagenome/work/article59/dram-shards/SGB_001
2026-08-01 00:11:59,926 - No trnas.tsv file found in directory /workspace/wechat/Metagenome/work/article59/dram-shards/SGB_024
2026-08-01 00:11:59,926 - No trnas.tsv file found in directory /workspace/wechat/Metagenome/work/article59/dram-shards/TRUNC_070
2026-08-01 00:11:59,927 - No trnas.tsv file found in directory /workspace/wechat/Metagenome/work/article59/dram-shards/SGB_015
2026-08-01 00:11:59,927 - No trnas.tsv file found in directory /workspace/wechat/Metagenome/work/article59/dram-shards/SGB_003
2026-08-01 00:11:59,927 - No trnas.tsv file found in directory /workspace/wechat/Metagenome/work/article59/dram-shards/SGB_021
2026-08-01 00:11:59,927 - No trnas.tsv file found in directory /workspace/wechat/Metagenome/work/article59/dram-shards/SGB_017
2026-08-01 00:11:59,927 - No trnas.tsv file found in directory /workspace/wechat/Metagenome/work/article59/dram-shards/SGB_004
2026-08-01 00:11:59,927 - No trnas.tsv file found in directory /workspace/wechat/Metagenome/work/article59/dram-shards/SGB_008
2026-08-01 00:11:59,927 - No trnas.tsv file found in directory /workspace/wechat/Metagenome/work/article59/dram-shards/SGB_009
2026-08-01 00:11:59,927 - No trnas.tsv file found in directory /workspace/wechat/Metagenome/work/article59/dram-shards/SGB_002
2026-08-01 00:11:59,927 - No trnas.tsv file found in directory /workspace/wechat/Metagenome/work/article59/dram-shards/SGB_023
2026-08-01 00:11:59,927 - No trnas.tsv file found in directory /workspace/wechat/Metagenome/work/article59/dram-shards/TRUNC_090
2026-08-01 00:11:59,927 - No trnas.tsv file found in directory /workspace/wechat/Metagenome/work/article59/dram-shards/SGB_018
2026-08-01 00:11:59,927 - No rrnas.tsv file found in directory /workspace/wechat/Metagenome/work/article59/dram-shards/SGB_018
2026-08-01 00:11:59,928 - No trnas.tsv file found in directory /workspace/wechat/Metagenome/work/article59/dram-shards/SGB_011
2026-08-01 00:11:59,928 - No trnas.tsv file found in directory /workspace/wechat/Metagenome/work/article59/dram-shards/SGB_014
2026-08-01 00:11:59,928 - No trnas.tsv file found in directory /workspace/wechat/Metagenome/work/article59/dram-shards/SGB_012
2026-08-01 00:11:59,928 - No trnas.tsv file found in directory /workspace/wechat/Metagenome/work/article59/dram-shards/TRUNC_100
2026-08-01 00:11:59,928 - No trnas.tsv file found in directory /workspace/wechat/Metagenome/work/article59/dram-shards/SGB_010
2026-08-01 00:11:59,928 - No trnas.tsv file found in directory /workspace/wechat/Metagenome/work/article59/dram-shards/TRUNC_050
2026-08-01 00:11:59,928 - No trnas.tsv file found in directory /workspace/wechat/Metagenome/work/article59/dram-shards/SGB_005
2026-08-01 00:11:59,928 - No rrnas.tsv file found in directory /workspace/wechat/Metagenome/work/article59/dram-shards/SGB_005
2026-08-01 00:11:59,928 - No trnas.tsv file found in directory /workspace/wechat/Metagenome/work/article59/dram-shards/SGB_013
2026-08-01 00:11:59,928 - No trnas.tsv file found in directory /workspace/wechat/Metagenome/work/article59/dram-shards/SGB_020
2026-08-01 00:11:59,928 - No trnas.tsv file found in directory /workspace/wechat/Metagenome/work/article59/dram-shards/SGB_019
2026-08-01 00:11:59,928 - No trnas.tsv file found in directory /workspace/wechat/Metagenome/work/article59/dram-shards/SGB_022
2026-08-01 00:11:59,928 - No trnas.tsv file found in directory /workspace/wechat/Metagenome/work/article59/dram-shards/SGB_016
2026-08-01 00:11:59,929 - No trnas.tsv file found in directory /workspace/wechat/Metagenome/work/article59/dram-shards/SGB_007
