/workspace/miniconda3/envs/metagenome-dram-2026.07/lib/python3.10/site-packages/mag_annotator/database_handler.py:2: UserWarning: pkg_resources is deprecated as an API. See https://setuptools.pypa.io/en/latest/pkg_resources.html. The pkg_resources package is slated for removal as early as 2025-11-30. Refrain from using this package or pin to Setuptools<81.
  from pkg_resources import resource_filename
2026-07-31 23:30:09,902 - The log file is created at /workspace/wechat/Metagenome/work/article59/dram-shards/SGB_008/annotate.log.
2026-07-31 23:30:09,902 - 1 FASTAs found
2026-07-31 23:30:09,909 - Starting the Annotation of Bins with database configuration: 
 

KOfam db:
    Citation: T. Aramaki, R. Blanc-Mathieu, H. Endo, K. Ohkubo, M. Kanehisa, S. Goto, and H. Ogata, "Kofamkoala: Kegg ortholog assignment based on profile hmm and adaptive score threshold," Bioinformatics, vol. 36, no. 7, pp. 2251–2252, 2020.
KOfam KO list:
    Citation: T. Aramaki, R. Blanc-Mathieu, H. Endo, K. Ohkubo, M. Kanehisa, S. Goto, and H. Ogata, "Kofamkoala: Kegg ortholog assignment based on profile hmm and adaptive score threshold," Bioinformatics, vol. 36, no. 7, pp. 2251–2252, 2020.


Genome summary form:
    Branch: master
Module step form:
    Branch: master
ETC module database:
    Branch: master
Function heatmap form:
    Branch: master
AMG database:
    Branch: master
2026-07-31 23:30:09,909 - Retrieved database locations and descriptions
2026-07-31 23:30:09,910 - Annotating SGB_008
2026-07-31 23:30:12,957 - Turning genes from prodigal to mmseqs2 db
2026-07-31 23:30:16,025 - Getting hits from kofam
2026-07-31 23:39:15,030 - No KEGG source provided so distillation will be of limited use.
2026-07-31 23:39:15,077 - Merging ORF annotations
2026-07-31 23:39:21,626 - Annotations complete, processing annotations
2026-07-31 23:39:21,671 - Completed annotations
/workspace/miniconda3/envs/metagenome-dram-2026.07/lib/python3.10/site-packages/mag_annotator/database_handler.py:2: UserWarning: pkg_resources is deprecated as an API. See https://setuptools.pypa.io/en/latest/pkg_resources.html. The pkg_resources package is slated for removal as early as 2025-11-30. Refrain from using this package or pin to Setuptools<81.
  from pkg_resources import resource_filename
2026-07-31 23:30:09,882 - The log file is created at /workspace/wechat/Metagenome/work/article59/dram-shards/SGB_009/annotate.log.
2026-07-31 23:30:09,882 - 1 FASTAs found
2026-07-31 23:30:09,890 - Starting the Annotation of Bins with database configuration: 
 

KOfam db:
    Citation: T. Aramaki, R. Blanc-Mathieu, H. Endo, K. Ohkubo, M. Kanehisa, S. Goto, and H. Ogata, "Kofamkoala: Kegg ortholog assignment based on profile hmm and adaptive score threshold," Bioinformatics, vol. 36, no. 7, pp. 2251–2252, 2020.
KOfam KO list:
    Citation: T. Aramaki, R. Blanc-Mathieu, H. Endo, K. Ohkubo, M. Kanehisa, S. Goto, and H. Ogata, "Kofamkoala: Kegg ortholog assignment based on profile hmm and adaptive score threshold," Bioinformatics, vol. 36, no. 7, pp. 2251–2252, 2020.


Genome summary form:
    Branch: master
Module step form:
    Branch: master
ETC module database:
    Branch: master
Function heatmap form:
    Branch: master
AMG database:
    Branch: master
2026-07-31 23:30:09,890 - Retrieved database locations and descriptions
2026-07-31 23:30:09,890 - Annotating SGB_009
2026-07-31 23:30:17,909 - Turning genes from prodigal to mmseqs2 db
2026-07-31 23:30:21,006 - Getting hits from kofam
2026-07-31 23:39:59,138 - No KEGG source provided so distillation will be of limited use.
2026-07-31 23:39:59,194 - Merging ORF annotations
2026-07-31 23:40:05,026 - Annotations complete, processing annotations
2026-07-31 23:40:05,064 - Completed annotations
/workspace/miniconda3/envs/metagenome-dram-2026.07/lib/python3.10/site-packages/mag_annotator/database_handler.py:2: UserWarning: pkg_resources is deprecated as an API. See https://setuptools.pypa.io/en/latest/pkg_resources.html. The pkg_resources package is slated for removal as early as 2025-11-30. Refrain from using this package or pin to Setuptools<81.
  from pkg_resources import resource_filename
2026-07-31 23:30:09,881 - The log file is created at /workspace/wechat/Metagenome/work/article59/dram-shards/SGB_013/annotate.log.
2026-07-31 23:30:09,881 - 1 FASTAs found
2026-07-31 23:30:09,889 - Starting the Annotation of Bins with database configuration: 
 

KOfam db:
    Citation: T. Aramaki, R. Blanc-Mathieu, H. Endo, K. Ohkubo, M. Kanehisa, S. Goto, and H. Ogata, "Kofamkoala: Kegg ortholog assignment based on profile hmm and adaptive score threshold," Bioinformatics, vol. 36, no. 7, pp. 2251–2252, 2020.
KOfam KO list:
    Citation: T. Aramaki, R. Blanc-Mathieu, H. Endo, K. Ohkubo, M. Kanehisa, S. Goto, and H. Ogata, "Kofamkoala: Kegg ortholog assignment based on profile hmm and adaptive score threshold," Bioinformatics, vol. 36, no. 7, pp. 2251–2252, 2020.


Genome summary form:
    Branch: master
Module step form:
    Branch: master
ETC module database:
    Branch: master
Function heatmap form:
    Branch: master
AMG database:
    Branch: master
2026-07-31 23:30:09,889 - Retrieved database locations and descriptions
2026-07-31 23:30:09,889 - Annotating SGB_013
2026-07-31 23:30:12,925 - Turning genes from prodigal to mmseqs2 db
2026-07-31 23:30:16,011 - Getting hits from kofam
2026-07-31 23:40:48,157 - No KEGG source provided so distillation will be of limited use.
2026-07-31 23:40:48,221 - Merging ORF annotations
2026-07-31 23:40:55,870 - Annotations complete, processing annotations
2026-07-31 23:40:55,900 - Completed annotations
/workspace/miniconda3/envs/metagenome-dram-2026.07/lib/python3.10/site-packages/mag_annotator/database_handler.py:2: UserWarning: pkg_resources is deprecated as an API. See https://setuptools.pypa.io/en/latest/pkg_resources.html. The pkg_resources package is slated for removal as early as 2025-11-30. Refrain from using this package or pin to Setuptools<81.
  from pkg_resources import resource_filename
2026-07-31 23:30:09,968 - The log file is created at /workspace/wechat/Metagenome/work/article59/dram-shards/SGB_015/annotate.log.
2026-07-31 23:30:09,968 - 1 FASTAs found
2026-07-31 23:30:09,977 - Starting the Annotation of Bins with database configuration: 
 

KOfam db:
    Citation: T. Aramaki, R. Blanc-Mathieu, H. Endo, K. Ohkubo, M. Kanehisa, S. Goto, and H. Ogata, "Kofamkoala: Kegg ortholog assignment based on profile hmm and adaptive score threshold," Bioinformatics, vol. 36, no. 7, pp. 2251–2252, 2020.
KOfam KO list:
    Citation: T. Aramaki, R. Blanc-Mathieu, H. Endo, K. Ohkubo, M. Kanehisa, S. Goto, and H. Ogata, "Kofamkoala: Kegg ortholog assignment based on profile hmm and adaptive score threshold," Bioinformatics, vol. 36, no. 7, pp. 2251–2252, 2020.


Genome summary form:
    Branch: master
Module step form:
    Branch: master
ETC module database:
    Branch: master
Function heatmap form:
    Branch: master
AMG database:
    Branch: master
2026-07-31 23:30:09,977 - Retrieved database locations and descriptions
2026-07-31 23:30:09,977 - Annotating SGB_015
2026-07-31 23:30:12,719 - Turning genes from prodigal to mmseqs2 db
2026-07-31 23:30:16,245 - Getting hits from kofam
2026-07-31 23:41:31,379 - No KEGG source provided so distillation will be of limited use.
2026-07-31 23:41:31,469 - Merging ORF annotations
2026-07-31 23:41:45,221 - Annotations complete, processing annotations
2026-07-31 23:41:45,256 - Completed annotations
/workspace/miniconda3/envs/metagenome-dram-2026.07/lib/python3.10/site-packages/mag_annotator/database_handler.py:2: UserWarning: pkg_resources is deprecated as an API. See https://setuptools.pypa.io/en/latest/pkg_resources.html. The pkg_resources package is slated for removal as early as 2025-11-30. Refrain from using this package or pin to Setuptools<81.
  from pkg_resources import resource_filename
2026-07-31 23:30:09,844 - The log file is created at /workspace/wechat/Metagenome/work/article59/dram-shards/SGB_010/annotate.log.
2026-07-31 23:30:09,844 - 1 FASTAs found
2026-07-31 23:30:09,852 - Starting the Annotation of Bins with database configuration: 
 

KOfam db:
    Citation: T. Aramaki, R. Blanc-Mathieu, H. Endo, K. Ohkubo, M. Kanehisa, S. Goto, and H. Ogata, "Kofamkoala: Kegg ortholog assignment based on profile hmm and adaptive score threshold," Bioinformatics, vol. 36, no. 7, pp. 2251–2252, 2020.
KOfam KO list:
    Citation: T. Aramaki, R. Blanc-Mathieu, H. Endo, K. Ohkubo, M. Kanehisa, S. Goto, and H. Ogata, "Kofamkoala: Kegg ortholog assignment based on profile hmm and adaptive score threshold," Bioinformatics, vol. 36, no. 7, pp. 2251–2252, 2020.


Genome summary form:
    Branch: master
Module step form:
    Branch: master
ETC module database:
    Branch: master
Function heatmap form:
    Branch: master
AMG database:
    Branch: master
2026-07-31 23:30:09,852 - Retrieved database locations and descriptions
2026-07-31 23:30:09,852 - Annotating SGB_010
2026-07-31 23:30:15,071 - Turning genes from prodigal to mmseqs2 db
2026-07-31 23:30:18,467 - Getting hits from kofam
2026-07-31 23:44:07,869 - No KEGG source provided so distillation will be of limited use.
2026-07-31 23:44:07,972 - Merging ORF annotations
2026-07-31 23:44:12,430 - Annotations complete, processing annotations
2026-07-31 23:44:12,465 - Completed annotations
/workspace/miniconda3/envs/metagenome-dram-2026.07/lib/python3.10/site-packages/mag_annotator/database_handler.py:2: UserWarning: pkg_resources is deprecated as an API. See https://setuptools.pypa.io/en/latest/pkg_resources.html. The pkg_resources package is slated for removal as early as 2025-11-30. Refrain from using this package or pin to Setuptools<81.
  from pkg_resources import resource_filename
2026-07-31 23:30:09,844 - The log file is created at /workspace/wechat/Metagenome/work/article59/dram-shards/SGB_011/annotate.log.
2026-07-31 23:30:09,844 - 1 FASTAs found
2026-07-31 23:30:09,853 - Starting the Annotation of Bins with database configuration: 
 

KOfam db:
    Citation: T. Aramaki, R. Blanc-Mathieu, H. Endo, K. Ohkubo, M. Kanehisa, S. Goto, and H. Ogata, "Kofamkoala: Kegg ortholog assignment based on profile hmm and adaptive score threshold," Bioinformatics, vol. 36, no. 7, pp. 2251–2252, 2020.
KOfam KO list:
    Citation: T. Aramaki, R. Blanc-Mathieu, H. Endo, K. Ohkubo, M. Kanehisa, S. Goto, and H. Ogata, "Kofamkoala: Kegg ortholog assignment based on profile hmm and adaptive score threshold," Bioinformatics, vol. 36, no. 7, pp. 2251–2252, 2020.


Genome summary form:
    Branch: master
Module step form:
    Branch: master
ETC module database:
    Branch: master
Function heatmap form:
    Branch: master
AMG database:
    Branch: master
2026-07-31 23:30:09,853 - Retrieved database locations and descriptions
2026-07-31 23:30:09,854 - Annotating SGB_011
2026-07-31 23:30:13,997 - Turning genes from prodigal to mmseqs2 db
2026-07-31 23:30:17,083 - Getting hits from kofam
2026-07-31 23:44:35,459 - No KEGG source provided so distillation will be of limited use.
2026-07-31 23:44:35,546 - Merging ORF annotations
2026-07-31 23:44:40,262 - Annotations complete, processing annotations
2026-07-31 23:44:40,299 - Completed annotations
/workspace/miniconda3/envs/metagenome-dram-2026.07/lib/python3.10/site-packages/mag_annotator/database_handler.py:2: UserWarning: pkg_resources is deprecated as an API. See https://setuptools.pypa.io/en/latest/pkg_resources.html. The pkg_resources package is slated for removal as early as 2025-11-30. Refrain from using this package or pin to Setuptools<81.
  from pkg_resources import resource_filename
2026-07-31 23:30:09,785 - The log file is created at /workspace/wechat/Metagenome/work/article59/dram-shards/SGB_003/annotate.log.
2026-07-31 23:30:09,785 - 1 FASTAs found
2026-07-31 23:30:09,792 - Starting the Annotation of Bins with database configuration: 
 

KOfam db:
    Citation: T. Aramaki, R. Blanc-Mathieu, H. Endo, K. Ohkubo, M. Kanehisa, S. Goto, and H. Ogata, "Kofamkoala: Kegg ortholog assignment based on profile hmm and adaptive score threshold," Bioinformatics, vol. 36, no. 7, pp. 2251–2252, 2020.
KOfam KO list:
    Citation: T. Aramaki, R. Blanc-Mathieu, H. Endo, K. Ohkubo, M. Kanehisa, S. Goto, and H. Ogata, "Kofamkoala: Kegg ortholog assignment based on profile hmm and adaptive score threshold," Bioinformatics, vol. 36, no. 7, pp. 2251–2252, 2020.


Genome summary form:
    Branch: master
Module step form:
    Branch: master
ETC module database:
    Branch: master
Function heatmap form:
    Branch: master
AMG database:
    Branch: master
2026-07-31 23:30:09,792 - Retrieved database locations and descriptions
2026-07-31 23:30:09,792 - Annotating SGB_003
2026-07-31 23:30:33,191 - Turning genes from prodigal to mmseqs2 db
2026-07-31 23:30:36,760 - Getting hits from kofam
2026-07-31 23:45:05,072 - No KEGG source provided so distillation will be of limited use.
2026-07-31 23:45:05,140 - Merging ORF annotations
2026-07-31 23:45:10,901 - Annotations complete, processing annotations
2026-07-31 23:45:10,950 - Completed annotations
/workspace/miniconda3/envs/metagenome-dram-2026.07/lib/python3.10/site-packages/mag_annotator/database_handler.py:2: UserWarning: pkg_resources is deprecated as an API. See https://setuptools.pypa.io/en/latest/pkg_resources.html. The pkg_resources package is slated for removal as early as 2025-11-30. Refrain from using this package or pin to Setuptools<81.
  from pkg_resources import resource_filename
2026-07-31 23:30:09,772 - The log file is created at /workspace/wechat/Metagenome/work/article59/dram-shards/SGB_019/annotate.log.
2026-07-31 23:30:09,772 - 1 FASTAs found
2026-07-31 23:30:09,780 - Starting the Annotation of Bins with database configuration: 
 

KOfam db:
    Citation: T. Aramaki, R. Blanc-Mathieu, H. Endo, K. Ohkubo, M. Kanehisa, S. Goto, and H. Ogata, "Kofamkoala: Kegg ortholog assignment based on profile hmm and adaptive score threshold," Bioinformatics, vol. 36, no. 7, pp. 2251–2252, 2020.
KOfam KO list:
    Citation: T. Aramaki, R. Blanc-Mathieu, H. Endo, K. Ohkubo, M. Kanehisa, S. Goto, and H. Ogata, "Kofamkoala: Kegg ortholog assignment based on profile hmm and adaptive score threshold," Bioinformatics, vol. 36, no. 7, pp. 2251–2252, 2020.


Genome summary form:
    Branch: master
Module step form:
    Branch: master
ETC module database:
    Branch: master
Function heatmap form:
    Branch: master
AMG database:
    Branch: master
2026-07-31 23:30:09,780 - Retrieved database locations and descriptions
2026-07-31 23:30:09,780 - Annotating SGB_019
2026-07-31 23:30:19,680 - Turning genes from prodigal to mmseqs2 db
2026-07-31 23:30:23,353 - Getting hits from kofam
2026-07-31 23:45:27,039 - No KEGG source provided so distillation will be of limited use.
2026-07-31 23:45:27,122 - Merging ORF annotations
2026-07-31 23:45:37,160 - Annotations complete, processing annotations
2026-07-31 23:45:37,197 - Completed annotations
/workspace/miniconda3/envs/metagenome-dram-2026.07/lib/python3.10/site-packages/mag_annotator/database_handler.py:2: UserWarning: pkg_resources is deprecated as an API. See https://setuptools.pypa.io/en/latest/pkg_resources.html. The pkg_resources package is slated for removal as early as 2025-11-30. Refrain from using this package or pin to Setuptools<81.
  from pkg_resources import resource_filename
2026-07-31 23:30:09,911 - The log file is created at /workspace/wechat/Metagenome/work/article59/dram-shards/SGB_020/annotate.log.
2026-07-31 23:30:09,911 - 1 FASTAs found
2026-07-31 23:30:09,921 - Starting the Annotation of Bins with database configuration: 
 

KOfam db:
    Citation: T. Aramaki, R. Blanc-Mathieu, H. Endo, K. Ohkubo, M. Kanehisa, S. Goto, and H. Ogata, "Kofamkoala: Kegg ortholog assignment based on profile hmm and adaptive score threshold," Bioinformatics, vol. 36, no. 7, pp. 2251–2252, 2020.
KOfam KO list:
    Citation: T. Aramaki, R. Blanc-Mathieu, H. Endo, K. Ohkubo, M. Kanehisa, S. Goto, and H. Ogata, "Kofamkoala: Kegg ortholog assignment based on profile hmm and adaptive score threshold," Bioinformatics, vol. 36, no. 7, pp. 2251–2252, 2020.


Genome summary form:
    Branch: master
Module step form:
    Branch: master
ETC module database:
    Branch: master
Function heatmap form:
    Branch: master
AMG database:
    Branch: master
2026-07-31 23:30:09,921 - Retrieved database locations and descriptions
2026-07-31 23:30:09,921 - Annotating SGB_020
2026-07-31 23:30:20,584 - Turning genes from prodigal to mmseqs2 db
2026-07-31 23:30:23,764 - Getting hits from kofam
2026-07-31 23:45:25,521 - No KEGG source provided so distillation will be of limited use.
2026-07-31 23:45:25,614 - Merging ORF annotations
2026-07-31 23:45:38,978 - Annotations complete, processing annotations
2026-07-31 23:45:39,015 - Completed annotations
/workspace/miniconda3/envs/metagenome-dram-2026.07/lib/python3.10/site-packages/mag_annotator/database_handler.py:2: UserWarning: pkg_resources is deprecated as an API. See https://setuptools.pypa.io/en/latest/pkg_resources.html. The pkg_resources package is slated for removal as early as 2025-11-30. Refrain from using this package or pin to Setuptools<81.
  from pkg_resources import resource_filename
2026-07-31 23:30:10,044 - The log file is created at /workspace/wechat/Metagenome/work/article59/dram-shards/TRUNC_050/annotate.log.
2026-07-31 23:30:10,044 - 1 FASTAs found
2026-07-31 23:30:10,052 - Starting the Annotation of Bins with database configuration: 
 

KOfam db:
    Citation: T. Aramaki, R. Blanc-Mathieu, H. Endo, K. Ohkubo, M. Kanehisa, S. Goto, and H. Ogata, "Kofamkoala: Kegg ortholog assignment based on profile hmm and adaptive score threshold," Bioinformatics, vol. 36, no. 7, pp. 2251–2252, 2020.
KOfam KO list:
    Citation: T. Aramaki, R. Blanc-Mathieu, H. Endo, K. Ohkubo, M. Kanehisa, S. Goto, and H. Ogata, "Kofamkoala: Kegg ortholog assignment based on profile hmm and adaptive score threshold," Bioinformatics, vol. 36, no. 7, pp. 2251–2252, 2020.


Genome summary form:
    Branch: master
Module step form:
    Branch: master
ETC module database:
    Branch: master
Function heatmap form:
    Branch: master
AMG database:
    Branch: master
2026-07-31 23:30:10,052 - Retrieved database locations and descriptions
2026-07-31 23:30:10,052 - Annotating TRUNC_050
2026-07-31 23:30:30,672 - Turning genes from prodigal to mmseqs2 db
2026-07-31 23:30:33,842 - Getting hits from kofam
2026-07-31 23:45:32,116 - No KEGG source provided so distillation will be of limited use.
2026-07-31 23:45:32,161 - Merging ORF annotations
2026-07-31 23:45:41,427 - Annotations complete, processing annotations
2026-07-31 23:45:41,455 - Completed annotations
/workspace/miniconda3/envs/metagenome-dram-2026.07/lib/python3.10/site-packages/mag_annotator/database_handler.py:2: UserWarning: pkg_resources is deprecated as an API. See https://setuptools.pypa.io/en/latest/pkg_resources.html. The pkg_resources package is slated for removal as early as 2025-11-30. Refrain from using this package or pin to Setuptools<81.
  from pkg_resources import resource_filename
2026-07-31 23:30:09,871 - The log file is created at /workspace/wechat/Metagenome/work/article59/dram-shards/SGB_004/annotate.log.
2026-07-31 23:30:09,871 - 1 FASTAs found
2026-07-31 23:30:09,879 - Starting the Annotation of Bins with database configuration: 
 

KOfam db:
    Citation: T. Aramaki, R. Blanc-Mathieu, H. Endo, K. Ohkubo, M. Kanehisa, S. Goto, and H. Ogata, "Kofamkoala: Kegg ortholog assignment based on profile hmm and adaptive score threshold," Bioinformatics, vol. 36, no. 7, pp. 2251–2252, 2020.
KOfam KO list:
    Citation: T. Aramaki, R. Blanc-Mathieu, H. Endo, K. Ohkubo, M. Kanehisa, S. Goto, and H. Ogata, "Kofamkoala: Kegg ortholog assignment based on profile hmm and adaptive score threshold," Bioinformatics, vol. 36, no. 7, pp. 2251–2252, 2020.


Genome summary form:
    Branch: master
Module step form:
    Branch: master
ETC module database:
    Branch: master
Function heatmap form:
    Branch: master
AMG database:
    Branch: master
2026-07-31 23:30:09,880 - Retrieved database locations and descriptions
2026-07-31 23:30:09,880 - Annotating SGB_004
2026-07-31 23:30:43,213 - Turning genes from prodigal to mmseqs2 db
2026-07-31 23:30:46,571 - Getting hits from kofam
2026-07-31 23:46:06,029 - No KEGG source provided so distillation will be of limited use.
2026-07-31 23:46:06,092 - Merging ORF annotations
2026-07-31 23:46:10,603 - Annotations complete, processing annotations
2026-07-31 23:46:10,637 - Completed annotations
/workspace/miniconda3/envs/metagenome-dram-2026.07/lib/python3.10/site-packages/mag_annotator/database_handler.py:2: UserWarning: pkg_resources is deprecated as an API. See https://setuptools.pypa.io/en/latest/pkg_resources.html. The pkg_resources package is slated for removal as early as 2025-11-30. Refrain from using this package or pin to Setuptools<81.
  from pkg_resources import resource_filename
2026-07-31 23:30:09,859 - The log file is created at /workspace/wechat/Metagenome/work/article59/dram-shards/SGB_012/annotate.log.
2026-07-31 23:30:09,859 - 1 FASTAs found
2026-07-31 23:30:09,867 - Starting the Annotation of Bins with database configuration: 
 

KOfam db:
    Citation: T. Aramaki, R. Blanc-Mathieu, H. Endo, K. Ohkubo, M. Kanehisa, S. Goto, and H. Ogata, "Kofamkoala: Kegg ortholog assignment based on profile hmm and adaptive score threshold," Bioinformatics, vol. 36, no. 7, pp. 2251–2252, 2020.
KOfam KO list:
    Citation: T. Aramaki, R. Blanc-Mathieu, H. Endo, K. Ohkubo, M. Kanehisa, S. Goto, and H. Ogata, "Kofamkoala: Kegg ortholog assignment based on profile hmm and adaptive score threshold," Bioinformatics, vol. 36, no. 7, pp. 2251–2252, 2020.


Genome summary form:
    Branch: master
Module step form:
    Branch: master
ETC module database:
    Branch: master
Function heatmap form:
    Branch: master
AMG database:
    Branch: master
2026-07-31 23:30:09,867 - Retrieved database locations and descriptions
2026-07-31 23:30:09,867 - Annotating SGB_012
2026-07-31 23:30:13,208 - Turning genes from prodigal to mmseqs2 db
2026-07-31 23:30:16,467 - Getting hits from kofam
2026-07-31 23:46:20,456 - No KEGG source provided so distillation will be of limited use.
2026-07-31 23:46:20,531 - Merging ORF annotations
2026-07-31 23:46:28,234 - Annotations complete, processing annotations
2026-07-31 23:46:28,272 - Completed annotations
/workspace/miniconda3/envs/metagenome-dram-2026.07/lib/python3.10/site-packages/mag_annotator/database_handler.py:2: UserWarning: pkg_resources is deprecated as an API. See https://setuptools.pypa.io/en/latest/pkg_resources.html. The pkg_resources package is slated for removal as early as 2025-11-30. Refrain from using this package or pin to Setuptools<81.
  from pkg_resources import resource_filename
2026-07-31 23:30:09,726 - The log file is created at /workspace/wechat/Metagenome/work/article59/dram-shards/SGB_005/annotate.log.
2026-07-31 23:30:09,726 - 1 FASTAs found
2026-07-31 23:30:09,733 - Starting the Annotation of Bins with database configuration: 
 

KOfam db:
    Citation: T. Aramaki, R. Blanc-Mathieu, H. Endo, K. Ohkubo, M. Kanehisa, S. Goto, and H. Ogata, "Kofamkoala: Kegg ortholog assignment based on profile hmm and adaptive score threshold," Bioinformatics, vol. 36, no. 7, pp. 2251–2252, 2020.
KOfam KO list:
    Citation: T. Aramaki, R. Blanc-Mathieu, H. Endo, K. Ohkubo, M. Kanehisa, S. Goto, and H. Ogata, "Kofamkoala: Kegg ortholog assignment based on profile hmm and adaptive score threshold," Bioinformatics, vol. 36, no. 7, pp. 2251–2252, 2020.


Genome summary form:
    Branch: master
Module step form:
    Branch: master
ETC module database:
    Branch: master
Function heatmap form:
    Branch: master
AMG database:
    Branch: master
2026-07-31 23:30:09,734 - Retrieved database locations and descriptions
2026-07-31 23:30:09,734 - Annotating SGB_005
2026-07-31 23:30:44,906 - Turning genes from prodigal to mmseqs2 db
2026-07-31 23:30:48,538 - Getting hits from kofam
2026-07-31 23:46:42,804 - No KEGG source provided so distillation will be of limited use.
2026-07-31 23:46:42,889 - Merging ORF annotations
2026-07-31 23:46:47,427 - No rRNAs were detected, no rrnas.tsv file will be created.
2026-07-31 23:46:49,175 - Annotations complete, processing annotations
2026-07-31 23:46:49,220 - Completed annotations
/workspace/miniconda3/envs/metagenome-dram-2026.07/lib/python3.10/site-packages/mag_annotator/database_handler.py:2: UserWarning: pkg_resources is deprecated as an API. See https://setuptools.pypa.io/en/latest/pkg_resources.html. The pkg_resources package is slated for removal as early as 2025-11-30. Refrain from using this package or pin to Setuptools<81.
  from pkg_resources import resource_filename
2026-07-31 23:30:09,816 - The log file is created at /workspace/wechat/Metagenome/work/article59/dram-shards/SGB_024/annotate.log.
2026-07-31 23:30:09,816 - 1 FASTAs found
2026-07-31 23:30:09,823 - Starting the Annotation of Bins with database configuration: 
 

KOfam db:
    Citation: T. Aramaki, R. Blanc-Mathieu, H. Endo, K. Ohkubo, M. Kanehisa, S. Goto, and H. Ogata, "Kofamkoala: Kegg ortholog assignment based on profile hmm and adaptive score threshold," Bioinformatics, vol. 36, no. 7, pp. 2251–2252, 2020.
KOfam KO list:
    Citation: T. Aramaki, R. Blanc-Mathieu, H. Endo, K. Ohkubo, M. Kanehisa, S. Goto, and H. Ogata, "Kofamkoala: Kegg ortholog assignment based on profile hmm and adaptive score threshold," Bioinformatics, vol. 36, no. 7, pp. 2251–2252, 2020.


Genome summary form:
    Branch: master
Module step form:
    Branch: master
ETC module database:
    Branch: master
Function heatmap form:
    Branch: master
AMG database:
    Branch: master
2026-07-31 23:30:09,823 - Retrieved database locations and descriptions
2026-07-31 23:30:09,824 - Annotating SGB_024
2026-07-31 23:30:32,830 - Turning genes from prodigal to mmseqs2 db
2026-07-31 23:30:36,006 - Getting hits from kofam
2026-07-31 23:46:59,946 - No KEGG source provided so distillation will be of limited use.
2026-07-31 23:47:00,006 - Merging ORF annotations
2026-07-31 23:47:04,498 - Annotations complete, processing annotations
2026-07-31 23:47:04,532 - Completed annotations
/workspace/miniconda3/envs/metagenome-dram-2026.07/lib/python3.10/site-packages/mag_annotator/database_handler.py:2: UserWarning: pkg_resources is deprecated as an API. See https://setuptools.pypa.io/en/latest/pkg_resources.html. The pkg_resources package is slated for removal as early as 2025-11-30. Refrain from using this package or pin to Setuptools<81.
  from pkg_resources import resource_filename
2026-07-31 23:30:09,888 - The log file is created at /workspace/wechat/Metagenome/work/article59/dram-shards/SGB_023/annotate.log.
2026-07-31 23:30:09,888 - 1 FASTAs found
2026-07-31 23:30:09,895 - Starting the Annotation of Bins with database configuration: 
 

KOfam db:
    Citation: T. Aramaki, R. Blanc-Mathieu, H. Endo, K. Ohkubo, M. Kanehisa, S. Goto, and H. Ogata, "Kofamkoala: Kegg ortholog assignment based on profile hmm and adaptive score threshold," Bioinformatics, vol. 36, no. 7, pp. 2251–2252, 2020.
KOfam KO list:
    Citation: T. Aramaki, R. Blanc-Mathieu, H. Endo, K. Ohkubo, M. Kanehisa, S. Goto, and H. Ogata, "Kofamkoala: Kegg ortholog assignment based on profile hmm and adaptive score threshold," Bioinformatics, vol. 36, no. 7, pp. 2251–2252, 2020.


Genome summary form:
    Branch: master
Module step form:
    Branch: master
ETC module database:
    Branch: master
Function heatmap form:
    Branch: master
AMG database:
    Branch: master
2026-07-31 23:30:09,895 - Retrieved database locations and descriptions
2026-07-31 23:30:09,896 - Annotating SGB_023
2026-07-31 23:30:29,272 - Turning genes from prodigal to mmseqs2 db
2026-07-31 23:30:32,566 - Getting hits from kofam
2026-07-31 23:47:12,709 - No KEGG source provided so distillation will be of limited use.
2026-07-31 23:47:12,769 - Merging ORF annotations
2026-07-31 23:47:17,191 - Annotations complete, processing annotations
2026-07-31 23:47:17,223 - Completed annotations
/workspace/miniconda3/envs/metagenome-dram-2026.07/lib/python3.10/site-packages/mag_annotator/database_handler.py:2: UserWarning: pkg_resources is deprecated as an API. See https://setuptools.pypa.io/en/latest/pkg_resources.html. The pkg_resources package is slated for removal as early as 2025-11-30. Refrain from using this package or pin to Setuptools<81.
  from pkg_resources import resource_filename
2026-07-31 23:30:09,792 - The log file is created at /workspace/wechat/Metagenome/work/article59/dram-shards/SGB_017/annotate.log.
2026-07-31 23:30:09,792 - 1 FASTAs found
2026-07-31 23:30:09,801 - Starting the Annotation of Bins with database configuration: 
 

KOfam db:
    Citation: T. Aramaki, R. Blanc-Mathieu, H. Endo, K. Ohkubo, M. Kanehisa, S. Goto, and H. Ogata, "Kofamkoala: Kegg ortholog assignment based on profile hmm and adaptive score threshold," Bioinformatics, vol. 36, no. 7, pp. 2251–2252, 2020.
KOfam KO list:
    Citation: T. Aramaki, R. Blanc-Mathieu, H. Endo, K. Ohkubo, M. Kanehisa, S. Goto, and H. Ogata, "Kofamkoala: Kegg ortholog assignment based on profile hmm and adaptive score threshold," Bioinformatics, vol. 36, no. 7, pp. 2251–2252, 2020.


Genome summary form:
    Branch: master
Module step form:
    Branch: master
ETC module database:
    Branch: master
Function heatmap form:
    Branch: master
AMG database:
    Branch: master
2026-07-31 23:30:09,801 - Retrieved database locations and descriptions
2026-07-31 23:30:09,801 - Annotating SGB_017
2026-07-31 23:30:19,000 - Turning genes from prodigal to mmseqs2 db
2026-07-31 23:30:22,474 - Getting hits from kofam
2026-07-31 23:47:19,059 - No KEGG source provided so distillation will be of limited use.
2026-07-31 23:47:19,131 - Merging ORF annotations
2026-07-31 23:47:24,630 - Annotations complete, processing annotations
2026-07-31 23:47:24,671 - Completed annotations
/workspace/miniconda3/envs/metagenome-dram-2026.07/lib/python3.10/site-packages/mag_annotator/database_handler.py:2: UserWarning: pkg_resources is deprecated as an API. See https://setuptools.pypa.io/en/latest/pkg_resources.html. The pkg_resources package is slated for removal as early as 2025-11-30. Refrain from using this package or pin to Setuptools<81.
  from pkg_resources import resource_filename
2026-07-31 23:30:09,810 - The log file is created at /workspace/wechat/Metagenome/work/article59/dram-shards/SGB_014/annotate.log.
2026-07-31 23:30:09,810 - 1 FASTAs found
2026-07-31 23:30:09,817 - Starting the Annotation of Bins with database configuration: 
 

KOfam db:
    Citation: T. Aramaki, R. Blanc-Mathieu, H. Endo, K. Ohkubo, M. Kanehisa, S. Goto, and H. Ogata, "Kofamkoala: Kegg ortholog assignment based on profile hmm and adaptive score threshold," Bioinformatics, vol. 36, no. 7, pp. 2251–2252, 2020.
KOfam KO list:
    Citation: T. Aramaki, R. Blanc-Mathieu, H. Endo, K. Ohkubo, M. Kanehisa, S. Goto, and H. Ogata, "Kofamkoala: Kegg ortholog assignment based on profile hmm and adaptive score threshold," Bioinformatics, vol. 36, no. 7, pp. 2251–2252, 2020.


Genome summary form:
    Branch: master
Module step form:
    Branch: master
ETC module database:
    Branch: master
Function heatmap form:
    Branch: master
AMG database:
    Branch: master
2026-07-31 23:30:09,817 - Retrieved database locations and descriptions
2026-07-31 23:30:09,817 - Annotating SGB_014
2026-07-31 23:30:18,026 - Turning genes from prodigal to mmseqs2 db
2026-07-31 23:30:21,196 - Getting hits from kofam
2026-07-31 23:47:50,752 - No KEGG source provided so distillation will be of limited use.
2026-07-31 23:47:50,817 - Merging ORF annotations
2026-07-31 23:47:54,838 - Annotations complete, processing annotations
2026-07-31 23:47:54,872 - Completed annotations
/workspace/miniconda3/envs/metagenome-dram-2026.07/lib/python3.10/site-packages/mag_annotator/database_handler.py:2: UserWarning: pkg_resources is deprecated as an API. See https://setuptools.pypa.io/en/latest/pkg_resources.html. The pkg_resources package is slated for removal as early as 2025-11-30. Refrain from using this package or pin to Setuptools<81.
  from pkg_resources import resource_filename
2026-07-31 23:30:09,853 - The log file is created at /workspace/wechat/Metagenome/work/article59/dram-shards/SGB_002/annotate.log.
2026-07-31 23:30:09,853 - 1 FASTAs found
2026-07-31 23:30:09,862 - Starting the Annotation of Bins with database configuration: 
 

KOfam db:
    Citation: T. Aramaki, R. Blanc-Mathieu, H. Endo, K. Ohkubo, M. Kanehisa, S. Goto, and H. Ogata, "Kofamkoala: Kegg ortholog assignment based on profile hmm and adaptive score threshold," Bioinformatics, vol. 36, no. 7, pp. 2251–2252, 2020.
KOfam KO list:
    Citation: T. Aramaki, R. Blanc-Mathieu, H. Endo, K. Ohkubo, M. Kanehisa, S. Goto, and H. Ogata, "Kofamkoala: Kegg ortholog assignment based on profile hmm and adaptive score threshold," Bioinformatics, vol. 36, no. 7, pp. 2251–2252, 2020.


Genome summary form:
    Branch: master
Module step form:
    Branch: master
ETC module database:
    Branch: master
Function heatmap form:
    Branch: master
AMG database:
    Branch: master
2026-07-31 23:30:09,862 - Retrieved database locations and descriptions
2026-07-31 23:30:09,862 - Annotating SGB_002
2026-07-31 23:30:49,255 - Turning genes from prodigal to mmseqs2 db
2026-07-31 23:30:52,659 - Getting hits from kofam
2026-07-31 23:48:46,358 - No KEGG source provided so distillation will be of limited use.
2026-07-31 23:48:46,436 - Merging ORF annotations
2026-07-31 23:48:56,678 - Annotations complete, processing annotations
2026-07-31 23:48:56,720 - Completed annotations
/workspace/miniconda3/envs/metagenome-dram-2026.07/lib/python3.10/site-packages/mag_annotator/database_handler.py:2: UserWarning: pkg_resources is deprecated as an API. See https://setuptools.pypa.io/en/latest/pkg_resources.html. The pkg_resources package is slated for removal as early as 2025-11-30. Refrain from using this package or pin to Setuptools<81.
  from pkg_resources import resource_filename
2026-07-31 23:30:09,804 - The log file is created at /workspace/wechat/Metagenome/work/article59/dram-shards/SGB_016/annotate.log.
2026-07-31 23:30:09,804 - 1 FASTAs found
2026-07-31 23:30:09,811 - Starting the Annotation of Bins with database configuration: 
 

KOfam db:
    Citation: T. Aramaki, R. Blanc-Mathieu, H. Endo, K. Ohkubo, M. Kanehisa, S. Goto, and H. Ogata, "Kofamkoala: Kegg ortholog assignment based on profile hmm and adaptive score threshold," Bioinformatics, vol. 36, no. 7, pp. 2251–2252, 2020.
KOfam KO list:
    Citation: T. Aramaki, R. Blanc-Mathieu, H. Endo, K. Ohkubo, M. Kanehisa, S. Goto, and H. Ogata, "Kofamkoala: Kegg ortholog assignment based on profile hmm and adaptive score threshold," Bioinformatics, vol. 36, no. 7, pp. 2251–2252, 2020.


Genome summary form:
    Branch: master
Module step form:
    Branch: master
ETC module database:
    Branch: master
Function heatmap form:
    Branch: master
AMG database:
    Branch: master
2026-07-31 23:30:09,811 - Retrieved database locations and descriptions
2026-07-31 23:30:09,811 - Annotating SGB_016
2026-07-31 23:30:24,356 - Turning genes from prodigal to mmseqs2 db
2026-07-31 23:30:27,758 - Getting hits from kofam
2026-07-31 23:48:55,790 - No KEGG source provided so distillation will be of limited use.
2026-07-31 23:48:55,881 - Merging ORF annotations
2026-07-31 23:49:02,459 - Annotations complete, processing annotations
2026-07-31 23:49:02,503 - Completed annotations
/workspace/miniconda3/envs/metagenome-dram-2026.07/lib/python3.10/site-packages/mag_annotator/database_handler.py:2: UserWarning: pkg_resources is deprecated as an API. See https://setuptools.pypa.io/en/latest/pkg_resources.html. The pkg_resources package is slated for removal as early as 2025-11-30. Refrain from using this package or pin to Setuptools<81.
  from pkg_resources import resource_filename
2026-07-31 23:30:09,692 - The log file is created at /workspace/wechat/Metagenome/work/article59/dram-shards/SGB_001/annotate.log.
2026-07-31 23:30:09,692 - 1 FASTAs found
2026-07-31 23:30:09,699 - Starting the Annotation of Bins with database configuration: 
 

KOfam db:
    Citation: T. Aramaki, R. Blanc-Mathieu, H. Endo, K. Ohkubo, M. Kanehisa, S. Goto, and H. Ogata, "Kofamkoala: Kegg ortholog assignment based on profile hmm and adaptive score threshold," Bioinformatics, vol. 36, no. 7, pp. 2251–2252, 2020.
KOfam KO list:
    Citation: T. Aramaki, R. Blanc-Mathieu, H. Endo, K. Ohkubo, M. Kanehisa, S. Goto, and H. Ogata, "Kofamkoala: Kegg ortholog assignment based on profile hmm and adaptive score threshold," Bioinformatics, vol. 36, no. 7, pp. 2251–2252, 2020.


Genome summary form:
    Branch: master
Module step form:
    Branch: master
ETC module database:
    Branch: master
Function heatmap form:
    Branch: master
AMG database:
    Branch: master
2026-07-31 23:30:09,699 - Retrieved database locations and descriptions
2026-07-31 23:30:09,699 - Annotating SGB_001
2026-07-31 23:30:55,323 - Turning genes from prodigal to mmseqs2 db
2026-07-31 23:30:58,932 - Getting hits from kofam
2026-07-31 23:49:30,842 - No KEGG source provided so distillation will be of limited use.
2026-07-31 23:49:30,916 - Merging ORF annotations
2026-07-31 23:49:36,380 - Annotations complete, processing annotations
2026-07-31 23:49:36,421 - Completed annotations
/workspace/miniconda3/envs/metagenome-dram-2026.07/lib/python3.10/site-packages/mag_annotator/database_handler.py:2: UserWarning: pkg_resources is deprecated as an API. See https://setuptools.pypa.io/en/latest/pkg_resources.html. The pkg_resources package is slated for removal as early as 2025-11-30. Refrain from using this package or pin to Setuptools<81.
  from pkg_resources import resource_filename
2026-07-31 23:39:24,454 - The log file is created at /workspace/wechat/Metagenome/work/article59/dram-shards/TRUNC_070/annotate.log.
2026-07-31 23:39:24,454 - 1 FASTAs found
2026-07-31 23:39:24,463 - Starting the Annotation of Bins with database configuration: 
 

KOfam db:
    Citation: T. Aramaki, R. Blanc-Mathieu, H. Endo, K. Ohkubo, M. Kanehisa, S. Goto, and H. Ogata, "Kofamkoala: Kegg ortholog assignment based on profile hmm and adaptive score threshold," Bioinformatics, vol. 36, no. 7, pp. 2251–2252, 2020.
KOfam KO list:
    Citation: T. Aramaki, R. Blanc-Mathieu, H. Endo, K. Ohkubo, M. Kanehisa, S. Goto, and H. Ogata, "Kofamkoala: Kegg ortholog assignment based on profile hmm and adaptive score threshold," Bioinformatics, vol. 36, no. 7, pp. 2251–2252, 2020.


Genome summary form:
    Branch: master
Module step form:
    Branch: master
ETC module database:
    Branch: master
Function heatmap form:
    Branch: master
AMG database:
    Branch: master
2026-07-31 23:39:24,463 - Retrieved database locations and descriptions
2026-07-31 23:39:24,463 - Annotating TRUNC_070
2026-07-31 23:39:54,440 - Turning genes from prodigal to mmseqs2 db
2026-07-31 23:39:57,858 - Getting hits from kofam
2026-07-31 23:55:01,762 - No KEGG source provided so distillation will be of limited use.
2026-07-31 23:55:01,817 - Merging ORF annotations
2026-07-31 23:55:10,622 - Annotations complete, processing annotations
2026-07-31 23:55:10,656 - Completed annotations
/workspace/miniconda3/envs/metagenome-dram-2026.07/lib/python3.10/site-packages/mag_annotator/database_handler.py:2: UserWarning: pkg_resources is deprecated as an API. See https://setuptools.pypa.io/en/latest/pkg_resources.html. The pkg_resources package is slated for removal as early as 2025-11-30. Refrain from using this package or pin to Setuptools<81.
  from pkg_resources import resource_filename
2026-07-31 23:30:09,947 - The log file is created at /workspace/wechat/Metagenome/work/article59/dram-shards/SGB_006/annotate.log.
2026-07-31 23:30:09,947 - 1 FASTAs found
2026-07-31 23:30:09,955 - Starting the Annotation of Bins with database configuration: 
 

KOfam db:
    Citation: T. Aramaki, R. Blanc-Mathieu, H. Endo, K. Ohkubo, M. Kanehisa, S. Goto, and H. Ogata, "Kofamkoala: Kegg ortholog assignment based on profile hmm and adaptive score threshold," Bioinformatics, vol. 36, no. 7, pp. 2251–2252, 2020.
KOfam KO list:
    Citation: T. Aramaki, R. Blanc-Mathieu, H. Endo, K. Ohkubo, M. Kanehisa, S. Goto, and H. Ogata, "Kofamkoala: Kegg ortholog assignment based on profile hmm and adaptive score threshold," Bioinformatics, vol. 36, no. 7, pp. 2251–2252, 2020.


Genome summary form:
    Branch: master
Module step form:
    Branch: master
ETC module database:
    Branch: master
Function heatmap form:
    Branch: master
AMG database:
    Branch: master
2026-07-31 23:30:09,955 - Retrieved database locations and descriptions
2026-07-31 23:30:09,955 - Annotating SGB_006
2026-07-31 23:30:38,513 - Turning genes from prodigal to mmseqs2 db
2026-07-31 23:30:41,934 - Getting hits from kofam
2026-07-31 23:55:35,515 - No KEGG source provided so distillation will be of limited use.
2026-07-31 23:55:35,675 - Merging ORF annotations
2026-07-31 23:56:10,824 - Annotations complete, processing annotations
2026-07-31 23:56:10,898 - Completed annotations
/workspace/miniconda3/envs/metagenome-dram-2026.07/lib/python3.10/site-packages/mag_annotator/database_handler.py:2: UserWarning: pkg_resources is deprecated as an API. See https://setuptools.pypa.io/en/latest/pkg_resources.html. The pkg_resources package is slated for removal as early as 2025-11-30. Refrain from using this package or pin to Setuptools<81.
  from pkg_resources import resource_filename
2026-07-31 23:30:09,818 - The log file is created at /workspace/wechat/Metagenome/work/article59/dram-shards/SGB_022/annotate.log.
2026-07-31 23:30:09,818 - 1 FASTAs found
2026-07-31 23:30:09,825 - Starting the Annotation of Bins with database configuration: 
 

KOfam db:
    Citation: T. Aramaki, R. Blanc-Mathieu, H. Endo, K. Ohkubo, M. Kanehisa, S. Goto, and H. Ogata, "Kofamkoala: Kegg ortholog assignment based on profile hmm and adaptive score threshold," Bioinformatics, vol. 36, no. 7, pp. 2251–2252, 2020.
KOfam KO list:
    Citation: T. Aramaki, R. Blanc-Mathieu, H. Endo, K. Ohkubo, M. Kanehisa, S. Goto, and H. Ogata, "Kofamkoala: Kegg ortholog assignment based on profile hmm and adaptive score threshold," Bioinformatics, vol. 36, no. 7, pp. 2251–2252, 2020.


Genome summary form:
    Branch: master
Module step form:
    Branch: master
ETC module database:
    Branch: master
Function heatmap form:
    Branch: master
AMG database:
    Branch: master
2026-07-31 23:30:09,825 - Retrieved database locations and descriptions
2026-07-31 23:30:09,825 - Annotating SGB_022
2026-07-31 23:31:46,213 - Turning genes from prodigal to mmseqs2 db
2026-07-31 23:31:49,876 - Getting hits from kofam
2026-07-31 23:58:09,969 - No KEGG source provided so distillation will be of limited use.
2026-07-31 23:58:10,099 - Merging ORF annotations
2026-07-31 23:58:20,465 - Annotations complete, processing annotations
2026-07-31 23:58:20,523 - Completed annotations
/workspace/miniconda3/envs/metagenome-dram-2026.07/lib/python3.10/site-packages/mag_annotator/database_handler.py:2: UserWarning: pkg_resources is deprecated as an API. See https://setuptools.pypa.io/en/latest/pkg_resources.html. The pkg_resources package is slated for removal as early as 2025-11-30. Refrain from using this package or pin to Setuptools<81.
  from pkg_resources import resource_filename
2026-07-31 23:40:08,061 - The log file is created at /workspace/wechat/Metagenome/work/article59/dram-shards/TRUNC_090/annotate.log.
2026-07-31 23:40:08,061 - 1 FASTAs found
2026-07-31 23:40:08,069 - Starting the Annotation of Bins with database configuration: 
 

KOfam db:
    Citation: T. Aramaki, R. Blanc-Mathieu, H. Endo, K. Ohkubo, M. Kanehisa, S. Goto, and H. Ogata, "Kofamkoala: Kegg ortholog assignment based on profile hmm and adaptive score threshold," Bioinformatics, vol. 36, no. 7, pp. 2251–2252, 2020.
KOfam KO list:
    Citation: T. Aramaki, R. Blanc-Mathieu, H. Endo, K. Ohkubo, M. Kanehisa, S. Goto, and H. Ogata, "Kofamkoala: Kegg ortholog assignment based on profile hmm and adaptive score threshold," Bioinformatics, vol. 36, no. 7, pp. 2251–2252, 2020.


Genome summary form:
    Branch: master
Module step form:
    Branch: master
ETC module database:
    Branch: master
Function heatmap form:
    Branch: master
AMG database:
    Branch: master
2026-07-31 23:40:08,069 - Retrieved database locations and descriptions
2026-07-31 23:40:08,069 - Annotating TRUNC_090
2026-07-31 23:40:47,289 - Turning genes from prodigal to mmseqs2 db
2026-07-31 23:40:50,793 - Getting hits from kofam
2026-07-31 23:58:18,267 - No KEGG source provided so distillation will be of limited use.
2026-07-31 23:58:18,337 - Merging ORF annotations
2026-07-31 23:58:27,746 - Annotations complete, processing annotations
2026-07-31 23:58:27,782 - Completed annotations
/workspace/miniconda3/envs/metagenome-dram-2026.07/lib/python3.10/site-packages/mag_annotator/database_handler.py:2: UserWarning: pkg_resources is deprecated as an API. See https://setuptools.pypa.io/en/latest/pkg_resources.html. The pkg_resources package is slated for removal as early as 2025-11-30. Refrain from using this package or pin to Setuptools<81.
  from pkg_resources import resource_filename
2026-07-31 23:40:58,737 - The log file is created at /workspace/wechat/Metagenome/work/article59/dram-shards/TRUNC_100/annotate.log.
2026-07-31 23:40:58,738 - 1 FASTAs found
2026-07-31 23:40:58,746 - Starting the Annotation of Bins with database configuration: 
 

KOfam db:
    Citation: T. Aramaki, R. Blanc-Mathieu, H. Endo, K. Ohkubo, M. Kanehisa, S. Goto, and H. Ogata, "Kofamkoala: Kegg ortholog assignment based on profile hmm and adaptive score threshold," Bioinformatics, vol. 36, no. 7, pp. 2251–2252, 2020.
KOfam KO list:
    Citation: T. Aramaki, R. Blanc-Mathieu, H. Endo, K. Ohkubo, M. Kanehisa, S. Goto, and H. Ogata, "Kofamkoala: Kegg ortholog assignment based on profile hmm and adaptive score threshold," Bioinformatics, vol. 36, no. 7, pp. 2251–2252, 2020.


Genome summary form:
    Branch: master
Module step form:
    Branch: master
ETC module database:
    Branch: master
Function heatmap form:
    Branch: master
AMG database:
    Branch: master
2026-07-31 23:40:58,746 - Retrieved database locations and descriptions
2026-07-31 23:40:58,746 - Annotating TRUNC_100
2026-07-31 23:41:41,738 - Turning genes from prodigal to mmseqs2 db
2026-07-31 23:41:45,300 - Getting hits from kofam
2026-07-31 23:59:26,926 - No KEGG source provided so distillation will be of limited use.
2026-07-31 23:59:27,006 - Merging ORF annotations
2026-07-31 23:59:36,881 - Annotations complete, processing annotations
2026-07-31 23:59:36,921 - Completed annotations
/workspace/miniconda3/envs/metagenome-dram-2026.07/lib/python3.10/site-packages/mag_annotator/database_handler.py:2: UserWarning: pkg_resources is deprecated as an API. See https://setuptools.pypa.io/en/latest/pkg_resources.html. The pkg_resources package is slated for removal as early as 2025-11-30. Refrain from using this package or pin to Setuptools<81.
  from pkg_resources import resource_filename
2026-07-31 23:30:09,909 - The log file is created at /workspace/wechat/Metagenome/work/article59/dram-shards/SGB_021/annotate.log.
2026-07-31 23:30:09,910 - 1 FASTAs found
2026-07-31 23:30:09,918 - Starting the Annotation of Bins with database configuration: 
 

KOfam db:
    Citation: T. Aramaki, R. Blanc-Mathieu, H. Endo, K. Ohkubo, M. Kanehisa, S. Goto, and H. Ogata, "Kofamkoala: Kegg ortholog assignment based on profile hmm and adaptive score threshold," Bioinformatics, vol. 36, no. 7, pp. 2251–2252, 2020.
KOfam KO list:
    Citation: T. Aramaki, R. Blanc-Mathieu, H. Endo, K. Ohkubo, M. Kanehisa, S. Goto, and H. Ogata, "Kofamkoala: Kegg ortholog assignment based on profile hmm and adaptive score threshold," Bioinformatics, vol. 36, no. 7, pp. 2251–2252, 2020.


Genome summary form:
    Branch: master
Module step form:
    Branch: master
ETC module database:
    Branch: master
Function heatmap form:
    Branch: master
AMG database:
    Branch: master
2026-07-31 23:30:09,918 - Retrieved database locations and descriptions
2026-07-31 23:30:09,918 - Annotating SGB_021
2026-07-31 23:32:25,267 - Turning genes from prodigal to mmseqs2 db
2026-07-31 23:32:29,236 - Getting hits from kofam
2026-08-01 00:08:12,982 - No KEGG source provided so distillation will be of limited use.
2026-08-01 00:08:13,170 - Merging ORF annotations
2026-08-01 00:08:49,404 - Annotations complete, processing annotations
2026-08-01 00:08:49,480 - Completed annotations
/workspace/miniconda3/envs/metagenome-dram-2026.07/lib/python3.10/site-packages/mag_annotator/database_handler.py:2: UserWarning: pkg_resources is deprecated as an API. See https://setuptools.pypa.io/en/latest/pkg_resources.html. The pkg_resources package is slated for removal as early as 2025-11-30. Refrain from using this package or pin to Setuptools<81.
  from pkg_resources import resource_filename
2026-07-31 23:30:09,789 - The log file is created at /workspace/wechat/Metagenome/work/article59/dram-shards/SGB_007/annotate.log.
2026-07-31 23:30:09,789 - 1 FASTAs found
2026-07-31 23:30:09,797 - Starting the Annotation of Bins with database configuration: 
 

KOfam db:
    Citation: T. Aramaki, R. Blanc-Mathieu, H. Endo, K. Ohkubo, M. Kanehisa, S. Goto, and H. Ogata, "Kofamkoala: Kegg ortholog assignment based on profile hmm and adaptive score threshold," Bioinformatics, vol. 36, no. 7, pp. 2251–2252, 2020.
KOfam KO list:
    Citation: T. Aramaki, R. Blanc-Mathieu, H. Endo, K. Ohkubo, M. Kanehisa, S. Goto, and H. Ogata, "Kofamkoala: Kegg ortholog assignment based on profile hmm and adaptive score threshold," Bioinformatics, vol. 36, no. 7, pp. 2251–2252, 2020.


Genome summary form:
    Branch: master
Module step form:
    Branch: master
ETC module database:
    Branch: master
Function heatmap form:
    Branch: master
AMG database:
    Branch: master
2026-07-31 23:30:09,798 - Retrieved database locations and descriptions
2026-07-31 23:30:09,798 - Annotating SGB_007
2026-07-31 23:31:57,162 - Turning genes from prodigal to mmseqs2 db
2026-07-31 23:32:00,942 - Getting hits from kofam
2026-08-01 00:11:40,358 - No KEGG source provided so distillation will be of limited use.
2026-08-01 00:11:40,548 - Merging ORF annotations
2026-08-01 00:11:57,720 - Annotations complete, processing annotations
2026-08-01 00:11:57,791 - Completed annotations
