IQ-TREE version 3.1.3 for Linux x86 64-bit built Jul 26 2026
Developed by Bui Quang Minh, Thomas Wong, Nhan Ly-Trong, Huaiyan Ren
Contributed by Lam-Tung Nguyen, Dominik Schrempf, Chris Bielow,
Olga Chernomor, Michael Woodhams, Diep Thi Hoang, Heiko Schmidt

Host:    iyun96 (AVX2, FMA3, 1007 GB RAM)
Command: iqtree3 -s /workspace/wechat/Metagenome/results/47-phylogenomics/gtotree/bacteria/Aligned_SCGs_mod_names.faa -st AA -m MFP -B 1000 --alrt 1000 -T AUTO --threads-max 24 --seed 20260747 --prefix /workspace/wechat/Metagenome/results/47-phylogenomics/iqtree/bacteria/article47-bacteria --safe
Seed:    20260747 (Using SPRNG - Scalable Parallel Random Number Generator)
Time:    Thu Jul 30 13:01:38 2026
Kernel:  Safe AVX+FMA - auto-detect threads (72 CPU cores detected)

Reading alignment file /workspace/wechat/Metagenome/results/47-phylogenomics/gtotree/bacteria/Aligned_SCGs_mod_names.faa ... Fasta format detected
Reading fasta file: done in 0.00492811 secs using 73.46% CPU
Alignment most likely contains protein sequences
Constructing alignment: done in 0.088623 secs using 1120% CPU
WARNING: 365 sites contain only gaps or ambiguous characters.
Alignment has 31 sequences with 10733 columns, 9367 distinct patterns
8768 parsimony-informative, 151 singleton sites, 1814 constant sites
                               Gap/Ambiguity  Composition  p-value
Analyzing sequences: done in 0.00030303 secs using 1486% CPU
   1  REF_GCA_000018565.1_REFERENCE   23.32%    failed      0.00%
   2  REF_GCF_000010305.1_REFERENCE   11.90%    failed      0.00%
   3  REF_GCF_000010505.1_REFERENCE   16.22%    failed      3.20%
   4  REF_GCF_000016545.1_REFERENCE   16.78%    failed      0.00%
   5  REF_GCF_000016785.1_REFERENCE   13.79%    failed      0.00%
   6  REF_GCF_000018945.1_REFERENCE   13.79%    failed      0.00%
   7  REF_GCF_000019085.1_REFERENCE   15.15%    failed      0.00%
   8  REF_GCF_000020465.1_REFERENCE    8.86%    failed      2.60%
   9  REF_GCF_000020785.1_REFERENCE   12.17%    failed      0.00%
  10  REF_GCF_000021565.1_REFERENCE   15.90%    failed      0.00%
  11  REF_GCF_000196115.1_REFERENCE   26.18%    failed      0.00%
  12  REF_GCF_002952055.1_REFERENCE   13.88%    failed      0.00%
  13  REF_GCF_003968655.1_REFERENCE   11.38%    failed      0.01%
  14  REF_GCF_031191795.1_REFERENCE    8.97%    failed      0.00%
  15  REF_GCF_900167395.1_REFERENCE    7.71%    failed      0.00%
  16  REF_GCF_900456975.1_REFERENCE   10.75%    failed      0.00%
  17  SGB_001_QUERY_MAG               13.52%    failed      0.00%
  18  SGB_002_QUERY_MAG               11.32%    failed      0.00%
  19  SGB_003_QUERY_MAG               20.52%    failed      1.94%
  20  SGB_004_QUERY_MAG               13.03%    failed      0.04%
  21  SGB_005_QUERY_MAG                9.50%    failed      3.27%
  22  SGB_006_QUERY_MAG               18.41%    failed      0.00%
  23  SGB_007_QUERY_MAG               22.12%    failed      0.00%
  24  SGB_012_QUERY_MAG               22.17%    failed      0.00%
  25  SGB_014_QUERY_MAG               15.99%    failed      0.00%
  26  SGB_016_QUERY_MAG               16.73%    failed      0.00%
  27  SGB_017_QUERY_MAG               15.76%    failed      0.00%
  28  SGB_021_QUERY_MAG               33.90%    failed      0.00%
  29  SGB_022_QUERY_MAG               10.64%    failed      0.00%
  30  SGB_023_QUERY_MAG               13.84%    failed      0.00%
  31  SGB_024_QUERY_MAG               16.38%    failed      0.00%
****  TOTAL                           15.50%  31 sequences failed composition chi2 test (p-value<5%; df=19)
Checking for duplicate sequences: done in 0.00183415 secs using 2096% CPU


Create initial parsimony tree by phylogenetic likelihood library (PLL)... 0.204 seconds
Measuring multi-threading efficiency up to 24 CPU cores
Increase to 10 rounds for branch lengths
2 trees examined
Threads: 1 / Time: 28.588 sec / Speedup: 1.000 / Efficiency: 100% / LogL: -418538
Threads: 2 / Time: 15.175 sec / Speedup: 1.884 / Efficiency: 94% / LogL: -418538
Threads: 3 / Time: 10.771 sec / Speedup: 2.654 / Efficiency: 88% / LogL: -418538
Threads: 4 / Time: 8.730 sec / Speedup: 3.275 / Efficiency: 82% / LogL: -418538
Threads: 5 / Time: 7.323 sec / Speedup: 3.904 / Efficiency: 78% / LogL: -418538
Threads: 6 / Time: 6.554 sec / Speedup: 4.362 / Efficiency: 73% / LogL: -418538
Threads: 7 / Time: 5.522 sec / Speedup: 5.177 / Efficiency: 74% / LogL: -418538
Threads: 8 / Time: 5.034 sec / Speedup: 5.678 / Efficiency: 71% / LogL: -418538
Threads: 9 / Time: 4.684 sec / Speedup: 6.103 / Efficiency: 68% / LogL: -418538
Threads: 10 / Time: 4.384 sec / Speedup: 6.521 / Efficiency: 65% / LogL: -418538
Threads: 11 / Time: 4.327 sec / Speedup: 6.607 / Efficiency: 60% / LogL: -418538
Threads: 12 / Time: 4.135 sec / Speedup: 6.914 / Efficiency: 58% / LogL: -418538
Threads: 13 / Time: 3.796 sec / Speedup: 7.531 / Efficiency: 58% / LogL: -418538
Threads: 14 / Time: 3.564 sec / Speedup: 8.021 / Efficiency: 57% / LogL: -418538
Threads: 15 / Time: 3.633 sec / Speedup: 7.868 / Efficiency: 52% / LogL: -418538
Threads: 16 / Time: 3.813 sec / Speedup: 7.498 / Efficiency: 47% / LogL: -418538
Determining AUTO threadcount: done in 120.424 secs using 509.3% CPU
BEST NUMBER OF THREADS: 14

Perform fast likelihood tree search using LG+I+G model...
Estimate model parameters (epsilon = 5.000)
Perform nearest neighbor interchange...
Estimate model parameters (epsilon = 1.000)
1. Initial log-likelihood: -230076.275
Optimal log-likelihood: -230076.189
Proportion of invariable sites: 0.081
Gamma shape alpha: 1.470
Parameters optimization took 1 rounds (0.711 sec)
Time for fast ML tree search: 4.996 seconds

NOTE: ModelFinder requires 485 MB RAM!
ModelFinder will test up to 1232 protein models (sample size: 10733 epsilon: 0.100) ...
 No. Model         -LnL         df  AIC          AICc         BIC
Akaike Information Criterion:           LG+F+I+R4
Corrected Akaike Information Criterion: LG+F+I+R4
Bayesian Information Criterion:         LG+I+R4
Best-fit model: LG+I+R4 chosen according to BIC

All model information printed to /workspace/wechat/Metagenome/results/47-phylogenomics/iqtree/bacteria/article47-bacteria.model.gz
CPU time for ModelFinder: 23838.005 seconds (6h:37m:18s)
Wall-clock time for ModelFinder: 2046.195 seconds (0h:34m:6s)
Generating 1000 samples for ultrafast bootstrap (seed: 20260747)...

NOTE: 215 MB RAM (0 GB) is required!
Estimate model parameters (epsilon = 0.100)
1. Initial log-likelihood: -230050.315
2. Current log-likelihood: -230030.490
3. Current log-likelihood: -230029.924
4. Current log-likelihood: -230029.607
5. Current log-likelihood: -230029.394
6. Current log-likelihood: -230029.245
Optimal log-likelihood: -230029.145
Proportion of invariable sites: 0.059
Site proportion and rates:  (0.172,0.138) (0.315,0.578) (0.332,1.346) (0.122,2.841)
Parameters optimization took 6 rounds (6.125 sec)
Wrote distance file to... 
Computing ML distances based on estimated model parameters...
Calculating distance matrix: done in 0.00998592 secs using 1396% CPU
Computing ML distances took 0.010694 sec (of wall-clock time) 0.149253 sec (of CPU time)
Setting up auxiliary I and S matrices: done in 0.000144005 secs using 1226% CPU
Constructing RapidNJ tree: done in 0.00264287 secs using 1162% CPU
Computing RapidNJ tree took 0.002893 sec (of wall-clock time) 0.038089 sec (of CPU time)
Log-likelihood of RapidNJ tree: -230355.913
--------------------------------------------------------------------
|             INITIALIZING CANDIDATE TREE SET                      |
--------------------------------------------------------------------
Generating 98 parsimony trees... 17.099 second
Computing log-likelihood of 98 initial trees ... 11.784 seconds
Current best score: -230029.145

Do NNI search on 20 best initial trees
Estimate model parameters (epsilon = 0.100)
BETTER TREE FOUND at iteration 1: -230029.076
Iteration 10 / LogL: -230036.771 / Time: 0h:35m:3s
Iteration 20 / LogL: -230030.372 / Time: 0h:35m:25s
Finish initializing candidate tree set (1)
Current best tree score: -230029.076 / CPU time: 71.964
Number of iterations: 20
--------------------------------------------------------------------
|               OPTIMIZING CANDIDATE TREE SET                      |
--------------------------------------------------------------------
Iteration 30 / LogL: -230071.377 / Time: 0h:35m:55s (0h:4m:26s left)
Iteration 40 / LogL: -230033.713 / Time: 0h:36m:24s (0h:3m:36s left)
Iteration 50 / LogL: -230032.006 / Time: 0h:36m:52s (0h:2m:52s left)
Log-likelihood cutoff on original alignment: -230113.940
Iteration 60 / LogL: -230032.896 / Time: 0h:37m:18s (0h:2m:13s left)
Iteration 70 / LogL: -230029.304 / Time: 0h:37m:46s (0h:1m:38s left)
Iteration 80 / LogL: -230036.588 / Time: 0h:38m:15s (0h:1m:6s left)
Iteration 90 / LogL: -230049.304 / Time: 0h:38m:45s (0h:0m:34s left)
Iteration 100 / LogL: -230064.429 / Time: 0h:39m:18s (0h:0m:3s left)
Log-likelihood cutoff on original alignment: -230113.940
NOTE: Bootstrap correlation coefficient of split occurrence frequencies: 1.000
TREE SEARCH COMPLETED AFTER 102 ITERATIONS / Time: 0h:39m:29s

--------------------------------------------------------------------
|                    FINALIZING TREE SEARCH                        |
--------------------------------------------------------------------
Performs final model parameters optimization
Estimate model parameters (epsilon = 0.010)
1. Initial log-likelihood: -230029.076
2. Current log-likelihood: -230029.028
3. Current log-likelihood: -230028.993
4. Current log-likelihood: -230028.970
5. Current log-likelihood: -230028.953
6. Current log-likelihood: -230028.940
Optimal log-likelihood: -230028.934
Proportion of invariable sites: 0.058
Site proportion and rates:  (0.174,0.138) (0.318,0.584) (0.325,1.347) (0.126,2.813)
Parameters optimization took 6 rounds (7.482 sec)
BEST SCORE FOUND : -230028.934

Testing tree branches by SH-like aLRT with 1000 replicates...
1.259 sec.
Creating bootstrap support values...
Split supports printed to NEXUS file /workspace/wechat/Metagenome/results/47-phylogenomics/iqtree/bacteria/article47-bacteria.splits.nex
Total tree length: 8.836

Total number of iterations: 102
CPU time used for tree search: 4274.958 sec (1h:11m:14s)
Wall-clock time used for tree search: 316.391 sec (0h:5m:16s)
Total CPU time used: 28323.804 sec (7h:52m:3s)
Total wall-clock time used: 2378.871 sec (0h:39m:38s)

Computing bootstrap consensus tree...
Reading input file /workspace/wechat/Metagenome/results/47-phylogenomics/iqtree/bacteria/article47-bacteria.splits.nex...
31 taxa and 74 splits.
Consensus tree written to /workspace/wechat/Metagenome/results/47-phylogenomics/iqtree/bacteria/article47-bacteria.contree
Reading input trees file /workspace/wechat/Metagenome/results/47-phylogenomics/iqtree/bacteria/article47-bacteria.contree
Log-likelihood of consensus tree: -230028.995

Analysis results written to: 
  IQ-TREE report:                /workspace/wechat/Metagenome/results/47-phylogenomics/iqtree/bacteria/article47-bacteria.iqtree
  Maximum-likelihood tree:       /workspace/wechat/Metagenome/results/47-phylogenomics/iqtree/bacteria/article47-bacteria.treefile
  Likelihood distances:          /workspace/wechat/Metagenome/results/47-phylogenomics/iqtree/bacteria/article47-bacteria.mldist

Ultrafast bootstrap approximation results written to:
  Split support values:          /workspace/wechat/Metagenome/results/47-phylogenomics/iqtree/bacteria/article47-bacteria.splits.nex
  Consensus tree:                /workspace/wechat/Metagenome/results/47-phylogenomics/iqtree/bacteria/article47-bacteria.contree
  Screen log file:               /workspace/wechat/Metagenome/results/47-phylogenomics/iqtree/bacteria/article47-bacteria.log

Date and Time: Thu Jul 30 13:41:18 2026
