Loading community: all
/workspace/miniconda3/envs/metagenome-community-2026.08/lib/python3.12/site-packages/reframed/io/sbml.py:579: UserWarning: Could not extract annotation from https://identifiers.org/smiles/SMILES:COC1=CC(=O)C=C(C\C=C(/C)CC\C=C(/C)CC\C=C(/C)CC\C=C(/C)CC\C=C(/C)CC\C=C(/
  warn(f'Could not extract annotation from {term.getResourceURI(i)}')
/workspace/miniconda3/envs/metagenome-community-2026.08/lib/python3.12/site-packages/reframed/io/sbml.py:579: UserWarning: Could not extract annotation from https://identifiers.org/inchi/InChI=1S/C11H12Cl2N2O5/c12-10(13)11(18)14-8(5-16)9(17)6-1-3-7(4-2-6)15(19)20/h1-4,8-10,16-17H,5H2,(H,14,18)/
  warn(f'Could not extract annotation from {term.getResourceURI(i)}')
/workspace/miniconda3/envs/metagenome-community-2026.08/lib/python3.12/site-packages/reframed/io/sbml.py:579: UserWarning: Could not extract annotation from https://identifiers.org/inchi/InChI=1S/C9H13N2O9P/c12-5-4(2-19-21(16,17)18)20-7(6(5)13)3-1-10-9(15)11-8(3)14/h1,4-7,12-13H,2H2,(H2,16,17,18)(H2,10,11,14,15)/
  warn(f'Could not extract annotation from {term.getResourceURI(i)}')
/workspace/miniconda3/envs/metagenome-community-2026.08/lib/python3.12/site-packages/reframed/io/sbml.py:579: UserWarning: Could not extract annotation from https://identifiers.org/inchi/InChI=1S/C22H20N2O5/c1-3-12-13-7-11(25)5-6-17(13)23-19-14(12)9-24-18(19)8-16-15(20(24)26)10-29-21(27)22(16,28)4-2/h5-8,25,28H,3-4,9-10H2,1-2H3/
  warn(f'Could not extract annotation from {term.getResourceURI(i)}')
/workspace/miniconda3/envs/metagenome-community-2026.08/lib/python3.12/site-packages/reframed/io/sbml.py:579: UserWarning: Could not extract annotation from https://identifiers.org/inchi/InChI=1S/C15H26N2O12/c1-4(20)16-7-11(23)12(6(3-19)27-13(7)24)29-14-8(17-15(25)26)10(22)9(21)5(2-18)28-14/h5-14,17-19,21-24H,2-3H2,1H3,(H,16,20)(H,25,26)/
  warn(f'Could not extract annotation from {term.getResourceURI(i)}')
/workspace/miniconda3/envs/metagenome-community-2026.08/lib/python3.12/site-packages/reframed/io/sbml.py:579: UserWarning: Could not extract annotation from https://identifiers.org/inchi/InChI=1S/C5H11NO3S/c1-10(9)3-2-4(6)5(7)8/h4H,2-3,6H2,1H3,(H,7,8)/
  warn(f'Could not extract annotation from {term.getResourceURI(i)}')
/workspace/miniconda3/envs/metagenome-community-2026.08/lib/python3.12/site-packages/reframed/io/sbml.py:579: UserWarning: Could not extract annotation from https://identifiers.org/inchi/InChI=1S/C12H21N3O13P2/c13-8-1-2-15(12(20)14-8)11-10(19)9(18)7(27-11)5-26-30(23,24)28-29(21,22)25-4-6(17)3-16/h1-2,6-7,9-11,16-19H,3-5H2,(H,21,22)(H,23,24)(H2,13,14,20)/
  warn(f'Could not extract annotation from {term.getResourceURI(i)}')
/workspace/miniconda3/envs/metagenome-community-2026.08/lib/python3.12/site-packages/reframed/io/sbml.py:579: UserWarning: Could not extract annotation from https://identifiers.org/inchi/InChI=1S/C4H6O6/c5-1(3(7)8)2(6)4(9)10/h1-2,5-6H,(H,7,8)(H,9,10)/
  warn(f'Could not extract annotation from {term.getResourceURI(i)}')
Running MIP for community all on medium western_diet_gut_anoxic_membership...
/workspace/miniconda3/envs/metagenome-community-2026.08/lib/python3.12/site-packages/smetana/smetana.py:267: UserWarning: MIP: Failed to find a valid solution for non-interacting community
  warn('MIP: Failed to find a valid solution for non-interacting community')
Running MRO for community all on medium western_diet_gut_anoxic_membership...
/workspace/miniconda3/envs/metagenome-community-2026.08/lib/python3.12/site-packages/reframed/core/elements.py:62: UserWarning: Atomic weight not listed for elements: {'X'}
  warn(f"Atomic weight not listed for elements: {missing}")
/workspace/miniconda3/envs/metagenome-community-2026.08/lib/python3.12/site-packages/smetana/smetana.py:355: UserWarning: MRO: Failed to find a valid solution for: Bacteroides_vulgatus
  warn('MRO: Failed to find a valid solution for: ' + org_id)
Done.
Loading community: all
/workspace/miniconda3/envs/metagenome-community-2026.08/lib/python3.12/site-packages/reframed/io/sbml.py:579: UserWarning: Could not extract annotation from https://identifiers.org/smiles/SMILES:COC1=CC(=O)C=C(C\C=C(/C)CC\C=C(/C)CC\C=C(/C)CC\C=C(/C)CC\C=C(/C)CC\C=C(/
  warn(f'Could not extract annotation from {term.getResourceURI(i)}')
/workspace/miniconda3/envs/metagenome-community-2026.08/lib/python3.12/site-packages/reframed/io/sbml.py:579: UserWarning: Could not extract annotation from https://identifiers.org/inchi/InChI=1S/C11H12Cl2N2O5/c12-10(13)11(18)14-8(5-16)9(17)6-1-3-7(4-2-6)15(19)20/h1-4,8-10,16-17H,5H2,(H,14,18)/
  warn(f'Could not extract annotation from {term.getResourceURI(i)}')
/workspace/miniconda3/envs/metagenome-community-2026.08/lib/python3.12/site-packages/reframed/io/sbml.py:579: UserWarning: Could not extract annotation from https://identifiers.org/inchi/InChI=1S/C9H13N2O9P/c12-5-4(2-19-21(16,17)18)20-7(6(5)13)3-1-10-9(15)11-8(3)14/h1,4-7,12-13H,2H2,(H2,16,17,18)(H2,10,11,14,15)/
  warn(f'Could not extract annotation from {term.getResourceURI(i)}')
/workspace/miniconda3/envs/metagenome-community-2026.08/lib/python3.12/site-packages/reframed/io/sbml.py:579: UserWarning: Could not extract annotation from https://identifiers.org/inchi/InChI=1S/C22H20N2O5/c1-3-12-13-7-11(25)5-6-17(13)23-19-14(12)9-24-18(19)8-16-15(20(24)26)10-29-21(27)22(16,28)4-2/h5-8,25,28H,3-4,9-10H2,1-2H3/
  warn(f'Could not extract annotation from {term.getResourceURI(i)}')
/workspace/miniconda3/envs/metagenome-community-2026.08/lib/python3.12/site-packages/reframed/io/sbml.py:579: UserWarning: Could not extract annotation from https://identifiers.org/inchi/InChI=1S/C15H26N2O12/c1-4(20)16-7-11(23)12(6(3-19)27-13(7)24)29-14-8(17-15(25)26)10(22)9(21)5(2-18)28-14/h5-14,17-19,21-24H,2-3H2,1H3,(H,16,20)(H,25,26)/
  warn(f'Could not extract annotation from {term.getResourceURI(i)}')
/workspace/miniconda3/envs/metagenome-community-2026.08/lib/python3.12/site-packages/reframed/io/sbml.py:579: UserWarning: Could not extract annotation from https://identifiers.org/inchi/InChI=1S/C5H11NO3S/c1-10(9)3-2-4(6)5(7)8/h4H,2-3,6H2,1H3,(H,7,8)/
  warn(f'Could not extract annotation from {term.getResourceURI(i)}')
/workspace/miniconda3/envs/metagenome-community-2026.08/lib/python3.12/site-packages/reframed/io/sbml.py:579: UserWarning: Could not extract annotation from https://identifiers.org/inchi/InChI=1S/C12H21N3O13P2/c13-8-1-2-15(12(20)14-8)11-10(19)9(18)7(27-11)5-26-30(23,24)28-29(21,22)25-4-6(17)3-16/h1-2,6-7,9-11,16-19H,3-5H2,(H,21,22)(H,23,24)(H2,13,14,20)/
  warn(f'Could not extract annotation from {term.getResourceURI(i)}')
/workspace/miniconda3/envs/metagenome-community-2026.08/lib/python3.12/site-packages/reframed/io/sbml.py:579: UserWarning: Could not extract annotation from https://identifiers.org/inchi/InChI=1S/C4H6O6/c5-1(3(7)8)2(6)4(9)10/h1-2,5-6H,(H,7,8)(H,9,10)/
  warn(f'Could not extract annotation from {term.getResourceURI(i)}')
Running SCS for community all on medium western_diet_gut_anoxic_membership...
Running MUS for community all on medium western_diet_gut_anoxic_membership...
/workspace/miniconda3/envs/metagenome-community-2026.08/lib/python3.12/site-packages/reframed/core/elements.py:62: UserWarning: Atomic weight not listed for elements: {'X'}
  warn(f"Atomic weight not listed for elements: {missing}")
Running MPS for community all on medium western_diet_gut_anoxic_membership...
Done.
