${QC_ENV_PREFIX}/bin/metaquast.py --min-alignment 500 --fragmented --min-identity 97 --split-scaffolds --threads 32 --min-contig 1000 --no-icarus --no-plots --space-efficient --report-all-metrics -r ${ARTICLE33_WORK_DIR}/truth/references/MOCK2/Acidilobus_saccharovorans_345-15.fna.gz,${ARTICLE33_WORK_DIR}/truth/references/MOCK2/Acidobacterium_capsulatum_ATCC_51196.fna.gz,${ARTICLE33_WORK_DIR}/truth/references/MOCK2/Aciduliprofundum_boonei_T469.fna.gz,${ARTICLE33_WORK_DIR}/truth/references/MOCK2/Acinetobacter_baumannii_ATCC_17978.fna.gz,${ARTICLE33_WORK_DIR}/truth/references/MOCK2/Akkermansia_muciniphila_ATCC_BAA-835.fna.gz,${ARTICLE33_WORK_DIR}/truth/references/MOCK2/Archaeoglobus_fulgidus_DSM_4304.fna.gz,${ARTICLE33_WORK_DIR}/truth/references/MOCK2/Bacillus_cereus_ATCC_10987.fna.gz,${ARTICLE33_WORK_DIR}/truth/references/MOCK2/Bacteroides_thetaiotaomicron_VPI-5482.fna.gz,${ARTICLE33_WORK_DIR}/truth/references/MOCK2/Bifidobacterium_adolescentis_ATCC_15703.fna.gz,${ARTICLE33_WORK_DIR}/truth/references/MOCK2/Bordetella_pertussis_RB50.fna.gz,${ARTICLE33_WORK_DIR}/truth/references/MOCK2/Caldicellulosiruptor_bescii_DSM_6725.fna.gz,${ARTICLE33_WORK_DIR}/truth/references/MOCK2/Caldicellulosiruptor_saccharolyticus_DSM_8903.fna.gz,${ARTICLE33_WORK_DIR}/truth/references/MOCK2/Cereibacter_A_sphaeroides_ATCC_17029.fna.gz,${ARTICLE33_WORK_DIR}/truth/references/MOCK2/Chlorobaculum_tepidum_TLS.fna.gz,${ARTICLE33_WORK_DIR}/truth/references/MOCK2/Chlorobium_limicola_DSM_245.fna.gz,${ARTICLE33_WORK_DIR}/truth/references/MOCK2/Chlorobium_phaeobacteroides_DSM_266.fna.gz,${ARTICLE33_WORK_DIR}/truth/references/MOCK2/Chlorobium_phaeovibrioides_DSM_265.fna.gz,${ARTICLE33_WORK_DIR}/truth/references/MOCK2/Chloroflexus_aurantiacus_J-10-fl.fna.gz,${ARTICLE33_WORK_DIR}/truth/references/MOCK2/Clostridium_beijerinckii_ATCC_35702.fna.gz,${ARTICLE33_WORK_DIR}/truth/references/MOCK2/Cutibacterium_acnes_ATCC_11828.fna.gz,${ARTICLE33_WORK_DIR}/truth/references/MOCK2/Deinococcus_radiodurans_R1.fna.gz,${ARTICLE33_WORK_DIR}/truth/references/MOCK2/Desulfitobacterium_dehalogenans_ATCC_51507.fna.gz,${ARTICLE33_WORK_DIR}/truth/references/MOCK2/Desulfobulbus_oralis_sp._ONRL.fna.gz,${ARTICLE33_WORK_DIR}/truth/references/MOCK2/Desulfovibrio_mercurii_ND_132.fna.gz,${ARTICLE33_WORK_DIR}/truth/references/MOCK2/Desulfovibrio_piger_ATCC_29098.fna.gz,${ARTICLE33_WORK_DIR}/truth/references/MOCK2/Dictyoglomus_turgidum_DSM_6724.fna.gz,${ARTICLE33_WORK_DIR}/truth/references/MOCK2/Enterococcus_faecalis_OG1RF.fna.gz,${ARTICLE33_WORK_DIR}/truth/references/MOCK2/Escherichia_coli_K-12_MG1655.fna.gz,${ARTICLE33_WORK_DIR}/truth/references/MOCK2/Fusobacterium_nucleatum_subsp._nucleatum_ATCC_25586.fna.gz,${ARTICLE33_WORK_DIR}/truth/references/MOCK2/Gemmatimonas_aurantiaca_T-27.fna.gz,${ARTICLE33_WORK_DIR}/truth/references/MOCK2/Geobacter_bemidjiensis_Bem.fna.gz,${ARTICLE33_WORK_DIR}/truth/references/MOCK2/Geobacter_sulfurreducens_PCA.fna.gz,${ARTICLE33_WORK_DIR}/truth/references/MOCK2/Halobacterium_salinarum_NRC-1.fna.gz,${ARTICLE33_WORK_DIR}/truth/references/MOCK2/Haloferax_volcanii_DS2.fna.gz,${ARTICLE33_WORK_DIR}/truth/references/MOCK2/Helicobacter_pylori_ATCC_700392.fna.gz,${ARTICLE33_WORK_DIR}/truth/references/MOCK2/Herpetosiphon_aurantiacus_DSM_785.fna.gz,${ARTICLE33_WORK_DIR}/truth/references/MOCK2/Hydrogenobaculum_sp._Y04AAS1.fna.gz,${ARTICLE33_WORK_DIR}/truth/references/MOCK2/Ignicoccus_hospitalis_KIN4_I.fna.gz,${ARTICLE33_WORK_DIR}/truth/references/MOCK2/Ignicoccus_islandicus_DSM_13165.fna.gz,${ARTICLE33_WORK_DIR}/truth/references/MOCK2/Lactobacillus_gasseri_ATCC_33323.fna.gz,${ARTICLE33_WORK_DIR}/truth/references/MOCK2/Leptothrix_cholodnii_SP-6.fna.gz,${ARTICLE33_WORK_DIR}/truth/references/MOCK2/Methanobrevibacter_oralis_DSM_7256.fna.gz,${ARTICLE33_WORK_DIR}/truth/references/MOCK2/Methanocaldococcus_jannaschii_DSM_2661.fna.gz,${ARTICLE33_WORK_DIR}/truth/references/MOCK2/Methanococcus_maripaludis_C5.fna.gz,${ARTICLE33_WORK_DIR}/truth/references/MOCK2/Methanococcus_maripaludis_S2.fna.gz,${ARTICLE33_WORK_DIR}/truth/references/MOCK2/Methanomassiliicoccus_luminyensis_B10.fna.gz,${ARTICLE33_WORK_DIR}/truth/references/MOCK2/Methanomethylovorans_hollandica_DSM_15978.fna.gz,${ARTICLE33_WORK_DIR}/truth/references/MOCK2/Methanopyrus_kandleri_AV19.fna.gz,${ARTICLE33_WORK_DIR}/truth/references/MOCK2/Methanosarcina_acetivorans_C2A.fna.gz,${ARTICLE33_WORK_DIR}/truth/references/MOCK2/Methanothermus_fervidus_DSM_2088.fna.gz,${ARTICLE33_WORK_DIR}/truth/references/MOCK2/Micromonospora_arenicola_CNS-205.fna.gz,${ARTICLE33_WORK_DIR}/truth/references/MOCK2/Micromonospora_tropica_CNB-440.fna.gz,${ARTICLE33_WORK_DIR}/truth/references/MOCK2/Nanoarchaeum_equitans_Kin4-M.fna.gz,${ARTICLE33_WORK_DIR}/truth/references/MOCK2/Neisseria_meningitidis_MC58.fna.gz,${ARTICLE33_WORK_DIR}/truth/references/MOCK2/Nitratidesulfovibrio_vulgaris_Hildenborough.fna.gz,${ARTICLE33_WORK_DIR}/truth/references/MOCK2/Nitrosomonas_europaea_ATCC_19718.fna.gz,${ARTICLE33_WORK_DIR}/truth/references/MOCK2/Paraburkholderia_xenovorans_LB400.fna.gz,${ARTICLE33_WORK_DIR}/truth/references/MOCK2/Pauljensenia_odontolyticus_ATCC_17982.fna.gz,${ARTICLE33_WORK_DIR}/truth/references/MOCK2/Persephonella_marina_EX-H1.fna.gz,${ARTICLE33_WORK_DIR}/truth/references/MOCK2/Phocaeicola_vulgatus_ATCC_8482.fna.gz,${ARTICLE33_WORK_DIR}/truth/references/MOCK2/Porphyromonas_gingivalis_ATCC_33277.fna.gz,${ARTICLE33_WORK_DIR}/truth/references/MOCK2/Pseudomonas_aeruginosa_ATCC_9027.fna.gz,${ARTICLE33_WORK_DIR}/truth/references/MOCK2/Pseudomonas_fluorescens_SBW25.fna.gz,${ARTICLE33_WORK_DIR}/truth/references/MOCK2/Pseudomonas_putida_KT2440.fna.gz,${ARTICLE33_WORK_DIR}/truth/references/MOCK2/Pyrobaculum_aerophilum_IM2.fna.gz,${ARTICLE33_WORK_DIR}/truth/references/MOCK2/Pyrobaculum_arsenaticum_DSM_13514.fna.gz,${ARTICLE33_WORK_DIR}/truth/references/MOCK2/Pyrobaculum_calidifontis_JCM_11548.fna.gz,${ARTICLE33_WORK_DIR}/truth/references/MOCK2/Pyrococcus_furiosus_DSM_3638.fna.gz,${ARTICLE33_WORK_DIR}/truth/references/MOCK2/Pyrococcus_horikoshii_OT3.fna.gz,${ARTICLE33_WORK_DIR}/truth/references/MOCK2/Rhodopirellula_baltica_SH_1.fna.gz,${ARTICLE33_WORK_DIR}/truth/references/MOCK2/Ruegeria_pomeroyi_DSS-3.fna.gz,${ARTICLE33_WORK_DIR}/truth/references/MOCK2/Ruminiclostridium_thermocellum_ATCC_27405.fna.gz,${ARTICLE33_WORK_DIR}/truth/references/MOCK2/Shewanella_baltica_OS185.fna.gz,${ARTICLE33_WORK_DIR}/truth/references/MOCK2/Shewanella_baltica_OS223.fna.gz,${ARTICLE33_WORK_DIR}/truth/references/MOCK2/Shewanella_loihica_PV-4.fna.gz,${ARTICLE33_WORK_DIR}/truth/references/MOCK2/Staphylococcus_aureus_USA300_FPR3757.fna.gz,${ARTICLE33_WORK_DIR}/truth/references/MOCK2/Staphylococcus_epidermidis_ATCC_12228.fna.gz,${ARTICLE33_WORK_DIR}/truth/references/MOCK2/Streptococcus_agalactiae_sv._V_V_2603V_R.fna.gz,${ARTICLE33_WORK_DIR}/truth/references/MOCK2/Streptococcus_mutans_UA159-FR.fna.gz,${ARTICLE33_WORK_DIR}/truth/references/MOCK2/Sulfurihydrogenibium_sp._YO3AOP1.fna.gz,${ARTICLE33_WORK_DIR}/truth/references/MOCK2/Sulfurisphaera_tokodaii_str._7.fna.gz,${ARTICLE33_WORK_DIR}/truth/references/MOCK2/Thermoanaerobacter_pseudethanolicus_ATCC_33223.fna.gz,${ARTICLE33_WORK_DIR}/truth/references/MOCK2/Thermotoga_neapolitana_DSM_4359.fna.gz,${ARTICLE33_WORK_DIR}/truth/references/MOCK2/Thermotoga_petrophila_RKU-1.fna.gz,${ARTICLE33_WORK_DIR}/truth/references/MOCK2/Treponema_denticola_ATCC_35405.fna.gz,${ARTICLE33_WORK_DIR}/truth/references/MOCK2/Trichormus_sp._PCC_7120.fna.gz,${ARTICLE33_WORK_DIR}/truth/references/MOCK2/Wolinella_succinogenes_DSM_1740.fna.gz ${ARTICLE33_WORK_DIR}/assemblies/sr-megahit-m2.fasta ${ARTICLE33_WORK_DIR}/assemblies/sr-metaspades-m2.fasta --labels sr-megahit-m2,sr-metaspades-m2 -o ${ARTICLE33_WORK_DIR}/metaquast/MOCK2.partial

Version: 5.3.0

System information:
  OS: Linux-6.8.0-49-generic-x86_64-with-glibc2.35 (linux_64)
  Python version: 3.10.20
  CPUs number: 72

Started: 2026-07-27 11:36:38

Logging to ${ARTICLE33_WORK_DIR}/metaquast/MOCK2.partial/metaquast.log

Reference(s):
  ${ARTICLE33_WORK_DIR}/truth/references/MOCK2/Acidilobus_saccharovorans_345-15.fna.gz ==> Acidilobus_saccharovorans_345-15
  ${ARTICLE33_WORK_DIR}/truth/references/MOCK2/Acidobacterium_capsulatum_ATCC_51196.fna.gz ==> Acidobacterium_capsulatum_ATCC_51196
  ${ARTICLE33_WORK_DIR}/truth/references/MOCK2/Aciduliprofundum_boonei_T469.fna.gz ==> Aciduliprofundum_boonei_T469
  ${ARTICLE33_WORK_DIR}/truth/references/MOCK2/Acinetobacter_baumannii_ATCC_17978.fna.gz ==> Acinetobacter_baumannii_ATCC_17978
  ${ARTICLE33_WORK_DIR}/truth/references/MOCK2/Akkermansia_muciniphila_ATCC_BAA-835.fna.gz ==> Akkermansia_muciniphila_ATCC_BAA-835
  ${ARTICLE33_WORK_DIR}/truth/references/MOCK2/Archaeoglobus_fulgidus_DSM_4304.fna.gz ==> Archaeoglobus_fulgidus_DSM_4304
  ${ARTICLE33_WORK_DIR}/truth/references/MOCK2/Bacillus_cereus_ATCC_10987.fna.gz ==> Bacillus_cereus_ATCC_10987
  ${ARTICLE33_WORK_DIR}/truth/references/MOCK2/Bacteroides_thetaiotaomicron_VPI-5482.fna.gz ==> Bacteroides_thetaiotaomicron_VPI-5482
  ${ARTICLE33_WORK_DIR}/truth/references/MOCK2/Bifidobacterium_adolescentis_ATCC_15703.fna.gz ==> Bifidobacterium_adolescentis_ATCC_15703
  ${ARTICLE33_WORK_DIR}/truth/references/MOCK2/Bordetella_pertussis_RB50.fna.gz ==> Bordetella_pertussis_RB50
  ${ARTICLE33_WORK_DIR}/truth/references/MOCK2/Caldicellulosiruptor_bescii_DSM_6725.fna.gz ==> Caldicellulosiruptor_bescii_DSM_6725
  ${ARTICLE33_WORK_DIR}/truth/references/MOCK2/Caldicellulosiruptor_saccharolyticus_DSM_8903.fna.gz ==> Caldicellulosiruptor_saccharolyticus_DSM_8903
  ${ARTICLE33_WORK_DIR}/truth/references/MOCK2/Cereibacter_A_sphaeroides_ATCC_17029.fna.gz ==> Cereibacter_A_sphaeroides_ATCC_17029
  ${ARTICLE33_WORK_DIR}/truth/references/MOCK2/Chlorobaculum_tepidum_TLS.fna.gz ==> Chlorobaculum_tepidum_TLS
  ${ARTICLE33_WORK_DIR}/truth/references/MOCK2/Chlorobium_limicola_DSM_245.fna.gz ==> Chlorobium_limicola_DSM_245
  ${ARTICLE33_WORK_DIR}/truth/references/MOCK2/Chlorobium_phaeobacteroides_DSM_266.fna.gz ==> Chlorobium_phaeobacteroides_DSM_266
  ${ARTICLE33_WORK_DIR}/truth/references/MOCK2/Chlorobium_phaeovibrioides_DSM_265.fna.gz ==> Chlorobium_phaeovibrioides_DSM_265
  ${ARTICLE33_WORK_DIR}/truth/references/MOCK2/Chloroflexus_aurantiacus_J-10-fl.fna.gz ==> Chloroflexus_aurantiacus_J-10-fl
  ${ARTICLE33_WORK_DIR}/truth/references/MOCK2/Clostridium_beijerinckii_ATCC_35702.fna.gz ==> Clostridium_beijerinckii_ATCC_35702
  ${ARTICLE33_WORK_DIR}/truth/references/MOCK2/Cutibacterium_acnes_ATCC_11828.fna.gz ==> Cutibacterium_acnes_ATCC_11828
  ${ARTICLE33_WORK_DIR}/truth/references/MOCK2/Deinococcus_radiodurans_R1.fna.gz ==> Deinococcus_radiodurans_R1
  ${ARTICLE33_WORK_DIR}/truth/references/MOCK2/Desulfitobacterium_dehalogenans_ATCC_51507.fna.gz ==> Desulfitobacterium_dehalogenans_ATCC_51507
  ${ARTICLE33_WORK_DIR}/truth/references/MOCK2/Desulfobulbus_oralis_sp._ONRL.fna.gz ==> Desulfobulbus_oralis_sp._ONRL
  ${ARTICLE33_WORK_DIR}/truth/references/MOCK2/Desulfovibrio_mercurii_ND_132.fna.gz ==> Desulfovibrio_mercurii_ND_132
  ${ARTICLE33_WORK_DIR}/truth/references/MOCK2/Desulfovibrio_piger_ATCC_29098.fna.gz ==> Desulfovibrio_piger_ATCC_29098
  ${ARTICLE33_WORK_DIR}/truth/references/MOCK2/Dictyoglomus_turgidum_DSM_6724.fna.gz ==> Dictyoglomus_turgidum_DSM_6724
  ${ARTICLE33_WORK_DIR}/truth/references/MOCK2/Enterococcus_faecalis_OG1RF.fna.gz ==> Enterococcus_faecalis_OG1RF
  ${ARTICLE33_WORK_DIR}/truth/references/MOCK2/Escherichia_coli_K-12_MG1655.fna.gz ==> Escherichia_coli_K-12_MG1655
  ${ARTICLE33_WORK_DIR}/truth/references/MOCK2/Fusobacterium_nucleatum_subsp._nucleatum_ATCC_25586.fna.gz ==> Fusobacterium_nucleatum_subsp._nucleatum_ATCC_25586
  ${ARTICLE33_WORK_DIR}/truth/references/MOCK2/Gemmatimonas_aurantiaca_T-27.fna.gz ==> Gemmatimonas_aurantiaca_T-27
  ${ARTICLE33_WORK_DIR}/truth/references/MOCK2/Geobacter_bemidjiensis_Bem.fna.gz ==> Geobacter_bemidjiensis_Bem
  ${ARTICLE33_WORK_DIR}/truth/references/MOCK2/Geobacter_sulfurreducens_PCA.fna.gz ==> Geobacter_sulfurreducens_PCA
  ${ARTICLE33_WORK_DIR}/truth/references/MOCK2/Halobacterium_salinarum_NRC-1.fna.gz ==> Halobacterium_salinarum_NRC-1
  ${ARTICLE33_WORK_DIR}/truth/references/MOCK2/Haloferax_volcanii_DS2.fna.gz ==> Haloferax_volcanii_DS2
  ${ARTICLE33_WORK_DIR}/truth/references/MOCK2/Helicobacter_pylori_ATCC_700392.fna.gz ==> Helicobacter_pylori_ATCC_700392
  ${ARTICLE33_WORK_DIR}/truth/references/MOCK2/Herpetosiphon_aurantiacus_DSM_785.fna.gz ==> Herpetosiphon_aurantiacus_DSM_785
  ${ARTICLE33_WORK_DIR}/truth/references/MOCK2/Hydrogenobaculum_sp._Y04AAS1.fna.gz ==> Hydrogenobaculum_sp._Y04AAS1
  ${ARTICLE33_WORK_DIR}/truth/references/MOCK2/Ignicoccus_hospitalis_KIN4_I.fna.gz ==> Ignicoccus_hospitalis_KIN4_I
  ${ARTICLE33_WORK_DIR}/truth/references/MOCK2/Ignicoccus_islandicus_DSM_13165.fna.gz ==> Ignicoccus_islandicus_DSM_13165
  ${ARTICLE33_WORK_DIR}/truth/references/MOCK2/Lactobacillus_gasseri_ATCC_33323.fna.gz ==> Lactobacillus_gasseri_ATCC_33323
  ${ARTICLE33_WORK_DIR}/truth/references/MOCK2/Leptothrix_cholodnii_SP-6.fna.gz ==> Leptothrix_cholodnii_SP-6
  ${ARTICLE33_WORK_DIR}/truth/references/MOCK2/Methanobrevibacter_oralis_DSM_7256.fna.gz ==> Methanobrevibacter_oralis_DSM_7256
  ${ARTICLE33_WORK_DIR}/truth/references/MOCK2/Methanocaldococcus_jannaschii_DSM_2661.fna.gz ==> Methanocaldococcus_jannaschii_DSM_2661
  ${ARTICLE33_WORK_DIR}/truth/references/MOCK2/Methanococcus_maripaludis_C5.fna.gz ==> Methanococcus_maripaludis_C5
  ${ARTICLE33_WORK_DIR}/truth/references/MOCK2/Methanococcus_maripaludis_S2.fna.gz ==> Methanococcus_maripaludis_S2
  ${ARTICLE33_WORK_DIR}/truth/references/MOCK2/Methanomassiliicoccus_luminyensis_B10.fna.gz ==> Methanomassiliicoccus_luminyensis_B10
  ${ARTICLE33_WORK_DIR}/truth/references/MOCK2/Methanomethylovorans_hollandica_DSM_15978.fna.gz ==> Methanomethylovorans_hollandica_DSM_15978
  ${ARTICLE33_WORK_DIR}/truth/references/MOCK2/Methanopyrus_kandleri_AV19.fna.gz ==> Methanopyrus_kandleri_AV19
  ${ARTICLE33_WORK_DIR}/truth/references/MOCK2/Methanosarcina_acetivorans_C2A.fna.gz ==> Methanosarcina_acetivorans_C2A
  ${ARTICLE33_WORK_DIR}/truth/references/MOCK2/Methanothermus_fervidus_DSM_2088.fna.gz ==> Methanothermus_fervidus_DSM_2088
  ${ARTICLE33_WORK_DIR}/truth/references/MOCK2/Micromonospora_arenicola_CNS-205.fna.gz ==> Micromonospora_arenicola_CNS-205
  ${ARTICLE33_WORK_DIR}/truth/references/MOCK2/Micromonospora_tropica_CNB-440.fna.gz ==> Micromonospora_tropica_CNB-440
  ${ARTICLE33_WORK_DIR}/truth/references/MOCK2/Nanoarchaeum_equitans_Kin4-M.fna.gz ==> Nanoarchaeum_equitans_Kin4-M
  ${ARTICLE33_WORK_DIR}/truth/references/MOCK2/Neisseria_meningitidis_MC58.fna.gz ==> Neisseria_meningitidis_MC58
  ${ARTICLE33_WORK_DIR}/truth/references/MOCK2/Nitratidesulfovibrio_vulgaris_Hildenborough.fna.gz ==> Nitratidesulfovibrio_vulgaris_Hildenborough
  ${ARTICLE33_WORK_DIR}/truth/references/MOCK2/Nitrosomonas_europaea_ATCC_19718.fna.gz ==> Nitrosomonas_europaea_ATCC_19718
  ${ARTICLE33_WORK_DIR}/truth/references/MOCK2/Paraburkholderia_xenovorans_LB400.fna.gz ==> Paraburkholderia_xenovorans_LB400
  ${ARTICLE33_WORK_DIR}/truth/references/MOCK2/Pauljensenia_odontolyticus_ATCC_17982.fna.gz ==> Pauljensenia_odontolyticus_ATCC_17982
  ${ARTICLE33_WORK_DIR}/truth/references/MOCK2/Persephonella_marina_EX-H1.fna.gz ==> Persephonella_marina_EX-H1
  ${ARTICLE33_WORK_DIR}/truth/references/MOCK2/Phocaeicola_vulgatus_ATCC_8482.fna.gz ==> Phocaeicola_vulgatus_ATCC_8482
  ${ARTICLE33_WORK_DIR}/truth/references/MOCK2/Porphyromonas_gingivalis_ATCC_33277.fna.gz ==> Porphyromonas_gingivalis_ATCC_33277
  ${ARTICLE33_WORK_DIR}/truth/references/MOCK2/Pseudomonas_aeruginosa_ATCC_9027.fna.gz ==> Pseudomonas_aeruginosa_ATCC_9027
  ${ARTICLE33_WORK_DIR}/truth/references/MOCK2/Pseudomonas_fluorescens_SBW25.fna.gz ==> Pseudomonas_fluorescens_SBW25
  ${ARTICLE33_WORK_DIR}/truth/references/MOCK2/Pseudomonas_putida_KT2440.fna.gz ==> Pseudomonas_putida_KT2440
  ${ARTICLE33_WORK_DIR}/truth/references/MOCK2/Pyrobaculum_aerophilum_IM2.fna.gz ==> Pyrobaculum_aerophilum_IM2
  ${ARTICLE33_WORK_DIR}/truth/references/MOCK2/Pyrobaculum_arsenaticum_DSM_13514.fna.gz ==> Pyrobaculum_arsenaticum_DSM_13514
  ${ARTICLE33_WORK_DIR}/truth/references/MOCK2/Pyrobaculum_calidifontis_JCM_11548.fna.gz ==> Pyrobaculum_calidifontis_JCM_11548
  ${ARTICLE33_WORK_DIR}/truth/references/MOCK2/Pyrococcus_furiosus_DSM_3638.fna.gz ==> Pyrococcus_furiosus_DSM_3638
  ${ARTICLE33_WORK_DIR}/truth/references/MOCK2/Pyrococcus_horikoshii_OT3.fna.gz ==> Pyrococcus_horikoshii_OT3
  ${ARTICLE33_WORK_DIR}/truth/references/MOCK2/Rhodopirellula_baltica_SH_1.fna.gz ==> Rhodopirellula_baltica_SH_1
  ${ARTICLE33_WORK_DIR}/truth/references/MOCK2/Ruegeria_pomeroyi_DSS-3.fna.gz ==> Ruegeria_pomeroyi_DSS-3
  ${ARTICLE33_WORK_DIR}/truth/references/MOCK2/Ruminiclostridium_thermocellum_ATCC_27405.fna.gz ==> Ruminiclostridium_thermocellum_ATCC_27405
  ${ARTICLE33_WORK_DIR}/truth/references/MOCK2/Shewanella_baltica_OS185.fna.gz ==> Shewanella_baltica_OS185
  ${ARTICLE33_WORK_DIR}/truth/references/MOCK2/Shewanella_baltica_OS223.fna.gz ==> Shewanella_baltica_OS223
  ${ARTICLE33_WORK_DIR}/truth/references/MOCK2/Shewanella_loihica_PV-4.fna.gz ==> Shewanella_loihica_PV-4
  ${ARTICLE33_WORK_DIR}/truth/references/MOCK2/Staphylococcus_aureus_USA300_FPR3757.fna.gz ==> Staphylococcus_aureus_USA300_FPR3757
  ${ARTICLE33_WORK_DIR}/truth/references/MOCK2/Staphylococcus_epidermidis_ATCC_12228.fna.gz ==> Staphylococcus_epidermidis_ATCC_12228
  ${ARTICLE33_WORK_DIR}/truth/references/MOCK2/Streptococcus_agalactiae_sv._V_V_2603V_R.fna.gz ==> Streptococcus_agalactiae_sv._V_V_2603V_R
  ${ARTICLE33_WORK_DIR}/truth/references/MOCK2/Streptococcus_mutans_UA159-FR.fna.gz ==> Streptococcus_mutans_UA159-FR
  ${ARTICLE33_WORK_DIR}/truth/references/MOCK2/Sulfurihydrogenibium_sp._YO3AOP1.fna.gz ==> Sulfurihydrogenibium_sp._YO3AOP1
  ${ARTICLE33_WORK_DIR}/truth/references/MOCK2/Sulfurisphaera_tokodaii_str._7.fna.gz ==> Sulfurisphaera_tokodaii_str._7
  ${ARTICLE33_WORK_DIR}/truth/references/MOCK2/Thermoanaerobacter_pseudethanolicus_ATCC_33223.fna.gz ==> Thermoanaerobacter_pseudethanolicus_ATCC_33223
  ${ARTICLE33_WORK_DIR}/truth/references/MOCK2/Thermotoga_neapolitana_DSM_4359.fna.gz ==> Thermotoga_neapolitana_DSM_4359
  ${ARTICLE33_WORK_DIR}/truth/references/MOCK2/Thermotoga_petrophila_RKU-1.fna.gz ==> Thermotoga_petrophila_RKU-1
  ${ARTICLE33_WORK_DIR}/truth/references/MOCK2/Treponema_denticola_ATCC_35405.fna.gz ==> Treponema_denticola_ATCC_35405
  ${ARTICLE33_WORK_DIR}/truth/references/MOCK2/Trichormus_sp._PCC_7120.fna.gz ==> Trichormus_sp._PCC_7120
  ${ARTICLE33_WORK_DIR}/truth/references/MOCK2/Wolinella_succinogenes_DSM_1740.fna.gz ==> Wolinella_succinogenes_DSM_1740
  All references were combined in combined_reference.fasta

Contigs:
  Pre-processing...
  1  ${ARTICLE33_WORK_DIR}/assemblies/sr-megahit-m2.fasta ==> sr-megahit-m2
  1    breaking scaffolds into contigs:
  1      WARNING: nothing was broken, skipping 'sr-megahit-m2 broken' from further analysis
  2  ${ARTICLE33_WORK_DIR}/assemblies/sr-metaspades-m2.fasta ==> sr-metaspades-m2
  2    breaking scaffolds into contigs:
  2      WARNING: nothing was broken, skipping 'sr-metaspades-m2 broken' from further analysis

Starting quast.py for the combined reference...
${QC_ENV_PREFIX}/bin/quast.py --min-alignment 500 --fragmented --min-identity 97 --split-scaffolds --threads 32 --min-contig 1000 --no-icarus --no-plots --space-efficient --report-all-metrics --combined-ref --colors #E31A1C,#1F78B4 --ls solid,solid --ambiguity-usage all ${ARTICLE33_WORK_DIR}/assemblies/sr-megahit-m2.fasta ${ARTICLE33_WORK_DIR}/assemblies/sr-metaspades-m2.fasta -R ${ARTICLE33_WORK_DIR}/metaquast/MOCK2.partial/quast_corrected_input/combined_reference.fasta -o ${ARTICLE33_WORK_DIR}/metaquast/MOCK2.partial/combined_reference --labels "sr-megahit-m2, sr-metaspades-m2"

Started: 2026-07-27 11:36:55

Logging to ${ARTICLE33_WORK_DIR}/metaquast/MOCK2.partial/combined_reference/quast.log

CWD: ${PROJECT_ROOT}
Main parameters: 
  MODE: meta, threads: 32, split scaffolds: true, min contig length: 1000, min alignment length: 500, \
  min alignment IDY: 97.0, ambiguity: all, min local misassembly length: 200, min extensive misassembly length: 1000

Reference:
  ${ARTICLE33_WORK_DIR}/metaquast/MOCK2.partial/quast_corrected_input/combined_reference.fasta ==> combined_reference

Contigs:
  Pre-processing...
  1  ${ARTICLE33_WORK_DIR}/assemblies/sr-megahit-m2.fasta ==> sr-megahit-m2
  2  ${ARTICLE33_WORK_DIR}/assemblies/sr-metaspades-m2.fasta ==> sr-metaspades-m2

2026-07-27 11:36:57
Running Basic statistics processor...
  Reference genome:
    combined_reference.fasta, length = 292802018, num fragments = 399, GC % = 51.22
  Contig files: 
    1  sr-megahit-m2
    2  sr-metaspades-m2
  Calculating N50 and L50...
    1  sr-megahit-m2, N50 = 5906, L50 = 1494, auN = 24254.1, Total length = 54477949, GC % = 47.45, # N's per 100 kbp =  0.00
    2  sr-metaspades-m2, N50 = 6781, L50 = 1263, auN = 34562.9, Total length = 57015313, GC % = 47.68, # N's per 100 kbp =  0.00
Done.

2026-07-27 11:37:15
Running Contig analyzer...
  1  sr-megahit-m2
  1  Logging is disabled.
  1  Aligning contigs to the reference
  2  sr-metaspades-m2
  2  Logging is disabled.
  2  Aligning contigs to the reference
  2  Analysis is finished.
  1  Analysis is finished.
  Information about interspecies translocations by references for sr-megahit-m2 is saved to ${ARTICLE33_WORK_DIR}/metaquast/MOCK2.partial/combined_reference/contigs_reports/interspecies_translocations_by_refs_sr-megahit-m2.info
  Information about interspecies translocations by references for sr-metaspades-m2 is saved to ${ARTICLE33_WORK_DIR}/metaquast/MOCK2.partial/combined_reference/contigs_reports/interspecies_translocations_by_refs_sr-metaspades-m2.info
  Creating total report...
    saved to ${ARTICLE33_WORK_DIR}/metaquast/MOCK2.partial/combined_reference/contigs_reports/misassemblies_report.txt, misassemblies_report.tsv, and misassemblies_report.tex
  Transposed version of total report...
    saved to ${ARTICLE33_WORK_DIR}/metaquast/MOCK2.partial/combined_reference/contigs_reports/transposed_report_misassemblies.txt, transposed_report_misassemblies.tsv, and transposed_report_misassemblies.tex
  Creating total report...
    saved to ${ARTICLE33_WORK_DIR}/metaquast/MOCK2.partial/combined_reference/contigs_reports/unaligned_report.txt, unaligned_report.tsv, and unaligned_report.tex
Done.

2026-07-27 11:38:06
Running NA-NGA calculation...
  1  sr-megahit-m2, Largest alignment = 307522, NA50 = 5845, LA50 = 1524
  2  sr-metaspades-m2, Largest alignment = 343250, NA50 = 6671, LA50 = 1289
Done.

2026-07-27 11:38:09
Running Genome analyzer...
  NOTICE: No file with genomic features were provided. Use the --features option if you want to specify it.

  NOTICE: No file with operons were provided. Use the -O option if you want to specify it.
  1  sr-megahit-m2
  2  sr-metaspades-m2
  1  Analysis is finished.
  2  Analysis is finished.
Done.

NOTICE: Genes are not predicted by default. Use --gene-finding or --glimmer option to enable it.

2026-07-27 11:39:27
RESULTS:
  Text versions of total report are saved to ${ARTICLE33_WORK_DIR}/metaquast/MOCK2.partial/combined_reference/report.txt, report.tsv, and report.tex
  Text versions of transposed total report are saved to ${ARTICLE33_WORK_DIR}/metaquast/MOCK2.partial/combined_reference/transposed_report.txt, transposed_report.tsv, and transposed_report.tex
  HTML version (interactive tables and plots) is saved to ${ARTICLE33_WORK_DIR}/metaquast/MOCK2.partial/combined_reference/report.html

Partitioning contigs into bins aligned to each reference..
  processing sr-megahit-m2
  processing sr-metaspades-m2

Run QUAST on different references in parallel..

No contigs were aligned to the reference Acidilobus_saccharovorans_345-15, skipping..

Starting quast.py for the contigs aligned to Acidobacterium_capsulatum_ATCC_51196... (logging to ${ARTICLE33_WORK_DIR}/metaquast/MOCK2.partial/runs_per_reference/Acidobacterium_capsulatum_ATCC_51196/quast.log)

No contigs were aligned to the reference Aciduliprofundum_boonei_T469, skipping..

No contigs were aligned to the reference Acinetobacter_baumannii_ATCC_17978, skipping..

Starting quast.py for the contigs aligned to Akkermansia_muciniphila_ATCC_BAA-835... (logging to ${ARTICLE33_WORK_DIR}/metaquast/MOCK2.partial/runs_per_reference/Akkermansia_muciniphila_ATCC_BAA-835/quast.log)

Starting quast.py for the contigs aligned to Archaeoglobus_fulgidus_DSM_4304... (logging to ${ARTICLE33_WORK_DIR}/metaquast/MOCK2.partial/runs_per_reference/Archaeoglobus_fulgidus_DSM_4304/quast.log)

No contigs were aligned to the reference Bacillus_cereus_ATCC_10987, skipping..

Starting quast.py for the contigs aligned to Bacteroides_thetaiotaomicron_VPI-5482... (logging to ${ARTICLE33_WORK_DIR}/metaquast/MOCK2.partial/runs_per_reference/Bacteroides_thetaiotaomicron_VPI-5482/quast.log)

No contigs were aligned to the reference Bifidobacterium_adolescentis_ATCC_15703, skipping..

No contigs were aligned to the reference Bordetella_pertussis_RB50, skipping..

Starting quast.py for the contigs aligned to Caldicellulosiruptor_bescii_DSM_6725... (logging to ${ARTICLE33_WORK_DIR}/metaquast/MOCK2.partial/runs_per_reference/Caldicellulosiruptor_bescii_DSM_6725/quast.log)

Starting quast.py for the contigs aligned to Caldicellulosiruptor_saccharolyticus_DSM_8903... (logging to ${ARTICLE33_WORK_DIR}/metaquast/MOCK2.partial/runs_per_reference/Caldicellulosiruptor_saccharolyticus_DSM_8903/quast.log)

No contigs were aligned to the reference Cereibacter_A_sphaeroides_ATCC_17029, skipping..

Starting quast.py for the contigs aligned to Chlorobaculum_tepidum_TLS... (logging to ${ARTICLE33_WORK_DIR}/metaquast/MOCK2.partial/runs_per_reference/Chlorobaculum_tepidum_TLS/quast.log)

Starting quast.py for the contigs aligned to Chlorobium_limicola_DSM_245... (logging to ${ARTICLE33_WORK_DIR}/metaquast/MOCK2.partial/runs_per_reference/Chlorobium_limicola_DSM_245/quast.log)

Starting quast.py for the contigs aligned to Chlorobium_phaeobacteroides_DSM_266... (logging to ${ARTICLE33_WORK_DIR}/metaquast/MOCK2.partial/runs_per_reference/Chlorobium_phaeobacteroides_DSM_266/quast.log)

Starting quast.py for the contigs aligned to Chlorobium_phaeovibrioides_DSM_265... (logging to ${ARTICLE33_WORK_DIR}/metaquast/MOCK2.partial/runs_per_reference/Chlorobium_phaeovibrioides_DSM_265/quast.log)

Starting quast.py for the contigs aligned to Chloroflexus_aurantiacus_J-10-fl... (logging to ${ARTICLE33_WORK_DIR}/metaquast/MOCK2.partial/runs_per_reference/Chloroflexus_aurantiacus_J-10-fl/quast.log)

No contigs were aligned to the reference Clostridium_beijerinckii_ATCC_35702, skipping..

No contigs were aligned to the reference Cutibacterium_acnes_ATCC_11828, skipping..

Starting quast.py for the contigs aligned to Deinococcus_radiodurans_R1... (logging to ${ARTICLE33_WORK_DIR}/metaquast/MOCK2.partial/runs_per_reference/Deinococcus_radiodurans_R1/quast.log)

No contigs were aligned to the reference Desulfitobacterium_dehalogenans_ATCC_51507, skipping..

Starting quast.py for the contigs aligned to Desulfobulbus_oralis_sp._ONRL... (logging to ${ARTICLE33_WORK_DIR}/metaquast/MOCK2.partial/runs_per_reference/Desulfobulbus_oralis_sp._ONRL/quast.log)

No contigs were aligned to the reference Desulfovibrio_mercurii_ND_132, skipping..

Starting quast.py for the contigs aligned to Desulfovibrio_piger_ATCC_29098... (logging to ${ARTICLE33_WORK_DIR}/metaquast/MOCK2.partial/runs_per_reference/Desulfovibrio_piger_ATCC_29098/quast.log)

No contigs were aligned to the reference Dictyoglomus_turgidum_DSM_6724, skipping..

No contigs were aligned to the reference Enterococcus_faecalis_OG1RF, skipping..

Starting quast.py for the contigs aligned to Fusobacterium_nucleatum_subsp._nucleatum_ATCC_25586... (logging to ${ARTICLE33_WORK_DIR}/metaquast/MOCK2.partial/runs_per_reference/Fusobacterium_nucleatum_subsp._nucleatum_ATCC_25586/quast.log)

No contigs were aligned to the reference Escherichia_coli_K-12_MG1655, skipping..

Starting quast.py for the contigs aligned to Gemmatimonas_aurantiaca_T-27... (logging to ${ARTICLE33_WORK_DIR}/metaquast/MOCK2.partial/runs_per_reference/Gemmatimonas_aurantiaca_T-27/quast.log)

No contigs were aligned to the reference Geobacter_bemidjiensis_Bem, skipping..

Starting quast.py for the contigs aligned to Halobacterium_salinarum_NRC-1... (logging to ${ARTICLE33_WORK_DIR}/metaquast/MOCK2.partial/runs_per_reference/Halobacterium_salinarum_NRC-1/quast.log)

Starting quast.py for the contigs aligned to Geobacter_sulfurreducens_PCA... (logging to ${ARTICLE33_WORK_DIR}/metaquast/MOCK2.partial/runs_per_reference/Geobacter_sulfurreducens_PCA/quast.log)

No contigs were aligned to the reference Helicobacter_pylori_ATCC_700392, skipping..

Starting quast.py for the contigs aligned to Herpetosiphon_aurantiacus_DSM_785... (logging to ${ARTICLE33_WORK_DIR}/metaquast/MOCK2.partial/runs_per_reference/Herpetosiphon_aurantiacus_DSM_785/quast.log)

Starting quast.py for the contigs aligned to Hydrogenobaculum_sp._Y04AAS1... (logging to ${ARTICLE33_WORK_DIR}/metaquast/MOCK2.partial/runs_per_reference/Hydrogenobaculum_sp._Y04AAS1/quast.log)

No contigs were aligned to the reference Haloferax_volcanii_DS2, skipping..

Starting quast.py for the contigs aligned to Ignicoccus_hospitalis_KIN4_I... (logging to ${ARTICLE33_WORK_DIR}/metaquast/MOCK2.partial/runs_per_reference/Ignicoccus_hospitalis_KIN4_I/quast.log)

Starting quast.py for the contigs aligned to Ignicoccus_islandicus_DSM_13165... (logging to ${ARTICLE33_WORK_DIR}/metaquast/MOCK2.partial/runs_per_reference/Ignicoccus_islandicus_DSM_13165/quast.log)

No contigs were aligned to the reference Lactobacillus_gasseri_ATCC_33323, skipping..

No contigs were aligned to the reference Leptothrix_cholodnii_SP-6, skipping..

Starting quast.py for the contigs aligned to Methanobrevibacter_oralis_DSM_7256... (logging to ${ARTICLE33_WORK_DIR}/metaquast/MOCK2.partial/runs_per_reference/Methanobrevibacter_oralis_DSM_7256/quast.log)

Starting quast.py for the contigs aligned to Methanocaldococcus_jannaschii_DSM_2661... (logging to ${ARTICLE33_WORK_DIR}/metaquast/MOCK2.partial/runs_per_reference/Methanocaldococcus_jannaschii_DSM_2661/quast.log)

Starting quast.py for the contigs aligned to Methanococcus_maripaludis_C5... (logging to ${ARTICLE33_WORK_DIR}/metaquast/MOCK2.partial/runs_per_reference/Methanococcus_maripaludis_C5/quast.log)

Starting quast.py for the contigs aligned to Methanococcus_maripaludis_S2... (logging to ${ARTICLE33_WORK_DIR}/metaquast/MOCK2.partial/runs_per_reference/Methanococcus_maripaludis_S2/quast.log)

No contigs were aligned to the reference Methanomassiliicoccus_luminyensis_B10, skipping..

No contigs were aligned to the reference Methanomethylovorans_hollandica_DSM_15978, skipping..

Starting quast.py for the contigs aligned to Methanopyrus_kandleri_AV19... (logging to ${ARTICLE33_WORK_DIR}/metaquast/MOCK2.partial/runs_per_reference/Methanopyrus_kandleri_AV19/quast.log)

No contigs were aligned to the reference Methanosarcina_acetivorans_C2A, skipping..

Starting quast.py for the contigs aligned to Methanothermus_fervidus_DSM_2088... (logging to ${ARTICLE33_WORK_DIR}/metaquast/MOCK2.partial/runs_per_reference/Methanothermus_fervidus_DSM_2088/quast.log)

Starting quast.py for the contigs aligned to Micromonospora_arenicola_CNS-205... (logging to ${ARTICLE33_WORK_DIR}/metaquast/MOCK2.partial/runs_per_reference/Micromonospora_arenicola_CNS-205/quast.log)

Starting quast.py for the contigs aligned to Micromonospora_tropica_CNB-440... (logging to ${ARTICLE33_WORK_DIR}/metaquast/MOCK2.partial/runs_per_reference/Micromonospora_tropica_CNB-440/quast.log)

Starting quast.py for the contigs aligned to Nanoarchaeum_equitans_Kin4-M... (logging to ${ARTICLE33_WORK_DIR}/metaquast/MOCK2.partial/runs_per_reference/Nanoarchaeum_equitans_Kin4-M/quast.log)

No contigs were aligned to the reference Neisseria_meningitidis_MC58, skipping..

No contigs were aligned to the reference Nitratidesulfovibrio_vulgaris_Hildenborough, skipping..

Starting quast.py for the contigs aligned to Nitrosomonas_europaea_ATCC_19718... (logging to ${ARTICLE33_WORK_DIR}/metaquast/MOCK2.partial/runs_per_reference/Nitrosomonas_europaea_ATCC_19718/quast.log)

Starting quast.py for the contigs aligned to Paraburkholderia_xenovorans_LB400... (logging to ${ARTICLE33_WORK_DIR}/metaquast/MOCK2.partial/runs_per_reference/Paraburkholderia_xenovorans_LB400/quast.log)

No contigs were aligned to the reference Pauljensenia_odontolyticus_ATCC_17982, skipping..

Starting quast.py for the contigs aligned to Persephonella_marina_EX-H1... (logging to ${ARTICLE33_WORK_DIR}/metaquast/MOCK2.partial/runs_per_reference/Persephonella_marina_EX-H1/quast.log)

Starting quast.py for the contigs aligned to Phocaeicola_vulgatus_ATCC_8482... (logging to ${ARTICLE33_WORK_DIR}/metaquast/MOCK2.partial/runs_per_reference/Phocaeicola_vulgatus_ATCC_8482/quast.log)

Starting quast.py for the contigs aligned to Porphyromonas_gingivalis_ATCC_33277... (logging to ${ARTICLE33_WORK_DIR}/metaquast/MOCK2.partial/runs_per_reference/Porphyromonas_gingivalis_ATCC_33277/quast.log)

No contigs were aligned to the reference Pseudomonas_aeruginosa_ATCC_9027, skipping..

Starting quast.py for the contigs aligned to Pseudomonas_fluorescens_SBW25... (logging to ${ARTICLE33_WORK_DIR}/metaquast/MOCK2.partial/runs_per_reference/Pseudomonas_fluorescens_SBW25/quast.log)

Starting quast.py for the contigs aligned to Pseudomonas_putida_KT2440... (logging to ${ARTICLE33_WORK_DIR}/metaquast/MOCK2.partial/runs_per_reference/Pseudomonas_putida_KT2440/quast.log)

No contigs were aligned to the reference Pyrobaculum_aerophilum_IM2, skipping..

No contigs were aligned to the reference Pyrobaculum_arsenaticum_DSM_13514, skipping..

Starting quast.py for the contigs aligned to Pyrobaculum_calidifontis_JCM_11548... (logging to ${ARTICLE33_WORK_DIR}/metaquast/MOCK2.partial/runs_per_reference/Pyrobaculum_calidifontis_JCM_11548/quast.log)

No contigs were aligned to the reference Pyrococcus_furiosus_DSM_3638, skipping..

Starting quast.py for the contigs aligned to Pyrococcus_horikoshii_OT3... (logging to ${ARTICLE33_WORK_DIR}/metaquast/MOCK2.partial/runs_per_reference/Pyrococcus_horikoshii_OT3/quast.log)

Starting quast.py for the contigs aligned to Rhodopirellula_baltica_SH_1... (logging to ${ARTICLE33_WORK_DIR}/metaquast/MOCK2.partial/runs_per_reference/Rhodopirellula_baltica_SH_1/quast.log)

No contigs were aligned to the reference Ruegeria_pomeroyi_DSS-3, skipping..

Starting quast.py for the contigs aligned to Ruminiclostridium_thermocellum_ATCC_27405... (logging to ${ARTICLE33_WORK_DIR}/metaquast/MOCK2.partial/runs_per_reference/Ruminiclostridium_thermocellum_ATCC_27405/quast.log)

Starting quast.py for the contigs aligned to Shewanella_baltica_OS185... (logging to ${ARTICLE33_WORK_DIR}/metaquast/MOCK2.partial/runs_per_reference/Shewanella_baltica_OS185/quast.log)

Starting quast.py for the contigs aligned to Shewanella_baltica_OS223... (logging to ${ARTICLE33_WORK_DIR}/metaquast/MOCK2.partial/runs_per_reference/Shewanella_baltica_OS223/quast.log)

Starting quast.py for the contigs aligned to Shewanella_loihica_PV-4... (logging to ${ARTICLE33_WORK_DIR}/metaquast/MOCK2.partial/runs_per_reference/Shewanella_loihica_PV-4/quast.log)

No contigs were aligned to the reference Staphylococcus_aureus_USA300_FPR3757, skipping..

No contigs were aligned to the reference Staphylococcus_epidermidis_ATCC_12228, skipping..

No contigs were aligned to the reference Streptococcus_agalactiae_sv._V_V_2603V_R, skipping..

No contigs were aligned to the reference Streptococcus_mutans_UA159-FR, skipping..

Starting quast.py for the contigs aligned to Sulfurihydrogenibium_sp._YO3AOP1... (logging to ${ARTICLE33_WORK_DIR}/metaquast/MOCK2.partial/runs_per_reference/Sulfurihydrogenibium_sp._YO3AOP1/quast.log)

No contigs were aligned to the reference Sulfurisphaera_tokodaii_str._7, skipping..

Starting quast.py for the contigs aligned to Thermoanaerobacter_pseudethanolicus_ATCC_33223... (logging to ${ARTICLE33_WORK_DIR}/metaquast/MOCK2.partial/runs_per_reference/Thermoanaerobacter_pseudethanolicus_ATCC_33223/quast.log)

Starting quast.py for the contigs aligned to Thermotoga_neapolitana_DSM_4359... (logging to ${ARTICLE33_WORK_DIR}/metaquast/MOCK2.partial/runs_per_reference/Thermotoga_neapolitana_DSM_4359/quast.log)

Starting quast.py for the contigs aligned to Thermotoga_petrophila_RKU-1... (logging to ${ARTICLE33_WORK_DIR}/metaquast/MOCK2.partial/runs_per_reference/Thermotoga_petrophila_RKU-1/quast.log)

Starting quast.py for the contigs aligned to Treponema_denticola_ATCC_35405... (logging to ${ARTICLE33_WORK_DIR}/metaquast/MOCK2.partial/runs_per_reference/Treponema_denticola_ATCC_35405/quast.log)

Starting quast.py for the contigs aligned to Trichormus_sp._PCC_7120... (logging to ${ARTICLE33_WORK_DIR}/metaquast/MOCK2.partial/runs_per_reference/Trichormus_sp._PCC_7120/quast.log)

Starting quast.py for the contigs aligned to Wolinella_succinogenes_DSM_1740... (logging to ${ARTICLE33_WORK_DIR}/metaquast/MOCK2.partial/runs_per_reference/Wolinella_succinogenes_DSM_1740/quast.log)

Starting quast.py for the contigs not aligned anywhere... (logging to ${ARTICLE33_WORK_DIR}/metaquast/MOCK2.partial/not_aligned/quast.log)
${QC_ENV_PREFIX}/bin/quast.py --min-alignment 500 --fragmented --min-identity 97 --threads 32 --min-contig 1000 --no-icarus --no-plots --space-efficient --report-all-metrics --colors #E31A1C,#1F78B4 --ls solid,solid --no-check-meta --contig-thresholds 1000,5000,10000,25000,50000 -t 32 ${ARTICLE33_WORK_DIR}/metaquast/MOCK2.partial/quast_corrected_input/sr-megahit-m2_not_aligned_anywhere.fasta ${ARTICLE33_WORK_DIR}/metaquast/MOCK2.partial/quast_corrected_input/sr-metaspades-m2_not_aligned_anywhere.fasta -o ${ARTICLE33_WORK_DIR}/metaquast/MOCK2.partial/not_aligned --labels "sr-megahit-m2, sr-metaspades-m2"

Started: 2026-07-27 11:39:46

Logging to ${ARTICLE33_WORK_DIR}/metaquast/MOCK2.partial/not_aligned/quast.log

CWD: ${PROJECT_ROOT}
Main parameters: 
  MODE: meta, threads: 32, min contig length: 1000, min alignment length: 500, min alignment IDY: 97.0, \
  ambiguity: one, min local misassembly length: 200, min extensive misassembly length: 1000

Contigs:
  Pre-processing...
  1  ${ARTICLE33_WORK_DIR}/metaquast/MOCK2.partial/quast_corrected_input/sr-megahit-m2_not_aligned_anywhere.fasta ==> sr-megahit-m2
  2  ${ARTICLE33_WORK_DIR}/metaquast/MOCK2.partial/quast_corrected_input/sr-metaspades-m2_not_aligned_anywhere.fasta ==> sr-metaspades-m2

2026-07-27 11:39:46
Running Basic statistics processor...
  Contig files: 
    1  sr-megahit-m2
    2  sr-metaspades-m2
  Calculating N50 and L50...
    1  sr-megahit-m2, N50 = 1446, L50 = 25, auN = 1700.9, Total length = 96054, GC % = 46.92, # N's per 100 kbp =  0.00
    2  sr-metaspades-m2, N50 = 1530, L50 = 13, auN = 1922.1, Total length = 60223, GC % = 48.49, # N's per 100 kbp =  0.00
Done.

NOTICE: Genes are not predicted by default. Use --gene-finding or --glimmer option to enable it.

2026-07-27 11:39:46
RESULTS:
  Text versions of total report are saved to ${ARTICLE33_WORK_DIR}/metaquast/MOCK2.partial/not_aligned/report.txt, report.tsv, and report.tex
  Text versions of transposed total report are saved to ${ARTICLE33_WORK_DIR}/metaquast/MOCK2.partial/not_aligned/transposed_report.txt, transposed_report.tsv, and transposed_report.tex
  HTML version (interactive tables and plots) is saved to ${ARTICLE33_WORK_DIR}/metaquast/MOCK2.partial/not_aligned/report.html

2026-07-27 11:39:46
Summarizing results...

  Text versions of reports and plots for each metric (for all references and assemblies) are saved to ${ARTICLE33_WORK_DIR}/metaquast/MOCK2.partial/summary/
  Extended version of HTML-report (for all references and assemblies) is saved to ${ARTICLE33_WORK_DIR}/metaquast/MOCK2.partial/report.html

MetaQUAST finished.
  Log is saved to ${ARTICLE33_WORK_DIR}/metaquast/MOCK2.partial/metaquast.log

Finished: 2026-07-27 11:39:47
Elapsed time: 0:03:08.466138
Total NOTICEs: 56; WARNINGs: 0; non-fatal ERRORs: 0

Thank you for using QUAST!
