${QC_ENV_PREFIX}/bin/metaquast.py --min-alignment 500 --fragmented --min-identity 97 --split-scaffolds --threads 32 --min-contig 1000 --no-icarus --no-plots --space-efficient --report-all-metrics -r ${ARTICLE33_WORK_DIR}/truth/references/MOCK1/Acidilobus_saccharovorans_345-15.fna.gz,${ARTICLE33_WORK_DIR}/truth/references/MOCK1/Acidobacterium_capsulatum_ATCC_51196.fna.gz,${ARTICLE33_WORK_DIR}/truth/references/MOCK1/Aciduliprofundum_boonei_T469.fna.gz,${ARTICLE33_WORK_DIR}/truth/references/MOCK1/Akkermansia_muciniphila_ATCC_BAA-835.fna.gz,${ARTICLE33_WORK_DIR}/truth/references/MOCK1/Archaeoglobus_fulgidus_DSM_4304.fna.gz,${ARTICLE33_WORK_DIR}/truth/references/MOCK1/Bacteroides_thetaiotaomicron_VPI-5482.fna.gz,${ARTICLE33_WORK_DIR}/truth/references/MOCK1/Bordetella_pertussis_RB50.fna.gz,${ARTICLE33_WORK_DIR}/truth/references/MOCK1/Caldicellulosiruptor_bescii_DSM_6725.fna.gz,${ARTICLE33_WORK_DIR}/truth/references/MOCK1/Caldicellulosiruptor_saccharolyticus_DSM_8903.fna.gz,${ARTICLE33_WORK_DIR}/truth/references/MOCK1/Chlorobaculum_tepidum_TLS.fna.gz,${ARTICLE33_WORK_DIR}/truth/references/MOCK1/Chlorobium_limicola_DSM_245.fna.gz,${ARTICLE33_WORK_DIR}/truth/references/MOCK1/Chlorobium_phaeobacteroides_DSM_266.fna.gz,${ARTICLE33_WORK_DIR}/truth/references/MOCK1/Chlorobium_phaeovibrioides_DSM_265.fna.gz,${ARTICLE33_WORK_DIR}/truth/references/MOCK1/Chloroflexus_aurantiacus_J-10-fl.fna.gz,${ARTICLE33_WORK_DIR}/truth/references/MOCK1/Deinococcus_radiodurans_R1.fna.gz,${ARTICLE33_WORK_DIR}/truth/references/MOCK1/Desulfitobacterium_dehalogenans_ATCC_51507.fna.gz,${ARTICLE33_WORK_DIR}/truth/references/MOCK1/Desulfobulbus_oralis_sp._ONRL.fna.gz,${ARTICLE33_WORK_DIR}/truth/references/MOCK1/Desulfovibrio_mercurii_ND_132.fna.gz,${ARTICLE33_WORK_DIR}/truth/references/MOCK1/Desulfovibrio_piger_ATCC_29098.fna.gz,${ARTICLE33_WORK_DIR}/truth/references/MOCK1/Dictyoglomus_turgidum_DSM_6724.fna.gz,${ARTICLE33_WORK_DIR}/truth/references/MOCK1/Enterococcus_faecalis_OG1RF.fna.gz,${ARTICLE33_WORK_DIR}/truth/references/MOCK1/Fusobacterium_nucleatum_subsp._nucleatum_ATCC_25586.fna.gz,${ARTICLE33_WORK_DIR}/truth/references/MOCK1/Gemmatimonas_aurantiaca_T-27.fna.gz,${ARTICLE33_WORK_DIR}/truth/references/MOCK1/Geobacter_bemidjiensis_Bem.fna.gz,${ARTICLE33_WORK_DIR}/truth/references/MOCK1/Geobacter_sulfurreducens_PCA.fna.gz,${ARTICLE33_WORK_DIR}/truth/references/MOCK1/Halobacterium_salinarum_NRC-1.fna.gz,${ARTICLE33_WORK_DIR}/truth/references/MOCK1/Haloferax_volcanii_DS2.fna.gz,${ARTICLE33_WORK_DIR}/truth/references/MOCK1/Herpetosiphon_aurantiacus_DSM_785.fna.gz,${ARTICLE33_WORK_DIR}/truth/references/MOCK1/Hydrogenobaculum_sp._Y04AAS1.fna.gz,${ARTICLE33_WORK_DIR}/truth/references/MOCK1/Ignicoccus_hospitalis_KIN4_I.fna.gz,${ARTICLE33_WORK_DIR}/truth/references/MOCK1/Ignicoccus_islandicus_DSM_13165.fna.gz,${ARTICLE33_WORK_DIR}/truth/references/MOCK1/Leptothrix_cholodnii_SP-6.fna.gz,${ARTICLE33_WORK_DIR}/truth/references/MOCK1/Methanobrevibacter_oralis_DSM_7256.fna.gz,${ARTICLE33_WORK_DIR}/truth/references/MOCK1/Methanocaldococcus_jannaschii_DSM_2661.fna.gz,${ARTICLE33_WORK_DIR}/truth/references/MOCK1/Methanococcus_maripaludis_C5.fna.gz,${ARTICLE33_WORK_DIR}/truth/references/MOCK1/Methanococcus_maripaludis_S2.fna.gz,${ARTICLE33_WORK_DIR}/truth/references/MOCK1/Methanomassiliicoccus_luminyensis_B10.fna.gz,${ARTICLE33_WORK_DIR}/truth/references/MOCK1/Methanomethylovorans_hollandica_DSM_15978.fna.gz,${ARTICLE33_WORK_DIR}/truth/references/MOCK1/Methanopyrus_kandleri_AV19.fna.gz,${ARTICLE33_WORK_DIR}/truth/references/MOCK1/Methanosarcina_acetivorans_C2A.fna.gz,${ARTICLE33_WORK_DIR}/truth/references/MOCK1/Methanothermus_fervidus_DSM_2088.fna.gz,${ARTICLE33_WORK_DIR}/truth/references/MOCK1/Micromonospora_arenicola_CNS-205.fna.gz,${ARTICLE33_WORK_DIR}/truth/references/MOCK1/Micromonospora_tropica_CNB-440.fna.gz,${ARTICLE33_WORK_DIR}/truth/references/MOCK1/Nanoarchaeum_equitans_Kin4-M.fna.gz,${ARTICLE33_WORK_DIR}/truth/references/MOCK1/Nitratidesulfovibrio_vulgaris_Hildenborough.fna.gz,${ARTICLE33_WORK_DIR}/truth/references/MOCK1/Nitrosomonas_europaea_ATCC_19718.fna.gz,${ARTICLE33_WORK_DIR}/truth/references/MOCK1/Paraburkholderia_xenovorans_LB400.fna.gz,${ARTICLE33_WORK_DIR}/truth/references/MOCK1/Persephonella_marina_EX-H1.fna.gz,${ARTICLE33_WORK_DIR}/truth/references/MOCK1/Phocaeicola_vulgatus_ATCC_8482.fna.gz,${ARTICLE33_WORK_DIR}/truth/references/MOCK1/Porphyromonas_gingivalis_ATCC_33277.fna.gz,${ARTICLE33_WORK_DIR}/truth/references/MOCK1/Pseudomonas_fluorescens_SBW25.fna.gz,${ARTICLE33_WORK_DIR}/truth/references/MOCK1/Pseudomonas_putida_KT2440.fna.gz,${ARTICLE33_WORK_DIR}/truth/references/MOCK1/Pyrobaculum_aerophilum_IM2.fna.gz,${ARTICLE33_WORK_DIR}/truth/references/MOCK1/Pyrobaculum_arsenaticum_DSM_13514.fna.gz,${ARTICLE33_WORK_DIR}/truth/references/MOCK1/Pyrobaculum_calidifontis_JCM_11548.fna.gz,${ARTICLE33_WORK_DIR}/truth/references/MOCK1/Pyrococcus_furiosus_DSM_3638.fna.gz,${ARTICLE33_WORK_DIR}/truth/references/MOCK1/Pyrococcus_horikoshii_OT3.fna.gz,${ARTICLE33_WORK_DIR}/truth/references/MOCK1/Rhodopirellula_baltica_SH_1.fna.gz,${ARTICLE33_WORK_DIR}/truth/references/MOCK1/Ruegeria_pomeroyi_DSS-3.fna.gz,${ARTICLE33_WORK_DIR}/truth/references/MOCK1/Ruminiclostridium_thermocellum_ATCC_27405.fna.gz,${ARTICLE33_WORK_DIR}/truth/references/MOCK1/Shewanella_baltica_OS185.fna.gz,${ARTICLE33_WORK_DIR}/truth/references/MOCK1/Shewanella_baltica_OS223.fna.gz,${ARTICLE33_WORK_DIR}/truth/references/MOCK1/Shewanella_loihica_PV-4.fna.gz,${ARTICLE33_WORK_DIR}/truth/references/MOCK1/Sulfurihydrogenibium_sp._YO3AOP1.fna.gz,${ARTICLE33_WORK_DIR}/truth/references/MOCK1/Sulfurisphaera_tokodaii_str._7.fna.gz,${ARTICLE33_WORK_DIR}/truth/references/MOCK1/Thermoanaerobacter_pseudethanolicus_ATCC_33223.fna.gz,${ARTICLE33_WORK_DIR}/truth/references/MOCK1/Thermotoga_neapolitana_DSM_4359.fna.gz,${ARTICLE33_WORK_DIR}/truth/references/MOCK1/Thermotoga_petrophila_RKU-1.fna.gz,${ARTICLE33_WORK_DIR}/truth/references/MOCK1/Treponema_denticola_ATCC_35405.fna.gz,${ARTICLE33_WORK_DIR}/truth/references/MOCK1/Trichormus_sp._PCC_7120.fna.gz,${ARTICLE33_WORK_DIR}/truth/references/MOCK1/Wolinella_succinogenes_DSM_1740.fna.gz ${ARTICLE33_WORK_DIR}/assemblies/sr-megahit-m1.fasta ${ARTICLE33_WORK_DIR}/assemblies/sr-metaspades-m1.fasta ${ARTICLE33_WORK_DIR}/assemblies/lr-flye-ont.fasta ${ARTICLE33_WORK_DIR}/assemblies/lr-flye-hifi.fasta ${ARTICLE33_WORK_DIR}/assemblies/lr-hifiasm-hifi.fasta ${ARTICLE33_WORK_DIR}/assemblies/lr-metamdbg-hifi.fasta ${ARTICLE33_WORK_DIR}/assemblies/sr-spades-10m.fasta ${ARTICLE33_WORK_DIR}/assemblies/hybrid-illumina-ont.fasta ${ARTICLE33_WORK_DIR}/assemblies/hybrid-illumina-hifi.fasta ${ARTICLE33_WORK_DIR}/assemblies/lr-ont-polypolish.fasta ${ARTICLE33_WORK_DIR}/assemblies/lr-ont-careful.fasta ${ARTICLE33_WORK_DIR}/assemblies/diagnostic-fragmented-50kb.fasta ${ARTICLE33_WORK_DIR}/assemblies/diagnostic-chimeric-rotation.fasta --labels sr-megahit-m1,sr-metaspades-m1,lr-flye-ont,lr-flye-hifi,lr-hifiasm-hifi,lr-metamdbg-hifi,sr-spades-10m,hybrid-illumina-ont,hybrid-illumina-hifi,lr-ont-polypolish,lr-ont-careful,diagnostic-fragmented-50kb,diagnostic-chimeric-rotation -o ${ARTICLE33_WORK_DIR}/metaquast/MOCK1.partial

Version: 5.3.0

System information:
  OS: Linux-6.8.0-49-generic-x86_64-with-glibc2.35 (linux_64)
  Python version: 3.10.20
  CPUs number: 72

Started: 2026-07-27 11:26:51

Logging to ${ARTICLE33_WORK_DIR}/metaquast/MOCK1.partial/metaquast.log

Reference(s):
  ${ARTICLE33_WORK_DIR}/truth/references/MOCK1/Acidilobus_saccharovorans_345-15.fna.gz ==> Acidilobus_saccharovorans_345-15
  ${ARTICLE33_WORK_DIR}/truth/references/MOCK1/Acidobacterium_capsulatum_ATCC_51196.fna.gz ==> Acidobacterium_capsulatum_ATCC_51196
  ${ARTICLE33_WORK_DIR}/truth/references/MOCK1/Aciduliprofundum_boonei_T469.fna.gz ==> Aciduliprofundum_boonei_T469
  ${ARTICLE33_WORK_DIR}/truth/references/MOCK1/Akkermansia_muciniphila_ATCC_BAA-835.fna.gz ==> Akkermansia_muciniphila_ATCC_BAA-835
  ${ARTICLE33_WORK_DIR}/truth/references/MOCK1/Archaeoglobus_fulgidus_DSM_4304.fna.gz ==> Archaeoglobus_fulgidus_DSM_4304
  ${ARTICLE33_WORK_DIR}/truth/references/MOCK1/Bacteroides_thetaiotaomicron_VPI-5482.fna.gz ==> Bacteroides_thetaiotaomicron_VPI-5482
  ${ARTICLE33_WORK_DIR}/truth/references/MOCK1/Bordetella_pertussis_RB50.fna.gz ==> Bordetella_pertussis_RB50
  ${ARTICLE33_WORK_DIR}/truth/references/MOCK1/Caldicellulosiruptor_bescii_DSM_6725.fna.gz ==> Caldicellulosiruptor_bescii_DSM_6725
  ${ARTICLE33_WORK_DIR}/truth/references/MOCK1/Caldicellulosiruptor_saccharolyticus_DSM_8903.fna.gz ==> Caldicellulosiruptor_saccharolyticus_DSM_8903
  ${ARTICLE33_WORK_DIR}/truth/references/MOCK1/Chlorobaculum_tepidum_TLS.fna.gz ==> Chlorobaculum_tepidum_TLS
  ${ARTICLE33_WORK_DIR}/truth/references/MOCK1/Chlorobium_limicola_DSM_245.fna.gz ==> Chlorobium_limicola_DSM_245
  ${ARTICLE33_WORK_DIR}/truth/references/MOCK1/Chlorobium_phaeobacteroides_DSM_266.fna.gz ==> Chlorobium_phaeobacteroides_DSM_266
  ${ARTICLE33_WORK_DIR}/truth/references/MOCK1/Chlorobium_phaeovibrioides_DSM_265.fna.gz ==> Chlorobium_phaeovibrioides_DSM_265
  ${ARTICLE33_WORK_DIR}/truth/references/MOCK1/Chloroflexus_aurantiacus_J-10-fl.fna.gz ==> Chloroflexus_aurantiacus_J-10-fl
  ${ARTICLE33_WORK_DIR}/truth/references/MOCK1/Deinococcus_radiodurans_R1.fna.gz ==> Deinococcus_radiodurans_R1
  ${ARTICLE33_WORK_DIR}/truth/references/MOCK1/Desulfitobacterium_dehalogenans_ATCC_51507.fna.gz ==> Desulfitobacterium_dehalogenans_ATCC_51507
  ${ARTICLE33_WORK_DIR}/truth/references/MOCK1/Desulfobulbus_oralis_sp._ONRL.fna.gz ==> Desulfobulbus_oralis_sp._ONRL
  ${ARTICLE33_WORK_DIR}/truth/references/MOCK1/Desulfovibrio_mercurii_ND_132.fna.gz ==> Desulfovibrio_mercurii_ND_132
  ${ARTICLE33_WORK_DIR}/truth/references/MOCK1/Desulfovibrio_piger_ATCC_29098.fna.gz ==> Desulfovibrio_piger_ATCC_29098
  ${ARTICLE33_WORK_DIR}/truth/references/MOCK1/Dictyoglomus_turgidum_DSM_6724.fna.gz ==> Dictyoglomus_turgidum_DSM_6724
  ${ARTICLE33_WORK_DIR}/truth/references/MOCK1/Enterococcus_faecalis_OG1RF.fna.gz ==> Enterococcus_faecalis_OG1RF
  ${ARTICLE33_WORK_DIR}/truth/references/MOCK1/Fusobacterium_nucleatum_subsp._nucleatum_ATCC_25586.fna.gz ==> Fusobacterium_nucleatum_subsp._nucleatum_ATCC_25586
  ${ARTICLE33_WORK_DIR}/truth/references/MOCK1/Gemmatimonas_aurantiaca_T-27.fna.gz ==> Gemmatimonas_aurantiaca_T-27
  ${ARTICLE33_WORK_DIR}/truth/references/MOCK1/Geobacter_bemidjiensis_Bem.fna.gz ==> Geobacter_bemidjiensis_Bem
  ${ARTICLE33_WORK_DIR}/truth/references/MOCK1/Geobacter_sulfurreducens_PCA.fna.gz ==> Geobacter_sulfurreducens_PCA
  ${ARTICLE33_WORK_DIR}/truth/references/MOCK1/Halobacterium_salinarum_NRC-1.fna.gz ==> Halobacterium_salinarum_NRC-1
  ${ARTICLE33_WORK_DIR}/truth/references/MOCK1/Haloferax_volcanii_DS2.fna.gz ==> Haloferax_volcanii_DS2
  ${ARTICLE33_WORK_DIR}/truth/references/MOCK1/Herpetosiphon_aurantiacus_DSM_785.fna.gz ==> Herpetosiphon_aurantiacus_DSM_785
  ${ARTICLE33_WORK_DIR}/truth/references/MOCK1/Hydrogenobaculum_sp._Y04AAS1.fna.gz ==> Hydrogenobaculum_sp._Y04AAS1
  ${ARTICLE33_WORK_DIR}/truth/references/MOCK1/Ignicoccus_hospitalis_KIN4_I.fna.gz ==> Ignicoccus_hospitalis_KIN4_I
  ${ARTICLE33_WORK_DIR}/truth/references/MOCK1/Ignicoccus_islandicus_DSM_13165.fna.gz ==> Ignicoccus_islandicus_DSM_13165
  ${ARTICLE33_WORK_DIR}/truth/references/MOCK1/Leptothrix_cholodnii_SP-6.fna.gz ==> Leptothrix_cholodnii_SP-6
  ${ARTICLE33_WORK_DIR}/truth/references/MOCK1/Methanobrevibacter_oralis_DSM_7256.fna.gz ==> Methanobrevibacter_oralis_DSM_7256
  ${ARTICLE33_WORK_DIR}/truth/references/MOCK1/Methanocaldococcus_jannaschii_DSM_2661.fna.gz ==> Methanocaldococcus_jannaschii_DSM_2661
  ${ARTICLE33_WORK_DIR}/truth/references/MOCK1/Methanococcus_maripaludis_C5.fna.gz ==> Methanococcus_maripaludis_C5
  ${ARTICLE33_WORK_DIR}/truth/references/MOCK1/Methanococcus_maripaludis_S2.fna.gz ==> Methanococcus_maripaludis_S2
  ${ARTICLE33_WORK_DIR}/truth/references/MOCK1/Methanomassiliicoccus_luminyensis_B10.fna.gz ==> Methanomassiliicoccus_luminyensis_B10
  ${ARTICLE33_WORK_DIR}/truth/references/MOCK1/Methanomethylovorans_hollandica_DSM_15978.fna.gz ==> Methanomethylovorans_hollandica_DSM_15978
  ${ARTICLE33_WORK_DIR}/truth/references/MOCK1/Methanopyrus_kandleri_AV19.fna.gz ==> Methanopyrus_kandleri_AV19
  ${ARTICLE33_WORK_DIR}/truth/references/MOCK1/Methanosarcina_acetivorans_C2A.fna.gz ==> Methanosarcina_acetivorans_C2A
  ${ARTICLE33_WORK_DIR}/truth/references/MOCK1/Methanothermus_fervidus_DSM_2088.fna.gz ==> Methanothermus_fervidus_DSM_2088
  ${ARTICLE33_WORK_DIR}/truth/references/MOCK1/Micromonospora_arenicola_CNS-205.fna.gz ==> Micromonospora_arenicola_CNS-205
  ${ARTICLE33_WORK_DIR}/truth/references/MOCK1/Micromonospora_tropica_CNB-440.fna.gz ==> Micromonospora_tropica_CNB-440
  ${ARTICLE33_WORK_DIR}/truth/references/MOCK1/Nanoarchaeum_equitans_Kin4-M.fna.gz ==> Nanoarchaeum_equitans_Kin4-M
  ${ARTICLE33_WORK_DIR}/truth/references/MOCK1/Nitratidesulfovibrio_vulgaris_Hildenborough.fna.gz ==> Nitratidesulfovibrio_vulgaris_Hildenborough
  ${ARTICLE33_WORK_DIR}/truth/references/MOCK1/Nitrosomonas_europaea_ATCC_19718.fna.gz ==> Nitrosomonas_europaea_ATCC_19718
  ${ARTICLE33_WORK_DIR}/truth/references/MOCK1/Paraburkholderia_xenovorans_LB400.fna.gz ==> Paraburkholderia_xenovorans_LB400
  ${ARTICLE33_WORK_DIR}/truth/references/MOCK1/Persephonella_marina_EX-H1.fna.gz ==> Persephonella_marina_EX-H1
  ${ARTICLE33_WORK_DIR}/truth/references/MOCK1/Phocaeicola_vulgatus_ATCC_8482.fna.gz ==> Phocaeicola_vulgatus_ATCC_8482
  ${ARTICLE33_WORK_DIR}/truth/references/MOCK1/Porphyromonas_gingivalis_ATCC_33277.fna.gz ==> Porphyromonas_gingivalis_ATCC_33277
  ${ARTICLE33_WORK_DIR}/truth/references/MOCK1/Pseudomonas_fluorescens_SBW25.fna.gz ==> Pseudomonas_fluorescens_SBW25
  ${ARTICLE33_WORK_DIR}/truth/references/MOCK1/Pseudomonas_putida_KT2440.fna.gz ==> Pseudomonas_putida_KT2440
  ${ARTICLE33_WORK_DIR}/truth/references/MOCK1/Pyrobaculum_aerophilum_IM2.fna.gz ==> Pyrobaculum_aerophilum_IM2
  ${ARTICLE33_WORK_DIR}/truth/references/MOCK1/Pyrobaculum_arsenaticum_DSM_13514.fna.gz ==> Pyrobaculum_arsenaticum_DSM_13514
  ${ARTICLE33_WORK_DIR}/truth/references/MOCK1/Pyrobaculum_calidifontis_JCM_11548.fna.gz ==> Pyrobaculum_calidifontis_JCM_11548
  ${ARTICLE33_WORK_DIR}/truth/references/MOCK1/Pyrococcus_furiosus_DSM_3638.fna.gz ==> Pyrococcus_furiosus_DSM_3638
  ${ARTICLE33_WORK_DIR}/truth/references/MOCK1/Pyrococcus_horikoshii_OT3.fna.gz ==> Pyrococcus_horikoshii_OT3
  ${ARTICLE33_WORK_DIR}/truth/references/MOCK1/Rhodopirellula_baltica_SH_1.fna.gz ==> Rhodopirellula_baltica_SH_1
  ${ARTICLE33_WORK_DIR}/truth/references/MOCK1/Ruegeria_pomeroyi_DSS-3.fna.gz ==> Ruegeria_pomeroyi_DSS-3
  ${ARTICLE33_WORK_DIR}/truth/references/MOCK1/Ruminiclostridium_thermocellum_ATCC_27405.fna.gz ==> Ruminiclostridium_thermocellum_ATCC_27405
  ${ARTICLE33_WORK_DIR}/truth/references/MOCK1/Shewanella_baltica_OS185.fna.gz ==> Shewanella_baltica_OS185
  ${ARTICLE33_WORK_DIR}/truth/references/MOCK1/Shewanella_baltica_OS223.fna.gz ==> Shewanella_baltica_OS223
  ${ARTICLE33_WORK_DIR}/truth/references/MOCK1/Shewanella_loihica_PV-4.fna.gz ==> Shewanella_loihica_PV-4
  ${ARTICLE33_WORK_DIR}/truth/references/MOCK1/Sulfurihydrogenibium_sp._YO3AOP1.fna.gz ==> Sulfurihydrogenibium_sp._YO3AOP1
  ${ARTICLE33_WORK_DIR}/truth/references/MOCK1/Sulfurisphaera_tokodaii_str._7.fna.gz ==> Sulfurisphaera_tokodaii_str._7
  ${ARTICLE33_WORK_DIR}/truth/references/MOCK1/Thermoanaerobacter_pseudethanolicus_ATCC_33223.fna.gz ==> Thermoanaerobacter_pseudethanolicus_ATCC_33223
  ${ARTICLE33_WORK_DIR}/truth/references/MOCK1/Thermotoga_neapolitana_DSM_4359.fna.gz ==> Thermotoga_neapolitana_DSM_4359
  ${ARTICLE33_WORK_DIR}/truth/references/MOCK1/Thermotoga_petrophila_RKU-1.fna.gz ==> Thermotoga_petrophila_RKU-1
  ${ARTICLE33_WORK_DIR}/truth/references/MOCK1/Treponema_denticola_ATCC_35405.fna.gz ==> Treponema_denticola_ATCC_35405
  ${ARTICLE33_WORK_DIR}/truth/references/MOCK1/Trichormus_sp._PCC_7120.fna.gz ==> Trichormus_sp._PCC_7120
  ${ARTICLE33_WORK_DIR}/truth/references/MOCK1/Wolinella_succinogenes_DSM_1740.fna.gz ==> Wolinella_succinogenes_DSM_1740
  All references were combined in combined_reference.fasta

Contigs:
  Pre-processing...
  1  ${ARTICLE33_WORK_DIR}/assemblies/sr-megahit-m1.fasta ==> sr-megahit-m1
  1    breaking scaffolds into contigs:
  1      WARNING: nothing was broken, skipping 'sr-megahit-m1 broken' from further analysis
  2  ${ARTICLE33_WORK_DIR}/assemblies/sr-metaspades-m1.fasta ==> sr-metaspades-m1
  2    breaking scaffolds into contigs:
  2      WARNING: nothing was broken, skipping 'sr-metaspades-m1 broken' from further analysis
  3  ${ARTICLE33_WORK_DIR}/assemblies/lr-flye-ont.fasta ==> lr-flye-ont
  3    breaking scaffolds into contigs:
  3      WARNING: nothing was broken, skipping 'lr-flye-ont broken' from further analysis
  4  ${ARTICLE33_WORK_DIR}/assemblies/lr-flye-hifi.fasta ==> lr-flye-hifi
  4    breaking scaffolds into contigs:
  4      WARNING: nothing was broken, skipping 'lr-flye-hifi broken' from further analysis
  5  ${ARTICLE33_WORK_DIR}/assemblies/lr-hifiasm-hifi.fasta ==> lr-hifiasm-hifi
  5    breaking scaffolds into contigs:
  5      WARNING: nothing was broken, skipping 'lr-hifiasm-hifi broken' from further analysis
  6  ${ARTICLE33_WORK_DIR}/assemblies/lr-metamdbg-hifi.fasta ==> lr-metamdbg-hifi
  6    breaking scaffolds into contigs:
  6      WARNING: nothing was broken, skipping 'lr-metamdbg-hifi broken' from further analysis
  7  ${ARTICLE33_WORK_DIR}/assemblies/sr-spades-10m.fasta ==> sr-spades-10m
  7    breaking scaffolds into contigs:
  7      20647 scaffolds (sr-spades-10m) were broken into 27001 contigs (sr-spades-10m_broken)
  8  ${ARTICLE33_WORK_DIR}/assemblies/hybrid-illumina-ont.fasta ==> hybrid-illumina-ont
  8    breaking scaffolds into contigs:
  8      11064 scaffolds (hybrid-illumina-ont) were broken into 13333 contigs (hybrid-illumina-ont_broken)
  9  ${ARTICLE33_WORK_DIR}/assemblies/hybrid-illumina-hifi.fasta ==> hybrid-illumina-hifi
  9    breaking scaffolds into contigs:
  9      9751 scaffolds (hybrid-illumina-hifi) were broken into 11816 contigs (hybrid-illumina-hifi_broken)
  10 ${ARTICLE33_WORK_DIR}/assemblies/lr-ont-polypolish.fasta ==> lr-ont-polypolish
  10   breaking scaffolds into contigs:
  10     WARNING: nothing was broken, skipping 'lr-ont-polypolish broken' from further analysis
  11 ${ARTICLE33_WORK_DIR}/assemblies/lr-ont-careful.fasta ==> lr-ont-careful
  11   breaking scaffolds into contigs:
  11     WARNING: nothing was broken, skipping 'lr-ont-careful broken' from further analysis
  12 ${ARTICLE33_WORK_DIR}/assemblies/diagnostic-fragmented-50kb.fasta ==> diagnostic-fragmented-50kb
  12   breaking scaffolds into contigs:
  12     WARNING: nothing was broken, skipping 'diagnostic-fragmented-50kb broken' from further analysis
  13 ${ARTICLE33_WORK_DIR}/assemblies/diagnostic-chimeric-rotation.fasta ==> diagnostic-chimeric-rotation
  13   breaking scaffolds into contigs:
  13     WARNING: nothing was broken, skipping 'diagnostic-chimeric-rotation broken' from further analysis

Starting quast.py for the combined reference...
${QC_ENV_PREFIX}/bin/quast.py --min-alignment 500 --fragmented --min-identity 97 --split-scaffolds --threads 32 --min-contig 1000 --no-icarus --no-plots --space-efficient --report-all-metrics --combined-ref --colors #E31A1C,#1F78B4,#33A02C,#6A3D9A,#FF7F00,#800000,#A6CEE3,#B2DF8A,#333300,#CCCC00,#000080,#008080,#00FF00,#E31A1C,#1F78B4,#33A02C --ls solid,solid,solid,solid,solid,solid,solid,solid,solid,solid,solid,solid,solid,solid,solid,solid --ambiguity-usage all ${ARTICLE33_WORK_DIR}/assemblies/sr-megahit-m1.fasta ${ARTICLE33_WORK_DIR}/assemblies/sr-metaspades-m1.fasta ${ARTICLE33_WORK_DIR}/assemblies/lr-flye-ont.fasta ${ARTICLE33_WORK_DIR}/assemblies/lr-flye-hifi.fasta ${ARTICLE33_WORK_DIR}/assemblies/lr-hifiasm-hifi.fasta ${ARTICLE33_WORK_DIR}/assemblies/lr-metamdbg-hifi.fasta ${ARTICLE33_WORK_DIR}/assemblies/sr-spades-10m.fasta ${ARTICLE33_WORK_DIR}/metaquast/MOCK1.partial/quast_corrected_input/sr-spades-10m_broken.fasta ${ARTICLE33_WORK_DIR}/assemblies/hybrid-illumina-ont.fasta ${ARTICLE33_WORK_DIR}/metaquast/MOCK1.partial/quast_corrected_input/hybrid-illumina-ont_broken.fasta ${ARTICLE33_WORK_DIR}/assemblies/hybrid-illumina-hifi.fasta ${ARTICLE33_WORK_DIR}/metaquast/MOCK1.partial/quast_corrected_input/hybrid-illumina-hifi_broken.fasta ${ARTICLE33_WORK_DIR}/assemblies/lr-ont-polypolish.fasta ${ARTICLE33_WORK_DIR}/assemblies/lr-ont-careful.fasta ${ARTICLE33_WORK_DIR}/assemblies/diagnostic-fragmented-50kb.fasta ${ARTICLE33_WORK_DIR}/assemblies/diagnostic-chimeric-rotation.fasta -R ${ARTICLE33_WORK_DIR}/metaquast/MOCK1.partial/quast_corrected_input/combined_reference.fasta -o ${ARTICLE33_WORK_DIR}/metaquast/MOCK1.partial/combined_reference --labels "sr-megahit-m1, sr-metaspades-m1, lr-flye-ont, lr-flye-hifi, lr-hifiasm-hifi, lr-metamdbg-hifi, sr-spades-10m, sr-spades-10m_broken, hybrid-illumina-ont, hybrid-illumina-ont_broken, hybrid-illumina-hifi, hybrid-illumina-hifi_broken, lr-ont-polypolish, lr-ont-careful, diagnostic-fragmented-50kb, diagnostic-chimeric-rotation"

Started: 2026-07-27 11:27:11

Logging to ${ARTICLE33_WORK_DIR}/metaquast/MOCK1.partial/combined_reference/quast.log

CWD: ${PROJECT_ROOT}
Main parameters: 
  MODE: meta, threads: 32, split scaffolds: true, min contig length: 1000, min alignment length: 500, \
  min alignment IDY: 97.0, ambiguity: all, min local misassembly length: 200, min extensive misassembly length: 1000

Reference:
  ${ARTICLE33_WORK_DIR}/metaquast/MOCK1.partial/quast_corrected_input/combined_reference.fasta ==> combined_reference

Contigs:
  Pre-processing...
  1  ${ARTICLE33_WORK_DIR}/assemblies/sr-megahit-m1.fasta ==> sr-megahit-m1
  2  ${ARTICLE33_WORK_DIR}/assemblies/sr-metaspades-m1.fasta ==> sr-metaspades-m1
  3  ${ARTICLE33_WORK_DIR}/assemblies/lr-flye-ont.fasta ==> lr-flye-ont
  4  ${ARTICLE33_WORK_DIR}/assemblies/lr-flye-hifi.fasta ==> lr-flye-hifi
  5  ${ARTICLE33_WORK_DIR}/assemblies/lr-hifiasm-hifi.fasta ==> lr-hifiasm-hifi
  6  ${ARTICLE33_WORK_DIR}/assemblies/lr-metamdbg-hifi.fasta ==> lr-metamdbg-hifi
  7  ${ARTICLE33_WORK_DIR}/assemblies/sr-spades-10m.fasta ==> sr-spades-10m
  8  ${ARTICLE33_WORK_DIR}/metaquast/MOCK1.partial/quast_corrected_input/sr-spades-10m_broken.fasta ==> sr-spades-10m_broken
  9  ${ARTICLE33_WORK_DIR}/assemblies/hybrid-illumina-ont.fasta ==> hybrid-illumina-ont
  10 ${ARTICLE33_WORK_DIR}/metaquast/MOCK1.partial/quast_corrected_input/hybrid-illumina-ont_broken.fasta ==> hybrid-illumina-ont_broken
  11 ${ARTICLE33_WORK_DIR}/assemblies/hybrid-illumina-hifi.fasta ==> hybrid-illumina-hifi
  12 ${ARTICLE33_WORK_DIR}/metaquast/MOCK1.partial/quast_corrected_input/hybrid-illumina-hifi_broken.fasta ==> hybrid-illumina-hifi_broken
  13 ${ARTICLE33_WORK_DIR}/assemblies/lr-ont-polypolish.fasta ==> lr-ont-polypolish
  14 ${ARTICLE33_WORK_DIR}/assemblies/lr-ont-careful.fasta ==> lr-ont-careful
  15 ${ARTICLE33_WORK_DIR}/assemblies/diagnostic-fragmented-50kb.fasta ==> diagnostic-fragmented-50kb
  16 ${ARTICLE33_WORK_DIR}/assemblies/diagnostic-chimeric-rotation.fasta ==> diagnostic-chimeric-rotation

2026-07-27 11:27:18
Running Basic statistics processor...
  Reference genome:
    combined_reference.fasta, length = 239414479, num fragments = 310, GC % = 52.18
  Contig files: 
    1  sr-megahit-m1
    2  sr-metaspades-m1
    3  lr-flye-ont
    4  lr-flye-hifi
    5  lr-hifiasm-hifi
    6  lr-metamdbg-hifi
    7  sr-spades-10m
    8  sr-spades-10m_broken
    9  hybrid-illumina-ont
    10 hybrid-illumina-ont_broken
    11 hybrid-illumina-hifi
    12 hybrid-illumina-hifi_broken
    13 lr-ont-polypolish
    14 lr-ont-careful
    15 diagnostic-fragmented-50kb
    16 diagnostic-chimeric-rotation
  Calculating N50 and L50...
    1  sr-megahit-m1, N50 = 6197, L50 = 1489, auN = 24056.9, Total length = 55461594, GC % = 47.51, # N's per 100 kbp =  0.00
    2  sr-metaspades-m1, N50 = 7353, L50 = 1246, auN = 35194.9, Total length = 58170565, GC % = 47.73, # N's per 100 kbp =  0.00
    3  lr-flye-ont, N50 = 441240, L50 = 47, auN = 1291481.1, Total length = 143770812, GC % = 50.70, # N's per 100 kbp =  0.00
    4  lr-flye-hifi, N50 = 2013697, L50 = 22, auN = 2711172.4, Total length = 169457769, GC % = 51.94, # N's per 100 kbp =  0.00
    5  lr-hifiasm-hifi, N50 = 2154824, L50 = 22, auN = 2674732.9, Total length = 170075586, GC % = 51.98, # N's per 100 kbp =  0.00
    6  lr-metamdbg-hifi, N50 = 2007072, L50 = 25, auN = 2472842.3, Total length = 179428525, GC % = 52.09, # N's per 100 kbp =  0.00
    7  sr-spades-10m, N50 = 26020, L50 = 774, auN = 139521.1, Total length = 141314393, GC % = 49.96, # N's per 100 kbp =  92.95
    8  sr-spades-10m_broken, N50 = 22015, L50 = 854, auN = 132762.8, Total length = 138420342, GC % = 49.89, # N's per 100 kbp =  0.00
    9  hybrid-illumina-ont, N50 = 72626, L50 = 259, auN = 606935.5, Total length = 159368905, GC % = 50.53, # N's per 100 kbp =  180.34
    10 hybrid-illumina-ont_broken, N50 = 62110, L50 = 340, auN = 424807.0, Total length = 158336020, GC % = 50.53, # N's per 100 kbp =  0.00
    11 hybrid-illumina-hifi, N50 = 72242, L50 = 296, auN = 769198.7, Total length = 168451875, GC % = 50.84, # N's per 100 kbp =  512.72
    12 hybrid-illumina-hifi_broken, N50 = 62786, L50 = 350, auN = 591164.3, Total length = 166997057, GC % = 50.85, # N's per 100 kbp =  0.00
    13 lr-ont-polypolish, N50 = 440931, L50 = 47, auN = 1294953.4, Total length = 143898052, GC % = 50.67, # N's per 100 kbp =  0.00
    14 lr-ont-careful, N50 = 440979, L50 = 47, auN = 1294836.6, Total length = 143893598, GC % = 50.67, # N's per 100 kbp =  0.00
    15 diagnostic-fragmented-50kb, N50 = 50000, L50 = 1695, auN = 47872.6, Total length = 169457769, GC % = 51.94, # N's per 100 kbp =  0.00
    16 diagnostic-chimeric-rotation, N50 = 2013697, L50 = 22, auN = 2711172.4, Total length = 169457769, GC % = 51.94, # N's per 100 kbp =  0.00
Done.

2026-07-27 11:29:08
Running Contig analyzer...
  1  sr-megahit-m1
  1  Logging is disabled.
  1  Aligning contigs to the reference
  2  sr-metaspades-m1
  2  Logging is disabled.
  2  Aligning contigs to the reference
  3  lr-flye-ont
  3  Logging is disabled.
  3  Aligning contigs to the reference
  4  lr-flye-hifi
  4  Logging is disabled.
  4  Aligning contigs to the reference
  5  lr-hifiasm-hifi
  5  Logging is disabled.
  5  Aligning contigs to the reference
  6  lr-metamdbg-hifi
  6  Logging is disabled.
  6  Aligning contigs to the reference
  7  sr-spades-10m
  7  Logging is disabled.
  7  Aligning contigs to the reference
  8  sr-spades-10m_broken
  8  Logging is disabled.
  8  Aligning contigs to the reference
  9  hybrid-illumina-ont
  9  Logging is disabled.
  9  Aligning contigs to the reference
  10 hybrid-illumina-ont_broken
  10 Logging is disabled.
  10 Aligning contigs to the reference
  11 hybrid-illumina-hifi
  11 Logging is disabled.
  11 Aligning contigs to the reference
  12 hybrid-illumina-hifi_broken
  12 Logging is disabled.
  12 Aligning contigs to the reference
  13 lr-ont-polypolish
  13 Logging is disabled.
  13 Aligning contigs to the reference
  14 lr-ont-careful
  14 Logging is disabled.
  14 Aligning contigs to the reference
  15 diagnostic-fragmented-50kb
  15 Logging is disabled.
  15 Aligning contigs to the reference
  16 diagnostic-chimeric-rotation
  16 Logging is disabled.
  16 Aligning contigs to the reference
  2  Analysis is finished.
  1  Analysis is finished.
  8  Analysis is finished.
  7  Analysis is finished.
  9  Analysis is finished.
  10 Analysis is finished.
  12 Analysis is finished.
  11 Analysis is finished.
  14 Analysis is finished.
  13 Analysis is finished.
  3  Analysis is finished.
  15 Analysis is finished.
  4  Analysis is finished.
  16 Analysis is finished.
  6  Analysis is finished.
  5  Analysis is finished.
  Information about interspecies translocations by references for sr-megahit-m1 is saved to ${ARTICLE33_WORK_DIR}/metaquast/MOCK1.partial/combined_reference/contigs_reports/interspecies_translocations_by_refs_sr-megahit-m1.info
  Information about interspecies translocations by references for sr-metaspades-m1 is saved to ${ARTICLE33_WORK_DIR}/metaquast/MOCK1.partial/combined_reference/contigs_reports/interspecies_translocations_by_refs_sr-metaspades-m1.info
  Information about interspecies translocations by references for lr-flye-ont is saved to ${ARTICLE33_WORK_DIR}/metaquast/MOCK1.partial/combined_reference/contigs_reports/interspecies_translocations_by_refs_lr-flye-ont.info
  Information about interspecies translocations by references for lr-flye-hifi is saved to ${ARTICLE33_WORK_DIR}/metaquast/MOCK1.partial/combined_reference/contigs_reports/interspecies_translocations_by_refs_lr-flye-hifi.info
  Information about interspecies translocations by references for lr-hifiasm-hifi is saved to ${ARTICLE33_WORK_DIR}/metaquast/MOCK1.partial/combined_reference/contigs_reports/interspecies_translocations_by_refs_lr-hifiasm-hifi.info
  Information about interspecies translocations by references for lr-metamdbg-hifi is saved to ${ARTICLE33_WORK_DIR}/metaquast/MOCK1.partial/combined_reference/contigs_reports/interspecies_translocations_by_refs_lr-metamdbg-hifi.info
  Information about interspecies translocations by references for sr-spades-10m is saved to ${ARTICLE33_WORK_DIR}/metaquast/MOCK1.partial/combined_reference/contigs_reports/interspecies_translocations_by_refs_sr-spades-10m.info
  Information about interspecies translocations by references for sr-spades-10m_broken is saved to ${ARTICLE33_WORK_DIR}/metaquast/MOCK1.partial/combined_reference/contigs_reports/interspecies_translocations_by_refs_sr-spades-10m_broken.info
  Information about interspecies translocations by references for hybrid-illumina-ont is saved to ${ARTICLE33_WORK_DIR}/metaquast/MOCK1.partial/combined_reference/contigs_reports/interspecies_translocations_by_refs_hybrid-illumina-ont.info
  Information about interspecies translocations by references for hybrid-illumina-ont_broken is saved to ${ARTICLE33_WORK_DIR}/metaquast/MOCK1.partial/combined_reference/contigs_reports/interspecies_translocations_by_refs_hybrid-illumina-ont_broken.info
  Information about interspecies translocations by references for hybrid-illumina-hifi is saved to ${ARTICLE33_WORK_DIR}/metaquast/MOCK1.partial/combined_reference/contigs_reports/interspecies_translocations_by_refs_hybrid-illumina-hifi.info
  Information about interspecies translocations by references for hybrid-illumina-hifi_broken is saved to ${ARTICLE33_WORK_DIR}/metaquast/MOCK1.partial/combined_reference/contigs_reports/interspecies_translocations_by_refs_hybrid-illumina-hifi_broken.info
  Information about interspecies translocations by references for lr-ont-polypolish is saved to ${ARTICLE33_WORK_DIR}/metaquast/MOCK1.partial/combined_reference/contigs_reports/interspecies_translocations_by_refs_lr-ont-polypolish.info
  Information about interspecies translocations by references for lr-ont-careful is saved to ${ARTICLE33_WORK_DIR}/metaquast/MOCK1.partial/combined_reference/contigs_reports/interspecies_translocations_by_refs_lr-ont-careful.info
  Information about interspecies translocations by references for diagnostic-fragmented-50kb is saved to ${ARTICLE33_WORK_DIR}/metaquast/MOCK1.partial/combined_reference/contigs_reports/interspecies_translocations_by_refs_diagnostic-fragmented-50kb.info
  Information about interspecies translocations by references for diagnostic-chimeric-rotation is saved to ${ARTICLE33_WORK_DIR}/metaquast/MOCK1.partial/combined_reference/contigs_reports/interspecies_translocations_by_refs_diagnostic-chimeric-rotation.info
  Creating total report...
    saved to ${ARTICLE33_WORK_DIR}/metaquast/MOCK1.partial/combined_reference/contigs_reports/misassemblies_report.txt, misassemblies_report.tsv, and misassemblies_report.tex
  Transposed version of total report...
    saved to ${ARTICLE33_WORK_DIR}/metaquast/MOCK1.partial/combined_reference/contigs_reports/transposed_report_misassemblies.txt, transposed_report_misassemblies.tsv, and transposed_report_misassemblies.tex
  Creating total report...
    saved to ${ARTICLE33_WORK_DIR}/metaquast/MOCK1.partial/combined_reference/contigs_reports/unaligned_report.txt, unaligned_report.tsv, and unaligned_report.tex
Done.

2026-07-27 11:32:25
Running NA-NGA calculation...
  1  sr-megahit-m1, Largest alignment = 307522, NA50 = 6110, LA50 = 1520
  2  sr-metaspades-m1, Largest alignment = 460045, NA50 = 7255, LA50 = 1270
  3  lr-flye-ont, Largest alignment = 4357351, NA50 = 194794, LA50 = 108
  4  lr-flye-hifi, Largest alignment = 6602741, NA50 = 903979, LA50 = 42
  5  lr-hifiasm-hifi, Largest alignment = 4351146, NA50 = 847090, LA50 = 46
  6  lr-metamdbg-hifi, Largest alignment = 5136130, NA50 = 749991, LA50 = 53
  7  sr-spades-10m, Largest alignment = 1630363, NA50 = 25703, LA50 = 809
  8  sr-spades-10m_broken, Largest alignment = 1630363, NA50 = 21821, LA50 = 887
  9  hybrid-illumina-ont, Largest alignment = 3239829, NA50 = 65930, LA50 = 328
  10 hybrid-illumina-ont_broken, Largest alignment = 3147103, NA50 = 57815, LA50 = 394
  11 hybrid-illumina-hifi, Largest alignment = 3238920, NA50 = 65182, LA50 = 370
  12 hybrid-illumina-hifi_broken, Largest alignment = 3147103, NA50 = 57740, LA50 = 415
  13 lr-ont-polypolish, Largest alignment = 4361376, NA50 = 198296, LA50 = 107
  14 lr-ont-careful, Largest alignment = 4361350, NA50 = 198300, LA50 = 107
  15 diagnostic-fragmented-50kb, Largest alignment = 50149, NA50 = 50000, LA50 = 1695
  16 diagnostic-chimeric-rotation, Largest alignment = 3311202, NA50 = 783687, LA50 = 56
Done.

2026-07-27 11:32:48
Running Genome analyzer...
  NOTICE: No file with genomic features were provided. Use the --features option if you want to specify it.

  NOTICE: No file with operons were provided. Use the -O option if you want to specify it.
  1  sr-megahit-m1
  2  sr-metaspades-m1
  3  lr-flye-ont
  4  lr-flye-hifi
  5  lr-hifiasm-hifi
  6  lr-metamdbg-hifi
  7  sr-spades-10m
  8  sr-spades-10m_broken
  9  hybrid-illumina-ont
  10 hybrid-illumina-ont_broken
  11 hybrid-illumina-hifi
  12 hybrid-illumina-hifi_broken
  13 lr-ont-polypolish
  14 lr-ont-careful
  15 diagnostic-fragmented-50kb
  16 diagnostic-chimeric-rotation
  1  Analysis is finished.
  2  Analysis is finished.
  13 Analysis is finished.
  14 Analysis is finished.
  3  Analysis is finished.
  7  Analysis is finished.
  9  Analysis is finished.
  8  Analysis is finished.
  10 Analysis is finished.
  5  Analysis is finished.
  6  Analysis is finished.
  15 Analysis is finished.
  16 Analysis is finished.
  4  Analysis is finished.
  11 Analysis is finished.
  12 Analysis is finished.
Done.

NOTICE: Genes are not predicted by default. Use --gene-finding or --glimmer option to enable it.

2026-07-27 11:34:04
RESULTS:
  Text versions of total report are saved to ${ARTICLE33_WORK_DIR}/metaquast/MOCK1.partial/combined_reference/report.txt, report.tsv, and report.tex
  Text versions of transposed total report are saved to ${ARTICLE33_WORK_DIR}/metaquast/MOCK1.partial/combined_reference/transposed_report.txt, transposed_report.tsv, and transposed_report.tex
  HTML version (interactive tables and plots) is saved to ${ARTICLE33_WORK_DIR}/metaquast/MOCK1.partial/combined_reference/report.html

Partitioning contigs into bins aligned to each reference..
  processing sr-megahit-m1
  processing sr-metaspades-m1
  processing lr-flye-ont
  processing lr-flye-hifi
  processing lr-hifiasm-hifi
  processing sr-spades-10m
  processing sr-spades-10m_broken
  processing lr-metamdbg-hifi
  processing hybrid-illumina-ont
  processing hybrid-illumina-ont_broken
  processing hybrid-illumina-hifi
  processing hybrid-illumina-hifi_broken
  processing lr-ont-polypolish
  processing diagnostic-fragmented-50kb
  processing lr-ont-careful
  processing diagnostic-chimeric-rotation

Run QUAST on different references in parallel..

Starting quast.py for the contigs aligned to Acidilobus_saccharovorans_345-15... (logging to ${ARTICLE33_WORK_DIR}/metaquast/MOCK1.partial/runs_per_reference/Acidilobus_saccharovorans_345-15/quast.log)

Starting quast.py for the contigs aligned to Acidobacterium_capsulatum_ATCC_51196... (logging to ${ARTICLE33_WORK_DIR}/metaquast/MOCK1.partial/runs_per_reference/Acidobacterium_capsulatum_ATCC_51196/quast.log)

No contigs were aligned to the reference Aciduliprofundum_boonei_T469, skipping..

Starting quast.py for the contigs aligned to Akkermansia_muciniphila_ATCC_BAA-835... (logging to ${ARTICLE33_WORK_DIR}/metaquast/MOCK1.partial/runs_per_reference/Akkermansia_muciniphila_ATCC_BAA-835/quast.log)

Starting quast.py for the contigs aligned to Archaeoglobus_fulgidus_DSM_4304... (logging to ${ARTICLE33_WORK_DIR}/metaquast/MOCK1.partial/runs_per_reference/Archaeoglobus_fulgidus_DSM_4304/quast.log)

Starting quast.py for the contigs aligned to Bacteroides_thetaiotaomicron_VPI-5482... (logging to ${ARTICLE33_WORK_DIR}/metaquast/MOCK1.partial/runs_per_reference/Bacteroides_thetaiotaomicron_VPI-5482/quast.log)

Starting quast.py for the contigs aligned to Bordetella_pertussis_RB50... (logging to ${ARTICLE33_WORK_DIR}/metaquast/MOCK1.partial/runs_per_reference/Bordetella_pertussis_RB50/quast.log)

Starting quast.py for the contigs aligned to Caldicellulosiruptor_bescii_DSM_6725... (logging to ${ARTICLE33_WORK_DIR}/metaquast/MOCK1.partial/runs_per_reference/Caldicellulosiruptor_bescii_DSM_6725/quast.log)

Starting quast.py for the contigs aligned to Caldicellulosiruptor_saccharolyticus_DSM_8903... (logging to ${ARTICLE33_WORK_DIR}/metaquast/MOCK1.partial/runs_per_reference/Caldicellulosiruptor_saccharolyticus_DSM_8903/quast.log)

Starting quast.py for the contigs aligned to Chlorobaculum_tepidum_TLS... (logging to ${ARTICLE33_WORK_DIR}/metaquast/MOCK1.partial/runs_per_reference/Chlorobaculum_tepidum_TLS/quast.log)

Starting quast.py for the contigs aligned to Chlorobium_limicola_DSM_245... (logging to ${ARTICLE33_WORK_DIR}/metaquast/MOCK1.partial/runs_per_reference/Chlorobium_limicola_DSM_245/quast.log)

Starting quast.py for the contigs aligned to Chlorobium_phaeobacteroides_DSM_266... (logging to ${ARTICLE33_WORK_DIR}/metaquast/MOCK1.partial/runs_per_reference/Chlorobium_phaeobacteroides_DSM_266/quast.log)

Starting quast.py for the contigs aligned to Chlorobium_phaeovibrioides_DSM_265... (logging to ${ARTICLE33_WORK_DIR}/metaquast/MOCK1.partial/runs_per_reference/Chlorobium_phaeovibrioides_DSM_265/quast.log)

Starting quast.py for the contigs aligned to Chloroflexus_aurantiacus_J-10-fl... (logging to ${ARTICLE33_WORK_DIR}/metaquast/MOCK1.partial/runs_per_reference/Chloroflexus_aurantiacus_J-10-fl/quast.log)

Starting quast.py for the contigs aligned to Deinococcus_radiodurans_R1... (logging to ${ARTICLE33_WORK_DIR}/metaquast/MOCK1.partial/runs_per_reference/Deinococcus_radiodurans_R1/quast.log)

No contigs were aligned to the reference Desulfitobacterium_dehalogenans_ATCC_51507, skipping..

Starting quast.py for the contigs aligned to Desulfobulbus_oralis_sp._ONRL... (logging to ${ARTICLE33_WORK_DIR}/metaquast/MOCK1.partial/runs_per_reference/Desulfobulbus_oralis_sp._ONRL/quast.log)

No contigs were aligned to the reference Desulfovibrio_mercurii_ND_132, skipping..

Starting quast.py for the contigs aligned to Desulfovibrio_piger_ATCC_29098... (logging to ${ARTICLE33_WORK_DIR}/metaquast/MOCK1.partial/runs_per_reference/Desulfovibrio_piger_ATCC_29098/quast.log)

Starting quast.py for the contigs aligned to Dictyoglomus_turgidum_DSM_6724... (logging to ${ARTICLE33_WORK_DIR}/metaquast/MOCK1.partial/runs_per_reference/Dictyoglomus_turgidum_DSM_6724/quast.log)

Starting quast.py for the contigs aligned to Enterococcus_faecalis_OG1RF... (logging to ${ARTICLE33_WORK_DIR}/metaquast/MOCK1.partial/runs_per_reference/Enterococcus_faecalis_OG1RF/quast.log)

Starting quast.py for the contigs aligned to Fusobacterium_nucleatum_subsp._nucleatum_ATCC_25586... (logging to ${ARTICLE33_WORK_DIR}/metaquast/MOCK1.partial/runs_per_reference/Fusobacterium_nucleatum_subsp._nucleatum_ATCC_25586/quast.log)

Starting quast.py for the contigs aligned to Gemmatimonas_aurantiaca_T-27... (logging to ${ARTICLE33_WORK_DIR}/metaquast/MOCK1.partial/runs_per_reference/Gemmatimonas_aurantiaca_T-27/quast.log)

No contigs were aligned to the reference Geobacter_bemidjiensis_Bem, skipping..

Starting quast.py for the contigs aligned to Geobacter_sulfurreducens_PCA... (logging to ${ARTICLE33_WORK_DIR}/metaquast/MOCK1.partial/runs_per_reference/Geobacter_sulfurreducens_PCA/quast.log)

Starting quast.py for the contigs aligned to Halobacterium_salinarum_NRC-1... (logging to ${ARTICLE33_WORK_DIR}/metaquast/MOCK1.partial/runs_per_reference/Halobacterium_salinarum_NRC-1/quast.log)

No contigs were aligned to the reference Haloferax_volcanii_DS2, skipping..

Starting quast.py for the contigs aligned to Herpetosiphon_aurantiacus_DSM_785... (logging to ${ARTICLE33_WORK_DIR}/metaquast/MOCK1.partial/runs_per_reference/Herpetosiphon_aurantiacus_DSM_785/quast.log)

Starting quast.py for the contigs aligned to Hydrogenobaculum_sp._Y04AAS1... (logging to ${ARTICLE33_WORK_DIR}/metaquast/MOCK1.partial/runs_per_reference/Hydrogenobaculum_sp._Y04AAS1/quast.log)

Starting quast.py for the contigs aligned to Ignicoccus_hospitalis_KIN4_I... (logging to ${ARTICLE33_WORK_DIR}/metaquast/MOCK1.partial/runs_per_reference/Ignicoccus_hospitalis_KIN4_I/quast.log)

Starting quast.py for the contigs aligned to Ignicoccus_islandicus_DSM_13165... (logging to ${ARTICLE33_WORK_DIR}/metaquast/MOCK1.partial/runs_per_reference/Ignicoccus_islandicus_DSM_13165/quast.log)

Starting quast.py for the contigs aligned to Methanobrevibacter_oralis_DSM_7256... (logging to ${ARTICLE33_WORK_DIR}/metaquast/MOCK1.partial/runs_per_reference/Methanobrevibacter_oralis_DSM_7256/quast.log)

Starting quast.py for the contigs aligned to Leptothrix_cholodnii_SP-6... (logging to ${ARTICLE33_WORK_DIR}/metaquast/MOCK1.partial/runs_per_reference/Leptothrix_cholodnii_SP-6/quast.log)

Starting quast.py for the contigs aligned to Methanocaldococcus_jannaschii_DSM_2661... (logging to ${ARTICLE33_WORK_DIR}/metaquast/MOCK1.partial/runs_per_reference/Methanocaldococcus_jannaschii_DSM_2661/quast.log)

Starting quast.py for the contigs aligned to Methanococcus_maripaludis_C5... (logging to ${ARTICLE33_WORK_DIR}/metaquast/MOCK1.partial/runs_per_reference/Methanococcus_maripaludis_C5/quast.log)

Starting quast.py for the contigs aligned to Methanococcus_maripaludis_S2... (logging to ${ARTICLE33_WORK_DIR}/metaquast/MOCK1.partial/runs_per_reference/Methanococcus_maripaludis_S2/quast.log)

Starting quast.py for the contigs aligned to Methanomassiliicoccus_luminyensis_B10... (logging to ${ARTICLE33_WORK_DIR}/metaquast/MOCK1.partial/runs_per_reference/Methanomassiliicoccus_luminyensis_B10/quast.log)

Starting quast.py for the contigs aligned to Methanomethylovorans_hollandica_DSM_15978... (logging to ${ARTICLE33_WORK_DIR}/metaquast/MOCK1.partial/runs_per_reference/Methanomethylovorans_hollandica_DSM_15978/quast.log)

Starting quast.py for the contigs aligned to Methanopyrus_kandleri_AV19... (logging to ${ARTICLE33_WORK_DIR}/metaquast/MOCK1.partial/runs_per_reference/Methanopyrus_kandleri_AV19/quast.log)

Starting quast.py for the contigs aligned to Methanosarcina_acetivorans_C2A... (logging to ${ARTICLE33_WORK_DIR}/metaquast/MOCK1.partial/runs_per_reference/Methanosarcina_acetivorans_C2A/quast.log)

Starting quast.py for the contigs aligned to Methanothermus_fervidus_DSM_2088... (logging to ${ARTICLE33_WORK_DIR}/metaquast/MOCK1.partial/runs_per_reference/Methanothermus_fervidus_DSM_2088/quast.log)

Starting quast.py for the contigs aligned to Micromonospora_arenicola_CNS-205... (logging to ${ARTICLE33_WORK_DIR}/metaquast/MOCK1.partial/runs_per_reference/Micromonospora_arenicola_CNS-205/quast.log)

Starting quast.py for the contigs aligned to Micromonospora_tropica_CNB-440... (logging to ${ARTICLE33_WORK_DIR}/metaquast/MOCK1.partial/runs_per_reference/Micromonospora_tropica_CNB-440/quast.log)

Starting quast.py for the contigs aligned to Nanoarchaeum_equitans_Kin4-M... (logging to ${ARTICLE33_WORK_DIR}/metaquast/MOCK1.partial/runs_per_reference/Nanoarchaeum_equitans_Kin4-M/quast.log)

No contigs were aligned to the reference Nitratidesulfovibrio_vulgaris_Hildenborough, skipping..

Starting quast.py for the contigs aligned to Nitrosomonas_europaea_ATCC_19718... (logging to ${ARTICLE33_WORK_DIR}/metaquast/MOCK1.partial/runs_per_reference/Nitrosomonas_europaea_ATCC_19718/quast.log)

Starting quast.py for the contigs aligned to Paraburkholderia_xenovorans_LB400... (logging to ${ARTICLE33_WORK_DIR}/metaquast/MOCK1.partial/runs_per_reference/Paraburkholderia_xenovorans_LB400/quast.log)

Starting quast.py for the contigs aligned to Persephonella_marina_EX-H1... (logging to ${ARTICLE33_WORK_DIR}/metaquast/MOCK1.partial/runs_per_reference/Persephonella_marina_EX-H1/quast.log)

Starting quast.py for the contigs aligned to Phocaeicola_vulgatus_ATCC_8482... (logging to ${ARTICLE33_WORK_DIR}/metaquast/MOCK1.partial/runs_per_reference/Phocaeicola_vulgatus_ATCC_8482/quast.log)

Starting quast.py for the contigs aligned to Porphyromonas_gingivalis_ATCC_33277... (logging to ${ARTICLE33_WORK_DIR}/metaquast/MOCK1.partial/runs_per_reference/Porphyromonas_gingivalis_ATCC_33277/quast.log)

Starting quast.py for the contigs aligned to Pseudomonas_fluorescens_SBW25... (logging to ${ARTICLE33_WORK_DIR}/metaquast/MOCK1.partial/runs_per_reference/Pseudomonas_fluorescens_SBW25/quast.log)

Starting quast.py for the contigs aligned to Pseudomonas_putida_KT2440... (logging to ${ARTICLE33_WORK_DIR}/metaquast/MOCK1.partial/runs_per_reference/Pseudomonas_putida_KT2440/quast.log)

Starting quast.py for the contigs aligned to Pyrobaculum_aerophilum_IM2... (logging to ${ARTICLE33_WORK_DIR}/metaquast/MOCK1.partial/runs_per_reference/Pyrobaculum_aerophilum_IM2/quast.log)

No contigs were aligned to the reference Pyrobaculum_arsenaticum_DSM_13514, skipping..

Starting quast.py for the contigs aligned to Pyrobaculum_calidifontis_JCM_11548... (logging to ${ARTICLE33_WORK_DIR}/metaquast/MOCK1.partial/runs_per_reference/Pyrobaculum_calidifontis_JCM_11548/quast.log)

Starting quast.py for the contigs aligned to Pyrococcus_furiosus_DSM_3638... (logging to ${ARTICLE33_WORK_DIR}/metaquast/MOCK1.partial/runs_per_reference/Pyrococcus_furiosus_DSM_3638/quast.log)

Starting quast.py for the contigs aligned to Pyrococcus_horikoshii_OT3... (logging to ${ARTICLE33_WORK_DIR}/metaquast/MOCK1.partial/runs_per_reference/Pyrococcus_horikoshii_OT3/quast.log)

Starting quast.py for the contigs aligned to Rhodopirellula_baltica_SH_1... (logging to ${ARTICLE33_WORK_DIR}/metaquast/MOCK1.partial/runs_per_reference/Rhodopirellula_baltica_SH_1/quast.log)

Starting quast.py for the contigs aligned to Ruegeria_pomeroyi_DSS-3... (logging to ${ARTICLE33_WORK_DIR}/metaquast/MOCK1.partial/runs_per_reference/Ruegeria_pomeroyi_DSS-3/quast.log)

Starting quast.py for the contigs aligned to Ruminiclostridium_thermocellum_ATCC_27405... (logging to ${ARTICLE33_WORK_DIR}/metaquast/MOCK1.partial/runs_per_reference/Ruminiclostridium_thermocellum_ATCC_27405/quast.log)

Starting quast.py for the contigs aligned to Shewanella_baltica_OS185... (logging to ${ARTICLE33_WORK_DIR}/metaquast/MOCK1.partial/runs_per_reference/Shewanella_baltica_OS185/quast.log)

Starting quast.py for the contigs aligned to Shewanella_baltica_OS223... (logging to ${ARTICLE33_WORK_DIR}/metaquast/MOCK1.partial/runs_per_reference/Shewanella_baltica_OS223/quast.log)

Starting quast.py for the contigs aligned to Shewanella_loihica_PV-4... (logging to ${ARTICLE33_WORK_DIR}/metaquast/MOCK1.partial/runs_per_reference/Shewanella_loihica_PV-4/quast.log)

Starting quast.py for the contigs aligned to Sulfurihydrogenibium_sp._YO3AOP1... (logging to ${ARTICLE33_WORK_DIR}/metaquast/MOCK1.partial/runs_per_reference/Sulfurihydrogenibium_sp._YO3AOP1/quast.log)

Starting quast.py for the contigs aligned to Sulfurisphaera_tokodaii_str._7... (logging to ${ARTICLE33_WORK_DIR}/metaquast/MOCK1.partial/runs_per_reference/Sulfurisphaera_tokodaii_str._7/quast.log)

Starting quast.py for the contigs aligned to Thermoanaerobacter_pseudethanolicus_ATCC_33223... (logging to ${ARTICLE33_WORK_DIR}/metaquast/MOCK1.partial/runs_per_reference/Thermoanaerobacter_pseudethanolicus_ATCC_33223/quast.log)

Starting quast.py for the contigs aligned to Thermotoga_neapolitana_DSM_4359... (logging to ${ARTICLE33_WORK_DIR}/metaquast/MOCK1.partial/runs_per_reference/Thermotoga_neapolitana_DSM_4359/quast.log)

Starting quast.py for the contigs aligned to Thermotoga_petrophila_RKU-1... (logging to ${ARTICLE33_WORK_DIR}/metaquast/MOCK1.partial/runs_per_reference/Thermotoga_petrophila_RKU-1/quast.log)

Starting quast.py for the contigs aligned to Treponema_denticola_ATCC_35405... (logging to ${ARTICLE33_WORK_DIR}/metaquast/MOCK1.partial/runs_per_reference/Treponema_denticola_ATCC_35405/quast.log)

Starting quast.py for the contigs aligned to Trichormus_sp._PCC_7120... (logging to ${ARTICLE33_WORK_DIR}/metaquast/MOCK1.partial/runs_per_reference/Trichormus_sp._PCC_7120/quast.log)

Starting quast.py for the contigs aligned to Wolinella_succinogenes_DSM_1740... (logging to ${ARTICLE33_WORK_DIR}/metaquast/MOCK1.partial/runs_per_reference/Wolinella_succinogenes_DSM_1740/quast.log)

Starting quast.py for the contigs not aligned anywhere... (logging to ${ARTICLE33_WORK_DIR}/metaquast/MOCK1.partial/not_aligned/quast.log)
${QC_ENV_PREFIX}/bin/quast.py --min-alignment 500 --fragmented --min-identity 97 --threads 32 --min-contig 1000 --no-icarus --no-plots --space-efficient --report-all-metrics --colors #E31A1C,#1F78B4,#33A02C,#6A3D9A,#FF7F00,#800000,#A6CEE3,#B2DF8A,#333300,#CCCC00,#000080,#008080,#00FF00,#E31A1C,#1F78B4,#33A02C --ls solid,solid,solid,solid,solid,solid,solid,solid,solid,solid,solid,solid,solid,solid,solid,solid --no-check-meta --contig-thresholds 1000,5000,10000,25000,50000 -t 32 ${ARTICLE33_WORK_DIR}/metaquast/MOCK1.partial/quast_corrected_input/sr-megahit-m1_not_aligned_anywhere.fasta ${ARTICLE33_WORK_DIR}/metaquast/MOCK1.partial/quast_corrected_input/sr-metaspades-m1_not_aligned_anywhere.fasta ${ARTICLE33_WORK_DIR}/metaquast/MOCK1.partial/quast_corrected_input/lr-flye-ont_not_aligned_anywhere.fasta ${ARTICLE33_WORK_DIR}/metaquast/MOCK1.partial/quast_corrected_input/lr-flye-hifi_not_aligned_anywhere.fasta ${ARTICLE33_WORK_DIR}/metaquast/MOCK1.partial/quast_corrected_input/lr-hifiasm-hifi_not_aligned_anywhere.fasta ${ARTICLE33_WORK_DIR}/metaquast/MOCK1.partial/quast_corrected_input/lr-metamdbg-hifi_not_aligned_anywhere.fasta ${ARTICLE33_WORK_DIR}/metaquast/MOCK1.partial/quast_corrected_input/sr-spades-10m_not_aligned_anywhere.fasta ${ARTICLE33_WORK_DIR}/metaquast/MOCK1.partial/quast_corrected_input/sr-spades-10m_broken_not_aligned_anywhere.fasta ${ARTICLE33_WORK_DIR}/metaquast/MOCK1.partial/quast_corrected_input/hybrid-illumina-ont_not_aligned_anywhere.fasta ${ARTICLE33_WORK_DIR}/metaquast/MOCK1.partial/quast_corrected_input/hybrid-illumina-ont_broken_not_aligned_anywhere.fasta ${ARTICLE33_WORK_DIR}/metaquast/MOCK1.partial/quast_corrected_input/hybrid-illumina-hifi_not_aligned_anywhere.fasta ${ARTICLE33_WORK_DIR}/metaquast/MOCK1.partial/quast_corrected_input/hybrid-illumina-hifi_broken_not_aligned_anywhere.fasta ${ARTICLE33_WORK_DIR}/metaquast/MOCK1.partial/quast_corrected_input/lr-ont-polypolish_not_aligned_anywhere.fasta ${ARTICLE33_WORK_DIR}/metaquast/MOCK1.partial/quast_corrected_input/lr-ont-careful_not_aligned_anywhere.fasta ${ARTICLE33_WORK_DIR}/metaquast/MOCK1.partial/quast_corrected_input/diagnostic-fragmented-50kb_not_aligned_anywhere.fasta ${ARTICLE33_WORK_DIR}/metaquast/MOCK1.partial/quast_corrected_input/diagnostic-chimeric-rotation_not_aligned_anywhere.fasta -o ${ARTICLE33_WORK_DIR}/metaquast/MOCK1.partial/not_aligned --labels "sr-megahit-m1, sr-metaspades-m1, lr-flye-ont, lr-flye-hifi, lr-hifiasm-hifi, lr-metamdbg-hifi, sr-spades-10m, sr-spades-10m_broken, hybrid-illumina-ont, hybrid-illumina-ont_broken, hybrid-illumina-hifi, hybrid-illumina-hifi_broken, lr-ont-polypolish, lr-ont-careful, diagnostic-fragmented-50kb, diagnostic-chimeric-rotation"

Started: 2026-07-27 11:36:32

Logging to ${ARTICLE33_WORK_DIR}/metaquast/MOCK1.partial/not_aligned/quast.log

CWD: ${PROJECT_ROOT}
Main parameters: 
  MODE: meta, threads: 32, min contig length: 1000, min alignment length: 500, min alignment IDY: 97.0, \
  ambiguity: one, min local misassembly length: 200, min extensive misassembly length: 1000

Contigs:
  Pre-processing...
  1  ${ARTICLE33_WORK_DIR}/metaquast/MOCK1.partial/quast_corrected_input/sr-megahit-m1_not_aligned_anywhere.fasta ==> sr-megahit-m1
  2  ${ARTICLE33_WORK_DIR}/metaquast/MOCK1.partial/quast_corrected_input/sr-metaspades-m1_not_aligned_anywhere.fasta ==> sr-metaspades-m1
  3  ${ARTICLE33_WORK_DIR}/metaquast/MOCK1.partial/quast_corrected_input/lr-flye-ont_not_aligned_anywhere.fasta ==> lr-flye-ont
  4  ${ARTICLE33_WORK_DIR}/metaquast/MOCK1.partial/quast_corrected_input/lr-flye-hifi_not_aligned_anywhere.fasta ==> lr-flye-hifi
  5  ${ARTICLE33_WORK_DIR}/metaquast/MOCK1.partial/quast_corrected_input/lr-hifiasm-hifi_not_aligned_anywhere.fasta ==> lr-hifiasm-hifi
  6  ${ARTICLE33_WORK_DIR}/metaquast/MOCK1.partial/quast_corrected_input/lr-metamdbg-hifi_not_aligned_anywhere.fasta ==> lr-metamdbg-hifi
  7  ${ARTICLE33_WORK_DIR}/metaquast/MOCK1.partial/quast_corrected_input/sr-spades-10m_not_aligned_anywhere.fasta ==> sr-spades-10m
  8  ${ARTICLE33_WORK_DIR}/metaquast/MOCK1.partial/quast_corrected_input/sr-spades-10m_broken_not_aligned_anywhere.fasta ==> sr-spades-10m_broken
  9  ${ARTICLE33_WORK_DIR}/metaquast/MOCK1.partial/quast_corrected_input/hybrid-illumina-ont_not_aligned_anywhere.fasta ==> hybrid-illumina-ont
  10 ${ARTICLE33_WORK_DIR}/metaquast/MOCK1.partial/quast_corrected_input/hybrid-illumina-ont_broken_not_aligned_anywhere.fasta ==> hybrid-illumina-ont_broken
  11 ${ARTICLE33_WORK_DIR}/metaquast/MOCK1.partial/quast_corrected_input/hybrid-illumina-hifi_not_aligned_anywhere.fasta ==> hybrid-illumina-hifi
  12 ${ARTICLE33_WORK_DIR}/metaquast/MOCK1.partial/quast_corrected_input/hybrid-illumina-hifi_broken_not_aligned_anywhere.fasta ==> hybrid-illumina-hifi_broken
  13 ${ARTICLE33_WORK_DIR}/metaquast/MOCK1.partial/quast_corrected_input/lr-ont-polypolish_not_aligned_anywhere.fasta ==> lr-ont-polypolish
  14 ${ARTICLE33_WORK_DIR}/metaquast/MOCK1.partial/quast_corrected_input/lr-ont-careful_not_aligned_anywhere.fasta ==> lr-ont-careful
  15 ${ARTICLE33_WORK_DIR}/metaquast/MOCK1.partial/quast_corrected_input/diagnostic-fragmented-50kb_not_aligned_anywhere.fasta ==> diagnostic-fragmented-50kb
  16 ${ARTICLE33_WORK_DIR}/metaquast/MOCK1.partial/quast_corrected_input/diagnostic-chimeric-rotation_not_aligned_anywhere.fasta ==> diagnostic-chimeric-rotation

2026-07-27 11:36:33
Running Basic statistics processor...
  Contig files: 
    1  sr-megahit-m1
    2  sr-metaspades-m1
    3  lr-flye-ont
    4  lr-flye-hifi
    5  lr-hifiasm-hifi
    6  lr-metamdbg-hifi
    7  sr-spades-10m
    8  sr-spades-10m_broken
    9  hybrid-illumina-ont
    10 hybrid-illumina-ont_broken
    11 hybrid-illumina-hifi
    12 hybrid-illumina-hifi_broken
    13 lr-ont-polypolish
    14 lr-ont-careful
    15 diagnostic-fragmented-50kb
    16 diagnostic-chimeric-rotation
  Calculating N50 and L50...
    1  sr-megahit-m1, N50 = 1427, L50 = 22, auN = 1842.2, Total length = 94838, GC % = 46.89, # N's per 100 kbp =  0.00
    2  sr-metaspades-m1, N50 = 1427, L50 = 16, auN = 1836.1, Total length = 65042, GC % = 49.86, # N's per 100 kbp =  0.00
    3  lr-flye-ont, N50 = 24070, L50 = 210, auN = 29264.8, Total length = 16127522, GC % = 54.65, # N's per 100 kbp =  0.00
    4  lr-flye-hifi, N50 = 19856, L50 = 18, auN = 24069.0, Total length = 1067502, GC % = 53.37, # N's per 100 kbp =  0.00
    5  lr-hifiasm-hifi, N50 = 41745, L50 = 43, auN = 47082.9, Total length = 4789977, GC % = 54.42, # N's per 100 kbp =  0.00
    6  lr-metamdbg-hifi, N50 = 23081, L50 = 81, auN = 25518.1, Total length = 5487682, GC % = 55.23, # N's per 100 kbp =  0.00
    7  sr-spades-10m, N50 = 1355, L50 = 22, auN = 3676.3, Total length = 112707, GC % = 60.68, # N's per 100 kbp =  677.86
    8  sr-spades-10m_broken, N50 = 1696, L50 = 11, auN = 4636.9, Total length = 80277, GC % = 60.63, # N's per 100 kbp =  0.00
    9  hybrid-illumina-ont, N50 = 4781, L50 = 285, auN = 5423.5, Total length = 4028574, GC % = 59.94, # N's per 100 kbp =  42.57
    10 hybrid-illumina-ont_broken, N50 = 4783, L50 = 288, auN = 5451.5, Total length = 4076040, GC % = 59.81, # N's per 100 kbp =  0.00
    11 hybrid-illumina-hifi, N50 = 3934, L50 = 60, auN = 4741.9, Total length = 743171, GC % = 69.76, # N's per 100 kbp =  12.78
    12 hybrid-illumina-hifi_broken, N50 = 3934, L50 = 60, auN = 4754.9, Total length = 740733, GC % = 69.78, # N's per 100 kbp =  0.00
    13 lr-ont-polypolish, N50 = 22807, L50 = 173, auN = 27658.6, Total length = 12660078, GC % = 55.51, # N's per 100 kbp =  0.00
    14 lr-ont-careful, N50 = 22741, L50 = 176, auN = 27545.0, Total length = 12823029, GC % = 55.33, # N's per 100 kbp =  0.00
    15 diagnostic-fragmented-50kb, N50 = 19856, L50 = 18, auN = 24069.0, Total length = 1067502, GC % = 53.37, # N's per 100 kbp =  0.00
    16 diagnostic-chimeric-rotation, N50 = 19856, L50 = 18, auN = 24069.0, Total length = 1067502, GC % = 53.37, # N's per 100 kbp =  0.00
Done.

NOTICE: Genes are not predicted by default. Use --gene-finding or --glimmer option to enable it.

2026-07-27 11:36:36
RESULTS:
  Text versions of total report are saved to ${ARTICLE33_WORK_DIR}/metaquast/MOCK1.partial/not_aligned/report.txt, report.tsv, and report.tex
  Text versions of transposed total report are saved to ${ARTICLE33_WORK_DIR}/metaquast/MOCK1.partial/not_aligned/transposed_report.txt, transposed_report.tsv, and transposed_report.tex
  HTML version (interactive tables and plots) is saved to ${ARTICLE33_WORK_DIR}/metaquast/MOCK1.partial/not_aligned/report.html

2026-07-27 11:36:36
Summarizing results...

  Text versions of reports and plots for each metric (for all references and assemblies) are saved to ${ARTICLE33_WORK_DIR}/metaquast/MOCK1.partial/summary/
  Extended version of HTML-report (for all references and assemblies) is saved to ${ARTICLE33_WORK_DIR}/metaquast/MOCK1.partial/report.html

MetaQUAST finished.
  Log is saved to ${ARTICLE33_WORK_DIR}/metaquast/MOCK1.partial/metaquast.log

Finished: 2026-07-27 11:36:38
Elapsed time: 0:09:46.998329
Total NOTICEs: 68; WARNINGs: 0; non-fatal ERRORs: 0

Thank you for using QUAST!
