${QC_ENV_PREFIX}/bin/quast.py --threads 32 --min-contig 1000 --no-icarus --space-efficient --report-all-metrics --labels sr-megahit-m1,sr-metaspades-m1,sr-megahit-m2,sr-metaspades-m2,sr-megahit-co,sr-metaspades-co,lr-flye-ont,lr-flye-hifi,lr-hifiasm-hifi,lr-metamdbg-hifi,sr-spades-10m,hybrid-illumina-ont,hybrid-illumina-hifi,lr-ont-polypolish,lr-ont-careful,diagnostic-fragmented-50kb,diagnostic-chimeric-rotation ${ARTICLE33_WORK_DIR}/assemblies/sr-megahit-m1.fasta ${ARTICLE33_WORK_DIR}/assemblies/sr-metaspades-m1.fasta ${ARTICLE33_WORK_DIR}/assemblies/sr-megahit-m2.fasta ${ARTICLE33_WORK_DIR}/assemblies/sr-metaspades-m2.fasta ${ARTICLE33_WORK_DIR}/assemblies/sr-megahit-co.fasta ${ARTICLE33_WORK_DIR}/assemblies/sr-metaspades-co.fasta ${ARTICLE33_WORK_DIR}/assemblies/lr-flye-ont.fasta ${ARTICLE33_WORK_DIR}/assemblies/lr-flye-hifi.fasta ${ARTICLE33_WORK_DIR}/assemblies/lr-hifiasm-hifi.fasta ${ARTICLE33_WORK_DIR}/assemblies/lr-metamdbg-hifi.fasta ${ARTICLE33_WORK_DIR}/assemblies/sr-spades-10m.fasta ${ARTICLE33_WORK_DIR}/assemblies/hybrid-illumina-ont.fasta ${ARTICLE33_WORK_DIR}/assemblies/hybrid-illumina-hifi.fasta ${ARTICLE33_WORK_DIR}/assemblies/lr-ont-polypolish.fasta ${ARTICLE33_WORK_DIR}/assemblies/lr-ont-careful.fasta ${ARTICLE33_WORK_DIR}/assemblies/diagnostic-fragmented-50kb.fasta ${ARTICLE33_WORK_DIR}/assemblies/diagnostic-chimeric-rotation.fasta -o ${ARTICLE33_WORK_DIR}/quast.partial

Version: 5.3.0

System information:
  OS: Linux-6.8.0-49-generic-x86_64-with-glibc2.35 (linux_64)
  Python version: 3.10.20
  CPUs number: 72

Started: 2026-07-27 11:21:00

Logging to ${ARTICLE33_WORK_DIR}/quast.partial/quast.log

CWD: ${PROJECT_ROOT}
Main parameters: 
  MODE: default, threads: 32, min contig length: 1000, min alignment length: 65, min alignment IDY: 95.0, \
  ambiguity: one, min local misassembly length: 200, min extensive misassembly length: 1000
${HOME}/.config/matplotlib is not a writable directory
Matplotlib created a temporary cache directory at /tmp/matplotlib-gi6fpt9d because there was an issue with the default path (${HOME}/.config/matplotlib); it is highly recommended to set the MPLCONFIGDIR environment variable to a writable directory, in particular to speed up the import of Matplotlib and to better support multiprocessing.

Contigs:
  Pre-processing...
  1  ${ARTICLE33_WORK_DIR}/assemblies/sr-megahit-m1.fasta ==> sr-megahit-m1
  2  ${ARTICLE33_WORK_DIR}/assemblies/sr-metaspades-m1.fasta ==> sr-metaspades-m1
  3  ${ARTICLE33_WORK_DIR}/assemblies/sr-megahit-m2.fasta ==> sr-megahit-m2
  4  ${ARTICLE33_WORK_DIR}/assemblies/sr-metaspades-m2.fasta ==> sr-metaspades-m2
  5  ${ARTICLE33_WORK_DIR}/assemblies/sr-megahit-co.fasta ==> sr-megahit-co
  6  ${ARTICLE33_WORK_DIR}/assemblies/sr-metaspades-co.fasta ==> sr-metaspades-co
  7  ${ARTICLE33_WORK_DIR}/assemblies/lr-flye-ont.fasta ==> lr-flye-ont
  8  ${ARTICLE33_WORK_DIR}/assemblies/lr-flye-hifi.fasta ==> lr-flye-hifi
  9  ${ARTICLE33_WORK_DIR}/assemblies/lr-hifiasm-hifi.fasta ==> lr-hifiasm-hifi
  10 ${ARTICLE33_WORK_DIR}/assemblies/lr-metamdbg-hifi.fasta ==> lr-metamdbg-hifi
  11 ${ARTICLE33_WORK_DIR}/assemblies/sr-spades-10m.fasta ==> sr-spades-10m
  12 ${ARTICLE33_WORK_DIR}/assemblies/hybrid-illumina-ont.fasta ==> hybrid-illumina-ont
  13 ${ARTICLE33_WORK_DIR}/assemblies/hybrid-illumina-hifi.fasta ==> hybrid-illumina-hifi
  14 ${ARTICLE33_WORK_DIR}/assemblies/lr-ont-polypolish.fasta ==> lr-ont-polypolish
  15 ${ARTICLE33_WORK_DIR}/assemblies/lr-ont-careful.fasta ==> lr-ont-careful
  16 ${ARTICLE33_WORK_DIR}/assemblies/diagnostic-fragmented-50kb.fasta ==> diagnostic-fragmented-50kb
  17 ${ARTICLE33_WORK_DIR}/assemblies/diagnostic-chimeric-rotation.fasta ==> diagnostic-chimeric-rotation

2026-07-27 11:21:10
Running Basic statistics processor...
  Contig files: 
    1  sr-megahit-m1
    2  sr-metaspades-m1
    3  sr-megahit-m2
    4  sr-metaspades-m2
    5  sr-megahit-co
    6  sr-metaspades-co
    7  lr-flye-ont
    8  lr-flye-hifi
    9  lr-hifiasm-hifi
    10 lr-metamdbg-hifi
    11 sr-spades-10m
    12 hybrid-illumina-ont
    13 hybrid-illumina-hifi
    14 lr-ont-polypolish
    15 lr-ont-careful
    16 diagnostic-fragmented-50kb
    17 diagnostic-chimeric-rotation
  Calculating N50 and L50...
    1  sr-megahit-m1, N50 = 6197, L50 = 1489, auN = 24056.9, Total length = 55461594, GC % = 47.51, # N's per 100 kbp =  0.00
    2  sr-metaspades-m1, N50 = 7353, L50 = 1246, auN = 35194.9, Total length = 58170565, GC % = 47.73, # N's per 100 kbp =  0.00
    3  sr-megahit-m2, N50 = 5906, L50 = 1494, auN = 24254.1, Total length = 54477949, GC % = 47.45, # N's per 100 kbp =  0.00
    4  sr-metaspades-m2, N50 = 6781, L50 = 1263, auN = 34562.9, Total length = 57015313, GC % = 47.68, # N's per 100 kbp =  0.00
    5  sr-megahit-co, N50 = 15928, L50 = 830, auN = 80132.8, Total length = 84811518, GC % = 48.87, # N's per 100 kbp =  0.00
    6  sr-metaspades-co, N50 = 17124, L50 = 743, auN = 89312.6, Total length = 88166433, GC % = 49.02, # N's per 100 kbp =  0.00
    7  lr-flye-ont, N50 = 441240, L50 = 47, auN = 1291481.1, Total length = 143770812, GC % = 50.70, # N's per 100 kbp =  0.00
    8  lr-flye-hifi, N50 = 2013697, L50 = 22, auN = 2711172.4, Total length = 169457769, GC % = 51.94, # N's per 100 kbp =  0.00
    9  lr-hifiasm-hifi, N50 = 2154824, L50 = 22, auN = 2674732.9, Total length = 170075586, GC % = 51.98, # N's per 100 kbp =  0.00
    10 lr-metamdbg-hifi, N50 = 2007072, L50 = 25, auN = 2472842.3, Total length = 179428525, GC % = 52.09, # N's per 100 kbp =  0.00
    11 sr-spades-10m, N50 = 26020, L50 = 774, auN = 139521.1, Total length = 141314393, GC % = 49.96, # N's per 100 kbp =  92.95
    12 hybrid-illumina-ont, N50 = 72626, L50 = 259, auN = 606935.5, Total length = 159368905, GC % = 50.53, # N's per 100 kbp =  180.34
    13 hybrid-illumina-hifi, N50 = 72242, L50 = 296, auN = 769198.7, Total length = 168451875, GC % = 50.84, # N's per 100 kbp =  512.72
    14 lr-ont-polypolish, N50 = 440931, L50 = 47, auN = 1294953.4, Total length = 143898052, GC % = 50.67, # N's per 100 kbp =  0.00
    15 lr-ont-careful, N50 = 440979, L50 = 47, auN = 1294836.6, Total length = 143893598, GC % = 50.67, # N's per 100 kbp =  0.00
    16 diagnostic-fragmented-50kb, N50 = 50000, L50 = 1695, auN = 47872.6, Total length = 169457769, GC % = 51.94, # N's per 100 kbp =  0.00
    17 diagnostic-chimeric-rotation, N50 = 2013697, L50 = 22, auN = 2711172.4, Total length = 169457769, GC % = 51.94, # N's per 100 kbp =  0.00
  Drawing Nx plot...
    saved to ${ARTICLE33_WORK_DIR}/quast.partial/basic_stats/Nx_plot.pdf
  Drawing cumulative plot...
    saved to ${ARTICLE33_WORK_DIR}/quast.partial/basic_stats/cumulative_plot.pdf
  Drawing GC content plot...
    saved to ${ARTICLE33_WORK_DIR}/quast.partial/basic_stats/GC_content_plot.pdf
  Drawing sr-megahit-m1 GC content plot...
    saved to ${ARTICLE33_WORK_DIR}/quast.partial/basic_stats/sr-megahit-m1_GC_content_plot.pdf
  Drawing sr-metaspades-m1 GC content plot...
    saved to ${ARTICLE33_WORK_DIR}/quast.partial/basic_stats/sr-metaspades-m1_GC_content_plot.pdf
  Drawing sr-megahit-m2 GC content plot...
    saved to ${ARTICLE33_WORK_DIR}/quast.partial/basic_stats/sr-megahit-m2_GC_content_plot.pdf
  Drawing sr-metaspades-m2 GC content plot...
    saved to ${ARTICLE33_WORK_DIR}/quast.partial/basic_stats/sr-metaspades-m2_GC_content_plot.pdf
  Drawing sr-megahit-co GC content plot...
    saved to ${ARTICLE33_WORK_DIR}/quast.partial/basic_stats/sr-megahit-co_GC_content_plot.pdf
  Drawing sr-metaspades-co GC content plot...
    saved to ${ARTICLE33_WORK_DIR}/quast.partial/basic_stats/sr-metaspades-co_GC_content_plot.pdf
  Drawing lr-flye-ont GC content plot...
    saved to ${ARTICLE33_WORK_DIR}/quast.partial/basic_stats/lr-flye-ont_GC_content_plot.pdf
  Drawing lr-flye-hifi GC content plot...
    saved to ${ARTICLE33_WORK_DIR}/quast.partial/basic_stats/lr-flye-hifi_GC_content_plot.pdf
  Drawing lr-hifiasm-hifi GC content plot...
    saved to ${ARTICLE33_WORK_DIR}/quast.partial/basic_stats/lr-hifiasm-hifi_GC_content_plot.pdf
  Drawing lr-metamdbg-hifi GC content plot...
    saved to ${ARTICLE33_WORK_DIR}/quast.partial/basic_stats/lr-metamdbg-hifi_GC_content_plot.pdf
  Drawing sr-spades-10m GC content plot...
    saved to ${ARTICLE33_WORK_DIR}/quast.partial/basic_stats/sr-spades-10m_GC_content_plot.pdf
  Drawing hybrid-illumina-ont GC content plot...
    saved to ${ARTICLE33_WORK_DIR}/quast.partial/basic_stats/hybrid-illumina-ont_GC_content_plot.pdf
  Drawing hybrid-illumina-hifi GC content plot...
    saved to ${ARTICLE33_WORK_DIR}/quast.partial/basic_stats/hybrid-illumina-hifi_GC_content_plot.pdf
  Drawing lr-ont-polypolish GC content plot...
    saved to ${ARTICLE33_WORK_DIR}/quast.partial/basic_stats/lr-ont-polypolish_GC_content_plot.pdf
  Drawing lr-ont-careful GC content plot...
    saved to ${ARTICLE33_WORK_DIR}/quast.partial/basic_stats/lr-ont-careful_GC_content_plot.pdf
  Drawing diagnostic-fragmented-50kb GC content plot...
    saved to ${ARTICLE33_WORK_DIR}/quast.partial/basic_stats/diagnostic-fragmented-50kb_GC_content_plot.pdf
  Drawing diagnostic-chimeric-rotation GC content plot...
    saved to ${ARTICLE33_WORK_DIR}/quast.partial/basic_stats/diagnostic-chimeric-rotation_GC_content_plot.pdf
  Drawing Coverage histogram (bin size: 1x)...
    saved to ${ARTICLE33_WORK_DIR}/quast.partial/basic_stats/coverage_histogram.pdf
  Drawing sr-metaspades-m1 coverage histogram (bin size: 1x)...
    saved to ${ARTICLE33_WORK_DIR}/quast.partial/basic_stats/sr-metaspades-m1_coverage_histogram.pdf
  Drawing sr-metaspades-m2 coverage histogram (bin size: 1x)...
    saved to ${ARTICLE33_WORK_DIR}/quast.partial/basic_stats/sr-metaspades-m2_coverage_histogram.pdf
  Drawing sr-metaspades-co coverage histogram (bin size: 1x)...
    saved to ${ARTICLE33_WORK_DIR}/quast.partial/basic_stats/sr-metaspades-co_coverage_histogram.pdf
  Drawing sr-spades-10m coverage histogram (bin size: 1x)...
    saved to ${ARTICLE33_WORK_DIR}/quast.partial/basic_stats/sr-spades-10m_coverage_histogram.pdf
  Drawing hybrid-illumina-ont coverage histogram (bin size: 1x)...
    saved to ${ARTICLE33_WORK_DIR}/quast.partial/basic_stats/hybrid-illumina-ont_coverage_histogram.pdf
  Drawing hybrid-illumina-hifi coverage histogram (bin size: 1x)...
    saved to ${ARTICLE33_WORK_DIR}/quast.partial/basic_stats/hybrid-illumina-hifi_coverage_histogram.pdf
Done.

NOTICE: Genes are not predicted by default. Use --gene-finding or --glimmer option to enable it.

2026-07-27 11:23:13
Creating large visual summaries...
This may take a while: press Ctrl-C to skip this step..
  1 of 1: Creating PDF with all tables and plots...
Done

2026-07-27 11:23:22
RESULTS:
  Text versions of total report are saved to ${ARTICLE33_WORK_DIR}/quast.partial/report.txt, report.tsv, and report.tex
  Text versions of transposed total report are saved to ${ARTICLE33_WORK_DIR}/quast.partial/transposed_report.txt, transposed_report.tsv, and transposed_report.tex
  HTML version (interactive tables and plots) is saved to ${ARTICLE33_WORK_DIR}/quast.partial/report.html
  PDF version (tables and plots) is saved to ${ARTICLE33_WORK_DIR}/quast.partial/report.pdf
  Log is saved to ${ARTICLE33_WORK_DIR}/quast.partial/quast.log

Finished: 2026-07-27 11:23:22
Elapsed time: 0:02:21.876663
NOTICEs: 1; WARNINGs: 0; non-fatal ERRORs: 0

Thank you for using QUAST!
