

                                  GToTree v1.8.17
                         (github.com/AstrobioMike/GToTree)


 ---------------------------------  RUN INFO  --------------------------------- 

[0;33m
    Input genome sources include:
[0m      - NCBI accessions listed in ${ARTICLE47_WORK_DIR}/inputs/trees/archaea-reference-accessions.txt (8 genomes)
      - Fasta files listed in ${ARTICLE47_WORK_DIR}/inputs/trees/archaea-query-fastas.txt (8 genomes)

                             [0;32mTotal input genomes: 16[0m
[0;33m
    HMM source to be used:
[0m      - Archaea.hmm (76 targets)
[0;33m
    Options set:
[0m      - The output directory has been set to "${ARTICLE47_WORK_DIR}/gtotree/archaea/"
      - The file "${ARTICLE47_WORK_DIR}/inputs/trees/archaea-labels.tsv" will be used to modify labels of the specified genomes
      - Only generating alignment, no tree, as the "-N" option has been provided
      - Individual protein alignment files will be retained, due to the "-k" flag being provided
      - Number of cpus to use during hmm search ("-n") has been set to 4
      - Number of jobs to run during parallelizable steps has been set to 4
      - Debug mode on. Temp directory won't be removed after run
      - Attempting to use http instead of ftp


  [0;33m********************************** [0mNOTICE [0;33m**********************************[0m  
    Filtering by gene-length using the median length of a gene set (set with
    the `-c` flag) becomes less reliable with fewer genomes. With 16 total
    input genomes, if a lot of sequences are dropped, consider increasing
    the parameter and/or visually inspecting the alignments.

    More info can be found here:
      github.com/AstrobioMike/GToTree/wiki/Things-to-consider

	        Moving forward with "-c" set to 0.2 this run.
  [0;33m****************************************************************************[0m  


 ############################################################################## 
 ####          Working on the genomes provided as NCBI accessions          ####
 ############################################################################## 



	        [0;32mAll 8 input accessions successfully found.[0m

   --------------------------------------------------------------------------   

     Genome: [0;32mGCA_000008085.1[0m
             Found 57 of the targeted 76 genes.
             Est. % comp: 75.00; Est. % redund: 0.00

   --------------------------------------------------------------------------   

     Genome: [0;32mGCF_000017945.1[0m
             Found 75 of the targeted 76 genes.
             Est. % comp: 98.68; Est. % redund: 1.32

   --------------------------------------------------------------------------   

     Genome: [0;32mGCF_000016125.1[0m
             Found 75 of the targeted 76 genes.
             Est. % comp: 98.68; Est. % redund: 1.32

   --------------------------------------------------------------------------   

     Genome: [0;32mGCF_000011105.1[0m
             Found 76 of the targeted 76 genes.
             Est. % comp: 100.00; Est. % redund: 1.32

   --------------------------------------------------------------------------   

     Genome: [0;32mGCF_000091665.1[0m
             Found 76 of the targeted 76 genes.
             Est. % comp: 100.00; Est. % redund: 2.63

   --------------------------------------------------------------------------   

     Genome: [0;32mGCF_001481685.1[0m
             Found 75 of the targeted 76 genes.
             Est. % comp: 98.68; Est. % redund: 3.95

   --------------------------------------------------------------------------   

     Genome: [0;32mGCF_001639275.1[0m
             Found 76 of the targeted 76 genes.
             Est. % comp: 100.00; Est. % redund: 0.00

   --------------------------------------------------------------------------   

     Genome: [0;32mGCF_008124605.1[0m
             Found 76 of the targeted 76 genes.
             Est. % comp: 100.00; Est. % redund: 1.32

________________________________________________________________________________


     ******************************* [0;32mUPDATE[0m *******************************  
        Of the input genomes provided by NCBI accession:

                [0;32mAll 8 successfully downloaded and searched :)[0m
     ********************************************************************** 


 ############################################################################## 
 ####            Working on the genomes provided as fasta files            ####
 ############################################################################## 

           It is currently 01:42 PM; the process started at 01:41 PM.
               Current process runtime: 0 hours and 0 minutes.

   --------------------------------------------------------------------------   

     Genome: [0;32mSGB_008[0m
             Found 46 of the targeted 76 genes.
             Est. % comp: 60.53; Est. % redund: 0.00

   --------------------------------------------------------------------------   

     Genome: [0;32mSGB_011[0m
             Found 74 of the targeted 76 genes.
             Est. % comp: 97.37; Est. % redund: 0.00

   --------------------------------------------------------------------------   

     Genome: [0;32mSGB_010[0m
             Found 76 of the targeted 76 genes.
             Est. % comp: 100.00; Est. % redund: 2.63

   --------------------------------------------------------------------------   

     Genome: [0;32mSGB_013[0m
             Found 56 of the targeted 76 genes.
             Est. % comp: 73.68; Est. % redund: 1.32

   --------------------------------------------------------------------------   

     Genome: [0;32mSGB_009[0m
             Found 68 of the targeted 76 genes.
             Est. % comp: 89.47; Est. % redund: 0.00

   --------------------------------------------------------------------------   

     Genome: [0;32mSGB_018[0m
             Found 45 of the targeted 76 genes.
             Est. % comp: 59.21; Est. % redund: 0.00

   --------------------------------------------------------------------------   

     Genome: [0;32mSGB_019[0m
             Found 76 of the targeted 76 genes.
             Est. % comp: 100.00; Est. % redund: 1.32

   --------------------------------------------------------------------------   

     Genome: [0;32mSGB_020[0m
             Found 74 of the targeted 76 genes.
             Est. % comp: 97.37; Est. % redund: 0.00

_______________________________________________________________________________


 ############################################################################## 
 ####                     Filtering genes by length                        ####
 ############################################################################## 

     Keeping those with lengths within 20% of the median for the gene set.

           It is currently 01:42 PM; the process started at 01:41 PM.
               Current process runtime: 0 hours and 0 minutes.


    Filtering [0;32mAdenylsucc_synt[0m sequences by length...

	Retained 9 sequences of the initial 12 (75.0%).


    Filtering [0;32mArchease[0m sequences by length...

	Retained 16 sequences of the initial 16 (100.0%).


    Filtering [0;32mATP-synt_D[0m sequences by length...

	Retained 16 sequences of the initial 16 (100.0%).


    Filtering [0;32mAdoHcyase[0m sequences by length...

	Retained 13 sequences of the initial 14 (92.86%).


    Filtering [0;32mATP-synt_F[0m sequences by length...

	Retained 12 sequences of the initial 12 (100.0%).


    Filtering [0;32mCarS-like[0m sequences by length...

	Retained 13 sequences of the initial 13 (100.0%).


    Filtering [0;32mCTP-dep_RFKase[0m sequences by length...

	Retained 7 sequences of the initial 13 (53.85%).


    Filtering [0;32mDiphthamide_syn[0m sequences by length...

	Retained 14 sequences of the initial 14 (100.0%).


    Filtering [0;32mDNA_primase_lrg[0m sequences by length...

	Retained 16 sequences of the initial 16 (100.0%).


    Filtering [0;32mdsDNA_bind[0m sequences by length...

	Retained 15 sequences of the initial 15 (100.0%).


    Filtering [0;32mDUF357[0m sequences by length...

	Retained 11 sequences of the initial 13 (84.62%).


    Filtering [0;32mDUF359[0m sequences by length...

	Retained 12 sequences of the initial 12 (100.0%).


    Filtering [0;32mDUF655[0m sequences by length...

	Retained 14 sequences of the initial 15 (93.33%).


    Filtering [0;32meIF-6[0m sequences by length...

	Retained 15 sequences of the initial 15 (100.0%).


    Filtering [0;32mFbpA[0m sequences by length...

	Retained 11 sequences of the initial 12 (91.67%).


    Filtering [0;32mHam1p_like[0m sequences by length...

	Retained 14 sequences of the initial 14 (100.0%).


    Filtering [0;32mNDK[0m sequences by length...

	Retained 15 sequences of the initial 15 (100.0%).


    Filtering [0;32mHMG-CoA_red[0m sequences by length...

	Retained 12 sequences of the initial 13 (92.31%).


    Filtering [0;32mPPS_PS[0m sequences by length...

	Retained 13 sequences of the initial 13 (100.0%).


    Filtering [0;32mPrefoldin[0m sequences by length...

	Retained 12 sequences of the initial 12 (100.0%).


    Filtering [0;32mPTH2[0m sequences by length...

	Retained 16 sequences of the initial 16 (100.0%).


    Filtering [0;32mPyrI[0m sequences by length...

	Retained 13 sequences of the initial 13 (100.0%).


    Filtering [0;32mRib_5-P_isom_A[0m sequences by length...

	Retained 12 sequences of the initial 13 (92.31%).


    Filtering [0;32mRibosomal_L1[0m sequences by length...

	Retained 15 sequences of the initial 15 (100.0%).


    Filtering [0;32mRibosomal_L13[0m sequences by length...

	Retained 16 sequences of the initial 16 (100.0%).


    Filtering [0;32mRibosomal_L14[0m sequences by length...

	Retained 15 sequences of the initial 16 (93.75%).


    Filtering [0;32mRibosomal_L16[0m sequences by length...

	Retained 15 sequences of the initial 15 (100.0%).


    Filtering [0;32mRibosomal_L15e[0m sequences by length...

	Retained 15 sequences of the initial 15 (100.0%).


    Filtering [0;32mRibosomal_L21e[0m sequences by length...

	Retained 15 sequences of the initial 16 (93.75%).


    Filtering [0;32mRibosomal_L23[0m sequences by length...

	Retained 13 sequences of the initial 13 (100.0%).


    Filtering [0;32mRibosomal_L22[0m sequences by length...

	Retained 15 sequences of the initial 15 (100.0%).


    Filtering [0;32mRibosomal_L26[0m sequences by length...

	Retained 15 sequences of the initial 15 (100.0%).


    Filtering [0;32mRibosomal_L29[0m sequences by length...

	Retained 15 sequences of the initial 15 (100.0%).


    Filtering [0;32mRibosomal_L32e[0m sequences by length...

	Retained 12 sequences of the initial 16 (75.0%).


    Filtering [0;32mRibosomal_L3[0m sequences by length...

	Retained 15 sequences of the initial 15 (100.0%).


    Filtering [0;32mRibosomal_L31e[0m sequences by length...

	Retained 14 sequences of the initial 16 (87.5%).


    Filtering [0;32mRibosomal_L37ae[0m sequences by length...

	Retained 14 sequences of the initial 14 (100.0%).


    Filtering [0;32mRibosomal_L4[0m sequences by length...

	Retained 14 sequences of the initial 14 (100.0%).


    Filtering [0;32mRibosomal_L39[0m sequences by length...

	Retained 13 sequences of the initial 13 (100.0%).


    Filtering [0;32mRibosomal_L44[0m sequences by length...

	Retained 15 sequences of the initial 15 (100.0%).


    Filtering [0;32mRibosomal_L5e[0m sequences by length...

	Retained 15 sequences of the initial 15 (100.0%).


    Filtering [0;32mRibosomal_S11[0m sequences by length...

	Retained 14 sequences of the initial 15 (93.33%).


    Filtering [0;32mRibosomal_S13[0m sequences by length...

	Retained 13 sequences of the initial 13 (100.0%).


    Filtering [0;32mRibosomal_L6[0m sequences by length...

	Retained 15 sequences of the initial 16 (93.75%).


    Filtering [0;32mRibosomal_S15[0m sequences by length...

	Retained 13 sequences of the initial 14 (92.86%).


    Filtering [0;32mRibosomal_S17[0m sequences by length...

	Retained 15 sequences of the initial 15 (100.0%).


    Filtering [0;32mRibosomal_S17e[0m sequences by length...

	Retained 15 sequences of the initial 15 (100.0%).


    Filtering [0;32mRibosomal_S19[0m sequences by length...

	Retained 15 sequences of the initial 15 (100.0%).


    Filtering [0;32mRibosomal_S2[0m sequences by length...

	Retained 16 sequences of the initial 16 (100.0%).


    Filtering [0;32mRibosomal_S19e[0m sequences by length...

	Retained 15 sequences of the initial 16 (93.75%).


    Filtering [0;32mRibosomal_S24e[0m sequences by length...

	Retained 15 sequences of the initial 15 (100.0%).


    Filtering [0;32mRibosomal_S27e[0m sequences by length...

	Retained 14 sequences of the initial 14 (100.0%).


    Filtering [0;32mRibosomal_S3Ae[0m sequences by length...

	Retained 14 sequences of the initial 15 (93.33%).


    Filtering [0;32mRibosomal_S28e[0m sequences by length...

	Retained 16 sequences of the initial 16 (100.0%).


    Filtering [0;32mRibosomal_S7[0m sequences by length...

	Retained 14 sequences of the initial 14 (100.0%).


    Filtering [0;32mRibosomal_S8[0m sequences by length...

	Retained 16 sequences of the initial 16 (100.0%).


    Filtering [0;32mRibosomal_S9[0m sequences by length...

	Retained 15 sequences of the initial 15 (100.0%).


    Filtering [0;32mRibosomal_S8e[0m sequences by length...

	Retained 15 sequences of the initial 15 (100.0%).


    Filtering [0;32mRibosom_S12_S23[0m sequences by length...

	Retained 14 sequences of the initial 14 (100.0%).


    Filtering [0;32mRNA_pol_L_2[0m sequences by length...

	Retained 15 sequences of the initial 15 (100.0%).


    Filtering [0;32mRNA_pol_N[0m sequences by length...

	Retained 15 sequences of the initial 15 (100.0%).


    Filtering [0;32mRNA_pol_Rpb4[0m sequences by length...

	Retained 8 sequences of the initial 8 (100.0%).


    Filtering [0;32mRNA_pol_Rpb6[0m sequences by length...

	Retained 11 sequences of the initial 14 (78.57%).


    Filtering [0;32mRNase_HII[0m sequences by length...

	Retained 14 sequences of the initial 14 (100.0%).


    Filtering [0;32mRtcB[0m sequences by length...

	Retained 9 sequences of the initial 15 (60.0%).


    Filtering [0;32mSpt4[0m sequences by length...

	Retained 15 sequences of the initial 15 (100.0%).


    Filtering [0;32mSecY[0m sequences by length...

	Retained 15 sequences of the initial 15 (100.0%).


    Filtering [0;32mTIM[0m sequences by length...

	Retained 12 sequences of the initial 13 (92.31%).


    Filtering [0;32mTrm56[0m sequences by length...

	Retained 14 sequences of the initial 14 (100.0%).


    Filtering [0;32mtRNA-synt_1d[0m sequences by length...

	Retained 13 sequences of the initial 14 (92.86%).


    Filtering [0;32mtRNA-synt_1c[0m sequences by length...

	Retained 15 sequences of the initial 16 (93.75%).


    Filtering [0;32mtRNA-synt_His[0m sequences by length...

	Retained 14 sequences of the initial 14 (100.0%).


    Filtering [0;32mTruD[0m sequences by length...

	Retained 11 sequences of the initial 12 (91.67%).


    Filtering [0;32mV_ATPase_I[0m sequences by length...

	Retained 12 sequences of the initial 15 (80.0%).


    Filtering [0;32mvATP-synt_AC39[0m sequences by length...

	Retained 12 sequences of the initial 12 (100.0%).


    Filtering [0;32mvATP-synt_E[0m sequences by length...

	Retained 13 sequences of the initial 13 (100.0%).

________________________________________________________________________________ 



 ############################################################################## 
 ####                Filtering genomes with too few hits                   ####
 ############################################################################## 

     Removing those with fewer than 50% of the total SCGs targeted.

           It is currently 01:42 PM; the process started at 01:41 PM.
               Current process runtime: 0 hours and 0 minutes.

             [0;32mNo genomes were removed for having too few hits :)[0m

________________________________________________________________________________



 ############################################################################## 
 ####          Aligning, trimming, and inserting gap-sequences             ####
 ############################################################################## 

           It is currently 01:42 PM; the process started at 01:41 PM.
               Current process runtime: 0 hours and 1 minutes.



   --------------------------------------------------------------------------   
	    Finished aligning and formatting gene-set [0;32mArchease[0m.
   --------------------------------------------------------------------------   



   --------------------------------------------------------------------------   
	    Finished aligning and formatting gene-set [0;32mAdenylsucc_synt[0m.
   --------------------------------------------------------------------------   



   --------------------------------------------------------------------------   
	    Finished aligning and formatting gene-set [0;32mATP-synt_D[0m.
   --------------------------------------------------------------------------   



   --------------------------------------------------------------------------   
	    Finished aligning and formatting gene-set [0;32mAdoHcyase[0m.
   --------------------------------------------------------------------------   



   --------------------------------------------------------------------------   
	    Finished aligning and formatting gene-set [0;32mATP-synt_F[0m.
   --------------------------------------------------------------------------   



   --------------------------------------------------------------------------   
	    Finished aligning and formatting gene-set [0;32mCTP-dep_RFKase[0m.
   --------------------------------------------------------------------------   



   --------------------------------------------------------------------------   
	    Finished aligning and formatting gene-set [0;32mCarS-like[0m.
   --------------------------------------------------------------------------   



   --------------------------------------------------------------------------   
	    Finished aligning and formatting gene-set [0;32mdsDNA_bind[0m.
   --------------------------------------------------------------------------   



   --------------------------------------------------------------------------   
	    Finished aligning and formatting gene-set [0;32mDUF357[0m.
   --------------------------------------------------------------------------   



   --------------------------------------------------------------------------   
	    Finished aligning and formatting gene-set [0;32mDiphthamide_syn[0m.
   --------------------------------------------------------------------------   



   --------------------------------------------------------------------------   
	    Finished aligning and formatting gene-set [0;32mDUF359[0m.
   --------------------------------------------------------------------------   



   --------------------------------------------------------------------------   
	    Finished aligning and formatting gene-set [0;32mDUF655[0m.
   --------------------------------------------------------------------------   



   --------------------------------------------------------------------------   
	    Finished aligning and formatting gene-set [0;32meIF-6[0m.
   --------------------------------------------------------------------------   



   --------------------------------------------------------------------------   
	    Finished aligning and formatting gene-set [0;32mDNA_primase_lrg[0m.
   --------------------------------------------------------------------------   



   --------------------------------------------------------------------------   
	    Finished aligning and formatting gene-set [0;32mHam1p_like[0m.
   --------------------------------------------------------------------------   



   --------------------------------------------------------------------------   
	    Finished aligning and formatting gene-set [0;32mNDK[0m.
   --------------------------------------------------------------------------   



   --------------------------------------------------------------------------   
	    Finished aligning and formatting gene-set [0;32mHMG-CoA_red[0m.
   --------------------------------------------------------------------------   



   --------------------------------------------------------------------------   
	    Finished aligning and formatting gene-set [0;32mPPS_PS[0m.
   --------------------------------------------------------------------------   



   --------------------------------------------------------------------------   
	    Finished aligning and formatting gene-set [0;32mFbpA[0m.
   --------------------------------------------------------------------------   



   --------------------------------------------------------------------------   
	    Finished aligning and formatting gene-set [0;32mPrefoldin[0m.
   --------------------------------------------------------------------------   



   --------------------------------------------------------------------------   
	    Finished aligning and formatting gene-set [0;32mPTH2[0m.
   --------------------------------------------------------------------------   



   --------------------------------------------------------------------------   
	    Finished aligning and formatting gene-set [0;32mPyrI[0m.
   --------------------------------------------------------------------------   



   --------------------------------------------------------------------------   
	    Finished aligning and formatting gene-set [0;32mRib_5-P_isom_A[0m.
   --------------------------------------------------------------------------   



   --------------------------------------------------------------------------   
	    Finished aligning and formatting gene-set [0;32mRibosomal_L1[0m.
   --------------------------------------------------------------------------   



   --------------------------------------------------------------------------   
	    Finished aligning and formatting gene-set [0;32mRibosomal_L14[0m.
   --------------------------------------------------------------------------   



   --------------------------------------------------------------------------   
	    Finished aligning and formatting gene-set [0;32mRibosomal_L13[0m.
   --------------------------------------------------------------------------   



   --------------------------------------------------------------------------   
	    Finished aligning and formatting gene-set [0;32mRibosomal_L16[0m.
   --------------------------------------------------------------------------   



   --------------------------------------------------------------------------   
	    Finished aligning and formatting gene-set [0;32mRibosomal_L15e[0m.
   --------------------------------------------------------------------------   



   --------------------------------------------------------------------------   
	    Finished aligning and formatting gene-set [0;32mRibosomal_L21e[0m.
   --------------------------------------------------------------------------   



   --------------------------------------------------------------------------   
	    Finished aligning and formatting gene-set [0;32mRibosomal_L22[0m.
   --------------------------------------------------------------------------   



   --------------------------------------------------------------------------   
	    Finished aligning and formatting gene-set [0;32mRibosomal_L23[0m.
   --------------------------------------------------------------------------   



   --------------------------------------------------------------------------   
	    Finished aligning and formatting gene-set [0;32mRibosomal_L26[0m.
   --------------------------------------------------------------------------   



   --------------------------------------------------------------------------   
	    Finished aligning and formatting gene-set [0;32mRibosomal_L29[0m.
   --------------------------------------------------------------------------   



   --------------------------------------------------------------------------   
	    Finished aligning and formatting gene-set [0;32mRibosomal_L31e[0m.
   --------------------------------------------------------------------------   



   --------------------------------------------------------------------------   
	    Finished aligning and formatting gene-set [0;32mRibosomal_L37ae[0m.
   --------------------------------------------------------------------------   



   --------------------------------------------------------------------------   
	    Finished aligning and formatting gene-set [0;32mRibosomal_L32e[0m.
   --------------------------------------------------------------------------   



   --------------------------------------------------------------------------   
	    Finished aligning and formatting gene-set [0;32mRibosomal_L3[0m.
   --------------------------------------------------------------------------   



   --------------------------------------------------------------------------   
	    Finished aligning and formatting gene-set [0;32mRibosomal_L39[0m.
   --------------------------------------------------------------------------   



   --------------------------------------------------------------------------   
	    Finished aligning and formatting gene-set [0;32mRibosomal_L44[0m.
   --------------------------------------------------------------------------   



   --------------------------------------------------------------------------   
	    Finished aligning and formatting gene-set [0;32mRibosomal_L4[0m.
   --------------------------------------------------------------------------   



   --------------------------------------------------------------------------   
	    Finished aligning and formatting gene-set [0;32mRibosomal_L5e[0m.
   --------------------------------------------------------------------------   



   --------------------------------------------------------------------------   
	    Finished aligning and formatting gene-set [0;32mRibosomal_L6[0m.
   --------------------------------------------------------------------------   



   --------------------------------------------------------------------------   
	    Finished aligning and formatting gene-set [0;32mRibosomal_S11[0m.
   --------------------------------------------------------------------------   



   --------------------------------------------------------------------------   
	    Finished aligning and formatting gene-set [0;32mRibosomal_S13[0m.
   --------------------------------------------------------------------------   



   --------------------------------------------------------------------------   
	    Finished aligning and formatting gene-set [0;32mRibosomal_S15[0m.
   --------------------------------------------------------------------------   



   --------------------------------------------------------------------------   
	    Finished aligning and formatting gene-set [0;32mRibosomal_S17[0m.
   --------------------------------------------------------------------------   



   --------------------------------------------------------------------------   
	    Finished aligning and formatting gene-set [0;32mRibosomal_S17e[0m.
   --------------------------------------------------------------------------   



   --------------------------------------------------------------------------   
	    Finished aligning and formatting gene-set [0;32mRibosomal_S19[0m.
   --------------------------------------------------------------------------   



   --------------------------------------------------------------------------   
	    Finished aligning and formatting gene-set [0;32mRibosomal_S19e[0m.
   --------------------------------------------------------------------------   



   --------------------------------------------------------------------------   
	    Finished aligning and formatting gene-set [0;32mRibosomal_S24e[0m.
   --------------------------------------------------------------------------   



   --------------------------------------------------------------------------   
	    Finished aligning and formatting gene-set [0;32mRibosomal_S2[0m.
   --------------------------------------------------------------------------   



   --------------------------------------------------------------------------   
	    Finished aligning and formatting gene-set [0;32mRibosomal_S27e[0m.
   --------------------------------------------------------------------------   



   --------------------------------------------------------------------------   
	    Finished aligning and formatting gene-set [0;32mRibosomal_S28e[0m.
   --------------------------------------------------------------------------   



   --------------------------------------------------------------------------   
	    Finished aligning and formatting gene-set [0;32mRibosomal_S7[0m.
   --------------------------------------------------------------------------   



   --------------------------------------------------------------------------   
	    Finished aligning and formatting gene-set [0;32mRibosomal_S3Ae[0m.
   --------------------------------------------------------------------------   



   --------------------------------------------------------------------------   
	    Finished aligning and formatting gene-set [0;32mRibosomal_S8[0m.
   --------------------------------------------------------------------------   



   --------------------------------------------------------------------------   
	    Finished aligning and formatting gene-set [0;32mRibosomal_S8e[0m.
   --------------------------------------------------------------------------   



   --------------------------------------------------------------------------   
	    Finished aligning and formatting gene-set [0;32mRibosomal_S9[0m.
   --------------------------------------------------------------------------   



   --------------------------------------------------------------------------   
	    Finished aligning and formatting gene-set [0;32mRibosom_S12_S23[0m.
   --------------------------------------------------------------------------   



   --------------------------------------------------------------------------   
	    Finished aligning and formatting gene-set [0;32mRNA_pol_L_2[0m.
   --------------------------------------------------------------------------   



   --------------------------------------------------------------------------   
	    Finished aligning and formatting gene-set [0;32mRNA_pol_N[0m.
   --------------------------------------------------------------------------   



   --------------------------------------------------------------------------   
	    Finished aligning and formatting gene-set [0;32mRNA_pol_Rpb4[0m.
   --------------------------------------------------------------------------   



   --------------------------------------------------------------------------   
	    Finished aligning and formatting gene-set [0;32mRNA_pol_Rpb6[0m.
   --------------------------------------------------------------------------   



   --------------------------------------------------------------------------   
	    Finished aligning and formatting gene-set [0;32mRNase_HII[0m.
   --------------------------------------------------------------------------   



   --------------------------------------------------------------------------   
	    Finished aligning and formatting gene-set [0;32mSpt4[0m.
   --------------------------------------------------------------------------   



   --------------------------------------------------------------------------   
	    Finished aligning and formatting gene-set [0;32mRtcB[0m.
   --------------------------------------------------------------------------   



   --------------------------------------------------------------------------   
	    Finished aligning and formatting gene-set [0;32mTIM[0m.
   --------------------------------------------------------------------------   



   --------------------------------------------------------------------------   
	    Finished aligning and formatting gene-set [0;32mTrm56[0m.
   --------------------------------------------------------------------------   



   --------------------------------------------------------------------------   
	    Finished aligning and formatting gene-set [0;32mSecY[0m.
   --------------------------------------------------------------------------   



   --------------------------------------------------------------------------   
	    Finished aligning and formatting gene-set [0;32mtRNA-synt_His[0m.
   --------------------------------------------------------------------------   



   --------------------------------------------------------------------------   
	    Finished aligning and formatting gene-set [0;32mTruD[0m.
   --------------------------------------------------------------------------   



   --------------------------------------------------------------------------   
	    Finished aligning and formatting gene-set [0;32mtRNA-synt_1c[0m.
   --------------------------------------------------------------------------   



   --------------------------------------------------------------------------   
	    Finished aligning and formatting gene-set [0;32mtRNA-synt_1d[0m.
   --------------------------------------------------------------------------   



   --------------------------------------------------------------------------   
	    Finished aligning and formatting gene-set [0;32mvATP-synt_E[0m.
   --------------------------------------------------------------------------   



   --------------------------------------------------------------------------   
	    Finished aligning and formatting gene-set [0;32mvATP-synt_AC39[0m.
   --------------------------------------------------------------------------   



   --------------------------------------------------------------------------   
	    Finished aligning and formatting gene-set [0;32mV_ATPase_I[0m.
   --------------------------------------------------------------------------   



________________________________________________________________________________



 ############################################################################## 
 ####                  Catting all alignments together                     ####
 ############################################################################## 

           It is currently 01:43 PM; the process started at 01:41 PM.
               Current process runtime: 0 hours and 1 minutes.


________________________________________________________________________________



 ############################################################################## 
 ####                   Adding more informative headers                    ####
 ############################################################################## 


________________________________________________________________________________




#################################################################################
####                                 [0;32mDone!![0m                                  ####
#################################################################################

            [0;32mAll 16 input genomes were retained through the workflow![0m

    Alignment written to:
        [0;32m${ARTICLE47_WORK_DIR}/gtotree/archaea/Aligned_SCGs_mod_names.faa[0m

    Individual protein alignments stored in:
        [0;32m${ARTICLE47_WORK_DIR}/gtotree/archaea/run_files/individual_alignments/[0m

    Main genomes summary table written to:
        [0;32m${ARTICLE47_WORK_DIR}/gtotree/archaea/Genomes_summary_info.tsv[0m

    Summary table with hits per target gene per genome written to:
        [0;32m${ARTICLE47_WORK_DIR}/gtotree/archaea/SCG_hit_counts.tsv[0m

    Partitions file (for downstream use with mixed-model treeing) written to:
        [0;32m${ARTICLE47_WORK_DIR}/gtotree/archaea/run_files/Partitions.txt[0m
        [0;32m${ARTICLE47_WORK_DIR}/gtotree/archaea/run_files/Partitions.nex[0m

 _______________________________________________________________________________

    Additional informative run files can be found in:
        [0;32m${ARTICLE47_WORK_DIR}/gtotree/archaea/run_files/[0m
 _______________________________________________________________________________

    Log file written to:
        [0;32m${ARTICLE47_WORK_DIR}/gtotree/archaea/gtotree-runlog.txt[0m
 _______________________________________________________________________________

    [0;33mPrograms used and their citations have been written to:
[0m        [0;32m${ARTICLE47_WORK_DIR}/gtotree/archaea/citations.txt[0m

 _______________________________________________________________________________


                                         Total process runtime: 0 hours and 1 minutes.
                                                      [0;32mHappy Thursday :)[0m

