

                                  GToTree v1.8.17
                         (github.com/AstrobioMike/GToTree)


 ---------------------------------  RUN INFO  --------------------------------- 

[0;33m
    Input genome sources include:
[0m      - NCBI accessions listed in ${ARTICLE47_WORK_DIR}/inputs/trees/bacteria-reference-accessions.txt (16 genomes)
      - Fasta files listed in ${ARTICLE47_WORK_DIR}/inputs/trees/bacteria-query-fastas.txt (16 genomes)

                             [0;32mTotal input genomes: 32[0m
[0;33m
    HMM source to be used:
[0m      - Bacteria.hmm (74 targets)
[0;33m
    Options set:
[0m      - The output directory has been set to "${ARTICLE47_WORK_DIR}/gtotree/bacteria/"
      - The file "${ARTICLE47_WORK_DIR}/inputs/trees/bacteria-labels.tsv" will be used to modify labels of the specified genomes
      - Only generating alignment, no tree, as the "-N" option has been provided
      - Individual protein alignment files will be retained, due to the "-k" flag being provided
      - Number of cpus to use during hmm search ("-n") has been set to 4
      - Number of jobs to run during parallelizable steps has been set to 4
      - Debug mode on. Temp directory won't be removed after run
      - Attempting to use http instead of ftp


 ############################################################################## 
 ####          Working on the genomes provided as NCBI accessions          ####
 ############################################################################## 



	        [0;32mAll 16 input accessions successfully found.[0m

   --------------------------------------------------------------------------   

     Genome: [0;32mGCF_000010505.1[0m
             Found 70 of the targeted 74 genes.
             Est. % comp: 94.59; Est. % redund: 1.35

   --------------------------------------------------------------------------   

     Genome: [0;32mGCF_000016545.1[0m
             Found 74 of the targeted 74 genes.
             Est. % comp: 100.00; Est. % redund: 2.70

   --------------------------------------------------------------------------   

     Genome: [0;32mGCF_000010305.1[0m
             Found 72 of the targeted 74 genes.
             Est. % comp: 97.30; Est. % redund: 2.70

   --------------------------------------------------------------------------   

     Genome: [0;32mGCA_000018565.1[0m
             Found 68 of the targeted 74 genes.
             Est. % comp: 91.89; Est. % redund: 4.05

   --------------------------------------------------------------------------   

     Genome: [0;32mGCF_000016785.1[0m
             Found 72 of the targeted 74 genes.
             Est. % comp: 97.30; Est. % redund: 0.00

   --------------------------------------------------------------------------   

     Genome: [0;32mGCF_000018945.1[0m
             Found 72 of the targeted 74 genes.
             Est. % comp: 97.30; Est. % redund: 0.00

   --------------------------------------------------------------------------   

     Genome: [0;32mGCF_000019085.1[0m
             Found 70 of the targeted 74 genes.
             Est. % comp: 94.59; Est. % redund: 0.00

   --------------------------------------------------------------------------   

     Genome: [0;32mGCF_000020465.1[0m
             Found 73 of the targeted 74 genes.
             Est. % comp: 98.65; Est. % redund: 0.00

   --------------------------------------------------------------------------   

     Genome: [0;32mGCF_000020785.1[0m
             Found 69 of the targeted 74 genes.
             Est. % comp: 93.24; Est. % redund: 0.00

   --------------------------------------------------------------------------   

     Genome: [0;32mGCF_000021565.1[0m
             Found 72 of the targeted 74 genes.
             Est. % comp: 97.30; Est. % redund: 4.05

   --------------------------------------------------------------------------   

     Genome: [0;32mGCF_002952055.1[0m
             Found 72 of the targeted 74 genes.
             Est. % comp: 97.30; Est. % redund: 1.35

   --------------------------------------------------------------------------   

     Genome: [0;32mGCF_000196115.1[0m
             Found 73 of the targeted 74 genes.
             Est. % comp: 98.65; Est. % redund: 5.41

   --------------------------------------------------------------------------   

     Genome: [0;32mGCF_003968655.1[0m
             Found 72 of the targeted 74 genes.
             Est. % comp: 97.30; Est. % redund: 1.35

   --------------------------------------------------------------------------   

     Genome: [0;32mGCF_031191795.1[0m
             Found 73 of the targeted 74 genes.
             Est. % comp: 98.65; Est. % redund: 0.00

   --------------------------------------------------------------------------   

     Genome: [0;32mGCF_900167395.1[0m
             Found 73 of the targeted 74 genes.
             Est. % comp: 98.65; Est. % redund: 0.00

   --------------------------------------------------------------------------   

     Genome: [0;32mGCF_900456975.1[0m
             Found 74 of the targeted 74 genes.
             Est. % comp: 100.00; Est. % redund: 2.70

________________________________________________________________________________


     ******************************* [0;32mUPDATE[0m *******************************  
        Of the input genomes provided by NCBI accession:

                [0;32mAll 16 successfully downloaded and searched :)[0m
     ********************************************************************** 


 ############################################################################## 
 ####            Working on the genomes provided as fasta files            ####
 ############################################################################## 

           It is currently 12:56 PM; the process started at 12:56 PM.
               Current process runtime: 0 hours and 0 minutes.

   --------------------------------------------------------------------------   

     Genome: [0;32mSGB_004[0m
             Found 71 of the targeted 74 genes.
             Est. % comp: 95.95; Est. % redund: 0.00

   --------------------------------------------------------------------------   

     Genome: [0;32mSGB_002[0m
             Found 72 of the targeted 74 genes.
             Est. % comp: 97.30; Est. % redund: 1.35

   --------------------------------------------------------------------------   

     Genome: [0;32mSGB_001[0m
             Found 71 of the targeted 74 genes.
             Est. % comp: 95.95; Est. % redund: 1.35

   --------------------------------------------------------------------------   

     Genome: [0;32mSGB_003[0m
             Found 69 of the targeted 74 genes.
             Est. % comp: 93.24; Est. % redund: 1.35

   --------------------------------------------------------------------------   

     Genome: [0;32mSGB_012[0m
             Found 70 of the targeted 74 genes.
             Est. % comp: 94.59; Est. % redund: 1.35

   --------------------------------------------------------------------------   

     Genome: [0;32mSGB_006[0m
             Found 71 of the targeted 74 genes.
             Est. % comp: 95.95; Est. % redund: 2.70

   --------------------------------------------------------------------------   

     Genome: [0;32mSGB_005[0m
             Found 73 of the targeted 74 genes.
             Est. % comp: 98.65; Est. % redund: 0.00

   --------------------------------------------------------------------------   

     Genome: [0;32mSGB_015[0m
             Found 38 of the targeted 74 genes.
             Est. % comp: 51.35; Est. % redund: 0.00

   --------------------------------------------------------------------------   

     Genome: [0;32mSGB_014[0m
             Found 72 of the targeted 74 genes.
             Est. % comp: 97.30; Est. % redund: 4.05

   --------------------------------------------------------------------------   

     Genome: [0;32mSGB_017[0m
             Found 69 of the targeted 74 genes.
             Est. % comp: 93.24; Est. % redund: 0.00

   --------------------------------------------------------------------------   

     Genome: [0;32mSGB_016[0m
             Found 74 of the targeted 74 genes.
             Est. % comp: 100.00; Est. % redund: 2.70

   --------------------------------------------------------------------------   

     Genome: [0;32mSGB_007[0m
             Found 71 of the targeted 74 genes.
             Est. % comp: 95.95; Est. % redund: 4.05

   --------------------------------------------------------------------------   

     Genome: [0;32mSGB_023[0m
             Found 72 of the targeted 74 genes.
             Est. % comp: 97.30; Est. % redund: 0.00

   --------------------------------------------------------------------------   

     Genome: [0;32mSGB_024[0m
             Found 71 of the targeted 74 genes.
             Est. % comp: 95.95; Est. % redund: 0.00

   --------------------------------------------------------------------------   

     Genome: [0;32mSGB_022[0m
             Found 73 of the targeted 74 genes.
             Est. % comp: 98.65; Est. % redund: 2.70

   --------------------------------------------------------------------------   

     Genome: [0;32mSGB_021[0m
             Found 68 of the targeted 74 genes.
             Est. % comp: 91.89; Est. % redund: 5.41

_______________________________________________________________________________


 ############################################################################## 
 ####                     Filtering genes by length                        ####
 ############################################################################## 

     Keeping those with lengths within 20% of the median for the gene set.

           It is currently 12:57 PM; the process started at 12:56 PM.
               Current process runtime: 0 hours and 1 minutes.


    Filtering [0;32mAdenylsucc_synt[0m sequences by length...

	Retained 27 sequences of the initial 29 (93.1%).


    Filtering [0;32m5-FTHF_cyc-lig[0m sequences by length...

	Retained 21 sequences of the initial 21 (100.0%).


    Filtering [0;32mAICARFT_IMPCHas[0m sequences by length...

	Retained 30 sequences of the initial 30 (100.0%).


    Filtering [0;32mADK[0m sequences by length...

	Retained 26 sequences of the initial 27 (96.3%).


    Filtering [0;32mATP-synt[0m sequences by length...

	Retained 24 sequences of the initial 24 (100.0%).


    Filtering [0;32mATP-synt_A[0m sequences by length...

	Retained 18 sequences of the initial 23 (78.26%).


    Filtering [0;32mEF_TS[0m sequences by length...

	Retained 19 sequences of the initial 32 (59.38%).


    Filtering [0;32mChorismate_synt[0m sequences by length...

	Retained 29 sequences of the initial 30 (96.67%).


    Filtering [0;32mExonuc_VII_S[0m sequences by length...

	Retained 26 sequences of the initial 28 (92.86%).


    Filtering [0;32mExonuc_VII_L[0m sequences by length...

	Retained 26 sequences of the initial 26 (100.0%).


    Filtering [0;32meIF-1a[0m sequences by length...

	Retained 30 sequences of the initial 30 (100.0%).


    Filtering [0;32mGrpE[0m sequences by length...

	Retained 31 sequences of the initial 31 (100.0%).


    Filtering [0;32mHam1p_like[0m sequences by length...

	Retained 30 sequences of the initial 32 (93.75%).


    Filtering [0;32mOSCP[0m sequences by length...

	Retained 21 sequences of the initial 26 (80.77%).


    Filtering [0;32mIPPT[0m sequences by length...

	Retained 30 sequences of the initial 30 (100.0%).


    Filtering [0;32mPeptidase_A8[0m sequences by length...

	Retained 24 sequences of the initial 28 (85.71%).


    Filtering [0;32mPept_tRNA_hydro[0m sequences by length...

	Retained 30 sequences of the initial 30 (100.0%).


    Filtering [0;32mPGK[0m sequences by length...

	Retained 28 sequences of the initial 31 (90.32%).


    Filtering [0;32mRBFA[0m sequences by length...

	Retained 28 sequences of the initial 32 (87.5%).


    Filtering [0;32mPseudoU_synth_1[0m sequences by length...

	Retained 31 sequences of the initial 32 (96.88%).


    Filtering [0;32mRecO_C[0m sequences by length...

	Retained 24 sequences of the initial 24 (100.0%).


    Filtering [0;32mRibosomal_L1[0m sequences by length...

	Retained 31 sequences of the initial 31 (100.0%).


    Filtering [0;32mRibonuclease_P[0m sequences by length...

	Retained 22 sequences of the initial 29 (75.86%).


    Filtering [0;32mRibosomal_L13[0m sequences by length...

	Retained 32 sequences of the initial 32 (100.0%).


    Filtering [0;32mRibosomal_L14[0m sequences by length...

	Retained 30 sequences of the initial 31 (96.77%).


    Filtering [0;32mRibosomal_L16[0m sequences by length...

	Retained 31 sequences of the initial 31 (100.0%).


    Filtering [0;32mRibosomal_L17[0m sequences by length...

	Retained 24 sequences of the initial 30 (80.0%).


    Filtering [0;32mRibosomal_L18p[0m sequences by length...

	Retained 32 sequences of the initial 32 (100.0%).


    Filtering [0;32mRibosomal_L19[0m sequences by length...

	Retained 32 sequences of the initial 32 (100.0%).


    Filtering [0;32mRibosomal_L20[0m sequences by length...

	Retained 31 sequences of the initial 31 (100.0%).


    Filtering [0;32mRibosomal_L21p[0m sequences by length...

	Retained 30 sequences of the initial 30 (100.0%).


    Filtering [0;32mRibosomal_L22[0m sequences by length...

	Retained 27 sequences of the initial 31 (87.1%).


    Filtering [0;32mRibosomal_L23[0m sequences by length...

	Retained 32 sequences of the initial 32 (100.0%).


    Filtering [0;32mRibosomal_L27[0m sequences by length...

	Retained 31 sequences of the initial 31 (100.0%).


    Filtering [0;32mRibosomal_L27A[0m sequences by length...

	Retained 27 sequences of the initial 31 (87.1%).


    Filtering [0;32mribosomal_L24[0m sequences by length...

	Retained 26 sequences of the initial 31 (83.87%).


    Filtering [0;32mRibosomal_L28[0m sequences by length...

	Retained 28 sequences of the initial 30 (93.33%).


    Filtering [0;32mRibosomal_L3[0m sequences by length...

	Retained 32 sequences of the initial 32 (100.0%).


    Filtering [0;32mRibosomal_L29[0m sequences by length...

	Retained 30 sequences of the initial 30 (100.0%).


    Filtering [0;32mRibosomal_L32p[0m sequences by length...

	Retained 30 sequences of the initial 30 (100.0%).


    Filtering [0;32mRibosomal_L34[0m sequences by length...

	Retained 24 sequences of the initial 26 (92.31%).


    Filtering [0;32mRibosomal_L6[0m sequences by length...

	Retained 32 sequences of the initial 32 (100.0%).


    Filtering [0;32mRibosomal_L35p[0m sequences by length...

	Retained 29 sequences of the initial 30 (96.67%).


    Filtering [0;32mRibosomal_L4[0m sequences by length...

	Retained 32 sequences of the initial 32 (100.0%).


    Filtering [0;32mRibosomal_L9_C[0m sequences by length...

	Retained 32 sequences of the initial 32 (100.0%).


    Filtering [0;32mRibosomal_S10[0m sequences by length...

	Retained 30 sequences of the initial 31 (96.77%).


    Filtering [0;32mRibosomal_S13[0m sequences by length...

	Retained 32 sequences of the initial 32 (100.0%).


    Filtering [0;32mRibosomal_S11[0m sequences by length...

	Retained 32 sequences of the initial 32 (100.0%).


    Filtering [0;32mRibosomal_S15[0m sequences by length...

	Retained 32 sequences of the initial 32 (100.0%).


    Filtering [0;32mRibosomal_S16[0m sequences by length...

	Retained 22 sequences of the initial 30 (73.33%).


    Filtering [0;32mRibosomal_S17[0m sequences by length...

	Retained 23 sequences of the initial 31 (74.19%).


    Filtering [0;32mRibosomal_S19[0m sequences by length...

	Retained 31 sequences of the initial 31 (100.0%).


    Filtering [0;32mRibosomal_S2[0m sequences by length...

	Retained 29 sequences of the initial 32 (90.62%).


    Filtering [0;32mRibosomal_S20p[0m sequences by length...

	Retained 32 sequences of the initial 32 (100.0%).


    Filtering [0;32mRibosomal_S6[0m sequences by length...

	Retained 23 sequences of the initial 31 (74.19%).


    Filtering [0;32mRibosomal_S7[0m sequences by length...

	Retained 30 sequences of the initial 30 (100.0%).


    Filtering [0;32mRibosomal_S8[0m sequences by length...

	Retained 32 sequences of the initial 32 (100.0%).


    Filtering [0;32mRibosomal_S9[0m sequences by length...

	Retained 32 sequences of the initial 32 (100.0%).


    Filtering [0;32mRibosom_S12_S23[0m sequences by length...

	Retained 30 sequences of the initial 30 (100.0%).


    Filtering [0;32mRNA_pol_L[0m sequences by length...

	Retained 30 sequences of the initial 30 (100.0%).


    Filtering [0;32mRNA_pol_Rpb6[0m sequences by length...

	Retained 22 sequences of the initial 26 (84.62%).


    Filtering [0;32mRRF[0m sequences by length...

	Retained 32 sequences of the initial 32 (100.0%).


    Filtering [0;32mRsfS[0m sequences by length...

	Retained 25 sequences of the initial 28 (89.29%).


    Filtering [0;32mRuvX[0m sequences by length...

	Retained 22 sequences of the initial 29 (75.86%).


    Filtering [0;32mSecE[0m sequences by length...

	Retained 20 sequences of the initial 30 (66.67%).


    Filtering [0;32mSecG[0m sequences by length...

	Retained 12 sequences of the initial 31 (38.71%).


    Filtering [0;32mSecY[0m sequences by length...

	Retained 31 sequences of the initial 31 (100.0%).


    Filtering [0;32mSmpB[0m sequences by length...

	Retained 30 sequences of the initial 32 (93.75%).


    Filtering [0;32mtRNA_m1G_MT[0m sequences by length...

	Retained 32 sequences of the initial 32 (100.0%).


    Filtering [0;32mTsaE[0m sequences by length...

	Retained 28 sequences of the initial 28 (100.0%).


    Filtering [0;32mtRNA-synt_1d[0m sequences by length...

	Retained 25 sequences of the initial 27 (92.59%).


    Filtering [0;32mUPF0054[0m sequences by length...

	Retained 28 sequences of the initial 32 (87.5%).


    Filtering [0;32mYajC[0m sequences by length...

	Retained 28 sequences of the initial 30 (93.33%).


    Filtering [0;32mYidD[0m sequences by length...

	Retained 27 sequences of the initial 28 (96.43%).

________________________________________________________________________________ 



 ############################################################################## 
 ####                Filtering genomes with too few hits                   ####
 ############################################################################## 

     Removing those with fewer than 50% of the total SCGs targeted.

           It is currently 12:58 PM; the process started at 12:56 PM.
               Current process runtime: 0 hours and 1 minutes.

  [0;33m********************************** [0mNOTICE [0;33m**********************************[0m  
    1 genome(s) removed from analysis due to having too few hits.

    Reported in "${ARTICLE47_WORK_DIR}/gtotree/bacteria/run_files/Genomes_removed_for_too_few_hits.tsv".
  [0;33m****************************************************************************[0m  

________________________________________________________________________________



 ############################################################################## 
 ####          Aligning, trimming, and inserting gap-sequences             ####
 ############################################################################## 

           It is currently 12:58 PM; the process started at 12:56 PM.
               Current process runtime: 0 hours and 1 minutes.



   --------------------------------------------------------------------------   
	    Finished aligning and formatting gene-set [0;32m5-FTHF_cyc-lig[0m.
   --------------------------------------------------------------------------   



   --------------------------------------------------------------------------   
	    Finished aligning and formatting gene-set [0;32mADK[0m.
   --------------------------------------------------------------------------   



   --------------------------------------------------------------------------   
	    Finished aligning and formatting gene-set [0;32mATP-synt_A[0m.
   --------------------------------------------------------------------------   



   --------------------------------------------------------------------------   
	    Finished aligning and formatting gene-set [0;32mATP-synt[0m.
   --------------------------------------------------------------------------   



   --------------------------------------------------------------------------   
	    Finished aligning and formatting gene-set [0;32mAdenylsucc_synt[0m.
   --------------------------------------------------------------------------   



   --------------------------------------------------------------------------   
	    Finished aligning and formatting gene-set [0;32mEF_TS[0m.
   --------------------------------------------------------------------------   



   --------------------------------------------------------------------------   
	    Finished aligning and formatting gene-set [0;32meIF-1a[0m.
   --------------------------------------------------------------------------   



   --------------------------------------------------------------------------   
	    Finished aligning and formatting gene-set [0;32mExonuc_VII_S[0m.
   --------------------------------------------------------------------------   



   --------------------------------------------------------------------------   
	    Finished aligning and formatting gene-set [0;32mChorismate_synt[0m.
   --------------------------------------------------------------------------   



   --------------------------------------------------------------------------   
	    Finished aligning and formatting gene-set [0;32mAICARFT_IMPCHas[0m.
   --------------------------------------------------------------------------   



   --------------------------------------------------------------------------   
	    Finished aligning and formatting gene-set [0;32mGrpE[0m.
   --------------------------------------------------------------------------   



   --------------------------------------------------------------------------   
	    Finished aligning and formatting gene-set [0;32mHam1p_like[0m.
   --------------------------------------------------------------------------   



   --------------------------------------------------------------------------   
	    Finished aligning and formatting gene-set [0;32mExonuc_VII_L[0m.
   --------------------------------------------------------------------------   



   --------------------------------------------------------------------------   
	    Finished aligning and formatting gene-set [0;32mOSCP[0m.
   --------------------------------------------------------------------------   



   --------------------------------------------------------------------------   
	    Finished aligning and formatting gene-set [0;32mPeptidase_A8[0m.
   --------------------------------------------------------------------------   



   --------------------------------------------------------------------------   
	    Finished aligning and formatting gene-set [0;32mIPPT[0m.
   --------------------------------------------------------------------------   



   --------------------------------------------------------------------------   
	    Finished aligning and formatting gene-set [0;32mPept_tRNA_hydro[0m.
   --------------------------------------------------------------------------   



   --------------------------------------------------------------------------   
	    Finished aligning and formatting gene-set [0;32mRBFA[0m.
   --------------------------------------------------------------------------   



   --------------------------------------------------------------------------   
	    Finished aligning and formatting gene-set [0;32mRibonuclease_P[0m.
   --------------------------------------------------------------------------   



   --------------------------------------------------------------------------   
	    Finished aligning and formatting gene-set [0;32mPseudoU_synth_1[0m.
   --------------------------------------------------------------------------   



   --------------------------------------------------------------------------   
	    Finished aligning and formatting gene-set [0;32mRecO_C[0m.
   --------------------------------------------------------------------------   



   --------------------------------------------------------------------------   
	    Finished aligning and formatting gene-set [0;32mPGK[0m.
   --------------------------------------------------------------------------   



   --------------------------------------------------------------------------   
	    Finished aligning and formatting gene-set [0;32mRibosomal_L13[0m.
   --------------------------------------------------------------------------   



   --------------------------------------------------------------------------   
	    Finished aligning and formatting gene-set [0;32mRibosomal_L1[0m.
   --------------------------------------------------------------------------   



   --------------------------------------------------------------------------   
	    Finished aligning and formatting gene-set [0;32mRibosomal_L14[0m.
   --------------------------------------------------------------------------   



   --------------------------------------------------------------------------   
	    Finished aligning and formatting gene-set [0;32mRibosomal_L16[0m.
   --------------------------------------------------------------------------   



   --------------------------------------------------------------------------   
	    Finished aligning and formatting gene-set [0;32mRibosomal_L17[0m.
   --------------------------------------------------------------------------   



   --------------------------------------------------------------------------   
	    Finished aligning and formatting gene-set [0;32mRibosomal_L18p[0m.
   --------------------------------------------------------------------------   



   --------------------------------------------------------------------------   
	    Finished aligning and formatting gene-set [0;32mRibosomal_L19[0m.
   --------------------------------------------------------------------------   



   --------------------------------------------------------------------------   
	    Finished aligning and formatting gene-set [0;32mRibosomal_L20[0m.
   --------------------------------------------------------------------------   



   --------------------------------------------------------------------------   
	    Finished aligning and formatting gene-set [0;32mRibosomal_L21p[0m.
   --------------------------------------------------------------------------   



   --------------------------------------------------------------------------   
	    Finished aligning and formatting gene-set [0;32mRibosomal_L22[0m.
   --------------------------------------------------------------------------   



   --------------------------------------------------------------------------   
	    Finished aligning and formatting gene-set [0;32mribosomal_L24[0m.
   --------------------------------------------------------------------------   



   --------------------------------------------------------------------------   
	    Finished aligning and formatting gene-set [0;32mRibosomal_L23[0m.
   --------------------------------------------------------------------------   



   --------------------------------------------------------------------------   
	    Finished aligning and formatting gene-set [0;32mRibosomal_L27[0m.
   --------------------------------------------------------------------------   



   --------------------------------------------------------------------------   
	    Finished aligning and formatting gene-set [0;32mRibosomal_L29[0m.
   --------------------------------------------------------------------------   



   --------------------------------------------------------------------------   
	    Finished aligning and formatting gene-set [0;32mRibosomal_L28[0m.
   --------------------------------------------------------------------------   



   --------------------------------------------------------------------------   
	    Finished aligning and formatting gene-set [0;32mRibosomal_L27A[0m.
   --------------------------------------------------------------------------   



   --------------------------------------------------------------------------   
	    Finished aligning and formatting gene-set [0;32mRibosomal_L34[0m.
   --------------------------------------------------------------------------   



   --------------------------------------------------------------------------   
	    Finished aligning and formatting gene-set [0;32mRibosomal_L32p[0m.
   --------------------------------------------------------------------------   



   --------------------------------------------------------------------------   
	    Finished aligning and formatting gene-set [0;32mRibosomal_L35p[0m.
   --------------------------------------------------------------------------   



   --------------------------------------------------------------------------   
	    Finished aligning and formatting gene-set [0;32mRibosomal_L3[0m.
   --------------------------------------------------------------------------   



   --------------------------------------------------------------------------   
	    Finished aligning and formatting gene-set [0;32mRibosomal_L6[0m.
   --------------------------------------------------------------------------   



   --------------------------------------------------------------------------   
	    Finished aligning and formatting gene-set [0;32mRibosomal_L9_C[0m.
   --------------------------------------------------------------------------   



   --------------------------------------------------------------------------   
	    Finished aligning and formatting gene-set [0;32mRibosomal_S10[0m.
   --------------------------------------------------------------------------   



   --------------------------------------------------------------------------   
	    Finished aligning and formatting gene-set [0;32mRibosomal_L4[0m.
   --------------------------------------------------------------------------   



   --------------------------------------------------------------------------   
	    Finished aligning and formatting gene-set [0;32mRibosomal_S16[0m.
   --------------------------------------------------------------------------   



   --------------------------------------------------------------------------   
	    Finished aligning and formatting gene-set [0;32mRibosomal_S11[0m.
   --------------------------------------------------------------------------   



   --------------------------------------------------------------------------   
	    Finished aligning and formatting gene-set [0;32mRibosomal_S13[0m.
   --------------------------------------------------------------------------   



   --------------------------------------------------------------------------   
	    Finished aligning and formatting gene-set [0;32mRibosomal_S15[0m.
   --------------------------------------------------------------------------   



   --------------------------------------------------------------------------   
	    Finished aligning and formatting gene-set [0;32mRibosomal_S17[0m.
   --------------------------------------------------------------------------   



   --------------------------------------------------------------------------   
	    Finished aligning and formatting gene-set [0;32mRibosomal_S19[0m.
   --------------------------------------------------------------------------   



   --------------------------------------------------------------------------   
	    Finished aligning and formatting gene-set [0;32mRibosomal_S20p[0m.
   --------------------------------------------------------------------------   



   --------------------------------------------------------------------------   
	    Finished aligning and formatting gene-set [0;32mRibosomal_S6[0m.
   --------------------------------------------------------------------------   



   --------------------------------------------------------------------------   
	    Finished aligning and formatting gene-set [0;32mRibosomal_S8[0m.
   --------------------------------------------------------------------------   



   --------------------------------------------------------------------------   
	    Finished aligning and formatting gene-set [0;32mRibosomal_S2[0m.
   --------------------------------------------------------------------------   



   --------------------------------------------------------------------------   
	    Finished aligning and formatting gene-set [0;32mRibosomal_S7[0m.
   --------------------------------------------------------------------------   



   --------------------------------------------------------------------------   
	    Finished aligning and formatting gene-set [0;32mRibosomal_S9[0m.
   --------------------------------------------------------------------------   



   --------------------------------------------------------------------------   
	    Finished aligning and formatting gene-set [0;32mRNA_pol_Rpb6[0m.
   --------------------------------------------------------------------------   



   --------------------------------------------------------------------------   
	    Finished aligning and formatting gene-set [0;32mRibosom_S12_S23[0m.
   --------------------------------------------------------------------------   



   --------------------------------------------------------------------------   
	    Finished aligning and formatting gene-set [0;32mRsfS[0m.
   --------------------------------------------------------------------------   



   --------------------------------------------------------------------------   
	    Finished aligning and formatting gene-set [0;32mRuvX[0m.
   --------------------------------------------------------------------------   



   --------------------------------------------------------------------------   
	    Finished aligning and formatting gene-set [0;32mRRF[0m.
   --------------------------------------------------------------------------   



   --------------------------------------------------------------------------   
	    Finished aligning and formatting gene-set [0;32mSecE[0m.
   --------------------------------------------------------------------------   



   --------------------------------------------------------------------------   
	    Finished aligning and formatting gene-set [0;32mSecG[0m.
   --------------------------------------------------------------------------   



   --------------------------------------------------------------------------   
	    Finished aligning and formatting gene-set [0;32mRNA_pol_L[0m.
   --------------------------------------------------------------------------   



   --------------------------------------------------------------------------   
	    Finished aligning and formatting gene-set [0;32mSmpB[0m.
   --------------------------------------------------------------------------   



   --------------------------------------------------------------------------   
	    Finished aligning and formatting gene-set [0;32mtRNA_m1G_MT[0m.
   --------------------------------------------------------------------------   



   --------------------------------------------------------------------------   
	    Finished aligning and formatting gene-set [0;32mTsaE[0m.
   --------------------------------------------------------------------------   



   --------------------------------------------------------------------------   
	    Finished aligning and formatting gene-set [0;32mYajC[0m.
   --------------------------------------------------------------------------   



   --------------------------------------------------------------------------   
	    Finished aligning and formatting gene-set [0;32mUPF0054[0m.
   --------------------------------------------------------------------------   



   --------------------------------------------------------------------------   
	    Finished aligning and formatting gene-set [0;32mYidD[0m.
   --------------------------------------------------------------------------   



   --------------------------------------------------------------------------   
	    Finished aligning and formatting gene-set [0;32mSecY[0m.
   --------------------------------------------------------------------------   



   --------------------------------------------------------------------------   
	    Finished aligning and formatting gene-set [0;32mtRNA-synt_1d[0m.
   --------------------------------------------------------------------------   



________________________________________________________________________________



 ############################################################################## 
 ####                  Catting all alignments together                     ####
 ############################################################################## 

           It is currently 12:59 PM; the process started at 12:56 PM.
               Current process runtime: 0 hours and 2 minutes.


________________________________________________________________________________



 ############################################################################## 
 ####                   Adding more informative headers                    ####
 ############################################################################## 


________________________________________________________________________________




#################################################################################
####                                 [0;32mDone!![0m                                  ####
#################################################################################

  Overall, 31 genomes of the input 32 were retained (see notes below).

    Alignment written to:
        [0;32m${ARTICLE47_WORK_DIR}/gtotree/bacteria/Aligned_SCGs_mod_names.faa[0m

    Individual protein alignments stored in:
        [0;32m${ARTICLE47_WORK_DIR}/gtotree/bacteria/run_files/individual_alignments/[0m

    Main genomes summary table written to:
        [0;32m${ARTICLE47_WORK_DIR}/gtotree/bacteria/Genomes_summary_info.tsv[0m

    Summary table with hits per target gene per genome written to:
        [0;32m${ARTICLE47_WORK_DIR}/gtotree/bacteria/SCG_hit_counts.tsv[0m

    Partitions file (for downstream use with mixed-model treeing) written to:
        [0;32m${ARTICLE47_WORK_DIR}/gtotree/bacteria/run_files/Partitions.txt[0m
        [0;32m${ARTICLE47_WORK_DIR}/gtotree/bacteria/run_files/Partitions.nex[0m

 _______________________________________________________________________________

  Notes:

        1 genome(s) removed due to having too few hits to the targeted SCGs.

    Reported along with additional informative run files in:
        [0;32m${ARTICLE47_WORK_DIR}/gtotree/bacteria/run_files/[0m

 _______________________________________________________________________________

    Log file written to:
        [0;32m${ARTICLE47_WORK_DIR}/gtotree/bacteria/gtotree-runlog.txt[0m
 _______________________________________________________________________________

    [0;33mPrograms used and their citations have been written to:
[0m        [0;32m${ARTICLE47_WORK_DIR}/gtotree/bacteria/citations.txt[0m

 _______________________________________________________________________________


                                         Total process runtime: 0 hours and 2 minutes.
                                                      [0;32mHappy Thursday :)[0m

