2026-07-28 21:51:02,391 - dbcan.IO.fasta - INFO - Processing prokaryotic genome with Pyrodigal
2026-07-28 21:51:02,391 - dbcan.IO.fasta - INFO - Reading sequences for training from /workspace/wechat/Metagenome/work/article37/inputs/btheta.fna
2026-07-28 21:51:02,431 - dbcan.IO.fasta - INFO - Found 2 sequences for training
2026-07-28 21:51:02,431 - dbcan.IO.fasta - INFO - Training Pyrodigal on input sequences
2026-07-28 21:51:07,387 - dbcan.IO.fasta - INFO - Finding genes using 72 threads
2026-07-28 21:51:07,387 - dbcan.IO.fasta - INFO - Writing protein translations to /workspace/wechat/Metagenome/work/article37/btheta/uniInput.faa
2026-07-28 21:51:07,388 - dbcan.IO.fasta - INFO - Writing gene annotations to /workspace/wechat/Metagenome/work/article37/btheta/uniInput.gff
2026-07-28 21:51:09,444 - dbcan.IO.fasta - INFO - Processed 2 sequences, found 4944 genes
2026-07-28 21:51:09,456 - root - INFO - DIAMOND CAZy...
2026-07-28 21:51:09,695 - dbcan.annotation.diamond - INFO - Running DIAMOND BLASTp: diamond blastp --db /workspace/databases/dbcan-v5-2-9-20260505/CAZy.dmnd --query /workspace/wechat/Metagenome/work/article37/btheta/uniInput.faa --out /workspace/wechat/Metagenome/work/article37/btheta/diamond.out --outfmt 6 --evalue 1e-102 --max-target-seqs 1 --threads 16 --quiet
2026-07-28 21:51:31,407 - dbcan.annotation.diamond - INFO - DIAMOND BLASTp completed in 21.71s
2026-07-28 21:51:31,416 - dbcan.annotation.diamond - INFO - Results formatted and saved to /workspace/wechat/Metagenome/work/article37/btheta/diamond.out
2026-07-28 21:51:31,416 - root - INFO - DIAMOND CAZy done
2026-07-28 21:51:31,416 - root - INFO - pyhmmer vs dbCAN-HMM...
2026-07-28 21:51:31,446 - dbcan.utils.memory_monitor - INFO - Memory status [Before HMM search]: RSS=149.8MB, Available=764804.0MB, Usage=25.9%
2026-07-28 21:51:31,446 - dbcan.annotation.pyhmmer_search - INFO - Running HMM search: hmm=dbCAN.hmm input=uniInput.faa out=dbCAN_hmm_results.tsv evalue=1e-15 cov=0.35 cpus=16
2026-07-28 21:51:34,007 - dbcan.annotation.pyhmmer_search - INFO - Using fixed HMMER Z=875 for dbCAN.hmm
2026-07-28 21:51:34,008 - dbcan.annotation.pyhmmer_search - INFO - Input size: 2.0MB, HMM size: 123.8MB, Available: 764804.0MB, large_mode=False, preload_targets=True, preload_hmms=True, force_batching=False, csv_buffer_size=5000, retry=0/3
2026-07-28 21:51:34,008 - dbcan.annotation.pyhmmer_search - INFO - Pre-loading all HMMs into memory for speed...
2026-07-28 21:51:34,008 - dbcan.annotation.pyhmmer_search - INFO - Estimated HMM memory: 619.1MB
2026-07-28 21:51:36,609 - dbcan.annotation.pyhmmer_search - INFO - Loaded 875 HMMs into memory.
2026-07-28 21:51:42,864 - dbcan.utils.memory_monitor - INFO - Memory report [HMM search]: Initial=149.8MB, Current=572.2MB, Peak=572.2MB (After HMM search), Increase=422.4MB, Usage=25.9%, Checkpoints=1, Elapsed=11.4s
2026-07-28 21:51:42,864 - dbcan.annotation.pyhmmer_search - INFO - dbCAN.hmm search completed. Hits: 2019, Sequences: 0, Batches: 0, Time: 11.42s, Retries: 0, Memory warnings: 0
2026-07-28 21:51:42,877 - dbcan.process.process_utils - INFO - process_results loaded 2019 hits from temp file /workspace/wechat/Metagenome/work/article37/btheta/dbCAN_hmm_results.tsv.raw.tsv in 0.01s
2026-07-28 21:51:42,888 - dbcan.process.process_utils - INFO - filter_overlaps: processing 2019 rows across 426 targets (avg 4.7 hits/target)
2026-07-28 21:51:43,178 - dbcan.process.process_utils - INFO - filter_overlaps: reduced 2019 rows to 466 rows across 426 targets in 0.29s
2026-07-28 21:51:43,193 - dbcan.process.process_utils - INFO - process_results: filtered overlaps from 2019 to 466 rows in 0.31s
2026-07-28 21:51:43,200 - dbcan.process.process_utils - INFO - process_results: wrote filtered results to /workspace/wechat/Metagenome/work/article37/btheta/dbCAN_hmm_results.tsv
2026-07-28 21:51:43,206 - root - INFO - HMMER dbCAN done
2026-07-28 21:51:43,206 - root - INFO - pyhmmer vs dbCAN-sub-HMM...
2026-07-28 21:51:43,206 - dbcan.annotation.pyhmmer_search - INFO - Starting PyHMMERDBCANSUBProcessor.run()
2026-07-28 21:51:43,207 - dbcan.utils.memory_monitor - INFO - Memory status [Before HMM search]: RSS=575.6MB, Available=764459.8MB, Usage=25.9%
2026-07-28 21:51:43,207 - dbcan.annotation.pyhmmer_search - INFO - Running HMM search: hmm=dbCAN-sub.hmm input=uniInput.faa out=dbCANsub_hmm_raw.tsv evalue=1e-15 cov=0.35 cpus=16
2026-07-28 21:53:25,741 - dbcan.annotation.pyhmmer_search - INFO - Using fixed HMMER Z=53411 for dbCAN-sub.hmm
2026-07-28 21:53:25,742 - dbcan.annotation.pyhmmer_search - INFO - Input size: 2.0MB, HMM size: 4894.7MB, Available: 764459.8MB, large_mode=False, preload_targets=True, preload_hmms=True, force_batching=False, csv_buffer_size=5000, retry=0/3
2026-07-28 21:53:25,742 - dbcan.annotation.pyhmmer_search - INFO - Pre-loading all HMMs into memory for speed...
2026-07-28 21:53:25,742 - dbcan.annotation.pyhmmer_search - INFO - Estimated HMM memory: 24473.3MB
2026-07-28 21:55:08,692 - dbcan.annotation.pyhmmer_search - INFO - Loaded 53411 HMMs into memory.
2026-07-28 21:58:04,045 - dbcan.utils.memory_monitor - INFO - Memory report [HMM search]: Initial=575.6MB, Current=3012.9MB, Peak=3012.9MB (After HMM search), Increase=2437.3MB, Usage=24.1%, Checkpoints=1, Elapsed=380.8s
2026-07-28 21:58:04,045 - dbcan.annotation.pyhmmer_search - INFO - dbCAN-sub.hmm search completed. Hits: 119015, Sequences: 0, Batches: 0, Time: 380.84s, Retries: 0, Memory warnings: 0
2026-07-28 21:58:04,244 - dbcan.process.process_utils - INFO - process_results loaded 119015 hits from temp file /workspace/wechat/Metagenome/work/article37/btheta/dbCANsub_hmm_raw.tsv.raw.tsv in 0.20s
2026-07-28 21:58:04,311 - dbcan.process.process_utils - INFO - filter_overlaps: processing 119015 rows across 459 targets (avg 259.3 hits/target)
2026-07-28 21:58:17,303 - dbcan.process.process_utils - INFO - filter_overlaps: reduced 119015 rows to 527 rows across 459 targets in 12.99s
2026-07-28 21:58:17,321 - dbcan.process.process_utils - INFO - process_results: filtered overlaps from 119015 to 527 rows in 13.04s
2026-07-28 21:58:17,327 - dbcan.process.process_utils - INFO - process_results: wrote filtered results to /workspace/wechat/Metagenome/work/article37/btheta/dbCANsub_hmm_raw.tsv
2026-07-28 21:58:17,766 - dbcan.annotation.pyhmmer_search - INFO - HMM search completed successfully
2026-07-28 21:58:17,767 - dbcan.annotation.pyhmmer_search - INFO - Calling process_dbcan_sub() to process results
2026-07-28 21:58:17,767 - dbcan.process.process_dbcan_sub - INFO - Starting dbCAN-sub processing. Input: /workspace/wechat/Metagenome/work/article37/btheta/dbCANsub_hmm_raw.tsv, Output: /workspace/wechat/Metagenome/work/article37/btheta/dbCANsub_hmm_results.tsv
2026-07-28 21:58:17,767 - dbcan.process.process_dbcan_sub - INFO - DBCAN_SUB_COLUMN_NAMES found: 14 columns: ['Subfam Name', 'Subfam Composition', 'Subfam EC', 'Substrate', 'HMM Length']...
2026-07-28 21:58:17,904 - dbcan.process.process_dbcan_sub - INFO - Successfully processed dbCAN-sub results (527 entries) -> dbCANsub_hmm_results.tsv
2026-07-28 21:58:17,905 - dbcan.process.process_dbcan_sub - INFO - Output file exists: /workspace/wechat/Metagenome/work/article37/btheta/dbCANsub_hmm_results.tsv (size: 71571 bytes)
2026-07-28 21:58:17,905 - dbcan.annotation.pyhmmer_search - INFO - PyHMMERDBCANSUBProcessor.run() completed
2026-07-28 21:58:17,905 - root - INFO - dbCAN-sub HMM done
2026-07-28 21:58:17,905 - root - INFO - generate overview of CAZymes...
2026-07-28 21:58:17,917 - dbcan.IO.OverviewGenerator - INFO - Loaded 571 rows from diamond results
2026-07-28 21:58:17,923 - dbcan.IO.OverviewGenerator - INFO - Loaded 527 rows from dbcan_sub results
2026-07-28 21:58:17,927 - dbcan.IO.OverviewGenerator - INFO - Loaded 466 rows from dbcan_hmm results
2026-07-28 21:58:18,857 - dbcan.IO.OverviewGenerator - INFO - Aggregated overview saved to: /workspace/wechat/Metagenome/work/article37/btheta/overview.tsv
2026-07-28 21:58:18,867 - root - INFO - CAZyme overview generated
2026-07-28 21:58:18,870 - root - INFO - [gff_process] Auto-set input_gff=/workspace/wechat/Metagenome/work/article37/btheta/uniInput.gff gff_type=prodigal (mode=prok)
2026-07-28 21:58:18,871 - dbcan.annotation.diamond - INFO - Running DIAMOND BLASTp: diamond blastp --db /workspace/databases/dbcan-v5-2-9-20260505/TCDB.dmnd --query /workspace/wechat/Metagenome/work/article37/btheta/uniInput.faa --out /workspace/wechat/Metagenome/work/article37/btheta/diamond.out.tc --outfmt 6 sseqid slen qseqid qlen evalue sstart send qstart qend qcovhsp --evalue 0.0001 --max-target-seqs 1 --threads 16 --quiet --query-cover 35.0
2026-07-28 21:58:20,962 - dbcan.annotation.diamond - INFO - DIAMOND BLASTp completed in 2.09s
2026-07-28 21:58:20,975 - dbcan.annotation.diamond - INFO - Results formatted and saved to /workspace/wechat/Metagenome/work/article37/btheta/diamond.out.tc
2026-07-28 21:58:20,975 - dbcan.annotation.diamond - INFO - Running DIAMOND BLASTp: diamond blastp --db /workspace/databases/dbcan-v5-2-9-20260505/TF.dmnd --query /workspace/wechat/Metagenome/work/article37/btheta/uniInput.faa --out /workspace/wechat/Metagenome/work/article37/btheta/diamond.out.tf --outfmt 6 sseqid slen qseqid qlen evalue sstart send qstart qend qcovhsp --evalue 0.0001 --max-target-seqs 1 --threads 16 --quiet --query-cover 35.0
2026-07-28 21:58:21,198 - dbcan.annotation.diamond - INFO - DIAMOND BLASTp completed in 0.22s
2026-07-28 21:58:21,202 - dbcan.annotation.diamond - INFO - Results formatted and saved to /workspace/wechat/Metagenome/work/article37/btheta/diamond.out.tf
2026-07-28 21:58:21,203 - dbcan.utils.memory_monitor - INFO - Memory status [Before HMM search]: RSS=3016.6MB, Available=782182.7MB, Usage=24.2%
2026-07-28 21:58:21,203 - dbcan.annotation.pyhmmer_search - INFO - Running HMM search: hmm=STP.hmm input=uniInput.faa out=STP_hmm_results.tsv evalue=0.0001 cov=0.35 cpus=16
2026-07-28 21:58:21,427 - dbcan.annotation.pyhmmer_search - INFO - Using fixed HMMER Z=177 for STP.hmm
2026-07-28 21:58:21,427 - dbcan.annotation.pyhmmer_search - INFO - Input size: 2.0MB, HMM size: 10.6MB, Available: 782182.7MB, large_mode=False, preload_targets=True, preload_hmms=True, force_batching=False, csv_buffer_size=5000, retry=0/3
2026-07-28 21:58:21,427 - dbcan.annotation.pyhmmer_search - INFO - Pre-loading all HMMs into memory for speed...
2026-07-28 21:58:21,427 - dbcan.annotation.pyhmmer_search - INFO - Estimated HMM memory: 53.0MB
2026-07-28 21:58:21,651 - dbcan.annotation.pyhmmer_search - INFO - Loaded 177 HMMs into memory.
2026-07-28 21:58:22,374 - dbcan.utils.memory_monitor - INFO - Memory report [HMM search]: Initial=3016.6MB, Current=3016.6MB, Peak=3016.6MB (After HMM search), Increase=0.0MB, Usage=24.2%, Checkpoints=1, Elapsed=1.2s
2026-07-28 21:58:22,375 - dbcan.annotation.pyhmmer_search - INFO - STP.hmm search completed. Hits: 1375, Sequences: 0, Batches: 0, Time: 1.17s, Retries: 0, Memory warnings: 0
2026-07-28 21:58:22,382 - dbcan.process.process_utils - INFO - process_results loaded 1375 hits from temp file /workspace/wechat/Metagenome/work/article37/btheta/STP_hmm_results.tsv.raw.tsv in 0.01s
2026-07-28 21:58:22,393 - dbcan.process.process_utils - INFO - filter_overlaps: processing 1375 rows across 576 targets (avg 2.4 hits/target)
2026-07-28 21:58:22,769 - dbcan.process.process_utils - INFO - filter_overlaps: reduced 1375 rows to 1056 rows across 576 targets in 0.38s
2026-07-28 21:58:22,833 - dbcan.process.process_utils - INFO - process_results: filtered overlaps from 1375 to 1056 rows in 0.44s
2026-07-28 21:58:22,848 - dbcan.process.process_utils - INFO - process_results: wrote filtered results to /workspace/wechat/Metagenome/work/article37/btheta/STP_hmm_results.tsv
2026-07-28 21:58:22,853 - dbcan.annotation.diamond - INFO - Running DIAMOND BLASTp: diamond blastp --db /workspace/databases/dbcan-v5-2-9-20260505/sulfatlas_db.dmnd --query /workspace/wechat/Metagenome/work/article37/btheta/uniInput.faa --out /workspace/wechat/Metagenome/work/article37/btheta/diamond.out.sulfatase --outfmt 6 sseqid slen qseqid qlen evalue sstart send qstart qend qcovhsp --evalue 0.0001 --max-target-seqs 1 --threads 16 --quiet --query-cover 35.0
2026-07-28 21:58:27,326 - dbcan.annotation.diamond - INFO - DIAMOND BLASTp completed in 4.47s
2026-07-28 21:58:27,331 - dbcan.annotation.diamond - INFO - Results formatted and saved to /workspace/wechat/Metagenome/work/article37/btheta/diamond.out.sulfatase
2026-07-28 21:58:27,332 - dbcan.annotation.diamond - INFO - Running DIAMOND BLASTp: diamond blastp --db /workspace/databases/dbcan-v5-2-9-20260505/peptidase_db.dmnd --query /workspace/wechat/Metagenome/work/article37/btheta/uniInput.faa --out /workspace/wechat/Metagenome/work/article37/btheta/diamond.out.peptidase --outfmt 6 sseqid slen qseqid qlen evalue sstart send qstart qend qcovhsp --evalue 0.0001 --max-target-seqs 1 --threads 16 --quiet --query-cover 35.0
2026-07-28 21:58:31,639 - dbcan.annotation.diamond - INFO - DIAMOND BLASTp completed in 4.31s
2026-07-28 21:58:31,643 - dbcan.annotation.diamond - INFO - Results formatted and saved to /workspace/wechat/Metagenome/work/article37/btheta/diamond.out.peptidase
2026-07-28 21:58:31,650 - dbcan.process.process_utils - INFO - Loaded 751 TC annotations from /workspace/wechat/Metagenome/work/article37/btheta/diamond.out.tc
2026-07-28 21:58:31,657 - dbcan.process.process_utils - INFO - Loaded 1056 STP annotations from /workspace/wechat/Metagenome/work/article37/btheta/STP_hmm_results.tsv
2026-07-28 21:58:31,662 - dbcan.process.process_utils - INFO - Loaded 305 Sulfatase annotations from /workspace/wechat/Metagenome/work/article37/btheta/diamond.out.sulfatase
2026-07-28 21:58:31,666 - dbcan.process.process_utils - INFO - Loaded 144 Peptidase annotations from /workspace/wechat/Metagenome/work/article37/btheta/diamond.out.peptidase
2026-07-28 21:58:31,670 - dbcan.process.process_utils - INFO - Loaded 47 TF_prok annotations from /workspace/wechat/Metagenome/work/article37/btheta/diamond.out.tf
2026-07-28 21:58:31,676 - dbcan.process.process_utils - INFO - filter_overlaps: processing 2303 rows across 1563 targets (avg 1.5 hits/target)
2026-07-28 21:58:32,118 - dbcan.process.process_utils - INFO - filter_overlaps: reduced 2303 rows to 1983 rows across 1563 targets in 0.44s
2026-07-28 21:58:32,188 - dbcan.process.process_utils - INFO - Saved 1983 CGC annotations to /workspace/wechat/Metagenome/work/article37/btheta/total_cgc_info.tsv
2026-07-28 21:58:32,201 - dbcan.IO.gff - INFO - [GFF] Prodigal type detected: skip sorting, use raw order.
2026-07-28 21:58:32,201 - dbcan.IO.gff - INFO - Loading annotation tables (CAZyme / CGC signatures)
2026-07-28 21:58:32,201 - dbcan.IO.gff - INFO - Loading CAZyme data from /workspace/wechat/Metagenome/work/article37/btheta/overview.tsv
2026-07-28 21:58:32,207 - dbcan.IO.gff - INFO - Loading CGC signature data from /workspace/wechat/Metagenome/work/article37/btheta/total_cgc_info.tsv
2026-07-28 21:58:32,214 - dbcan.IO.gff - INFO - CGC signature chunks read: 1, total rows: 1983; TC rows: 691
2026-07-28 21:58:32,214 - dbcan.IO.gff - INFO - Combining CAZyme and CGC signature data
2026-07-28 21:58:32,265 - dbcan.IO.gff - INFO - Combined annotations: 1865 proteins; with TC: 691
2026-07-28 21:58:32,277 - dbcan.IO.gff - INFO - Annotating GFF from: /workspace/wechat/Metagenome/work/article37/btheta/uniInput.gff
2026-07-28 21:58:32,277 - dbcan.IO.gff - INFO - [Prodigal] BCBio GFF.parse annotator (input 1.3 MiB; threshold 50 MB for auto-streaming).
Generating Prodigal GFF: 0it [00:00, ?it/s]Generating Prodigal GFF: 1it [00:00,  4.23it/s]Generating Prodigal GFF: 2it [00:00,  8.24it/s]
2026-07-28 21:58:32,520 - dbcan.IO.gff - INFO - [Prodigal] Written feature lines: 4944
2026-07-28 21:58:32,521 - dbcan.IO.gff - INFO - GFF processing complete: /workspace/wechat/Metagenome/work/article37/btheta/cgc.gff
2026-07-28 21:58:32,524 - dbcan.annotation.CGCFinder - INFO - Reading GFF file: /workspace/wechat/Metagenome/work/article37/btheta/cgc.gff
2026-07-28 21:58:32,564 - dbcan.annotation.CGCFinder - INFO - Loaded 4944 records from GFF file after filtering
2026-07-28 21:58:32,569 - dbcan.annotation.CGCFinder - INFO - Marked signatures: core=457, additional=691
2026-07-28 21:58:32,569 - dbcan.annotation.CGCFinder - INFO - Finding CGC clusters using no distance, null genes; max null genes: 2, bp distance: N/A; extension: none
2026-07-28 21:58:33,650 - dbcan.annotation.CGCFinder - INFO - Found 117 CGC clusters
2026-07-28 21:58:33,657 - dbcan.annotation.CGCFinder - INFO - CGC clusters have been written to /workspace/wechat/Metagenome/work/article37/btheta/cgc_standard_out.tsv
2026-07-28 21:58:33,838 - dbcan.annotation.CGCFinder - INFO - CGC summary has been written to /workspace/wechat/Metagenome/work/article37/btheta/cgc_standard_out_summary.tsv
2026-07-28 21:58:33,839 - dbcan.annotation.CGCFinder - INFO - CGCFinder run completed
2026-07-28 21:58:33,845 - dbcan.annotation.cgc_substrate_prediction - INFO - Extracting CGC protein sequences...
2026-07-28 21:58:33,894 - dbcan.annotation.cgc_substrate_prediction - INFO - Running DIAMOND against PUL DB: /workspace/databases/dbcan-v5-2-9-20260505/PUL.dmnd
2026-07-28 21:58:37,462 - dbcan.annotation.cgc_substrate_prediction - INFO - Analyzing DIAMOND result...
2026-07-28 21:58:37,462 - dbcan.annotation.cgc_substrate_prediction - INFO - Reading DIAMOND result: /workspace/wechat/Metagenome/work/article37/btheta/PUL_blast.out
2026-07-28 21:58:37,516 - dbcan.annotation.cgc_substrate_prediction - INFO - Selecting best PUL hit per CGC...
2026-07-28 21:58:37,516 - dbcan.annotation.cgc_substrate_prediction - INFO - Reading PUL excel: /workspace/databases/dbcan-v5-2-9-20260505/dbCAN-PUL.xlsx
2026-07-28 21:58:37,917 - dbcan.annotation.cgc_substrate_prediction - INFO - Reading dbsub outfile: /workspace/wechat/Metagenome/work/article37/btheta/dbCANsub_hmm_results.tsv
2026-07-28 21:58:37,920 - dbcan.annotation.cgc_substrate_prediction - INFO - Scoring dbCAN-sub substrates...
2026-07-28 21:58:37,921 - dbcan.annotation.cgc_substrate_prediction - INFO - Substrate prediction done! 4.08s
2026-07-28 21:58:37,921 - dbcan.annotation.cgc_substrate_prediction - INFO - Writing substrate prediction result to file: /workspace/wechat/Metagenome/work/article37/btheta/substrate_prediction.tsv
2026-07-28 21:58:38,189 - matplotlib - WARNING - /workspace/.config/matplotlib is not a writable directory
2026-07-28 21:58:38,189 - matplotlib - WARNING - Matplotlib created a temporary cache directory at /workspace/wechat/Metagenome/work/article37/tmp/matplotlib-6k2dxcpo because there was an issue with the default path ({configdir}); it is highly recommended to set the MPLCONFIGDIR environment variable to a writable directory, in particular to speed up the import of Matplotlib and to better support multiprocessing.

Fontconfig error: No writable cache directories
	/workspace/miniconda3/envs/metagenome-cazyme-2026.07/var/cache/fontconfig
	/workspace/.cache/fontconfig
	/workspace/.fontconfig

Fontconfig error: No writable cache directories
	/workspace/miniconda3/envs/metagenome-cazyme-2026.07/var/cache/fontconfig
	/workspace/.cache/fontconfig
	/workspace/.fontconfig

Fontconfig error: No writable cache directories
	/workspace/miniconda3/envs/metagenome-cazyme-2026.07/var/cache/fontconfig
	/workspace/.cache/fontconfig
	/workspace/.fontconfig

Fontconfig error: No writable cache directories
	/workspace/miniconda3/envs/metagenome-cazyme-2026.07/var/cache/fontconfig
	/workspace/.cache/fontconfig
	/workspace/.fontconfig

Fontconfig error: No writable cache directories
	/workspace/miniconda3/envs/metagenome-cazyme-2026.07/var/cache/fontconfig
	/workspace/.cache/fontconfig
	/workspace/.fontconfig

Fontconfig error: No writable cache directories
	/workspace/miniconda3/envs/metagenome-cazyme-2026.07/var/cache/fontconfig
	/workspace/.cache/fontconfig
	/workspace/.fontconfig

Fontconfig error: No writable cache directories
	/workspace/miniconda3/envs/metagenome-cazyme-2026.07/var/cache/fontconfig
	/workspace/.cache/fontconfig
	/workspace/.fontconfig

Fontconfig error: No writable cache directories
	/workspace/miniconda3/envs/metagenome-cazyme-2026.07/var/cache/fontconfig
	/workspace/.cache/fontconfig
	/workspace/.fontconfig

Fontconfig error: No writable cache directories
	/workspace/miniconda3/envs/metagenome-cazyme-2026.07/var/cache/fontconfig
	/workspace/.cache/fontconfig
	/workspace/.fontconfig

Fontconfig error: No writable cache directories
	/workspace/miniconda3/envs/metagenome-cazyme-2026.07/var/cache/fontconfig
	/workspace/.cache/fontconfig
	/workspace/.fontconfig

Fontconfig error: No writable cache directories
	/workspace/miniconda3/envs/metagenome-cazyme-2026.07/var/cache/fontconfig
	/workspace/.cache/fontconfig
	/workspace/.fontconfig

Fontconfig error: No writable cache directories
	/workspace/miniconda3/envs/metagenome-cazyme-2026.07/var/cache/fontconfig
	/workspace/.cache/fontconfig
	/workspace/.fontconfig

Fontconfig error: No writable cache directories
	/workspace/miniconda3/envs/metagenome-cazyme-2026.07/var/cache/fontconfig
	/workspace/.cache/fontconfig
	/workspace/.fontconfig

Fontconfig error: No writable cache directories
	/workspace/miniconda3/envs/metagenome-cazyme-2026.07/var/cache/fontconfig
	/workspace/.cache/fontconfig
	/workspace/.fontconfig

Fontconfig error: No writable cache directories
	/workspace/miniconda3/envs/metagenome-cazyme-2026.07/var/cache/fontconfig
	/workspace/.cache/fontconfig
	/workspace/.fontconfig

Fontconfig error: No writable cache directories
	/workspace/miniconda3/envs/metagenome-cazyme-2026.07/var/cache/fontconfig
	/workspace/.cache/fontconfig
	/workspace/.fontconfig

Fontconfig error: No writable cache directories
	/workspace/miniconda3/envs/metagenome-cazyme-2026.07/var/cache/fontconfig
	/workspace/.cache/fontconfig
	/workspace/.fontconfig

Fontconfig error: No writable cache directories
	/workspace/miniconda3/envs/metagenome-cazyme-2026.07/var/cache/fontconfig
	/workspace/.cache/fontconfig
	/workspace/.fontconfig

Fontconfig error: No writable cache directories
	/workspace/miniconda3/envs/metagenome-cazyme-2026.07/var/cache/fontconfig
	/workspace/.cache/fontconfig
	/workspace/.fontconfig

Fontconfig error: No writable cache directories
	/workspace/miniconda3/envs/metagenome-cazyme-2026.07/var/cache/fontconfig
	/workspace/.cache/fontconfig
	/workspace/.fontconfig

Fontconfig error: No writable cache directories
	/workspace/miniconda3/envs/metagenome-cazyme-2026.07/var/cache/fontconfig
	/workspace/.cache/fontconfig
	/workspace/.fontconfig

Fontconfig error: No writable cache directories
	/workspace/miniconda3/envs/metagenome-cazyme-2026.07/var/cache/fontconfig
	/workspace/.cache/fontconfig
	/workspace/.fontconfig

Fontconfig error: No writable cache directories
	/workspace/miniconda3/envs/metagenome-cazyme-2026.07/var/cache/fontconfig
	/workspace/.cache/fontconfig
	/workspace/.fontconfig

Fontconfig error: No writable cache directories
	/workspace/miniconda3/envs/metagenome-cazyme-2026.07/var/cache/fontconfig
	/workspace/.cache/fontconfig
	/workspace/.fontconfig

Fontconfig error: No writable cache directories
	/workspace/miniconda3/envs/metagenome-cazyme-2026.07/var/cache/fontconfig
	/workspace/.cache/fontconfig
	/workspace/.fontconfig

Fontconfig error: No writable cache directories
	/workspace/miniconda3/envs/metagenome-cazyme-2026.07/var/cache/fontconfig
	/workspace/.cache/fontconfig
	/workspace/.fontconfig

Fontconfig error: No writable cache directories
	/workspace/miniconda3/envs/metagenome-cazyme-2026.07/var/cache/fontconfig
	/workspace/.cache/fontconfig
	/workspace/.fontconfig

Fontconfig error: No writable cache directories
	/workspace/miniconda3/envs/metagenome-cazyme-2026.07/var/cache/fontconfig
	/workspace/.cache/fontconfig
	/workspace/.fontconfig

Fontconfig error: No writable cache directories
	/workspace/miniconda3/envs/metagenome-cazyme-2026.07/var/cache/fontconfig
	/workspace/.cache/fontconfig
	/workspace/.fontconfig

Fontconfig error: No writable cache directories
	/workspace/miniconda3/envs/metagenome-cazyme-2026.07/var/cache/fontconfig
	/workspace/.cache/fontconfig
	/workspace/.fontconfig

Fontconfig error: No writable cache directories
	/workspace/miniconda3/envs/metagenome-cazyme-2026.07/var/cache/fontconfig
	/workspace/.cache/fontconfig
	/workspace/.fontconfig

Fontconfig error: No writable cache directories
	/workspace/miniconda3/envs/metagenome-cazyme-2026.07/var/cache/fontconfig
	/workspace/.cache/fontconfig
	/workspace/.fontconfig

Fontconfig error: No writable cache directories
	/workspace/miniconda3/envs/metagenome-cazyme-2026.07/var/cache/fontconfig
	/workspace/.cache/fontconfig
	/workspace/.fontconfig

Fontconfig error: No writable cache directories
	/workspace/miniconda3/envs/metagenome-cazyme-2026.07/var/cache/fontconfig
	/workspace/.cache/fontconfig
	/workspace/.fontconfig

Fontconfig error: No writable cache directories
	/workspace/miniconda3/envs/metagenome-cazyme-2026.07/var/cache/fontconfig
	/workspace/.cache/fontconfig
	/workspace/.fontconfig

Fontconfig error: No writable cache directories
	/workspace/miniconda3/envs/metagenome-cazyme-2026.07/var/cache/fontconfig
	/workspace/.cache/fontconfig
	/workspace/.fontconfig

Fontconfig error: No writable cache directories
	/workspace/miniconda3/envs/metagenome-cazyme-2026.07/var/cache/fontconfig
	/workspace/.cache/fontconfig
	/workspace/.fontconfig

Fontconfig error: No writable cache directories
	/workspace/miniconda3/envs/metagenome-cazyme-2026.07/var/cache/fontconfig
	/workspace/.cache/fontconfig
	/workspace/.fontconfig

Fontconfig error: No writable cache directories
	/workspace/miniconda3/envs/metagenome-cazyme-2026.07/var/cache/fontconfig
	/workspace/.cache/fontconfig
	/workspace/.fontconfig

Fontconfig error: No writable cache directories
	/workspace/miniconda3/envs/metagenome-cazyme-2026.07/var/cache/fontconfig
	/workspace/.cache/fontconfig
	/workspace/.fontconfig

Fontconfig error: No writable cache directories
	/workspace/miniconda3/envs/metagenome-cazyme-2026.07/var/cache/fontconfig
	/workspace/.cache/fontconfig
	/workspace/.fontconfig

Fontconfig error: No writable cache directories
	/workspace/miniconda3/envs/metagenome-cazyme-2026.07/var/cache/fontconfig
	/workspace/.cache/fontconfig
	/workspace/.fontconfig

Fontconfig error: No writable cache directories
	/workspace/miniconda3/envs/metagenome-cazyme-2026.07/var/cache/fontconfig
	/workspace/.cache/fontconfig
	/workspace/.fontconfig

Fontconfig error: No writable cache directories
	/workspace/miniconda3/envs/metagenome-cazyme-2026.07/var/cache/fontconfig
	/workspace/.cache/fontconfig
	/workspace/.fontconfig

Fontconfig error: No writable cache directories
	/workspace/miniconda3/envs/metagenome-cazyme-2026.07/var/cache/fontconfig
	/workspace/.cache/fontconfig
	/workspace/.fontconfig

Fontconfig error: No writable cache directories
	/workspace/miniconda3/envs/metagenome-cazyme-2026.07/var/cache/fontconfig
	/workspace/.cache/fontconfig
	/workspace/.fontconfig

Fontconfig error: No writable cache directories
	/workspace/miniconda3/envs/metagenome-cazyme-2026.07/var/cache/fontconfig
	/workspace/.cache/fontconfig
	/workspace/.fontconfig

Fontconfig error: No writable cache directories
	/workspace/miniconda3/envs/metagenome-cazyme-2026.07/var/cache/fontconfig
	/workspace/.cache/fontconfig
	/workspace/.fontconfig

Fontconfig error: No writable cache directories
	/workspace/miniconda3/envs/metagenome-cazyme-2026.07/var/cache/fontconfig
	/workspace/.cache/fontconfig
	/workspace/.fontconfig

Fontconfig error: No writable cache directories
	/workspace/miniconda3/envs/metagenome-cazyme-2026.07/var/cache/fontconfig
	/workspace/.cache/fontconfig
	/workspace/.fontconfig

Fontconfig error: No writable cache directories
	/workspace/miniconda3/envs/metagenome-cazyme-2026.07/var/cache/fontconfig
	/workspace/.cache/fontconfig
	/workspace/.fontconfig

Fontconfig error: No writable cache directories
	/workspace/miniconda3/envs/metagenome-cazyme-2026.07/var/cache/fontconfig
	/workspace/.cache/fontconfig
	/workspace/.fontconfig

Fontconfig error: No writable cache directories
	/workspace/miniconda3/envs/metagenome-cazyme-2026.07/var/cache/fontconfig
	/workspace/.cache/fontconfig
	/workspace/.fontconfig

Fontconfig error: No writable cache directories
	/workspace/miniconda3/envs/metagenome-cazyme-2026.07/var/cache/fontconfig
	/workspace/.cache/fontconfig
	/workspace/.fontconfig

Fontconfig error: No writable cache directories
	/workspace/miniconda3/envs/metagenome-cazyme-2026.07/var/cache/fontconfig
	/workspace/.cache/fontconfig
	/workspace/.fontconfig

Fontconfig error: No writable cache directories
	/workspace/miniconda3/envs/metagenome-cazyme-2026.07/var/cache/fontconfig
	/workspace/.cache/fontconfig
	/workspace/.fontconfig

Fontconfig error: No writable cache directories
	/workspace/miniconda3/envs/metagenome-cazyme-2026.07/var/cache/fontconfig
	/workspace/.cache/fontconfig
	/workspace/.fontconfig

Fontconfig error: No writable cache directories
	/workspace/miniconda3/envs/metagenome-cazyme-2026.07/var/cache/fontconfig
	/workspace/.cache/fontconfig
	/workspace/.fontconfig

Fontconfig error: No writable cache directories
	/workspace/miniconda3/envs/metagenome-cazyme-2026.07/var/cache/fontconfig
	/workspace/.cache/fontconfig
	/workspace/.fontconfig

Fontconfig error: No writable cache directories
	/workspace/miniconda3/envs/metagenome-cazyme-2026.07/var/cache/fontconfig
	/workspace/.cache/fontconfig
	/workspace/.fontconfig

Fontconfig error: No writable cache directories
	/workspace/miniconda3/envs/metagenome-cazyme-2026.07/var/cache/fontconfig
	/workspace/.cache/fontconfig
	/workspace/.fontconfig

Fontconfig error: No writable cache directories
	/workspace/miniconda3/envs/metagenome-cazyme-2026.07/var/cache/fontconfig
	/workspace/.cache/fontconfig
	/workspace/.fontconfig

Fontconfig error: No writable cache directories
	/workspace/miniconda3/envs/metagenome-cazyme-2026.07/var/cache/fontconfig
	/workspace/.cache/fontconfig
	/workspace/.fontconfig

Fontconfig error: No writable cache directories
	/workspace/miniconda3/envs/metagenome-cazyme-2026.07/var/cache/fontconfig
	/workspace/.cache/fontconfig
	/workspace/.fontconfig

Fontconfig error: No writable cache directories
	/workspace/miniconda3/envs/metagenome-cazyme-2026.07/var/cache/fontconfig
	/workspace/.cache/fontconfig
	/workspace/.fontconfig

Fontconfig error: No writable cache directories
	/workspace/miniconda3/envs/metagenome-cazyme-2026.07/var/cache/fontconfig
	/workspace/.cache/fontconfig
	/workspace/.fontconfig

Fontconfig error: No writable cache directories
	/workspace/miniconda3/envs/metagenome-cazyme-2026.07/var/cache/fontconfig
	/workspace/.cache/fontconfig
	/workspace/.fontconfig

Fontconfig error: No writable cache directories
	/workspace/miniconda3/envs/metagenome-cazyme-2026.07/var/cache/fontconfig
	/workspace/.cache/fontconfig
	/workspace/.fontconfig

Fontconfig error: No writable cache directories
	/workspace/miniconda3/envs/metagenome-cazyme-2026.07/var/cache/fontconfig
	/workspace/.cache/fontconfig
	/workspace/.fontconfig

Fontconfig error: No writable cache directories
	/workspace/miniconda3/envs/metagenome-cazyme-2026.07/var/cache/fontconfig
	/workspace/.cache/fontconfig
	/workspace/.fontconfig

Fontconfig error: No writable cache directories
	/workspace/miniconda3/envs/metagenome-cazyme-2026.07/var/cache/fontconfig
	/workspace/.cache/fontconfig
	/workspace/.fontconfig

Fontconfig error: No writable cache directories
	/workspace/miniconda3/envs/metagenome-cazyme-2026.07/var/cache/fontconfig
	/workspace/.cache/fontconfig
	/workspace/.fontconfig

Fontconfig error: No writable cache directories
	/workspace/miniconda3/envs/metagenome-cazyme-2026.07/var/cache/fontconfig
	/workspace/.cache/fontconfig
	/workspace/.fontconfig

Fontconfig error: No writable cache directories
	/workspace/miniconda3/envs/metagenome-cazyme-2026.07/var/cache/fontconfig
	/workspace/.cache/fontconfig
	/workspace/.fontconfig

Fontconfig error: No writable cache directories
	/workspace/miniconda3/envs/metagenome-cazyme-2026.07/var/cache/fontconfig
	/workspace/.cache/fontconfig
	/workspace/.fontconfig

Fontconfig error: No writable cache directories
	/workspace/miniconda3/envs/metagenome-cazyme-2026.07/var/cache/fontconfig
	/workspace/.cache/fontconfig
	/workspace/.fontconfig

Fontconfig error: No writable cache directories
	/workspace/miniconda3/envs/metagenome-cazyme-2026.07/var/cache/fontconfig
	/workspace/.cache/fontconfig
	/workspace/.fontconfig

Fontconfig error: No writable cache directories
	/workspace/miniconda3/envs/metagenome-cazyme-2026.07/var/cache/fontconfig
	/workspace/.cache/fontconfig
	/workspace/.fontconfig

Fontconfig error: No writable cache directories
	/workspace/miniconda3/envs/metagenome-cazyme-2026.07/var/cache/fontconfig
	/workspace/.cache/fontconfig
	/workspace/.fontconfig

Fontconfig error: No writable cache directories
	/workspace/miniconda3/envs/metagenome-cazyme-2026.07/var/cache/fontconfig
	/workspace/.cache/fontconfig
	/workspace/.fontconfig

Fontconfig error: No writable cache directories
	/workspace/miniconda3/envs/metagenome-cazyme-2026.07/var/cache/fontconfig
	/workspace/.cache/fontconfig
	/workspace/.fontconfig

Fontconfig error: No writable cache directories
	/workspace/miniconda3/envs/metagenome-cazyme-2026.07/var/cache/fontconfig
	/workspace/.cache/fontconfig
	/workspace/.fontconfig

Fontconfig error: No writable cache directories
	/workspace/miniconda3/envs/metagenome-cazyme-2026.07/var/cache/fontconfig
	/workspace/.cache/fontconfig
	/workspace/.fontconfig

Fontconfig error: No writable cache directories
	/workspace/miniconda3/envs/metagenome-cazyme-2026.07/var/cache/fontconfig
	/workspace/.cache/fontconfig
	/workspace/.fontconfig

Fontconfig error: No writable cache directories
	/workspace/miniconda3/envs/metagenome-cazyme-2026.07/var/cache/fontconfig
	/workspace/.cache/fontconfig
	/workspace/.fontconfig

Fontconfig error: No writable cache directories
	/workspace/miniconda3/envs/metagenome-cazyme-2026.07/var/cache/fontconfig
	/workspace/.cache/fontconfig
	/workspace/.fontconfig

Fontconfig error: No writable cache directories
	/workspace/miniconda3/envs/metagenome-cazyme-2026.07/var/cache/fontconfig
	/workspace/.cache/fontconfig
	/workspace/.fontconfig

Fontconfig error: No writable cache directories
	/workspace/miniconda3/envs/metagenome-cazyme-2026.07/var/cache/fontconfig
	/workspace/.cache/fontconfig
	/workspace/.fontconfig

Fontconfig error: No writable cache directories
	/workspace/miniconda3/envs/metagenome-cazyme-2026.07/var/cache/fontconfig
	/workspace/.cache/fontconfig
	/workspace/.fontconfig

Fontconfig error: No writable cache directories
	/workspace/miniconda3/envs/metagenome-cazyme-2026.07/var/cache/fontconfig
	/workspace/.cache/fontconfig
	/workspace/.fontconfig

Fontconfig error: No writable cache directories
	/workspace/miniconda3/envs/metagenome-cazyme-2026.07/var/cache/fontconfig
	/workspace/.cache/fontconfig
	/workspace/.fontconfig

Fontconfig error: No writable cache directories
	/workspace/miniconda3/envs/metagenome-cazyme-2026.07/var/cache/fontconfig
	/workspace/.cache/fontconfig
	/workspace/.fontconfig

Fontconfig error: No writable cache directories
	/workspace/miniconda3/envs/metagenome-cazyme-2026.07/var/cache/fontconfig
	/workspace/.cache/fontconfig
	/workspace/.fontconfig
2026-07-28 21:58:41,773 - matplotlib.font_manager - INFO - Failed to extract font properties from /usr/share/fonts/truetype/noto/NotoColorEmoji.ttf: Non-scalable fonts are not supported
2026-07-28 21:58:41,817 - matplotlib.font_manager - INFO - generated new fontManager
2026-07-28 21:58:42,437 - root - INFO - [synteny init] output_dir=/workspace/wechat/Metagenome/work/article37/btheta
2026-07-28 21:58:42,437 - root - INFO - [synteny init] substrate_file=/workspace/wechat/Metagenome/work/article37/btheta/substrate_prediction.tsv (exists=True)
2026-07-28 21:58:42,437 - root - INFO - [synteny init] blast_file=/workspace/wechat/Metagenome/work/article37/btheta/PUL_blast.out (exists=True)
2026-07-28 21:58:42,437 - root - INFO - [synteny init] cgc_file=/workspace/wechat/Metagenome/work/article37/btheta/cgc_standard_out.tsv (exists=True)
2026-07-28 21:58:42,437 - root - INFO - [synteny init] dbCAN-PUL dir=/workspace/databases/dbcan-v5-2-9-20260505/dbCAN-PUL (exists=True)
2026-07-28 21:58:42,479 - root - INFO - [load] BLAST pair groups: 526
2026-07-28 21:58:42,481 - root - INFO - [load] CGC IDs: 117 (proteins=935)
2026-07-28 21:58:42,551 - root - INFO - [load] PUL IDs: 633 (proteins=7523)
2026-07-28 21:58:42,551 - dbcan.plot.syntenic_plot - WARNING - [diagnostic]error candidate=0, blast_groups=526, CGC=117, PUL=633. missing_cgc=0, missing_pul=0, no_blast=0
