2026-07-28 21:58:33,845 - dbcan.annotation.cgc_substrate_prediction - INFO - Extracting CGC protein sequences...
2026-07-28 21:58:33,894 - dbcan.annotation.cgc_substrate_prediction - INFO - Running DIAMOND against PUL DB: /workspace/databases/dbcan-v5-2-9-20260505/PUL.dmnd
2026-07-28 21:58:37,462 - dbcan.annotation.cgc_substrate_prediction - INFO - Analyzing DIAMOND result...
2026-07-28 21:58:37,462 - dbcan.annotation.cgc_substrate_prediction - INFO - Reading DIAMOND result: /workspace/wechat/Metagenome/work/article37/btheta/PUL_blast.out
2026-07-28 21:58:37,516 - dbcan.annotation.cgc_substrate_prediction - INFO - Selecting best PUL hit per CGC...
2026-07-28 21:58:37,516 - dbcan.annotation.cgc_substrate_prediction - INFO - Reading PUL excel: /workspace/databases/dbcan-v5-2-9-20260505/dbCAN-PUL.xlsx
2026-07-28 21:58:37,917 - dbcan.annotation.cgc_substrate_prediction - INFO - Reading dbsub outfile: /workspace/wechat/Metagenome/work/article37/btheta/dbCANsub_hmm_results.tsv
2026-07-28 21:58:37,920 - dbcan.annotation.cgc_substrate_prediction - INFO - Scoring dbCAN-sub substrates...
2026-07-28 21:58:37,921 - dbcan.annotation.cgc_substrate_prediction - INFO - Substrate prediction done! 4.08s
2026-07-28 21:58:37,921 - dbcan.annotation.cgc_substrate_prediction - INFO - Writing substrate prediction result to file: /workspace/wechat/Metagenome/work/article37/btheta/substrate_prediction.tsv
2026-07-28 21:58:38,189 - matplotlib - WARNING - /workspace/.config/matplotlib is not a writable directory
2026-07-28 21:58:38,189 - matplotlib - WARNING - Matplotlib created a temporary cache directory at /workspace/wechat/Metagenome/work/article37/tmp/matplotlib-6k2dxcpo because there was an issue with the default path ({configdir}); it is highly recommended to set the MPLCONFIGDIR environment variable to a writable directory, in particular to speed up the import of Matplotlib and to better support multiprocessing.
2026-07-28 21:58:41,773 - matplotlib.font_manager - INFO - Failed to extract font properties from /usr/share/fonts/truetype/noto/NotoColorEmoji.ttf: Non-scalable fonts are not supported
2026-07-28 21:58:41,817 - matplotlib.font_manager - INFO - generated new fontManager
2026-07-28 21:58:42,437 - root - INFO - [synteny init] output_dir=/workspace/wechat/Metagenome/work/article37/btheta
2026-07-28 21:58:42,437 - root - INFO - [synteny init] substrate_file=/workspace/wechat/Metagenome/work/article37/btheta/substrate_prediction.tsv (exists=True)
2026-07-28 21:58:42,437 - root - INFO - [synteny init] blast_file=/workspace/wechat/Metagenome/work/article37/btheta/PUL_blast.out (exists=True)
2026-07-28 21:58:42,437 - root - INFO - [synteny init] cgc_file=/workspace/wechat/Metagenome/work/article37/btheta/cgc_standard_out.tsv (exists=True)
2026-07-28 21:58:42,437 - root - INFO - [synteny init] dbCAN-PUL dir=/workspace/databases/dbcan-v5-2-9-20260505/dbCAN-PUL (exists=True)
2026-07-28 21:58:42,479 - root - INFO - [load] BLAST pair groups: 526
2026-07-28 21:58:42,481 - root - INFO - [load] CGC IDs: 117 (proteins=935)
2026-07-28 21:58:42,551 - root - INFO - [load] PUL IDs: 633 (proteins=7523)
2026-07-28 21:58:42,551 - dbcan.plot.syntenic_plot - WARNING - [diagnostic]error candidate=0, blast_groups=526, CGC=117, PUL=633. missing_cgc=0, missing_pul=0, no_blast=0
