2026-07-28 21:30:26,534 - dbcan.IO.fasta - INFO - Processing protein sequences
2026-07-28 21:30:26,534 - dbcan.IO.fasta - INFO - Reading protein sequences from /workspace/wechat/Metagenome/work/article37/inputs/catalog.faa
2026-07-28 21:30:27,798 - dbcan.IO.fasta - INFO - Processed 93782 protein sequences to /workspace/wechat/Metagenome/work/article37/catalog/uniInput.faa
2026-07-28 21:30:28,037 - root - INFO - DIAMOND CAZy...
2026-07-28 21:30:28,279 - dbcan.annotation.diamond - INFO - Running DIAMOND BLASTp: diamond blastp --db /workspace/databases/dbcan-v5-2-9-20260505/CAZy.dmnd --query /workspace/wechat/Metagenome/work/article37/catalog/uniInput.faa --out /workspace/wechat/Metagenome/work/article37/catalog/diamond.out --outfmt 6 --evalue 1e-102 --max-target-seqs 1 --threads 32 --quiet
2026-07-28 21:31:34,628 - dbcan.annotation.diamond - INFO - DIAMOND BLASTp completed in 66.35s
2026-07-28 21:31:34,661 - dbcan.annotation.diamond - INFO - Results formatted and saved to /workspace/wechat/Metagenome/work/article37/catalog/diamond.out
2026-07-28 21:31:34,661 - root - INFO - DIAMOND CAZy done
2026-07-28 21:31:34,661 - root - INFO - pyhmmer vs dbCAN-HMM...
2026-07-28 21:31:34,691 - dbcan.utils.memory_monitor - INFO - Memory status [Before HMM search]: RSS=118.2MB, Available=764303.4MB, Usage=25.9%
2026-07-28 21:31:34,691 - dbcan.annotation.pyhmmer_search - INFO - Running HMM search: hmm=dbCAN.hmm input=uniInput.faa out=dbCAN_hmm_results.tsv evalue=1e-15 cov=0.35 cpus=32
2026-07-28 21:31:37,349 - dbcan.annotation.pyhmmer_search - INFO - Using fixed HMMER Z=875 for dbCAN.hmm
2026-07-28 21:31:37,349 - dbcan.annotation.pyhmmer_search - INFO - Input size: 26.9MB, HMM size: 123.8MB, Available: 764303.4MB, large_mode=False, preload_targets=True, preload_hmms=True, force_batching=True, csv_buffer_size=5000, retry=0/3
2026-07-28 21:31:37,349 - dbcan.annotation.pyhmmer_search - INFO - Pre-loading all HMMs into memory for speed...
2026-07-28 21:31:37,350 - dbcan.annotation.pyhmmer_search - INFO - Estimated HMM memory: 619.1MB
2026-07-28 21:31:39,961 - dbcan.annotation.pyhmmer_search - INFO - Loaded 875 HMMs into memory.
2026-07-28 21:31:39,961 - dbcan.annotation.pyhmmer_search - INFO - Using configured batch size: 20000
2026-07-28 21:32:04,910 - dbcan.utils.memory_monitor - INFO - Memory report [HMM search]: Initial=118.2MB, Current=1434.6MB, Peak=1434.6MB (After HMM search), Increase=1316.5MB, Usage=26.1%, Checkpoints=1, Elapsed=30.2s
2026-07-28 21:32:04,910 - dbcan.annotation.pyhmmer_search - INFO - dbCAN.hmm search completed. Hits: 5585, Sequences: 93782, Batches: 5, Time: 30.22s, Retries: 0, Memory warnings: 0
2026-07-28 21:32:04,928 - dbcan.process.process_utils - INFO - process_results loaded 5585 hits from temp file /workspace/wechat/Metagenome/work/article37/catalog/dbCAN_hmm_results.tsv.raw.tsv in 0.01s
2026-07-28 21:32:04,940 - dbcan.process.process_utils - INFO - filter_overlaps: processing 5585 rows across 1944 targets (avg 2.9 hits/target)
2026-07-28 21:32:05,775 - dbcan.process.process_utils - INFO - filter_overlaps: reduced 5585 rows to 2081 rows across 1944 targets in 0.84s
2026-07-28 21:32:05,846 - dbcan.process.process_utils - INFO - process_results: filtered overlaps from 5585 to 2081 rows in 0.91s
2026-07-28 21:32:05,863 - dbcan.process.process_utils - INFO - process_results: wrote filtered results to /workspace/wechat/Metagenome/work/article37/catalog/dbCAN_hmm_results.tsv
2026-07-28 21:32:05,876 - root - INFO - HMMER dbCAN done
2026-07-28 21:32:05,877 - root - INFO - pyhmmer vs dbCAN-sub-HMM...
2026-07-28 21:32:05,877 - dbcan.annotation.pyhmmer_search - INFO - Starting PyHMMERDBCANSUBProcessor.run()
2026-07-28 21:32:05,878 - dbcan.utils.memory_monitor - INFO - Memory status [Before HMM search]: RSS=1437.4MB, Available=763063.5MB, Usage=26.1%
2026-07-28 21:32:05,878 - dbcan.annotation.pyhmmer_search - INFO - Running HMM search: hmm=dbCAN-sub.hmm input=uniInput.faa out=dbCANsub_hmm_raw.tsv evalue=1e-15 cov=0.35 cpus=32
2026-07-28 21:33:47,671 - dbcan.annotation.pyhmmer_search - INFO - Using fixed HMMER Z=53411 for dbCAN-sub.hmm
2026-07-28 21:33:47,672 - dbcan.annotation.pyhmmer_search - INFO - Input size: 26.9MB, HMM size: 4894.7MB, Available: 763063.5MB, large_mode=False, preload_targets=True, preload_hmms=True, force_batching=True, csv_buffer_size=5000, retry=0/3
2026-07-28 21:33:47,672 - dbcan.annotation.pyhmmer_search - INFO - Pre-loading all HMMs into memory for speed...
2026-07-28 21:33:47,673 - dbcan.annotation.pyhmmer_search - INFO - Estimated HMM memory: 24473.3MB
2026-07-28 21:35:31,794 - dbcan.annotation.pyhmmer_search - INFO - Loaded 53411 HMMs into memory.
2026-07-28 21:35:31,795 - dbcan.annotation.pyhmmer_search - INFO - Using configured batch size: 5000
2026-07-28 21:49:39,098 - dbcan.utils.memory_monitor - INFO - Memory report [HMM search]: Initial=1437.4MB, Current=3769.8MB, Peak=3769.8MB (After HMM search), Increase=2332.3MB, Usage=26.2%, Checkpoints=1, Elapsed=1053.2s
2026-07-28 21:49:39,098 - dbcan.annotation.pyhmmer_search - INFO - dbCAN-sub.hmm search completed. Hits: 720580, Sequences: 93782, Batches: 19, Time: 1053.22s, Retries: 0, Memory warnings: 0
2026-07-28 21:49:40,088 - dbcan.process.process_utils - INFO - process_results loaded 720580 hits from temp file /workspace/wechat/Metagenome/work/article37/catalog/dbCANsub_hmm_raw.tsv.raw.tsv in 0.99s
2026-07-28 21:49:40,482 - dbcan.process.process_utils - INFO - filter_overlaps: processing 720580 rows across 2088 targets (avg 345.1 hits/target)
2026-07-28 21:50:57,519 - dbcan.process.process_utils - INFO - filter_overlaps: reduced 720580 rows to 2317 rows across 2088 targets in 77.04s
2026-07-28 21:50:57,591 - dbcan.process.process_utils - INFO - process_results: filtered overlaps from 720580 to 2317 rows in 77.28s
2026-07-28 21:50:57,612 - dbcan.process.process_utils - INFO - process_results: wrote filtered results to /workspace/wechat/Metagenome/work/article37/catalog/dbCANsub_hmm_raw.tsv
2026-07-28 21:50:58,274 - dbcan.annotation.pyhmmer_search - INFO - HMM search completed successfully
2026-07-28 21:50:58,275 - dbcan.annotation.pyhmmer_search - INFO - Calling process_dbcan_sub() to process results
2026-07-28 21:50:58,275 - dbcan.process.process_dbcan_sub - INFO - Starting dbCAN-sub processing. Input: /workspace/wechat/Metagenome/work/article37/catalog/dbCANsub_hmm_raw.tsv, Output: /workspace/wechat/Metagenome/work/article37/catalog/dbCANsub_hmm_results.tsv
2026-07-28 21:50:58,275 - dbcan.process.process_dbcan_sub - INFO - DBCAN_SUB_COLUMN_NAMES found: 14 columns: ['Subfam Name', 'Subfam Composition', 'Subfam EC', 'Substrate', 'HMM Length']...
2026-07-28 21:50:58,478 - dbcan.process.process_dbcan_sub - INFO - Successfully processed dbCAN-sub results (2317 entries) -> dbCANsub_hmm_results.tsv
2026-07-28 21:50:58,479 - dbcan.process.process_dbcan_sub - INFO - Output file exists: /workspace/wechat/Metagenome/work/article37/catalog/dbCANsub_hmm_results.tsv (size: 290196 bytes)
2026-07-28 21:50:58,479 - dbcan.annotation.pyhmmer_search - INFO - PyHMMERDBCANSUBProcessor.run() completed
2026-07-28 21:50:58,479 - root - INFO - dbCAN-sub HMM done
2026-07-28 21:50:58,479 - root - INFO - generate overview of CAZymes...
2026-07-28 21:50:58,502 - dbcan.IO.OverviewGenerator - INFO - Loaded 3522 rows from diamond results
2026-07-28 21:50:58,510 - dbcan.IO.OverviewGenerator - INFO - Loaded 2317 rows from dbcan_sub results
2026-07-28 21:50:58,516 - dbcan.IO.OverviewGenerator - INFO - Loaded 2081 rows from dbcan_hmm results
2026-07-28 21:51:01,342 - dbcan.IO.OverviewGenerator - INFO - Aggregated overview saved to: /workspace/wechat/Metagenome/work/article37/catalog/overview.tsv
2026-07-28 21:51:01,363 - root - INFO - CAZyme overview generated
