[2026-07-30 12:14:34] INFO: GTDB-Tk v2.7.2
[2026-07-30 12:14:34] INFO: gtdbtk check_install
[2026-07-30 12:14:34] INFO: Using GTDB-Tk reference data version r232: ${HOME}/databases/gtdbtk-r232/extracted/release232
[2026-07-30 12:14:34] INFO: Running install verification
[2026-07-30 12:14:34] INFO: Checking that all third-party software are on the system path:
[2026-07-30 12:14:34] INFO:          |-- FastTree         OK
[2026-07-30 12:14:34] INFO:          |-- FastTreeMP       OK
[2026-07-30 12:14:34] INFO:          |-- guppy            OK
[2026-07-30 12:14:34] INFO:          |-- hmmalign         OK
[2026-07-30 12:14:34] INFO:          |-- hmmsearch        OK
[2026-07-30 12:14:34] INFO:          |-- pplacer          OK
[2026-07-30 12:14:34] INFO:          |-- prodigal         OK
[2026-07-30 12:14:34] INFO:          |-- skani            OK
[2026-07-30 12:14:34] INFO: Checking integrity of reference package: ${HOME}/databases/gtdbtk-r232/extracted/release232

[${HOME}/databases/gtdbtk-r232/extracted/release232/pplacer/]
[${HOME}/databases/gtdbtk-r232/extracted/release232/pplacer/] - 0/10 files (0.0%)
[${HOME}/databases/gtdbtk-r232/extracted/release232/pplacer/] - 1/10 files (10.0%)
[${HOME}/databases/gtdbtk-r232/extracted/release232/pplacer/] - 2/10 files (20.0%)
[${HOME}/databases/gtdbtk-r232/extracted/release232/pplacer/] - 3/10 files (30.0%)
[${HOME}/databases/gtdbtk-r232/extracted/release232/pplacer/] - 4/10 files (40.0%)
[${HOME}/databases/gtdbtk-r232/extracted/release232/pplacer/] - 5/10 files (50.0%)
[${HOME}/databases/gtdbtk-r232/extracted/release232/pplacer/] - 6/10 files (60.0%)
[${HOME}/databases/gtdbtk-r232/extracted/release232/pplacer/] - 7/10 files (70.0%)
[${HOME}/databases/gtdbtk-r232/extracted/release232/pplacer/] - 8/10 files (80.0%)
[${HOME}/databases/gtdbtk-r232/extracted/release232/pplacer/] - 9/10 files (90.0%)
                                                                                                    
[2026-07-30 12:14:37] INFO:          |-- pplacer          OK

[${HOME}/databases/gtdbtk-r232/extracted/release232/masks/]
[${HOME}/databases/gtdbtk-r232/extracted/release232/masks/] - 0/2 files (0.0%)
[${HOME}/databases/gtdbtk-r232/extracted/release232/masks/] - 1/2 files (50.0%)
                                                                                                    
[2026-07-30 12:14:37] INFO:          |-- masks            OK

[${HOME}/databases/gtdbtk-r232/extracted/release232/markers/]
[${HOME}/databases/gtdbtk-r232/extracted/release232/markers/] - 0/182 files (0.0%)
[${HOME}/databases/gtdbtk-r232/extracted/release232/markers/] - 1/182 files (0.55%)
[${HOME}/databases/gtdbtk-r232/extracted/release232/markers/] - 2/182 files (1.1%)
[${HOME}/databases/gtdbtk-r232/extracted/release232/markers/] - 3/182 files (1.65%)
[${HOME}/databases/gtdbtk-r232/extracted/release232/markers/] - 4/182 files (2.2%)
[${HOME}/databases/gtdbtk-r232/extracted/release232/markers/] - 5/182 files (2.75%)
[${HOME}/databases/gtdbtk-r232/extracted/release232/markers/] - 6/182 files (3.3%)
[${HOME}/databases/gtdbtk-r232/extracted/release232/markers/] - 7/182 files (3.85%)
[${HOME}/databases/gtdbtk-r232/extracted/release232/markers/] - 8/182 files (4.4%)
[${HOME}/databases/gtdbtk-r232/extracted/release232/markers/] - 9/182 files (4.95%)
[${HOME}/databases/gtdbtk-r232/extracted/release232/markers/] - 10/182 files (5.49%)
[${HOME}/databases/gtdbtk-r232/extracted/release232/markers/] - 11/182 files (6.04%)
[${HOME}/databases/gtdbtk-r232/extracted/release232/markers/] - 12/182 files (6.59%)
[${HOME}/databases/gtdbtk-r232/extracted/release232/markers/] - 13/182 files (7.14%)
[${HOME}/databases/gtdbtk-r232/extracted/release232/markers/] - 14/182 files (7.69%)
[${HOME}/databases/gtdbtk-r232/extracted/release232/markers/] - 15/182 files (8.24%)
[${HOME}/databases/gtdbtk-r232/extracted/release232/markers/] - 16/182 files (8.79%)
[${HOME}/databases/gtdbtk-r232/extracted/release232/markers/] - 17/182 files (9.34%)
[${HOME}/databases/gtdbtk-r232/extracted/release232/markers/] - 18/182 files (9.89%)
[${HOME}/databases/gtdbtk-r232/extracted/release232/markers/] - 19/182 files (10.44%)
[${HOME}/databases/gtdbtk-r232/extracted/release232/markers/] - 20/182 files (10.99%)
[${HOME}/databases/gtdbtk-r232/extracted/release232/markers/] - 21/182 files (11.54%)
[${HOME}/databases/gtdbtk-r232/extracted/release232/markers/] - 22/182 files (12.09%)
[${HOME}/databases/gtdbtk-r232/extracted/release232/markers/] - 23/182 files (12.64%)
[${HOME}/databases/gtdbtk-r232/extracted/release232/markers/] - 24/182 files (13.19%)
[${HOME}/databases/gtdbtk-r232/extracted/release232/markers/] - 25/182 files (13.74%)
[${HOME}/databases/gtdbtk-r232/extracted/release232/markers/] - 26/182 files (14.29%)
[${HOME}/databases/gtdbtk-r232/extracted/release232/markers/] - 27/182 files (14.84%)
[${HOME}/databases/gtdbtk-r232/extracted/release232/markers/] - 28/182 files (15.38%)
[${HOME}/databases/gtdbtk-r232/extracted/release232/markers/] - 29/182 files (15.93%)
[${HOME}/databases/gtdbtk-r232/extracted/release232/markers/] - 30/182 files (16.48%)
[${HOME}/databases/gtdbtk-r232/extracted/release232/markers/] - 31/182 files (17.03%)
[${HOME}/databases/gtdbtk-r232/extracted/release232/markers/] - 32/182 files (17.58%)
[${HOME}/databases/gtdbtk-r232/extracted/release232/markers/] - 33/182 files (18.13%)
[${HOME}/databases/gtdbtk-r232/extracted/release232/markers/] - 34/182 files (18.68%)
[${HOME}/databases/gtdbtk-r232/extracted/release232/markers/] - 35/182 files (19.23%)
[${HOME}/databases/gtdbtk-r232/extracted/release232/markers/] - 36/182 files (19.78%)
[${HOME}/databases/gtdbtk-r232/extracted/release232/markers/] - 37/182 files (20.33%)
[${HOME}/databases/gtdbtk-r232/extracted/release232/markers/] - 38/182 files (20.88%)
[${HOME}/databases/gtdbtk-r232/extracted/release232/markers/] - 39/182 files (21.43%)
[${HOME}/databases/gtdbtk-r232/extracted/release232/markers/] - 40/182 files (21.98%)
[${HOME}/databases/gtdbtk-r232/extracted/release232/markers/] - 41/182 files (22.53%)
[${HOME}/databases/gtdbtk-r232/extracted/release232/markers/] - 42/182 files (23.08%)
[${HOME}/databases/gtdbtk-r232/extracted/release232/markers/] - 43/182 files (23.63%)
[${HOME}/databases/gtdbtk-r232/extracted/release232/markers/] - 44/182 files (24.18%)
[${HOME}/databases/gtdbtk-r232/extracted/release232/markers/] - 45/182 files (24.73%)
[${HOME}/databases/gtdbtk-r232/extracted/release232/markers/] - 46/182 files (25.27%)
[${HOME}/databases/gtdbtk-r232/extracted/release232/markers/] - 47/182 files (25.82%)
[${HOME}/databases/gtdbtk-r232/extracted/release232/markers/] - 48/182 files (26.37%)
[${HOME}/databases/gtdbtk-r232/extracted/release232/markers/] - 49/182 files (26.92%)
[${HOME}/databases/gtdbtk-r232/extracted/release232/markers/] - 50/182 files (27.47%)
[${HOME}/databases/gtdbtk-r232/extracted/release232/markers/] - 51/182 files (28.02%)
[${HOME}/databases/gtdbtk-r232/extracted/release232/markers/] - 52/182 files (28.57%)
[${HOME}/databases/gtdbtk-r232/extracted/release232/markers/] - 53/182 files (29.12%)
[${HOME}/databases/gtdbtk-r232/extracted/release232/markers/] - 54/182 files (29.67%)
[${HOME}/databases/gtdbtk-r232/extracted/release232/markers/] - 55/182 files (30.22%)
[${HOME}/databases/gtdbtk-r232/extracted/release232/markers/] - 56/182 files (30.77%)
[${HOME}/databases/gtdbtk-r232/extracted/release232/markers/] - 57/182 files (31.32%)
[${HOME}/databases/gtdbtk-r232/extracted/release232/markers/] - 58/182 files (31.87%)
[${HOME}/databases/gtdbtk-r232/extracted/release232/markers/] - 59/182 files (32.42%)
[${HOME}/databases/gtdbtk-r232/extracted/release232/markers/] - 60/182 files (32.97%)
[${HOME}/databases/gtdbtk-r232/extracted/release232/markers/] - 61/182 files (33.52%)
[${HOME}/databases/gtdbtk-r232/extracted/release232/markers/] - 62/182 files (34.07%)
[${HOME}/databases/gtdbtk-r232/extracted/release232/markers/] - 63/182 files (34.62%)
[${HOME}/databases/gtdbtk-r232/extracted/release232/markers/] - 64/182 files (35.16%)
[${HOME}/databases/gtdbtk-r232/extracted/release232/markers/] - 65/182 files (35.71%)
[${HOME}/databases/gtdbtk-r232/extracted/release232/markers/] - 66/182 files (36.26%)
[${HOME}/databases/gtdbtk-r232/extracted/release232/markers/] - 67/182 files (36.81%)
[${HOME}/databases/gtdbtk-r232/extracted/release232/markers/] - 68/182 files (37.36%)
[${HOME}/databases/gtdbtk-r232/extracted/release232/markers/] - 69/182 files (37.91%)
[${HOME}/databases/gtdbtk-r232/extracted/release232/markers/] - 70/182 files (38.46%)
[${HOME}/databases/gtdbtk-r232/extracted/release232/markers/] - 71/182 files (39.01%)
[${HOME}/databases/gtdbtk-r232/extracted/release232/markers/] - 72/182 files (39.56%)
[${HOME}/databases/gtdbtk-r232/extracted/release232/markers/] - 73/182 files (40.11%)
[${HOME}/databases/gtdbtk-r232/extracted/release232/markers/] - 74/182 files (40.66%)
[${HOME}/databases/gtdbtk-r232/extracted/release232/markers/] - 75/182 files (41.21%)
[${HOME}/databases/gtdbtk-r232/extracted/release232/markers/] - 76/182 files (41.76%)
[${HOME}/databases/gtdbtk-r232/extracted/release232/markers/] - 77/182 files (42.31%)
[${HOME}/databases/gtdbtk-r232/extracted/release232/markers/] - 78/182 files (42.86%)
[${HOME}/databases/gtdbtk-r232/extracted/release232/markers/] - 79/182 files (43.41%)
[${HOME}/databases/gtdbtk-r232/extracted/release232/markers/] - 80/182 files (43.96%)
[${HOME}/databases/gtdbtk-r232/extracted/release232/markers/] - 81/182 files (44.51%)
[${HOME}/databases/gtdbtk-r232/extracted/release232/markers/] - 82/182 files (45.05%)
[${HOME}/databases/gtdbtk-r232/extracted/release232/markers/] - 83/182 files (45.6%)
[${HOME}/databases/gtdbtk-r232/extracted/release232/markers/] - 84/182 files (46.15%)
[${HOME}/databases/gtdbtk-r232/extracted/release232/markers/] - 85/182 files (46.7%)
[${HOME}/databases/gtdbtk-r232/extracted/release232/markers/] - 86/182 files (47.25%)
[${HOME}/databases/gtdbtk-r232/extracted/release232/markers/] - 87/182 files (47.8%)
[${HOME}/databases/gtdbtk-r232/extracted/release232/markers/] - 88/182 files (48.35%)
[${HOME}/databases/gtdbtk-r232/extracted/release232/markers/] - 89/182 files (48.9%)
[${HOME}/databases/gtdbtk-r232/extracted/release232/markers/] - 90/182 files (49.45%)
[${HOME}/databases/gtdbtk-r232/extracted/release232/markers/] - 91/182 files (50.0%)
[${HOME}/databases/gtdbtk-r232/extracted/release232/markers/] - 92/182 files (50.55%)
[${HOME}/databases/gtdbtk-r232/extracted/release232/markers/] - 93/182 files (51.1%)
[${HOME}/databases/gtdbtk-r232/extracted/release232/markers/] - 94/182 files (51.65%)
[${HOME}/databases/gtdbtk-r232/extracted/release232/markers/] - 95/182 files (52.2%)
[${HOME}/databases/gtdbtk-r232/extracted/release232/markers/] - 96/182 files (52.75%)
[${HOME}/databases/gtdbtk-r232/extracted/release232/markers/] - 97/182 files (53.3%)
[${HOME}/databases/gtdbtk-r232/extracted/release232/markers/] - 98/182 files (53.85%)
[${HOME}/databases/gtdbtk-r232/extracted/release232/markers/] - 99/182 files (54.4%)
[${HOME}/databases/gtdbtk-r232/extracted/release232/markers/] - 100/182 files (54.95%)
[${HOME}/databases/gtdbtk-r232/extracted/release232/markers/] - 101/182 files (55.49%)
[${HOME}/databases/gtdbtk-r232/extracted/release232/markers/] - 102/182 files (56.04%)
[${HOME}/databases/gtdbtk-r232/extracted/release232/markers/] - 103/182 files (56.59%)
[${HOME}/databases/gtdbtk-r232/extracted/release232/markers/] - 104/182 files (57.14%)
[${HOME}/databases/gtdbtk-r232/extracted/release232/markers/] - 105/182 files (57.69%)
[${HOME}/databases/gtdbtk-r232/extracted/release232/markers/] - 106/182 files (58.24%)
[${HOME}/databases/gtdbtk-r232/extracted/release232/markers/] - 107/182 files (58.79%)
[${HOME}/databases/gtdbtk-r232/extracted/release232/markers/] - 108/182 files (59.34%)
[${HOME}/databases/gtdbtk-r232/extracted/release232/markers/] - 109/182 files (59.89%)
[${HOME}/databases/gtdbtk-r232/extracted/release232/markers/] - 110/182 files (60.44%)
[${HOME}/databases/gtdbtk-r232/extracted/release232/markers/] - 111/182 files (60.99%)
[${HOME}/databases/gtdbtk-r232/extracted/release232/markers/] - 112/182 files (61.54%)
[${HOME}/databases/gtdbtk-r232/extracted/release232/markers/] - 113/182 files (62.09%)
[${HOME}/databases/gtdbtk-r232/extracted/release232/markers/] - 114/182 files (62.64%)
[${HOME}/databases/gtdbtk-r232/extracted/release232/markers/] - 115/182 files (63.19%)
[${HOME}/databases/gtdbtk-r232/extracted/release232/markers/] - 116/182 files (63.74%)
[${HOME}/databases/gtdbtk-r232/extracted/release232/markers/] - 117/182 files (64.29%)
[${HOME}/databases/gtdbtk-r232/extracted/release232/markers/] - 118/182 files (64.84%)
[${HOME}/databases/gtdbtk-r232/extracted/release232/markers/] - 119/182 files (65.38%)
[${HOME}/databases/gtdbtk-r232/extracted/release232/markers/] - 120/182 files (65.93%)
[${HOME}/databases/gtdbtk-r232/extracted/release232/markers/] - 121/182 files (66.48%)
[${HOME}/databases/gtdbtk-r232/extracted/release232/markers/] - 122/182 files (67.03%)
[${HOME}/databases/gtdbtk-r232/extracted/release232/markers/] - 123/182 files (67.58%)
[${HOME}/databases/gtdbtk-r232/extracted/release232/markers/] - 124/182 files (68.13%)
[${HOME}/databases/gtdbtk-r232/extracted/release232/markers/] - 125/182 files (68.68%)
[${HOME}/databases/gtdbtk-r232/extracted/release232/markers/] - 126/182 files (69.23%)
[${HOME}/databases/gtdbtk-r232/extracted/release232/markers/] - 127/182 files (69.78%)
[${HOME}/databases/gtdbtk-r232/extracted/release232/markers/] - 128/182 files (70.33%)
[${HOME}/databases/gtdbtk-r232/extracted/release232/markers/] - 129/182 files (70.88%)
[${HOME}/databases/gtdbtk-r232/extracted/release232/markers/] - 130/182 files (71.43%)
[${HOME}/databases/gtdbtk-r232/extracted/release232/markers/] - 131/182 files (71.98%)
[${HOME}/databases/gtdbtk-r232/extracted/release232/markers/] - 132/182 files (72.53%)
[${HOME}/databases/gtdbtk-r232/extracted/release232/markers/] - 133/182 files (73.08%)
[${HOME}/databases/gtdbtk-r232/extracted/release232/markers/] - 134/182 files (73.63%)
[${HOME}/databases/gtdbtk-r232/extracted/release232/markers/] - 135/182 files (74.18%)
[${HOME}/databases/gtdbtk-r232/extracted/release232/markers/] - 136/182 files (74.73%)
[${HOME}/databases/gtdbtk-r232/extracted/release232/markers/] - 137/182 files (75.27%)
[${HOME}/databases/gtdbtk-r232/extracted/release232/markers/] - 138/182 files (75.82%)
[${HOME}/databases/gtdbtk-r232/extracted/release232/markers/] - 139/182 files (76.37%)
[${HOME}/databases/gtdbtk-r232/extracted/release232/markers/] - 140/182 files (76.92%)
[${HOME}/databases/gtdbtk-r232/extracted/release232/markers/] - 141/182 files (77.47%)
[${HOME}/databases/gtdbtk-r232/extracted/release232/markers/] - 142/182 files (78.02%)
[${HOME}/databases/gtdbtk-r232/extracted/release232/markers/] - 143/182 files (78.57%)
[${HOME}/databases/gtdbtk-r232/extracted/release232/markers/] - 144/182 files (79.12%)
[${HOME}/databases/gtdbtk-r232/extracted/release232/markers/] - 145/182 files (79.67%)
[${HOME}/databases/gtdbtk-r232/extracted/release232/markers/] - 146/182 files (80.22%)
[${HOME}/databases/gtdbtk-r232/extracted/release232/markers/] - 147/182 files (80.77%)
[${HOME}/databases/gtdbtk-r232/extracted/release232/markers/] - 148/182 files (81.32%)
[${HOME}/databases/gtdbtk-r232/extracted/release232/markers/] - 149/182 files (81.87%)
[${HOME}/databases/gtdbtk-r232/extracted/release232/markers/] - 150/182 files (82.42%)
[${HOME}/databases/gtdbtk-r232/extracted/release232/markers/] - 151/182 files (82.97%)
[${HOME}/databases/gtdbtk-r232/extracted/release232/markers/] - 152/182 files (83.52%)
[${HOME}/databases/gtdbtk-r232/extracted/release232/markers/] - 153/182 files (84.07%)
[${HOME}/databases/gtdbtk-r232/extracted/release232/markers/] - 154/182 files (84.62%)
[${HOME}/databases/gtdbtk-r232/extracted/release232/markers/] - 155/182 files (85.16%)
[${HOME}/databases/gtdbtk-r232/extracted/release232/markers/] - 156/182 files (85.71%)
[${HOME}/databases/gtdbtk-r232/extracted/release232/markers/] - 157/182 files (86.26%)
[${HOME}/databases/gtdbtk-r232/extracted/release232/markers/] - 158/182 files (86.81%)
[${HOME}/databases/gtdbtk-r232/extracted/release232/markers/] - 159/182 files (87.36%)
[${HOME}/databases/gtdbtk-r232/extracted/release232/markers/] - 160/182 files (87.91%)
[${HOME}/databases/gtdbtk-r232/extracted/release232/markers/] - 161/182 files (88.46%)
[${HOME}/databases/gtdbtk-r232/extracted/release232/markers/] - 162/182 files (89.01%)
[${HOME}/databases/gtdbtk-r232/extracted/release232/markers/] - 163/182 files (89.56%)
[${HOME}/databases/gtdbtk-r232/extracted/release232/markers/] - 164/182 files (90.11%)
[${HOME}/databases/gtdbtk-r232/extracted/release232/markers/] - 165/182 files (90.66%)
[${HOME}/databases/gtdbtk-r232/extracted/release232/markers/] - 166/182 files (91.21%)
[${HOME}/databases/gtdbtk-r232/extracted/release232/markers/] - 167/182 files (91.76%)
[${HOME}/databases/gtdbtk-r232/extracted/release232/markers/] - 168/182 files (92.31%)
[${HOME}/databases/gtdbtk-r232/extracted/release232/markers/] - 169/182 files (92.86%)
[${HOME}/databases/gtdbtk-r232/extracted/release232/markers/] - 170/182 files (93.41%)
[${HOME}/databases/gtdbtk-r232/extracted/release232/markers/] - 171/182 files (93.96%)
[${HOME}/databases/gtdbtk-r232/extracted/release232/markers/] - 172/182 files (94.51%)
[${HOME}/databases/gtdbtk-r232/extracted/release232/markers/] - 173/182 files (95.05%)
[${HOME}/databases/gtdbtk-r232/extracted/release232/markers/] - 174/182 files (95.6%)
[${HOME}/databases/gtdbtk-r232/extracted/release232/markers/] - 175/182 files (96.15%)
[${HOME}/databases/gtdbtk-r232/extracted/release232/markers/] - 176/182 files (96.7%)
[${HOME}/databases/gtdbtk-r232/extracted/release232/markers/] - 177/182 files (97.25%)
[${HOME}/databases/gtdbtk-r232/extracted/release232/markers/] - 178/182 files (97.8%)
[${HOME}/databases/gtdbtk-r232/extracted/release232/markers/] - 179/182 files (98.35%)
[${HOME}/databases/gtdbtk-r232/extracted/release232/markers/] - 180/182 files (98.9%)
[${HOME}/databases/gtdbtk-r232/extracted/release232/markers/] - 181/182 files (99.45%)
                                                                                                    
[2026-07-30 12:14:37] INFO:          |-- markers          OK

[${HOME}/databases/gtdbtk-r232/extracted/release232/radii/]
[${HOME}/databases/gtdbtk-r232/extracted/release232/radii/] - 0/1 files (0.0%)
                                                                                                    
[2026-07-30 12:14:38] INFO:          |-- radii            OK

[${HOME}/databases/gtdbtk-r232/extracted/release232/msa/]
[${HOME}/databases/gtdbtk-r232/extracted/release232/msa/] - 0/2 files (0.0%)
[${HOME}/databases/gtdbtk-r232/extracted/release232/msa/] - 1/2 files (50.0%)
                                                                                                    
[2026-07-30 12:14:53] INFO:          |-- msa              OK

[${HOME}/databases/gtdbtk-r232/extracted/release232/metadata/]
[${HOME}/databases/gtdbtk-r232/extracted/release232/metadata/] - 0/1 files (0.0%)
                                                                                                    
[2026-07-30 12:14:53] INFO:          |-- metadata         OK

[${HOME}/databases/gtdbtk-r232/extracted/release232/taxonomy/]
[${HOME}/databases/gtdbtk-r232/extracted/release232/taxonomy/] - 0/3 files (0.0%)
[${HOME}/databases/gtdbtk-r232/extracted/release232/taxonomy/] - 1/3 files (33.33%)
[${HOME}/databases/gtdbtk-r232/extracted/release232/taxonomy/] - 2/3 files (66.67%)
                                                                                                    
[2026-07-30 12:14:53] INFO:          |-- taxonomy         OK

[${HOME}/databases/gtdbtk-r232/extracted/release232/skani/]
[${HOME}/databases/gtdbtk-r232/extracted/release232/skani/] - 0/5 files (0.0%)
[${HOME}/databases/gtdbtk-r232/extracted/release232/skani/] - 1/5 files (20.0%)
[${HOME}/databases/gtdbtk-r232/extracted/release232/skani/] - 2/5 files (40.0%)
[${HOME}/databases/gtdbtk-r232/extracted/release232/skani/] - 3/5 files (60.0%)
[${HOME}/databases/gtdbtk-r232/extracted/release232/skani/] - 4/5 files (80.0%)
                                                                                                    
[2026-07-30 12:17:40] INFO:          |-- skani            OK

[${HOME}/databases/gtdbtk-r232/extracted/release232/mrca_red/]
[${HOME}/databases/gtdbtk-r232/extracted/release232/mrca_red/] - 0/2 files (0.0%)
[${HOME}/databases/gtdbtk-r232/extracted/release232/mrca_red/] - 1/2 files (50.0%)
                                                                                                    
[2026-07-30 12:17:40] INFO:          |-- mrca_red         OK
[2026-07-30 12:17:40] INFO: Done.
