2026-07-29 03:51:29.077 | INFO    | Starting Vamb version 5.0.4
2026-07-29 03:51:29.077 | INFO    | Random seed is 20260742
2026-07-29 03:51:29.078 | INFO    | Invoked with CLI args: '${HOME}/miniconda3/envs/metagenome-binning-2026.07/bin/vamb bin default --outdir ${ARTICLE42_WORK_DIR}/bins/vamb-taxonomy-free --fasta ${ARTICLE42_WORK_DIR}/inputs/megahit-coassembly.ge1500.fna --abundance_tsv ${ARTICLE42_WORK_DIR}/inputs/vamb-abundance.tsv -m 1500 -p 24 --seed 20260742 --minfasta 200000 -o'
2026-07-29 03:51:29.078 | INFO    | Loading TNF
2026-07-29 03:51:29.078 | INFO    | 	Minimum sequence length: 1500
2026-07-29 03:51:29.078 | INFO    | 	Loading data from FASTA file ${ARTICLE42_WORK_DIR}/inputs/megahit-coassembly.ge1500.fna
2026-07-29 03:51:32.962 | INFO    | 	Kept 74932939 bases in 10203 sequences
2026-07-29 03:51:32.963 | INFO    | 	Processed TNF in 3.88 seconds.

2026-07-29 03:51:32.963 | INFO    | Loading depths
2026-07-29 03:51:32.963 | INFO    | 	Reference hash: a57ebc950a20cc31f6d82d4bcee7dabf
2026-07-29 03:51:32.963 | INFO    | 	Parsing abundance from TSV at "${ARTICLE42_WORK_DIR}/inputs/vamb-abundance.tsv"
2026-07-29 03:51:33.013 | INFO    | 	Order of columns is:
2026-07-29 03:51:33.013 | INFO    | 	     0: MOCK1
2026-07-29 03:51:33.013 | INFO    | 	     1: MOCK2
2026-07-29 03:51:33.013 | INFO    | 	Processed abundance in 0.05 seconds.

2026-07-29 03:51:33.026 | INFO    | Creating and training VAE
2026-07-29 03:51:33.049 | INFO    | 	Created VAE
2026-07-29 03:51:36.404 | INFO    | 	Network properties:
2026-07-29 03:51:36.404 | INFO    | 	    CUDA: False
2026-07-29 03:51:36.404 | INFO    | 	    Alpha: 0.15
2026-07-29 03:51:36.405 | INFO    | 	    Beta: 200.0
2026-07-29 03:51:36.405 | INFO    | 	    Dropout: 0.2
2026-07-29 03:51:36.405 | INFO    | 	    N hidden: 512, 512
2026-07-29 03:51:36.405 | INFO    | 	    N latent: 32
2026-07-29 03:51:36.405 | INFO    | 	Training properties:
2026-07-29 03:51:36.405 | INFO    | 	    N epochs: 300
2026-07-29 03:51:36.405 | INFO    | 	    Starting batch size: 256
2026-07-29 03:51:36.405 | INFO    | 	    Batchsteps: 25, 75, 150, 225
2026-07-29 03:51:36.406 | INFO    | 	    N sequences: 10203
2026-07-29 03:51:36.406 | INFO    | 	    N samples: 2
2026-07-29 03:51:39.403 | INFO    | 		Epoch:   1  Loss: 8.52689e-01  CE: 4.43340e-01  AB: 2.77646e-01  SSE: 1.27779e-01  KLD: 3.85567e-03  Batchsize:  256
2026-07-29 03:51:41.222 | INFO    | 		Epoch:   2  Loss: 5.40611e-01  CE: 4.25787e-01  AB: 4.34045e-02  SSE: 6.15217e-02  KLD: 9.92840e-03  Batchsize:  256
2026-07-29 03:51:43.037 | INFO    | 		Epoch:   3  Loss: 5.21079e-01  CE: 4.25040e-01  AB: 3.01502e-02  SSE: 5.51538e-02  KLD: 1.05380e-02  Batchsize:  256
2026-07-29 03:51:44.667 | INFO    | 		Epoch:   4  Loss: 5.14661e-01  CE: 4.24957e-01  AB: 2.71422e-02  SSE: 5.19637e-02  KLD: 1.07777e-02  Batchsize:  256
2026-07-29 03:51:46.273 | INFO    | 		Epoch:   5  Loss: 5.11727e-01  CE: 4.25074e-01  AB: 2.55688e-02  SSE: 5.00420e-02  KLD: 1.08024e-02  Batchsize:  256
2026-07-29 03:51:48.225 | INFO    | 		Epoch:   6  Loss: 5.07465e-01  CE: 4.25019e-01  AB: 2.31741e-02  SSE: 4.85653e-02  KLD: 1.08243e-02  Batchsize:  256
2026-07-29 03:51:50.357 | INFO    | 		Epoch:   7  Loss: 5.03875e-01  CE: 4.24859e-01  AB: 2.01877e-02  SSE: 4.76241e-02  KLD: 1.09369e-02  Batchsize:  256
2026-07-29 03:51:52.028 | INFO    | 		Epoch:   8  Loss: 5.03517e-01  CE: 4.24946e-01  AB: 2.10677e-02  SSE: 4.69787e-02  KLD: 1.09083e-02  Batchsize:  256
2026-07-29 03:51:53.795 | INFO    | 		Epoch:   9  Loss: 5.03812e-01  CE: 4.24756e-01  AB: 2.18976e-02  SSE: 4.64018e-02  KLD: 1.09037e-02  Batchsize:  256
2026-07-29 03:51:55.490 | INFO    | 		Epoch:  10  Loss: 5.02765e-01  CE: 4.24794e-01  AB: 2.11739e-02  SSE: 4.58800e-02  KLD: 1.08701e-02  Batchsize:  256
2026-07-29 03:51:57.102 | INFO    | 		Epoch:  11  Loss: 5.02460e-01  CE: 4.24733e-01  AB: 2.16786e-02  SSE: 4.54936e-02  KLD: 1.08207e-02  Batchsize:  256
2026-07-29 03:51:59.181 | INFO    | 		Epoch:  12  Loss: 5.00340e-01  CE: 4.24860e-01  AB: 1.98442e-02  SSE: 4.48305e-02  KLD: 1.08512e-02  Batchsize:  256
2026-07-29 03:52:01.018 | INFO    | 		Epoch:  13  Loss: 5.00150e-01  CE: 4.24738e-01  AB: 2.03356e-02  SSE: 4.43907e-02  KLD: 1.08137e-02  Batchsize:  256
2026-07-29 03:52:03.021 | INFO    | 		Epoch:  14  Loss: 5.00280e-01  CE: 4.24810e-01  AB: 2.05248e-02  SSE: 4.42274e-02  KLD: 1.08454e-02  Batchsize:  256
2026-07-29 03:52:04.606 | INFO    | 		Epoch:  15  Loss: 4.96808e-01  CE: 4.24733e-01  AB: 1.76180e-02  SSE: 4.39920e-02  KLD: 1.08450e-02  Batchsize:  256
2026-07-29 03:52:06.417 | INFO    | 		Epoch:  16  Loss: 4.96562e-01  CE: 4.24694e-01  AB: 1.75170e-02  SSE: 4.34630e-02  KLD: 1.08797e-02  Batchsize:  256
2026-07-29 03:52:08.487 | INFO    | 		Epoch:  17  Loss: 4.96666e-01  CE: 4.24721e-01  AB: 1.79600e-02  SSE: 4.31796e-02  KLD: 1.08927e-02  Batchsize:  256
2026-07-29 03:52:10.294 | INFO    | 		Epoch:  18  Loss: 4.96466e-01  CE: 4.24582e-01  AB: 1.77753e-02  SSE: 4.32415e-02  KLD: 1.08803e-02  Batchsize:  256
2026-07-29 03:52:12.122 | INFO    | 		Epoch:  19  Loss: 4.94337e-01  CE: 4.24707e-01  AB: 1.60873e-02  SSE: 4.28806e-02  KLD: 1.09031e-02  Batchsize:  256
2026-07-29 03:52:13.954 | INFO    | 		Epoch:  20  Loss: 4.94175e-01  CE: 4.24607e-01  AB: 1.64331e-02  SSE: 4.24801e-02  KLD: 1.08215e-02  Batchsize:  256
2026-07-29 03:52:15.617 | INFO    | 		Epoch:  21  Loss: 4.93753e-01  CE: 4.24626e-01  AB: 1.58251e-02  SSE: 4.26983e-02  KLD: 1.08890e-02  Batchsize:  256
2026-07-29 03:52:17.283 | INFO    | 		Epoch:  22  Loss: 4.95801e-01  CE: 4.24646e-01  AB: 1.77803e-02  SSE: 4.24648e-02  KLD: 1.08540e-02  Batchsize:  256
2026-07-29 03:52:19.030 | INFO    | 		Epoch:  23  Loss: 4.93820e-01  CE: 4.24640e-01  AB: 1.62061e-02  SSE: 4.21690e-02  KLD: 1.08609e-02  Batchsize:  256
2026-07-29 03:52:20.641 | INFO    | 		Epoch:  24  Loss: 4.93935e-01  CE: 4.24633e-01  AB: 1.64192e-02  SSE: 4.19231e-02  KLD: 1.08576e-02  Batchsize:  256
2026-07-29 03:52:22.594 | INFO    | 		Epoch:  25  Loss: 4.95167e-01  CE: 4.24596e-01  AB: 1.78321e-02  SSE: 4.17682e-02  KLD: 1.08465e-02  Batchsize:  256
2026-07-29 03:52:23.768 | INFO    | 		Epoch:  26  Loss: 4.89826e-01  CE: 4.24541e-01  AB: 1.30941e-02  SSE: 4.10722e-02  KLD: 1.08665e-02  Batchsize:  512
2026-07-29 03:52:25.018 | INFO    | 		Epoch:  27  Loss: 4.89207e-01  CE: 4.24464e-01  AB: 1.29002e-02  SSE: 4.09478e-02  KLD: 1.08884e-02  Batchsize:  512
2026-07-29 03:52:26.519 | INFO    | 		Epoch:  28  Loss: 4.89610e-01  CE: 4.24425e-01  AB: 1.35167e-02  SSE: 4.08229e-02  KLD: 1.08871e-02  Batchsize:  512
2026-07-29 03:52:28.083 | INFO    | 		Epoch:  29  Loss: 4.89931e-01  CE: 4.24448e-01  AB: 1.35924e-02  SSE: 4.07477e-02  KLD: 1.08761e-02  Batchsize:  512
2026-07-29 03:52:29.481 | INFO    | 		Epoch:  30  Loss: 4.90391e-01  CE: 4.24390e-01  AB: 1.40552e-02  SSE: 4.05143e-02  KLD: 1.08551e-02  Batchsize:  512
2026-07-29 03:52:30.991 | INFO    | 		Epoch:  31  Loss: 4.89939e-01  CE: 4.24421e-01  AB: 1.41721e-02  SSE: 4.05925e-02  KLD: 1.08538e-02  Batchsize:  512
2026-07-29 03:52:32.308 | INFO    | 		Epoch:  32  Loss: 4.88724e-01  CE: 4.24452e-01  AB: 1.31050e-02  SSE: 4.06445e-02  KLD: 1.08743e-02  Batchsize:  512
2026-07-29 03:52:33.880 | INFO    | 		Epoch:  33  Loss: 4.89502e-01  CE: 4.24391e-01  AB: 1.39526e-02  SSE: 4.04088e-02  KLD: 1.08166e-02  Batchsize:  512
2026-07-29 03:52:35.563 | INFO    | 		Epoch:  34  Loss: 4.90568e-01  CE: 4.24370e-01  AB: 1.46660e-02  SSE: 4.04895e-02  KLD: 1.08253e-02  Batchsize:  512
2026-07-29 03:52:37.099 | INFO    | 		Epoch:  35  Loss: 4.88460e-01  CE: 4.24342e-01  AB: 1.31329e-02  SSE: 4.02987e-02  KLD: 1.08266e-02  Batchsize:  512
2026-07-29 03:52:38.623 | INFO    | 		Epoch:  36  Loss: 4.88442e-01  CE: 4.24447e-01  AB: 1.32251e-02  SSE: 4.02938e-02  KLD: 1.08532e-02  Batchsize:  512
2026-07-29 03:52:39.477 | INFO    | 		Epoch:  37  Loss: 4.87059e-01  CE: 4.24414e-01  AB: 1.20601e-02  SSE: 4.02371e-02  KLD: 1.08785e-02  Batchsize:  512
2026-07-29 03:52:40.963 | INFO    | 		Epoch:  38  Loss: 4.87944e-01  CE: 4.24319e-01  AB: 1.33292e-02  SSE: 4.02045e-02  KLD: 1.09246e-02  Batchsize:  512
2026-07-29 03:52:42.207 | INFO    | 		Epoch:  39  Loss: 4.88944e-01  CE: 4.24374e-01  AB: 1.31520e-02  SSE: 4.02255e-02  KLD: 1.09107e-02  Batchsize:  512
2026-07-29 03:52:43.903 | INFO    | 		Epoch:  40  Loss: 4.88102e-01  CE: 4.24360e-01  AB: 1.23890e-02  SSE: 4.00007e-02  KLD: 1.09100e-02  Batchsize:  512
2026-07-29 03:52:45.374 | INFO    | 		Epoch:  41  Loss: 4.87872e-01  CE: 4.24338e-01  AB: 1.27240e-02  SSE: 4.00262e-02  KLD: 1.09031e-02  Batchsize:  512
2026-07-29 03:52:46.842 | INFO    | 		Epoch:  42  Loss: 4.88428e-01  CE: 4.24271e-01  AB: 1.31223e-02  SSE: 4.00803e-02  KLD: 1.08703e-02  Batchsize:  512
2026-07-29 03:52:48.259 | INFO    | 		Epoch:  43  Loss: 4.86793e-01  CE: 4.24345e-01  AB: 1.19955e-02  SSE: 3.98903e-02  KLD: 1.08956e-02  Batchsize:  512
2026-07-29 03:52:49.432 | INFO    | 		Epoch:  44  Loss: 4.87876e-01  CE: 4.24324e-01  AB: 1.32757e-02  SSE: 3.96792e-02  KLD: 1.08602e-02  Batchsize:  512
2026-07-29 03:52:50.716 | INFO    | 		Epoch:  45  Loss: 4.87365e-01  CE: 4.24328e-01  AB: 1.25533e-02  SSE: 3.97904e-02  KLD: 1.08647e-02  Batchsize:  512
2026-07-29 03:52:52.169 | INFO    | 		Epoch:  46  Loss: 4.87638e-01  CE: 4.24275e-01  AB: 1.26459e-02  SSE: 3.97538e-02  KLD: 1.08647e-02  Batchsize:  512
2026-07-29 03:52:53.443 | INFO    | 		Epoch:  47  Loss: 4.87665e-01  CE: 4.24339e-01  AB: 1.34024e-02  SSE: 3.96718e-02  KLD: 1.07739e-02  Batchsize:  512
2026-07-29 03:52:54.762 | INFO    | 		Epoch:  48  Loss: 4.87265e-01  CE: 4.24238e-01  AB: 1.27569e-02  SSE: 3.95910e-02  KLD: 1.07822e-02  Batchsize:  512
2026-07-29 03:52:56.209 | INFO    | 		Epoch:  49  Loss: 4.87694e-01  CE: 4.24289e-01  AB: 1.34296e-02  SSE: 3.96097e-02  KLD: 1.08195e-02  Batchsize:  512
2026-07-29 03:52:57.529 | INFO    | 		Epoch:  50  Loss: 4.87396e-01  CE: 4.24215e-01  AB: 1.24971e-02  SSE: 3.95414e-02  KLD: 1.08546e-02  Batchsize:  512
2026-07-29 03:52:58.944 | INFO    | 		Epoch:  51  Loss: 4.86999e-01  CE: 4.24277e-01  AB: 1.22684e-02  SSE: 3.95391e-02  KLD: 1.08432e-02  Batchsize:  512
2026-07-29 03:53:00.108 | INFO    | 		Epoch:  52  Loss: 4.86413e-01  CE: 4.24266e-01  AB: 1.21792e-02  SSE: 3.94301e-02  KLD: 1.08775e-02  Batchsize:  512
2026-07-29 03:53:01.481 | INFO    | 		Epoch:  53  Loss: 4.86737e-01  CE: 4.24260e-01  AB: 1.24553e-02  SSE: 3.94553e-02  KLD: 1.08727e-02  Batchsize:  512
2026-07-29 03:53:02.867 | INFO    | 		Epoch:  54  Loss: 4.87671e-01  CE: 4.24319e-01  AB: 1.33278e-02  SSE: 3.92602e-02  KLD: 1.08990e-02  Batchsize:  512
2026-07-29 03:53:04.096 | INFO    | 		Epoch:  55  Loss: 4.88529e-01  CE: 4.24264e-01  AB: 1.40048e-02  SSE: 3.92342e-02  KLD: 1.08726e-02  Batchsize:  512
2026-07-29 03:53:05.417 | INFO    | 		Epoch:  56  Loss: 4.86191e-01  CE: 4.24207e-01  AB: 1.18180e-02  SSE: 3.91275e-02  KLD: 1.08706e-02  Batchsize:  512
2026-07-29 03:53:06.748 | INFO    | 		Epoch:  57  Loss: 4.85857e-01  CE: 4.24262e-01  AB: 1.18723e-02  SSE: 3.91942e-02  KLD: 1.08514e-02  Batchsize:  512
2026-07-29 03:53:08.015 | INFO    | 		Epoch:  58  Loss: 4.87637e-01  CE: 4.24261e-01  AB: 1.30670e-02  SSE: 3.91530e-02  KLD: 1.08789e-02  Batchsize:  512
2026-07-29 03:53:09.360 | INFO    | 		Epoch:  59  Loss: 4.86735e-01  CE: 4.24114e-01  AB: 1.28367e-02  SSE: 3.90566e-02  KLD: 1.09008e-02  Batchsize:  512
2026-07-29 03:53:10.589 | INFO    | 		Epoch:  60  Loss: 4.86804e-01  CE: 4.24183e-01  AB: 1.24654e-02  SSE: 3.91820e-02  KLD: 1.08590e-02  Batchsize:  512
2026-07-29 03:53:11.921 | INFO    | 		Epoch:  61  Loss: 4.86215e-01  CE: 4.24091e-01  AB: 1.18022e-02  SSE: 3.90089e-02  KLD: 1.08721e-02  Batchsize:  512
2026-07-29 03:53:13.382 | INFO    | 		Epoch:  62  Loss: 4.86650e-01  CE: 4.24056e-01  AB: 1.31478e-02  SSE: 3.89359e-02  KLD: 1.08956e-02  Batchsize:  512
2026-07-29 03:53:14.700 | INFO    | 		Epoch:  63  Loss: 4.87202e-01  CE: 4.23988e-01  AB: 1.30387e-02  SSE: 3.90446e-02  KLD: 1.09144e-02  Batchsize:  512
2026-07-29 03:53:16.198 | INFO    | 		Epoch:  64  Loss: 4.86092e-01  CE: 4.23959e-01  AB: 1.24762e-02  SSE: 3.89112e-02  KLD: 1.08823e-02  Batchsize:  512
2026-07-29 03:53:17.728 | INFO    | 		Epoch:  65  Loss: 4.86535e-01  CE: 4.23922e-01  AB: 1.24999e-02  SSE: 3.88214e-02  KLD: 1.09236e-02  Batchsize:  512
2026-07-29 03:53:18.996 | INFO    | 		Epoch:  66  Loss: 4.85409e-01  CE: 4.23913e-01  AB: 1.18740e-02  SSE: 3.90882e-02  KLD: 1.09127e-02  Batchsize:  512
2026-07-29 03:53:20.466 | INFO    | 		Epoch:  67  Loss: 4.86303e-01  CE: 4.23866e-01  AB: 1.31116e-02  SSE: 3.89294e-02  KLD: 1.09354e-02  Batchsize:  512
2026-07-29 03:53:21.984 | INFO    | 		Epoch:  68  Loss: 4.85665e-01  CE: 4.23666e-01  AB: 1.19410e-02  SSE: 3.87468e-02  KLD: 1.08726e-02  Batchsize:  512
2026-07-29 03:53:23.524 | INFO    | 		Epoch:  69  Loss: 4.83954e-01  CE: 4.23509e-01  AB: 1.12748e-02  SSE: 3.87889e-02  KLD: 1.08208e-02  Batchsize:  512
2026-07-29 03:53:25.061 | INFO    | 		Epoch:  70  Loss: 4.87846e-01  CE: 4.23534e-01  AB: 1.43591e-02  SSE: 3.87014e-02  KLD: 1.08289e-02  Batchsize:  512
2026-07-29 03:53:26.612 | INFO    | 		Epoch:  71  Loss: 4.83639e-01  CE: 4.23380e-01  AB: 1.10105e-02  SSE: 3.87962e-02  KLD: 1.08154e-02  Batchsize:  512
2026-07-29 03:53:28.125 | INFO    | 		Epoch:  72  Loss: 4.84931e-01  CE: 4.23210e-01  AB: 1.22340e-02  SSE: 3.87133e-02  KLD: 1.07818e-02  Batchsize:  512
2026-07-29 03:53:29.445 | INFO    | 		Epoch:  73  Loss: 4.85549e-01  CE: 4.23052e-01  AB: 1.27038e-02  SSE: 3.86094e-02  KLD: 1.08566e-02  Batchsize:  512
2026-07-29 03:53:30.855 | INFO    | 		Epoch:  74  Loss: 4.84020e-01  CE: 4.22824e-01  AB: 1.22903e-02  SSE: 3.87097e-02  KLD: 1.07922e-02  Batchsize:  512
2026-07-29 03:53:32.333 | INFO    | 		Epoch:  75  Loss: 4.84726e-01  CE: 4.22515e-01  AB: 1.26946e-02  SSE: 3.87156e-02  KLD: 1.08693e-02  Batchsize:  512
2026-07-29 03:53:33.484 | INFO    | 		Epoch:  76  Loss: 4.83222e-01  CE: 4.22264e-01  AB: 1.13472e-02  SSE: 3.85141e-02  KLD: 1.09390e-02  Batchsize: 1024
2026-07-29 03:53:34.672 | INFO    | 		Epoch:  77  Loss: 4.82408e-01  CE: 4.21999e-01  AB: 1.09360e-02  SSE: 3.83368e-02  KLD: 1.09247e-02  Batchsize: 1024
2026-07-29 03:53:35.845 | INFO    | 		Epoch:  78  Loss: 4.81228e-01  CE: 4.21829e-01  AB: 1.02152e-02  SSE: 3.83375e-02  KLD: 1.09123e-02  Batchsize: 1024
2026-07-29 03:53:37.159 | INFO    | 		Epoch:  79  Loss: 4.82801e-01  CE: 4.21803e-01  AB: 1.07989e-02  SSE: 3.83389e-02  KLD: 1.08980e-02  Batchsize: 1024
2026-07-29 03:53:38.359 | INFO    | 		Epoch:  80  Loss: 4.82225e-01  CE: 4.21513e-01  AB: 1.11479e-02  SSE: 3.85000e-02  KLD: 1.09218e-02  Batchsize: 1024
2026-07-29 03:53:39.547 | INFO    | 		Epoch:  81  Loss: 4.80736e-01  CE: 4.21391e-01  AB: 1.05262e-02  SSE: 3.83928e-02  KLD: 1.09279e-02  Batchsize: 1024
2026-07-29 03:53:40.863 | INFO    | 		Epoch:  82  Loss: 4.82596e-01  CE: 4.21285e-01  AB: 1.18665e-02  SSE: 3.84836e-02  KLD: 1.08857e-02  Batchsize: 1024
2026-07-29 03:53:42.182 | INFO    | 		Epoch:  83  Loss: 4.81279e-01  CE: 4.21219e-01  AB: 1.04274e-02  SSE: 3.85343e-02  KLD: 1.09503e-02  Batchsize: 1024
2026-07-29 03:53:43.352 | INFO    | 		Epoch:  84  Loss: 4.82162e-01  CE: 4.21033e-01  AB: 1.16245e-02  SSE: 3.84376e-02  KLD: 1.08954e-02  Batchsize: 1024
2026-07-29 03:53:44.497 | INFO    | 		Epoch:  85  Loss: 4.80619e-01  CE: 4.21017e-01  AB: 1.03413e-02  SSE: 3.86789e-02  KLD: 1.09662e-02  Batchsize: 1024
2026-07-29 03:53:45.693 | INFO    | 		Epoch:  86  Loss: 4.80978e-01  CE: 4.20825e-01  AB: 1.06566e-02  SSE: 3.83435e-02  KLD: 1.09527e-02  Batchsize: 1024
2026-07-29 03:53:46.876 | INFO    | 		Epoch:  87  Loss: 4.79849e-01  CE: 4.20817e-01  AB: 9.88970e-03  SSE: 3.84565e-02  KLD: 1.09751e-02  Batchsize: 1024
2026-07-29 03:53:47.954 | INFO    | 		Epoch:  88  Loss: 4.79806e-01  CE: 4.20653e-01  AB: 1.02619e-02  SSE: 3.84863e-02  KLD: 1.09536e-02  Batchsize: 1024
2026-07-29 03:53:49.010 | INFO    | 		Epoch:  89  Loss: 4.79974e-01  CE: 4.20667e-01  AB: 9.93265e-03  SSE: 3.81961e-02  KLD: 1.09846e-02  Batchsize: 1024
2026-07-29 03:53:50.018 | INFO    | 		Epoch:  90  Loss: 4.80306e-01  CE: 4.20449e-01  AB: 1.04458e-02  SSE: 3.82320e-02  KLD: 1.09875e-02  Batchsize: 1024
2026-07-29 03:53:51.063 | INFO    | 		Epoch:  91  Loss: 4.78946e-01  CE: 4.20250e-01  AB: 1.02992e-02  SSE: 3.86051e-02  KLD: 1.10367e-02  Batchsize: 1024
2026-07-29 03:53:52.140 | INFO    | 		Epoch:  92  Loss: 4.81686e-01  CE: 4.20429e-01  AB: 1.16891e-02  SSE: 3.83713e-02  KLD: 1.10321e-02  Batchsize: 1024
2026-07-29 03:53:53.169 | INFO    | 		Epoch:  93  Loss: 4.80931e-01  CE: 4.20304e-01  AB: 1.10994e-02  SSE: 3.82079e-02  KLD: 1.10673e-02  Batchsize: 1024
2026-07-29 03:53:54.137 | INFO    | 		Epoch:  94  Loss: 4.79701e-01  CE: 4.20354e-01  AB: 9.96602e-03  SSE: 3.83556e-02  KLD: 1.10470e-02  Batchsize: 1024
2026-07-29 03:53:55.270 | INFO    | 		Epoch:  95  Loss: 4.79110e-01  CE: 4.20116e-01  AB: 1.09278e-02  SSE: 3.81151e-02  KLD: 1.10119e-02  Batchsize: 1024
2026-07-29 03:53:56.362 | INFO    | 		Epoch:  96  Loss: 4.80301e-01  CE: 4.20184e-01  AB: 1.05938e-02  SSE: 3.81324e-02  KLD: 1.10713e-02  Batchsize: 1024
2026-07-29 03:53:57.511 | INFO    | 		Epoch:  97  Loss: 4.80171e-01  CE: 4.20069e-01  AB: 1.07300e-02  SSE: 3.80829e-02  KLD: 1.10747e-02  Batchsize: 1024
2026-07-29 03:53:58.457 | INFO    | 		Epoch:  98  Loss: 4.79264e-01  CE: 4.19891e-01  AB: 1.05384e-02  SSE: 3.81593e-02  KLD: 1.10362e-02  Batchsize: 1024
2026-07-29 03:53:59.222 | INFO    | 		Epoch:  99  Loss: 4.79610e-01  CE: 4.19916e-01  AB: 1.09109e-02  SSE: 3.81389e-02  KLD: 1.10840e-02  Batchsize: 1024
2026-07-29 03:54:00.376 | INFO    | 		Epoch: 100  Loss: 4.79600e-01  CE: 4.20017e-01  AB: 1.04741e-02  SSE: 3.81278e-02  KLD: 1.10581e-02  Batchsize: 1024
2026-07-29 03:54:01.373 | INFO    | 		Epoch: 101  Loss: 4.78344e-01  CE: 4.19824e-01  AB: 9.86464e-03  SSE: 3.80366e-02  KLD: 1.11061e-02  Batchsize: 1024
2026-07-29 03:54:02.413 | INFO    | 		Epoch: 102  Loss: 4.80331e-01  CE: 4.19842e-01  AB: 1.11870e-02  SSE: 3.82140e-02  KLD: 1.11024e-02  Batchsize: 1024
2026-07-29 03:54:03.402 | INFO    | 		Epoch: 103  Loss: 4.79919e-01  CE: 4.19734e-01  AB: 1.06769e-02  SSE: 3.81901e-02  KLD: 1.10883e-02  Batchsize: 1024
2026-07-29 03:54:04.593 | INFO    | 		Epoch: 104  Loss: 4.79668e-01  CE: 4.19838e-01  AB: 1.06830e-02  SSE: 3.81753e-02  KLD: 1.11104e-02  Batchsize: 1024
2026-07-29 03:54:05.765 | INFO    | 		Epoch: 105  Loss: 4.78928e-01  CE: 4.19796e-01  AB: 9.51647e-03  SSE: 3.81219e-02  KLD: 1.10989e-02  Batchsize: 1024
2026-07-29 03:54:06.850 | INFO    | 		Epoch: 106  Loss: 4.78413e-01  CE: 4.19706e-01  AB: 1.00362e-02  SSE: 3.82007e-02  KLD: 1.10634e-02  Batchsize: 1024
2026-07-29 03:54:07.886 | INFO    | 		Epoch: 107  Loss: 4.80097e-01  CE: 4.19713e-01  AB: 1.12548e-02  SSE: 3.81065e-02  KLD: 1.10717e-02  Batchsize: 1024
2026-07-29 03:54:08.923 | INFO    | 		Epoch: 108  Loss: 4.79851e-01  CE: 4.19558e-01  AB: 1.08436e-02  SSE: 3.80341e-02  KLD: 1.11238e-02  Batchsize: 1024
2026-07-29 03:54:09.945 | INFO    | 		Epoch: 109  Loss: 4.78545e-01  CE: 4.19670e-01  AB: 9.71696e-03  SSE: 3.78819e-02  KLD: 1.11439e-02  Batchsize: 1024
2026-07-29 03:54:10.940 | INFO    | 		Epoch: 110  Loss: 4.78816e-01  CE: 4.19566e-01  AB: 1.04501e-02  SSE: 3.78226e-02  KLD: 1.11749e-02  Batchsize: 1024
2026-07-29 03:54:12.018 | INFO    | 		Epoch: 111  Loss: 4.78758e-01  CE: 4.19583e-01  AB: 1.04913e-02  SSE: 3.80988e-02  KLD: 1.10978e-02  Batchsize: 1024
2026-07-29 03:54:13.259 | INFO    | 		Epoch: 112  Loss: 4.78487e-01  CE: 4.19545e-01  AB: 1.03329e-02  SSE: 3.79618e-02  KLD: 1.10723e-02  Batchsize: 1024
2026-07-29 03:54:14.487 | INFO    | 		Epoch: 113  Loss: 4.77164e-01  CE: 4.19409e-01  AB: 9.89423e-03  SSE: 3.79775e-02  KLD: 1.10402e-02  Batchsize: 1024
2026-07-29 03:54:15.727 | INFO    | 		Epoch: 114  Loss: 4.79323e-01  CE: 4.19529e-01  AB: 1.10758e-02  SSE: 3.79598e-02  KLD: 1.10820e-02  Batchsize: 1024
2026-07-29 03:54:16.962 | INFO    | 		Epoch: 115  Loss: 4.80181e-01  CE: 4.19415e-01  AB: 1.16581e-02  SSE: 3.77674e-02  KLD: 1.11206e-02  Batchsize: 1024
2026-07-29 03:54:18.210 | INFO    | 		Epoch: 116  Loss: 4.77860e-01  CE: 4.19383e-01  AB: 1.04415e-02  SSE: 3.79400e-02  KLD: 1.11195e-02  Batchsize: 1024
2026-07-29 03:54:19.428 | INFO    | 		Epoch: 117  Loss: 4.78542e-01  CE: 4.19430e-01  AB: 1.04794e-02  SSE: 3.79054e-02  KLD: 1.11742e-02  Batchsize: 1024
2026-07-29 03:54:20.644 | INFO    | 		Epoch: 118  Loss: 4.78587e-01  CE: 4.19364e-01  AB: 1.06302e-02  SSE: 3.78353e-02  KLD: 1.11409e-02  Batchsize: 1024
2026-07-29 03:54:22.076 | INFO    | 		Epoch: 119  Loss: 4.79408e-01  CE: 4.19312e-01  AB: 1.08311e-02  SSE: 3.78558e-02  KLD: 1.11243e-02  Batchsize: 1024
2026-07-29 03:54:23.342 | INFO    | 		Epoch: 120  Loss: 4.79467e-01  CE: 4.19271e-01  AB: 1.08699e-02  SSE: 3.80052e-02  KLD: 1.11683e-02  Batchsize: 1024
2026-07-29 03:54:24.569 | INFO    | 		Epoch: 121  Loss: 4.78216e-01  CE: 4.19234e-01  AB: 1.02083e-02  SSE: 3.80210e-02  KLD: 1.11287e-02  Batchsize: 1024
2026-07-29 03:54:25.802 | INFO    | 		Epoch: 122  Loss: 4.79146e-01  CE: 4.19151e-01  AB: 1.14885e-02  SSE: 3.79230e-02  KLD: 1.11349e-02  Batchsize: 1024
2026-07-29 03:54:26.977 | INFO    | 		Epoch: 123  Loss: 4.78325e-01  CE: 4.19146e-01  AB: 1.05775e-02  SSE: 3.80204e-02  KLD: 1.12137e-02  Batchsize: 1024
2026-07-29 03:54:28.105 | INFO    | 		Epoch: 124  Loss: 4.78821e-01  CE: 4.19108e-01  AB: 1.00967e-02  SSE: 3.77513e-02  KLD: 1.11642e-02  Batchsize: 1024
2026-07-29 03:54:29.246 | INFO    | 		Epoch: 125  Loss: 4.77935e-01  CE: 4.19154e-01  AB: 1.02684e-02  SSE: 3.78217e-02  KLD: 1.11172e-02  Batchsize: 1024
2026-07-29 03:54:30.489 | INFO    | 		Epoch: 126  Loss: 4.78928e-01  CE: 4.19124e-01  AB: 1.10849e-02  SSE: 3.77306e-02  KLD: 1.11293e-02  Batchsize: 1024
2026-07-29 03:54:31.784 | INFO    | 		Epoch: 127  Loss: 4.76777e-01  CE: 4.19027e-01  AB: 9.57075e-03  SSE: 3.77357e-02  KLD: 1.11053e-02  Batchsize: 1024
2026-07-29 03:54:32.980 | INFO    | 		Epoch: 128  Loss: 4.78637e-01  CE: 4.19134e-01  AB: 1.02274e-02  SSE: 3.75944e-02  KLD: 1.11486e-02  Batchsize: 1024
2026-07-29 03:54:34.128 | INFO    | 		Epoch: 129  Loss: 4.78500e-01  CE: 4.19057e-01  AB: 1.00201e-02  SSE: 3.76381e-02  KLD: 1.10947e-02  Batchsize: 1024
2026-07-29 03:54:35.289 | INFO    | 		Epoch: 130  Loss: 4.79112e-01  CE: 4.19137e-01  AB: 1.09143e-02  SSE: 3.76642e-02  KLD: 1.11114e-02  Batchsize: 1024
2026-07-29 03:54:36.407 | INFO    | 		Epoch: 131  Loss: 4.78333e-01  CE: 4.19008e-01  AB: 1.03299e-02  SSE: 3.77251e-02  KLD: 1.11264e-02  Batchsize: 1024
2026-07-29 03:54:37.418 | INFO    | 		Epoch: 132  Loss: 4.77498e-01  CE: 4.18924e-01  AB: 1.03299e-02  SSE: 3.76094e-02  KLD: 1.11432e-02  Batchsize: 1024
2026-07-29 03:54:38.467 | INFO    | 		Epoch: 133  Loss: 4.78141e-01  CE: 4.18865e-01  AB: 1.03365e-02  SSE: 3.78024e-02  KLD: 1.11596e-02  Batchsize: 1024
2026-07-29 03:54:39.743 | INFO    | 		Epoch: 134  Loss: 4.77665e-01  CE: 4.18938e-01  AB: 1.02032e-02  SSE: 3.76223e-02  KLD: 1.11361e-02  Batchsize: 1024
2026-07-29 03:54:40.711 | INFO    | 		Epoch: 135  Loss: 4.78667e-01  CE: 4.18837e-01  AB: 1.08448e-02  SSE: 3.76340e-02  KLD: 1.11142e-02  Batchsize: 1024
2026-07-29 03:54:41.771 | INFO    | 		Epoch: 136  Loss: 4.78039e-01  CE: 4.18797e-01  AB: 1.04275e-02  SSE: 3.74959e-02  KLD: 1.11374e-02  Batchsize: 1024
2026-07-29 03:54:42.757 | INFO    | 		Epoch: 137  Loss: 4.78048e-01  CE: 4.18870e-01  AB: 1.00502e-02  SSE: 3.76463e-02  KLD: 1.11254e-02  Batchsize: 1024
2026-07-29 03:54:43.764 | INFO    | 		Epoch: 138  Loss: 4.77009e-01  CE: 4.18930e-01  AB: 9.44077e-03  SSE: 3.74318e-02  KLD: 1.10788e-02  Batchsize: 1024
2026-07-29 03:54:45.009 | INFO    | 		Epoch: 139  Loss: 4.77762e-01  CE: 4.18851e-01  AB: 1.05319e-02  SSE: 3.74423e-02  KLD: 1.10375e-02  Batchsize: 1024
2026-07-29 03:54:46.153 | INFO    | 		Epoch: 140  Loss: 4.77399e-01  CE: 4.18774e-01  AB: 1.03032e-02  SSE: 3.76021e-02  KLD: 1.10847e-02  Batchsize: 1024
2026-07-29 03:54:47.150 | INFO    | 		Epoch: 141  Loss: 4.77912e-01  CE: 4.18807e-01  AB: 1.11636e-02  SSE: 3.75445e-02  KLD: 1.10895e-02  Batchsize: 1024
2026-07-29 03:54:48.232 | INFO    | 		Epoch: 142  Loss: 4.77090e-01  CE: 4.18743e-01  AB: 1.03037e-02  SSE: 3.75769e-02  KLD: 1.10927e-02  Batchsize: 1024
2026-07-29 03:54:49.515 | INFO    | 		Epoch: 143  Loss: 4.77281e-01  CE: 4.18760e-01  AB: 1.01740e-02  SSE: 3.74468e-02  KLD: 1.11090e-02  Batchsize: 1024
2026-07-29 03:54:50.576 | INFO    | 		Epoch: 144  Loss: 4.79240e-01  CE: 4.18807e-01  AB: 1.15881e-02  SSE: 3.74756e-02  KLD: 1.11520e-02  Batchsize: 1024
2026-07-29 03:54:51.892 | INFO    | 		Epoch: 145  Loss: 4.77783e-01  CE: 4.18722e-01  AB: 1.01579e-02  SSE: 3.70884e-02  KLD: 1.11342e-02  Batchsize: 1024
2026-07-29 03:54:52.963 | INFO    | 		Epoch: 146  Loss: 4.78993e-01  CE: 4.18705e-01  AB: 1.13316e-02  SSE: 3.73697e-02  KLD: 1.10766e-02  Batchsize: 1024
2026-07-29 03:54:54.096 | INFO    | 		Epoch: 147  Loss: 4.76674e-01  CE: 4.18646e-01  AB: 9.83442e-03  SSE: 3.73142e-02  KLD: 1.10686e-02  Batchsize: 1024
2026-07-29 03:54:55.122 | INFO    | 		Epoch: 148  Loss: 4.77168e-01  CE: 4.18656e-01  AB: 1.04741e-02  SSE: 3.71895e-02  KLD: 1.10895e-02  Batchsize: 1024
2026-07-29 03:54:56.334 | INFO    | 		Epoch: 149  Loss: 4.76450e-01  CE: 4.18634e-01  AB: 9.97311e-03  SSE: 3.72996e-02  KLD: 1.10987e-02  Batchsize: 1024
2026-07-29 03:54:57.323 | INFO    | 		Epoch: 150  Loss: 4.77081e-01  CE: 4.18704e-01  AB: 1.03810e-02  SSE: 3.71103e-02  KLD: 1.10492e-02  Batchsize: 1024
2026-07-29 03:54:58.226 | INFO    | 		Epoch: 151  Loss: 4.77107e-01  CE: 4.18757e-01  AB: 9.08165e-03  SSE: 3.68039e-02  KLD: 1.10195e-02  Batchsize: 2048
2026-07-29 03:54:59.114 | INFO    | 		Epoch: 152  Loss: 4.75266e-01  CE: 4.18616e-01  AB: 8.95819e-03  SSE: 3.69652e-02  KLD: 1.10285e-02  Batchsize: 2048
2026-07-29 03:55:00.064 | INFO    | 		Epoch: 153  Loss: 4.77360e-01  CE: 4.18625e-01  AB: 9.06971e-03  SSE: 3.69882e-02  KLD: 1.10482e-02  Batchsize: 2048
2026-07-29 03:55:00.984 | INFO    | 		Epoch: 154  Loss: 4.76329e-01  CE: 4.18629e-01  AB: 9.32509e-03  SSE: 3.69809e-02  KLD: 1.10534e-02  Batchsize: 2048
2026-07-29 03:55:01.869 | INFO    | 		Epoch: 155  Loss: 4.76330e-01  CE: 4.18613e-01  AB: 9.27181e-03  SSE: 3.68706e-02  KLD: 1.10524e-02  Batchsize: 2048
2026-07-29 03:55:02.871 | INFO    | 		Epoch: 156  Loss: 4.75874e-01  CE: 4.18666e-01  AB: 9.04869e-03  SSE: 3.68797e-02  KLD: 1.10585e-02  Batchsize: 2048
2026-07-29 03:55:03.728 | INFO    | 		Epoch: 157  Loss: 4.75606e-01  CE: 4.18653e-01  AB: 9.26389e-03  SSE: 3.68169e-02  KLD: 1.10210e-02  Batchsize: 2048
2026-07-29 03:55:04.699 | INFO    | 		Epoch: 158  Loss: 4.75762e-01  CE: 4.18571e-01  AB: 9.23657e-03  SSE: 3.67504e-02  KLD: 1.10445e-02  Batchsize: 2048
2026-07-29 03:55:05.819 | INFO    | 		Epoch: 159  Loss: 4.74568e-01  CE: 4.18463e-01  AB: 8.73318e-03  SSE: 3.68844e-02  KLD: 1.10719e-02  Batchsize: 2048
2026-07-29 03:55:06.886 | INFO    | 		Epoch: 160  Loss: 4.74942e-01  CE: 4.18518e-01  AB: 9.30534e-03  SSE: 3.67474e-02  KLD: 1.10516e-02  Batchsize: 2048
2026-07-29 03:55:07.841 | INFO    | 		Epoch: 161  Loss: 4.74234e-01  CE: 4.18404e-01  AB: 8.84884e-03  SSE: 3.68471e-02  KLD: 1.10265e-02  Batchsize: 2048
2026-07-29 03:55:08.830 | INFO    | 		Epoch: 162  Loss: 4.75557e-01  CE: 4.18353e-01  AB: 9.43059e-03  SSE: 3.69220e-02  KLD: 1.09984e-02  Batchsize: 2048
2026-07-29 03:55:09.944 | INFO    | 		Epoch: 163  Loss: 4.74449e-01  CE: 4.18485e-01  AB: 8.91442e-03  SSE: 3.69067e-02  KLD: 1.10037e-02  Batchsize: 2048
2026-07-29 03:55:11.038 | INFO    | 		Epoch: 164  Loss: 4.75441e-01  CE: 4.18439e-01  AB: 8.73630e-03  SSE: 3.68047e-02  KLD: 1.09849e-02  Batchsize: 2048
2026-07-29 03:55:12.014 | INFO    | 		Epoch: 165  Loss: 4.75434e-01  CE: 4.18525e-01  AB: 9.17824e-03  SSE: 3.65137e-02  KLD: 1.10018e-02  Batchsize: 2048
2026-07-29 03:55:12.921 | INFO    | 		Epoch: 166  Loss: 4.74692e-01  CE: 4.18476e-01  AB: 8.40947e-03  SSE: 3.69097e-02  KLD: 1.10075e-02  Batchsize: 2048
2026-07-29 03:55:13.832 | INFO    | 		Epoch: 167  Loss: 4.75584e-01  CE: 4.18474e-01  AB: 9.28684e-03  SSE: 3.68046e-02  KLD: 1.10326e-02  Batchsize: 2048
2026-07-29 03:55:14.771 | INFO    | 		Epoch: 168  Loss: 4.75468e-01  CE: 4.18372e-01  AB: 9.05673e-03  SSE: 3.65605e-02  KLD: 1.10243e-02  Batchsize: 2048
2026-07-29 03:55:15.700 | INFO    | 		Epoch: 169  Loss: 4.76552e-01  CE: 4.18427e-01  AB: 9.57829e-03  SSE: 3.66353e-02  KLD: 1.10522e-02  Batchsize: 2048
2026-07-29 03:55:16.732 | INFO    | 		Epoch: 170  Loss: 4.76083e-01  CE: 4.18396e-01  AB: 9.53831e-03  SSE: 3.68897e-02  KLD: 1.10142e-02  Batchsize: 2048
2026-07-29 03:55:17.714 | INFO    | 		Epoch: 171  Loss: 4.75504e-01  CE: 4.18427e-01  AB: 9.25546e-03  SSE: 3.65198e-02  KLD: 1.10048e-02  Batchsize: 2048
2026-07-29 03:55:18.797 | INFO    | 		Epoch: 172  Loss: 4.75451e-01  CE: 4.18384e-01  AB: 9.62457e-03  SSE: 3.67751e-02  KLD: 1.09661e-02  Batchsize: 2048
2026-07-29 03:55:19.552 | INFO    | 		Epoch: 173  Loss: 4.74326e-01  CE: 4.18475e-01  AB: 8.87858e-03  SSE: 3.67638e-02  KLD: 1.10213e-02  Batchsize: 2048
2026-07-29 03:55:20.285 | INFO    | 		Epoch: 174  Loss: 4.74602e-01  CE: 4.18340e-01  AB: 9.44283e-03  SSE: 3.67810e-02  KLD: 1.09864e-02  Batchsize: 2048
2026-07-29 03:55:21.242 | INFO    | 		Epoch: 175  Loss: 4.75196e-01  CE: 4.18476e-01  AB: 9.43580e-03  SSE: 3.67695e-02  KLD: 1.09906e-02  Batchsize: 2048
2026-07-29 03:55:22.162 | INFO    | 		Epoch: 176  Loss: 4.74890e-01  CE: 4.18437e-01  AB: 8.80822e-03  SSE: 3.66444e-02  KLD: 1.10571e-02  Batchsize: 2048
2026-07-29 03:55:23.111 | INFO    | 		Epoch: 177  Loss: 4.76728e-01  CE: 4.18540e-01  AB: 1.00802e-02  SSE: 3.66818e-02  KLD: 1.09792e-02  Batchsize: 2048
2026-07-29 03:55:23.911 | INFO    | 		Epoch: 178  Loss: 4.75449e-01  CE: 4.18521e-01  AB: 9.62099e-03  SSE: 3.66201e-02  KLD: 1.10270e-02  Batchsize: 2048
2026-07-29 03:55:24.880 | INFO    | 		Epoch: 179  Loss: 4.76083e-01  CE: 4.18551e-01  AB: 8.97399e-03  SSE: 3.65321e-02  KLD: 1.09809e-02  Batchsize: 2048
2026-07-29 03:55:25.927 | INFO    | 		Epoch: 180  Loss: 4.73468e-01  CE: 4.18431e-01  AB: 9.00006e-03  SSE: 3.65896e-02  KLD: 1.09900e-02  Batchsize: 2048
2026-07-29 03:55:26.853 | INFO    | 		Epoch: 181  Loss: 4.75597e-01  CE: 4.18403e-01  AB: 9.22644e-03  SSE: 3.65053e-02  KLD: 1.09719e-02  Batchsize: 2048
2026-07-29 03:55:27.772 | INFO    | 		Epoch: 182  Loss: 4.74597e-01  CE: 4.18443e-01  AB: 8.93923e-03  SSE: 3.66439e-02  KLD: 1.09508e-02  Batchsize: 2048
2026-07-29 03:55:28.850 | INFO    | 		Epoch: 183  Loss: 4.75290e-01  CE: 4.18448e-01  AB: 8.67990e-03  SSE: 3.66261e-02  KLD: 1.09951e-02  Batchsize: 2048
2026-07-29 03:55:29.769 | INFO    | 		Epoch: 184  Loss: 4.73713e-01  CE: 4.18394e-01  AB: 8.81232e-03  SSE: 3.65867e-02  KLD: 1.09624e-02  Batchsize: 2048
2026-07-29 03:55:30.736 | INFO    | 		Epoch: 185  Loss: 4.75371e-01  CE: 4.18502e-01  AB: 8.91587e-03  SSE: 3.64739e-02  KLD: 1.09494e-02  Batchsize: 2048
2026-07-29 03:55:31.664 | INFO    | 		Epoch: 186  Loss: 4.74418e-01  CE: 4.18395e-01  AB: 8.79766e-03  SSE: 3.64145e-02  KLD: 1.09438e-02  Batchsize: 2048
2026-07-29 03:55:32.637 | INFO    | 		Epoch: 187  Loss: 4.75041e-01  CE: 4.18315e-01  AB: 9.19025e-03  SSE: 3.64478e-02  KLD: 1.09209e-02  Batchsize: 2048
2026-07-29 03:55:33.587 | INFO    | 		Epoch: 188  Loss: 4.74448e-01  CE: 4.18426e-01  AB: 9.22332e-03  SSE: 3.67217e-02  KLD: 1.09633e-02  Batchsize: 2048
2026-07-29 03:55:34.499 | INFO    | 		Epoch: 189  Loss: 4.75223e-01  CE: 4.18522e-01  AB: 9.45858e-03  SSE: 3.66002e-02  KLD: 1.09771e-02  Batchsize: 2048
2026-07-29 03:55:35.419 | INFO    | 		Epoch: 190  Loss: 4.75020e-01  CE: 4.18426e-01  AB: 8.65620e-03  SSE: 3.65025e-02  KLD: 1.09697e-02  Batchsize: 2048
2026-07-29 03:55:36.345 | INFO    | 		Epoch: 191  Loss: 4.74339e-01  CE: 4.18253e-01  AB: 9.12861e-03  SSE: 3.64674e-02  KLD: 1.09680e-02  Batchsize: 2048
2026-07-29 03:55:37.280 | INFO    | 		Epoch: 192  Loss: 4.73587e-01  CE: 4.18327e-01  AB: 8.37997e-03  SSE: 3.65479e-02  KLD: 1.09906e-02  Batchsize: 2048
2026-07-29 03:55:38.213 | INFO    | 		Epoch: 193  Loss: 4.75037e-01  CE: 4.18335e-01  AB: 9.90349e-03  SSE: 3.66909e-02  KLD: 1.09654e-02  Batchsize: 2048
2026-07-29 03:55:39.138 | INFO    | 		Epoch: 194  Loss: 4.74283e-01  CE: 4.18410e-01  AB: 8.89467e-03  SSE: 3.64835e-02  KLD: 1.09443e-02  Batchsize: 2048
2026-07-29 03:55:40.073 | INFO    | 		Epoch: 195  Loss: 4.75717e-01  CE: 4.18367e-01  AB: 9.22486e-03  SSE: 3.66679e-02  KLD: 1.09367e-02  Batchsize: 2048
2026-07-29 03:55:41.021 | INFO    | 		Epoch: 196  Loss: 4.76816e-01  CE: 4.18300e-01  AB: 1.06717e-02  SSE: 3.64405e-02  KLD: 1.09665e-02  Batchsize: 2048
2026-07-29 03:55:42.024 | INFO    | 		Epoch: 197  Loss: 4.76440e-01  CE: 4.18373e-01  AB: 1.06916e-02  SSE: 3.64803e-02  KLD: 1.09059e-02  Batchsize: 2048
2026-07-29 03:55:42.918 | INFO    | 		Epoch: 198  Loss: 4.76004e-01  CE: 4.18427e-01  AB: 9.70636e-03  SSE: 3.64897e-02  KLD: 1.09818e-02  Batchsize: 2048
2026-07-29 03:55:43.874 | INFO    | 		Epoch: 199  Loss: 4.75326e-01  CE: 4.18210e-01  AB: 1.05687e-02  SSE: 3.64902e-02  KLD: 1.09591e-02  Batchsize: 2048
2026-07-29 03:55:44.883 | INFO    | 		Epoch: 200  Loss: 4.77270e-01  CE: 4.18374e-01  AB: 1.07804e-02  SSE: 3.61947e-02  KLD: 1.09893e-02  Batchsize: 2048
2026-07-29 03:55:45.930 | INFO    | 		Epoch: 201  Loss: 4.73647e-01  CE: 4.18355e-01  AB: 9.49129e-03  SSE: 3.65508e-02  KLD: 1.09623e-02  Batchsize: 2048
2026-07-29 03:55:46.887 | INFO    | 		Epoch: 202  Loss: 4.75508e-01  CE: 4.18326e-01  AB: 9.27849e-03  SSE: 3.64294e-02  KLD: 1.09692e-02  Batchsize: 2048
2026-07-29 03:55:47.811 | INFO    | 		Epoch: 203  Loss: 4.74151e-01  CE: 4.18311e-01  AB: 8.85985e-03  SSE: 3.63636e-02  KLD: 1.09820e-02  Batchsize: 2048
2026-07-29 03:55:48.850 | INFO    | 		Epoch: 204  Loss: 4.75308e-01  CE: 4.18346e-01  AB: 9.67688e-03  SSE: 3.62097e-02  KLD: 1.10004e-02  Batchsize: 2048
2026-07-29 03:55:49.684 | INFO    | 		Epoch: 205  Loss: 4.74643e-01  CE: 4.18460e-01  AB: 8.95015e-03  SSE: 3.62722e-02  KLD: 1.09746e-02  Batchsize: 2048
2026-07-29 03:55:50.473 | INFO    | 		Epoch: 206  Loss: 4.75242e-01  CE: 4.18308e-01  AB: 9.02427e-03  SSE: 3.61265e-02  KLD: 1.09829e-02  Batchsize: 2048
2026-07-29 03:55:51.481 | INFO    | 		Epoch: 207  Loss: 4.72836e-01  CE: 4.18246e-01  AB: 9.20316e-03  SSE: 3.63327e-02  KLD: 1.09373e-02  Batchsize: 2048
2026-07-29 03:55:52.454 | INFO    | 		Epoch: 208  Loss: 4.73948e-01  CE: 4.18380e-01  AB: 8.46231e-03  SSE: 3.62341e-02  KLD: 1.09346e-02  Batchsize: 2048
2026-07-29 03:55:53.367 | INFO    | 		Epoch: 209  Loss: 4.74433e-01  CE: 4.18307e-01  AB: 8.73793e-03  SSE: 3.62893e-02  KLD: 1.09781e-02  Batchsize: 2048
2026-07-29 03:55:54.364 | INFO    | 		Epoch: 210  Loss: 4.74117e-01  CE: 4.18216e-01  AB: 8.58818e-03  SSE: 3.60453e-02  KLD: 1.09719e-02  Batchsize: 2048
2026-07-29 03:55:55.287 | INFO    | 		Epoch: 211  Loss: 4.74781e-01  CE: 4.18283e-01  AB: 8.73567e-03  SSE: 3.63238e-02  KLD: 1.09876e-02  Batchsize: 2048
2026-07-29 03:55:56.185 | INFO    | 		Epoch: 212  Loss: 4.74432e-01  CE: 4.18241e-01  AB: 9.19101e-03  SSE: 3.64278e-02  KLD: 1.09881e-02  Batchsize: 2048
2026-07-29 03:55:57.087 | INFO    | 		Epoch: 213  Loss: 4.74926e-01  CE: 4.18170e-01  AB: 9.28268e-03  SSE: 3.62845e-02  KLD: 1.09689e-02  Batchsize: 2048
2026-07-29 03:55:57.965 | INFO    | 		Epoch: 214  Loss: 4.73822e-01  CE: 4.18339e-01  AB: 9.00313e-03  SSE: 3.63360e-02  KLD: 1.09598e-02  Batchsize: 2048
2026-07-29 03:55:58.847 | INFO    | 		Epoch: 215  Loss: 4.74896e-01  CE: 4.18211e-01  AB: 8.81607e-03  SSE: 3.62247e-02  KLD: 1.09140e-02  Batchsize: 2048
2026-07-29 03:55:59.776 | INFO    | 		Epoch: 216  Loss: 4.74350e-01  CE: 4.18329e-01  AB: 9.05908e-03  SSE: 3.62129e-02  KLD: 1.08945e-02  Batchsize: 2048
2026-07-29 03:56:00.683 | INFO    | 		Epoch: 217  Loss: 4.75392e-01  CE: 4.18382e-01  AB: 9.37111e-03  SSE: 3.61287e-02  KLD: 1.08983e-02  Batchsize: 2048
2026-07-29 03:56:01.495 | INFO    | 		Epoch: 218  Loss: 4.73833e-01  CE: 4.18263e-01  AB: 9.30891e-03  SSE: 3.59244e-02  KLD: 1.08472e-02  Batchsize: 2048
2026-07-29 03:56:02.447 | INFO    | 		Epoch: 219  Loss: 4.74215e-01  CE: 4.18296e-01  AB: 8.40327e-03  SSE: 3.61156e-02  KLD: 1.08511e-02  Batchsize: 2048
2026-07-29 03:56:03.368 | INFO    | 		Epoch: 220  Loss: 4.75095e-01  CE: 4.18417e-01  AB: 1.00480e-02  SSE: 3.60909e-02  KLD: 1.08380e-02  Batchsize: 2048
2026-07-29 03:56:04.237 | INFO    | 		Epoch: 221  Loss: 4.73851e-01  CE: 4.18240e-01  AB: 8.34448e-03  SSE: 3.60030e-02  KLD: 1.08510e-02  Batchsize: 2048
2026-07-29 03:56:05.187 | INFO    | 		Epoch: 222  Loss: 4.74691e-01  CE: 4.18366e-01  AB: 8.95371e-03  SSE: 3.60176e-02  KLD: 1.08987e-02  Batchsize: 2048
2026-07-29 03:56:06.207 | INFO    | 		Epoch: 223  Loss: 4.74552e-01  CE: 4.18341e-01  AB: 9.36963e-03  SSE: 3.61057e-02  KLD: 1.08967e-02  Batchsize: 2048
2026-07-29 03:56:07.194 | INFO    | 		Epoch: 224  Loss: 4.76068e-01  CE: 4.18333e-01  AB: 8.84222e-03  SSE: 3.60702e-02  KLD: 1.09385e-02  Batchsize: 2048
2026-07-29 03:56:08.276 | INFO    | 		Epoch: 225  Loss: 4.72820e-01  CE: 4.18161e-01  AB: 8.14738e-03  SSE: 3.60603e-02  KLD: 1.09223e-02  Batchsize: 2048
2026-07-29 03:56:09.379 | INFO    | 		Epoch: 226  Loss: 4.73335e-01  CE: 4.18284e-01  AB: 8.67523e-03  SSE: 3.61445e-02  KLD: 1.08788e-02  Batchsize: 4096
2026-07-29 03:56:10.404 | INFO    | 		Epoch: 227  Loss: 4.73146e-01  CE: 4.18220e-01  AB: 8.40142e-03  SSE: 3.60558e-02  KLD: 1.08646e-02  Batchsize: 4096
2026-07-29 03:56:11.261 | INFO    | 		Epoch: 228  Loss: 4.73032e-01  CE: 4.18156e-01  AB: 8.38607e-03  SSE: 3.59102e-02  KLD: 1.08717e-02  Batchsize: 4096
2026-07-29 03:56:12.121 | INFO    | 		Epoch: 229  Loss: 4.73396e-01  CE: 4.18244e-01  AB: 8.93194e-03  SSE: 3.61238e-02  KLD: 1.08406e-02  Batchsize: 4096
2026-07-29 03:56:12.925 | INFO    | 		Epoch: 230  Loss: 4.73539e-01  CE: 4.18147e-01  AB: 8.10840e-03  SSE: 3.57219e-02  KLD: 1.08640e-02  Batchsize: 4096
2026-07-29 03:56:13.747 | INFO    | 		Epoch: 231  Loss: 4.73173e-01  CE: 4.18163e-01  AB: 8.34540e-03  SSE: 3.60706e-02  KLD: 1.08595e-02  Batchsize: 4096
2026-07-29 03:56:14.478 | INFO    | 		Epoch: 232  Loss: 4.72678e-01  CE: 4.18179e-01  AB: 8.13266e-03  SSE: 3.59478e-02  KLD: 1.08841e-02  Batchsize: 4096
2026-07-29 03:56:15.266 | INFO    | 		Epoch: 233  Loss: 4.74043e-01  CE: 4.18254e-01  AB: 8.25336e-03  SSE: 3.58590e-02  KLD: 1.08808e-02  Batchsize: 4096
2026-07-29 03:56:16.192 | INFO    | 		Epoch: 234  Loss: 4.73829e-01  CE: 4.18388e-01  AB: 8.61069e-03  SSE: 3.58824e-02  KLD: 1.09073e-02  Batchsize: 4096
2026-07-29 03:56:17.047 | INFO    | 		Epoch: 235  Loss: 4.73631e-01  CE: 4.18253e-01  AB: 8.39676e-03  SSE: 3.58698e-02  KLD: 1.09091e-02  Batchsize: 4096
2026-07-29 03:56:17.898 | INFO    | 		Epoch: 236  Loss: 4.73026e-01  CE: 4.18253e-01  AB: 8.09887e-03  SSE: 3.57555e-02  KLD: 1.08939e-02  Batchsize: 4096
2026-07-29 03:56:18.766 | INFO    | 		Epoch: 237  Loss: 4.71286e-01  CE: 4.18099e-01  AB: 7.77344e-03  SSE: 3.58653e-02  KLD: 1.09140e-02  Batchsize: 4096
2026-07-29 03:56:19.636 | INFO    | 		Epoch: 238  Loss: 4.72136e-01  CE: 4.18180e-01  AB: 8.39254e-03  SSE: 3.58259e-02  KLD: 1.08926e-02  Batchsize: 4096
2026-07-29 03:56:20.653 | INFO    | 		Epoch: 239  Loss: 4.72336e-01  CE: 4.18176e-01  AB: 8.24574e-03  SSE: 3.59505e-02  KLD: 1.08865e-02  Batchsize: 4096
2026-07-29 03:56:21.493 | INFO    | 		Epoch: 240  Loss: 4.72545e-01  CE: 4.18249e-01  AB: 8.32345e-03  SSE: 3.59171e-02  KLD: 1.08565e-02  Batchsize: 4096
2026-07-29 03:56:22.384 | INFO    | 		Epoch: 241  Loss: 4.73013e-01  CE: 4.18220e-01  AB: 8.11297e-03  SSE: 3.56723e-02  KLD: 1.08437e-02  Batchsize: 4096
2026-07-29 03:56:23.231 | INFO    | 		Epoch: 242  Loss: 4.73705e-01  CE: 4.18289e-01  AB: 8.53974e-03  SSE: 3.57189e-02  KLD: 1.08355e-02  Batchsize: 4096
2026-07-29 03:56:24.078 | INFO    | 		Epoch: 243  Loss: 4.71819e-01  CE: 4.18161e-01  AB: 8.33971e-03  SSE: 3.58864e-02  KLD: 1.08193e-02  Batchsize: 4096
2026-07-29 03:56:25.091 | INFO    | 		Epoch: 244  Loss: 4.72535e-01  CE: 4.18193e-01  AB: 8.05170e-03  SSE: 3.58463e-02  KLD: 1.08362e-02  Batchsize: 4096
2026-07-29 03:56:25.912 | INFO    | 		Epoch: 245  Loss: 4.73941e-01  CE: 4.18267e-01  AB: 8.26130e-03  SSE: 3.58211e-02  KLD: 1.08552e-02  Batchsize: 4096
2026-07-29 03:56:26.917 | INFO    | 		Epoch: 246  Loss: 4.73474e-01  CE: 4.18354e-01  AB: 8.13071e-03  SSE: 3.58866e-02  KLD: 1.08699e-02  Batchsize: 4096
2026-07-29 03:56:27.926 | INFO    | 		Epoch: 247  Loss: 4.72724e-01  CE: 4.18220e-01  AB: 8.08132e-03  SSE: 3.57536e-02  KLD: 1.08854e-02  Batchsize: 4096
2026-07-29 03:56:28.823 | INFO    | 		Epoch: 248  Loss: 4.72556e-01  CE: 4.18216e-01  AB: 8.23742e-03  SSE: 3.57754e-02  KLD: 1.08624e-02  Batchsize: 4096
2026-07-29 03:56:29.638 | INFO    | 		Epoch: 249  Loss: 4.72546e-01  CE: 4.18095e-01  AB: 8.18779e-03  SSE: 3.58354e-02  KLD: 1.08543e-02  Batchsize: 4096
2026-07-29 03:56:30.494 | INFO    | 		Epoch: 250  Loss: 4.72438e-01  CE: 4.18195e-01  AB: 8.14345e-03  SSE: 3.57687e-02  KLD: 1.08415e-02  Batchsize: 4096
2026-07-29 03:56:31.318 | INFO    | 		Epoch: 251  Loss: 4.73179e-01  CE: 4.18183e-01  AB: 8.20651e-03  SSE: 3.58159e-02  KLD: 1.08424e-02  Batchsize: 4096
2026-07-29 03:56:32.262 | INFO    | 		Epoch: 252  Loss: 4.72808e-01  CE: 4.18192e-01  AB: 7.95138e-03  SSE: 3.58074e-02  KLD: 1.08274e-02  Batchsize: 4096
2026-07-29 03:56:33.117 | INFO    | 		Epoch: 253  Loss: 4.73302e-01  CE: 4.18114e-01  AB: 8.55454e-03  SSE: 3.59050e-02  KLD: 1.07999e-02  Batchsize: 4096
2026-07-29 03:56:33.952 | INFO    | 		Epoch: 254  Loss: 4.72491e-01  CE: 4.18144e-01  AB: 8.11856e-03  SSE: 3.59630e-02  KLD: 1.07942e-02  Batchsize: 4096
2026-07-29 03:56:34.733 | INFO    | 		Epoch: 255  Loss: 4.73557e-01  CE: 4.18256e-01  AB: 8.04167e-03  SSE: 3.57800e-02  KLD: 1.08038e-02  Batchsize: 4096
2026-07-29 03:56:35.512 | INFO    | 		Epoch: 256  Loss: 4.73364e-01  CE: 4.18225e-01  AB: 8.34740e-03  SSE: 3.58845e-02  KLD: 1.08073e-02  Batchsize: 4096
2026-07-29 03:56:36.286 | INFO    | 		Epoch: 257  Loss: 4.72999e-01  CE: 4.18165e-01  AB: 8.12037e-03  SSE: 3.58435e-02  KLD: 1.08015e-02  Batchsize: 4096
2026-07-29 03:56:37.089 | INFO    | 		Epoch: 258  Loss: 4.72547e-01  CE: 4.18298e-01  AB: 8.42401e-03  SSE: 3.57675e-02  KLD: 1.08086e-02  Batchsize: 4096
2026-07-29 03:56:37.877 | INFO    | 		Epoch: 259  Loss: 4.72515e-01  CE: 4.18147e-01  AB: 7.96107e-03  SSE: 3.57920e-02  KLD: 1.08326e-02  Batchsize: 4096
2026-07-29 03:56:38.672 | INFO    | 		Epoch: 260  Loss: 4.73143e-01  CE: 4.18250e-01  AB: 8.06462e-03  SSE: 3.58275e-02  KLD: 1.08414e-02  Batchsize: 4096
2026-07-29 03:56:39.482 | INFO    | 		Epoch: 261  Loss: 4.73276e-01  CE: 4.18127e-01  AB: 8.05473e-03  SSE: 3.58208e-02  KLD: 1.08252e-02  Batchsize: 4096
2026-07-29 03:56:40.315 | INFO    | 		Epoch: 262  Loss: 4.72560e-01  CE: 4.18195e-01  AB: 8.02498e-03  SSE: 3.58665e-02  KLD: 1.08388e-02  Batchsize: 4096
2026-07-29 03:56:41.108 | INFO    | 		Epoch: 263  Loss: 4.72882e-01  CE: 4.18219e-01  AB: 8.07055e-03  SSE: 3.56077e-02  KLD: 1.08410e-02  Batchsize: 4096
2026-07-29 03:56:41.938 | INFO    | 		Epoch: 264  Loss: 4.72362e-01  CE: 4.18169e-01  AB: 8.06388e-03  SSE: 3.56088e-02  KLD: 1.08336e-02  Batchsize: 4096
2026-07-29 03:56:42.771 | INFO    | 		Epoch: 265  Loss: 4.72947e-01  CE: 4.18197e-01  AB: 8.03483e-03  SSE: 3.57678e-02  KLD: 1.08166e-02  Batchsize: 4096
2026-07-29 03:56:43.595 | INFO    | 		Epoch: 266  Loss: 4.72718e-01  CE: 4.18166e-01  AB: 8.13251e-03  SSE: 3.57018e-02  KLD: 1.08247e-02  Batchsize: 4096
2026-07-29 03:56:44.364 | INFO    | 		Epoch: 267  Loss: 4.72115e-01  CE: 4.18251e-01  AB: 7.77435e-03  SSE: 3.57034e-02  KLD: 1.08343e-02  Batchsize: 4096
2026-07-29 03:56:45.205 | INFO    | 		Epoch: 268  Loss: 4.74178e-01  CE: 4.18301e-01  AB: 8.32234e-03  SSE: 3.56861e-02  KLD: 1.08057e-02  Batchsize: 4096
2026-07-29 03:56:46.012 | INFO    | 		Epoch: 269  Loss: 4.72900e-01  CE: 4.18122e-01  AB: 8.10173e-03  SSE: 3.54556e-02  KLD: 1.08201e-02  Batchsize: 4096
2026-07-29 03:56:46.838 | INFO    | 		Epoch: 270  Loss: 4.74964e-01  CE: 4.18113e-01  AB: 8.65660e-03  SSE: 3.55278e-02  KLD: 1.07802e-02  Batchsize: 4096
2026-07-29 03:56:47.685 | INFO    | 		Epoch: 271  Loss: 4.72933e-01  CE: 4.18247e-01  AB: 7.95047e-03  SSE: 3.55213e-02  KLD: 1.08202e-02  Batchsize: 4096
2026-07-29 03:56:48.499 | INFO    | 		Epoch: 272  Loss: 4.74428e-01  CE: 4.18323e-01  AB: 8.60313e-03  SSE: 3.57862e-02  KLD: 1.08246e-02  Batchsize: 4096
2026-07-29 03:56:49.379 | INFO    | 		Epoch: 273  Loss: 4.74219e-01  CE: 4.18184e-01  AB: 8.79725e-03  SSE: 3.56174e-02  KLD: 1.08143e-02  Batchsize: 4096
2026-07-29 03:56:50.265 | INFO    | 		Epoch: 274  Loss: 4.73818e-01  CE: 4.18150e-01  AB: 8.59829e-03  SSE: 3.57784e-02  KLD: 1.07891e-02  Batchsize: 4096
2026-07-29 03:56:51.128 | INFO    | 		Epoch: 275  Loss: 4.73024e-01  CE: 4.18064e-01  AB: 7.98291e-03  SSE: 3.57022e-02  KLD: 1.08325e-02  Batchsize: 4096
2026-07-29 03:56:51.977 | INFO    | 		Epoch: 276  Loss: 4.72439e-01  CE: 4.18119e-01  AB: 8.16897e-03  SSE: 3.57849e-02  KLD: 1.08488e-02  Batchsize: 4096
2026-07-29 03:56:52.884 | INFO    | 		Epoch: 277  Loss: 4.73362e-01  CE: 4.18114e-01  AB: 8.77050e-03  SSE: 3.58138e-02  KLD: 1.08067e-02  Batchsize: 4096
2026-07-29 03:56:53.678 | INFO    | 		Epoch: 278  Loss: 4.73142e-01  CE: 4.18113e-01  AB: 8.78430e-03  SSE: 3.57533e-02  KLD: 1.08131e-02  Batchsize: 4096
2026-07-29 03:56:54.481 | INFO    | 		Epoch: 279  Loss: 4.72783e-01  CE: 4.18119e-01  AB: 8.64901e-03  SSE: 3.56734e-02  KLD: 1.08425e-02  Batchsize: 4096
2026-07-29 03:56:55.269 | INFO    | 		Epoch: 280  Loss: 4.73209e-01  CE: 4.18081e-01  AB: 8.22077e-03  SSE: 3.55460e-02  KLD: 1.08160e-02  Batchsize: 4096
2026-07-29 03:56:56.090 | INFO    | 		Epoch: 281  Loss: 4.72261e-01  CE: 4.18143e-01  AB: 8.14532e-03  SSE: 3.55353e-02  KLD: 1.07900e-02  Batchsize: 4096
2026-07-29 03:56:56.906 | INFO    | 		Epoch: 282  Loss: 4.72694e-01  CE: 4.18154e-01  AB: 8.17205e-03  SSE: 3.55698e-02  KLD: 1.08209e-02  Batchsize: 4096
2026-07-29 03:56:57.769 | INFO    | 		Epoch: 283  Loss: 4.71703e-01  CE: 4.18134e-01  AB: 7.96960e-03  SSE: 3.56086e-02  KLD: 1.08428e-02  Batchsize: 4096
2026-07-29 03:56:58.580 | INFO    | 		Epoch: 284  Loss: 4.72895e-01  CE: 4.18125e-01  AB: 8.04338e-03  SSE: 3.55882e-02  KLD: 1.08599e-02  Batchsize: 4096
2026-07-29 03:56:59.392 | INFO    | 		Epoch: 285  Loss: 4.72901e-01  CE: 4.18113e-01  AB: 8.53110e-03  SSE: 3.54885e-02  KLD: 1.08293e-02  Batchsize: 4096
2026-07-29 03:57:00.224 | INFO    | 		Epoch: 286  Loss: 4.72663e-01  CE: 4.18181e-01  AB: 7.63608e-03  SSE: 3.56558e-02  KLD: 1.08292e-02  Batchsize: 4096
2026-07-29 03:57:01.022 | INFO    | 		Epoch: 287  Loss: 4.73745e-01  CE: 4.18234e-01  AB: 8.21466e-03  SSE: 3.56369e-02  KLD: 1.08244e-02  Batchsize: 4096
2026-07-29 03:57:01.838 | INFO    | 		Epoch: 288  Loss: 4.72983e-01  CE: 4.18179e-01  AB: 8.35622e-03  SSE: 3.56733e-02  KLD: 1.07813e-02  Batchsize: 4096
2026-07-29 03:57:02.711 | INFO    | 		Epoch: 289  Loss: 4.73456e-01  CE: 4.18151e-01  AB: 8.55735e-03  SSE: 3.56838e-02  KLD: 1.07516e-02  Batchsize: 4096
2026-07-29 03:57:03.569 | INFO    | 		Epoch: 290  Loss: 4.73475e-01  CE: 4.18143e-01  AB: 8.12735e-03  SSE: 3.58795e-02  KLD: 1.07495e-02  Batchsize: 4096
2026-07-29 03:57:04.412 | INFO    | 		Epoch: 291  Loss: 4.72889e-01  CE: 4.18145e-01  AB: 8.17099e-03  SSE: 3.56865e-02  KLD: 1.07447e-02  Batchsize: 4096
2026-07-29 03:57:05.307 | INFO    | 		Epoch: 292  Loss: 4.72205e-01  CE: 4.18128e-01  AB: 8.15184e-03  SSE: 3.55493e-02  KLD: 1.07469e-02  Batchsize: 4096
2026-07-29 03:57:06.154 | INFO    | 		Epoch: 293  Loss: 4.72715e-01  CE: 4.18126e-01  AB: 8.83852e-03  SSE: 3.54191e-02  KLD: 1.07502e-02  Batchsize: 4096
2026-07-29 03:57:06.968 | INFO    | 		Epoch: 294  Loss: 4.72530e-01  CE: 4.18235e-01  AB: 8.47325e-03  SSE: 3.56220e-02  KLD: 1.07890e-02  Batchsize: 4096
2026-07-29 03:57:07.801 | INFO    | 		Epoch: 295  Loss: 4.72156e-01  CE: 4.18231e-01  AB: 8.11127e-03  SSE: 3.57091e-02  KLD: 1.07853e-02  Batchsize: 4096
2026-07-29 03:57:08.586 | INFO    | 		Epoch: 296  Loss: 4.72548e-01  CE: 4.18115e-01  AB: 8.19667e-03  SSE: 3.53484e-02  KLD: 1.07810e-02  Batchsize: 4096
2026-07-29 03:57:09.450 | INFO    | 		Epoch: 297  Loss: 4.72510e-01  CE: 4.18193e-01  AB: 7.93492e-03  SSE: 3.56498e-02  KLD: 1.07877e-02  Batchsize: 4096
2026-07-29 03:57:10.248 | INFO    | 		Epoch: 298  Loss: 4.72697e-01  CE: 4.18183e-01  AB: 8.56106e-03  SSE: 3.56089e-02  KLD: 1.07866e-02  Batchsize: 4096
2026-07-29 03:57:11.083 | INFO    | 		Epoch: 299  Loss: 4.73477e-01  CE: 4.18197e-01  AB: 7.94589e-03  SSE: 3.57271e-02  KLD: 1.07747e-02  Batchsize: 4096
2026-07-29 03:57:11.922 | INFO    | 		Epoch: 300  Loss: 4.72276e-01  CE: 4.18127e-01  AB: 7.99668e-03  SSE: 3.55840e-02  KLD: 1.07780e-02  Batchsize: 4096
2026-07-29 03:57:11.930 | INFO    | 	Encoding to latent representation
2026-07-29 03:57:12.591 | INFO    | 	Trained VAE and encoded in 339.56 seconds.

2026-07-29 03:57:12.591 | INFO    | Clustering
2026-07-29 03:57:12.591 | INFO    | 	Windowsize: 300
2026-07-29 03:57:12.591 | INFO    | 	Min successful thresholds detected: 15
2026-07-29 03:57:12.591 | INFO    | 	Max clusters: None
2026-07-29 03:57:12.591 | INFO    | 	Use CUDA for clustering: False
2026-07-29 03:57:12.591 | INFO    | 	Binsplitter: Explicitly passed as empty (no binsplitting)
2026-07-29 03:57:25.331 | INFO    | 	Clustered 10203 contigs in 4695 unsplit bins
2026-07-29 03:57:25.331 | INFO    | 	Wrote cluster file(s) in 0.01 seconds.
2026-07-29 03:57:27.779 | INFO    | 	Wrote 26 bins with 5115 sequences in 2.45 seconds.
2026-07-29 03:57:27.779 | INFO    | 	Clustered contigs in 12.73 seconds.

2026-07-29 03:57:27.780 | INFO    | Completed Vamb in 358.7 seconds.
