java -ea -Xmx2g -Xms2g -cp ${HOME}/miniconda3/envs/metagenome-virus-abundance-2026.07/opt/bbmap-38.69-0/current/ align2.BBMap build=1 overwrite=true fastareadlen=500 -Xmx2g ref=work/article55/input/cook15-phage-reference.fna in=work/article55/input/cook15-phage-reference.fna out=/tmp/article55-bbmap-smoke.sam nodisk=t minid=0.90 ambiguous=all overwrite=t
Executing align2.BBMap [build=1, overwrite=true, fastareadlen=500, -Xmx2g, ref=work/article55/input/cook15-phage-reference.fna, in=work/article55/input/cook15-phage-reference.fna, out=/tmp/article55-bbmap-smoke.sam, nodisk=t, minid=0.90, ambiguous=all, overwrite=t]
Version 38.69

Retaining all best sites for ambiguous mappings.
Executing dna.FastaToChromArrays2 [work/article55/input/cook15-phage-reference.fna, 1, writeinthread=false, genscaffoldinfo=true, retain, waitforwriting=false, gz=true, maxlen=536670912, writechroms=false, minscaf=1, midpad=300, startpad=8000, stoppad=8000, nodisk=true]

Set genScaffoldInfo=true
Set genome to 1

Loaded Reference:	0.010 seconds.
Loading index for chunk 1-1, build 1
Indexing threads started for block 0-1
Indexing threads finished for block 0-1
Generated Index:	1.223 seconds.
Analyzed Index:   	10.692 seconds.
Started output stream:	0.065 seconds.
Cleared Memory:    	0.132 seconds.

Max Memory = 2147 MB
Available Memory = 1596 MB
Reducing threads from 25 to 23 due to low system memory.
Processing reads in single-ended mode.
Started read stream.
Started 23 mapping threads.
Detecting finished threads: 0, 1, 2, 3, 4, 5, 6, 7, 8, 9, 10, 11, 12, 13, 14, 15, 16, 17, 18, 19, 20, 21, 22

   ------------------   Results   ------------------   

Genome:                	1
Key Length:            	13
Max Indel:             	16000
Minimum Score Ratio:  	0.56
Mapping Mode:         	normal
Reads Used:           	2663	(1328757 bases)

Mapping:          	8.676 seconds.
Reads/sec:       	306.95
kBases/sec:      	153.16


Read 1 data:      	pct reads	num reads 	pct bases	   num bases

mapped:          	100.0000% 	     2663 	100.0000% 	     1328757
unambiguous:     	 92.3019% 	     2458 	 92.3793% 	     1227496
ambiguous:       	  7.6981% 	      205 	  7.6207% 	      101261
low-Q discards:  	  0.0000% 	        0 	  0.0000% 	           0

perfect best site:	100.0000% 	     2663 	100.0000% 	     1328757
semiperfect site:	100.0000% 	     2663 	100.0000% 	     1328757

Match Rate:      	      NA 	       NA 	100.0000% 	     1328757
Error Rate:      	  0.0000% 	        0 	  0.0000% 	           0
Sub Rate:        	  0.0000% 	        0 	  0.0000% 	           0
Del Rate:        	  0.0000% 	        0 	  0.0000% 	           0
Ins Rate:        	  0.0000% 	        0 	  0.0000% 	           0
N Rate:          	  0.0000% 	        0 	  0.0000% 	           0

Total time:     	21.368 seconds.
