╭──────────────────────────────────────────────────────────────────────────────╮
│  Executing geNomad annotate (v1.12.0). This will perform gene calling in     │
│  the input sequences and annotate the predicted proteins with geNomad's      │
│  markers.                                                                    │
│  ──────────────────────────────────────────────────────────────────────────  │
│  Outputs:                                                                    │
│    ${PROJECT_ROOT}/results/55-virus-taxonomy-abunda  │
│    nce/genomad/cook15-phage-reference_annotate                               │
│    ├── cook15-phage-reference_annotate.json (execution parameters)           │
│    ├── cook15-phage-reference_genes.tsv (gene annotation data)               │
│    ├── cook15-phage-reference_taxonomy.tsv (taxonomic assignment)            │
│    ├── cook15-phage-reference_mmseqs2.tsv (MMseqs2 output file)              │
│    └── cook15-phage-reference_proteins.faa (protein FASTA file)              │
╰──────────────────────────────────────────────────────────────────────────────╯
[17:37:53] Executing genomad annotate.                                          
[17:37:55] Proteins predicted with pyrodigal-gv were written to                 
           cook15-phage-reference_proteins.faa.                                 
[17:39:53] Proteins annotated with MMseqs2 and geNomad database (v1.9) were     
           written to cook15-phage-reference_mmseqs2.tsv.                       
[17:39:53] Deleting cook15-phage-reference_mmseqs2.                             
[17:39:54] Gene data was written to cook15-phage-reference_genes.tsv.           
[17:39:54] Taxonomic assignment data was written to                             
           cook15-phage-reference_taxonomy.tsv.                                 
[17:39:54] geNomad annotate finished!                                           
╭──────────────────────────────────────────────────────────────────────────────╮
│  Executing geNomad find-proviruses (v1.12.0). This will find putative        │
│  proviral regions within the input sequences.                                │
│  ──────────────────────────────────────────────────────────────────────────  │
│  Outputs:                                                                    │
│    ${PROJECT_ROOT}/results/55-virus-taxonomy-abunda  │
│    nce/genomad/cook15-phage-reference_find_proviruses                        │
│    ├── cook15-phage-reference_find_proviruses.json (execution parameters)    │
│    ├── cook15-phage-reference_provirus.tsv (provirus data)                   │
│    ├── cook15-phage-reference_provirus.fna (provirus nucleotide sequences)   │
│    ├── cook15-phage-reference_provirus_proteins.faa (provirus protein        │
│    │   sequences)                                                            │
│    ├── cook15-phage-reference_provirus_genes.tsv (provirus gene annotation   │
│    │   data)                                                                 │
│    ├── cook15-phage-reference_provirus_taxonomy.tsv (provirus taxonomic      │
│    │   assignment)                                                           │
│    ├── cook15-phage-reference_provirus_mmseqs2.tsv (MMseqs2 output file)     │
│    └── cook15-phage-reference_provirus_aragorn.tsv (Aragorn output file)     │
╰──────────────────────────────────────────────────────────────────────────────╯
[17:39:54] Executing genomad find-proviruses.                                   
[17:39:57] Integrases identified with MMseqs2 and geNomad database (v1.9) were  
           written to cook15-phage-reference_provirus_mmseqs2.tsv.              
[17:39:57] Deleting cook15-phage-reference_provirus_mmseqs2.                    
[17:39:57] Deleting cook15-phage-reference_provirus_mmseqs2_input.faa.          
[17:39:57] tRNAs identified with Aragorn were written to                        
           cook15-phage-reference_provirus_aragorn.tsv.                         
[17:39:57] Deleting cook15-phage-reference_provirus_aragorn_input.fna.          
[17:39:58] Provirus regions identified.                                         
[17:39:58] Provirus data was written to cook15-phage-reference_provirus.tsv.    
[17:39:58] Provirus nucleotide sequences were written to                        
           cook15-phage-reference_provirus.fna.                                 
[17:39:58] Provirus protein sequences were written to                           
           cook15-phage-reference_provirus_proteins.faa.                        
[17:39:58] Provirus gene data was written to                                    
           cook15-phage-reference_provirus_genes.tsv.                           
[17:39:58] Taxonomic assignment data was written to                             
           cook15-phage-reference_provirus_taxonomy.tsv.                        
[17:39:58] geNomad find-proviruses finished!                                    
╭──────────────────────────────────────────────────────────────────────────────╮
│  Executing geNomad marker-classification (v1.12.0). This will classify the   │
│  input sequences into chromosome, plasmid, or virus based on the presence    │
│  of geNomad markers and other gene-related features.                         │
│  ──────────────────────────────────────────────────────────────────────────  │
│  Outputs:                                                                    │
│    ${PROJECT_ROOT}/results/55-virus-taxonomy-abunda  │
│    nce/genomad/cook15-phage-reference_marker_classification                  │
│    ├── cook15-phage-reference_marker_classification.json (execution          │
│    │   parameters)                                                           │
│    ├── cook15-phage-reference_features.tsv (sequence feature data: tabular   │
│    │   format)                                                               │
│    ├── cook15-phage-reference_features.npz (sequence feature data: binary    │
│    │   format)                                                               │
│    ├── cook15-phage-reference_marker_classification.tsv (sequence            │
│    │   classification: tabular format)                                       │
│    └── cook15-phage-reference_marker_classification.npz (sequence            │
│        classification: binary format)                                        │
╰──────────────────────────────────────────────────────────────────────────────╯
[17:39:58] Executing genomad marker-classification.                             
[17:39:59] Sequence features computed.                                          
[17:39:59] Sequence features in binary format written to                        
           cook15-phage-reference_features.npz.                                 
[17:39:59] Sequence features in tabular format written to                       
           cook15-phage-reference_features.tsv.                                 
[17:39:59] Sequences classified.                                                
[17:39:59] Sequence classification in binary format written to                  
           cook15-phage-reference_marker_classification.npz.                    
[17:39:59] Sequence classification in tabular format written to                 
           cook15-phage-reference_marker_classification.tsv.                    
[17:39:59] geNomad marker-classification finished!                              
╭──────────────────────────────────────────────────────────────────────────────╮
│  Executing geNomad nn-classification (v1.12.0). This will classify the       │
│  input sequences into chromosome, plasmid, or virus based on the nucleotide  │
│  sequence.                                                                   │
│  ──────────────────────────────────────────────────────────────────────────  │
│  Outputs:                                                                    │
│    ${PROJECT_ROOT}/results/55-virus-taxonomy-abunda  │
│    nce/genomad/cook15-phage-reference_nn_classification                      │
│    ├── cook15-phage-reference_nn_classification.json (execution parameters)  │
│    ├── cook15-phage-reference_encoded_sequences (directory containing        │
│    │   encoded sequence data)                                                │
│    ├── cook15-phage-reference_nn_classification.tsv (contig classification:  │
│    │   tabular format)                                                       │
│    └── cook15-phage-reference_nn_classification.npz (contig classification:  │
│        binary format)                                                        │
╰──────────────────────────────────────────────────────────────────────────────╯
[17:40:02] Executing genomad nn-classification.                                 
[17:40:02] Creating the                                                         
           ${PROJECT_ROOT}/results/55-virus-taxonomy-abu
           ndance/genomad/cook15-phage-reference_nn_classification/cook15-phage-
           reference_encoded_sequences directory.                               
[17:40:02] Encoded sequence data written to                                     
           cook15-phage-reference_encoded_sequences.                            

[17:40:11] Sequences classified.                                                
[17:40:11] Sequence classification in binary format written to                  
           cook15-phage-reference_nn_classification.npz.                        
[17:40:11] Deleting encoded sequence data.                                      
[17:40:11] Sequence classification in tabular format written to                 
           cook15-phage-reference_nn_classification.tsv.                        
[17:40:11] geNomad nn-classification finished!                                  
╭──────────────────────────────────────────────────────────────────────────────╮
│  Executing geNomad aggregated-classification (v1.12.0). This will aggregate  │
│  the results of the marker-classification and nn-classification modules to   │
│  classify the input sequences into chromosome, plasmid, or virus.            │
│  ──────────────────────────────────────────────────────────────────────────  │
│  Outputs:                                                                    │
│    ${PROJECT_ROOT}/results/55-virus-taxonomy-abunda  │
│    nce/genomad/cook15-phage-reference_aggregated_classification              │
│    ├── cook15-phage-reference_aggregated_classification.json (execution      │
│    │   parameters)                                                           │
│    ├── cook15-phage-reference_aggregated_classification.tsv (sequence        │
│    │   classification: tabular format)                                       │
│    └── cook15-phage-reference_aggregated_classification.npz (sequence        │
│        classification: binary format)                                        │
╰──────────────────────────────────────────────────────────────────────────────╯
[17:40:11] Executing genomad aggregated-classification.                         
[17:40:11] Creating the                                                         
           ${PROJECT_ROOT}/results/55-virus-taxonomy-abu
           ndance/genomad/cook15-phage-reference_aggregated_classification      
           directory.                                                           
[17:40:11] The total marker frequencies of the input sequences were computed.   
[17:40:11] Sequences classified.                                                
[17:40:11] Sequence classification in binary format written to                  
           cook15-phage-reference_aggregated_classification.npz.                
[17:40:11] Sequence classification in tabular format written to                 
           cook15-phage-reference_aggregated_classification.tsv.                
[17:40:11] geNomad aggregated-classification finished!                          
╭──────────────────────────────────────────────────────────────────────────────╮
│  Executing geNomad summary (v1.12.0). This will summarize the results        │
│  across modules into a classification report.                                │
│  ──────────────────────────────────────────────────────────────────────────  │
│  Outputs:                                                                    │
│    ${PROJECT_ROOT}/results/55-virus-taxonomy-abunda  │
│    nce/genomad/cook15-phage-reference_summary                                │
│    ├── cook15-phage-reference_summary.json (execution parameters)            │
│    ├── cook15-phage-reference_virus_summary.tsv (virus classification        │
│    │   summary)                                                              │
│    ├── cook15-phage-reference_plasmid_summary.tsv (plasmid classification    │
│    │   summary)                                                              │
│    ├── cook15-phage-reference_virus.fna (virus nucleotide FASTA file)        │
│    ├── cook15-phage-reference_plasmid.fna (plasmid nucleotide FASTA file)    │
│    ├── cook15-phage-reference_virus_proteins.faa (virus protein FASTA file)  │
│    ├── cook15-phage-reference_plasmid_proteins.faa (plasmid protein FASTA    │
│    │   file)                                                                 │
│    ├── cook15-phage-reference_virus_genes.tsv (virus gene annotation data)   │
│    └── cook15-phage-reference_plasmid_genes.tsv (plasmid gene annotation     │
│        data)                                                                 │
╰──────────────────────────────────────────────────────────────────────────────╯
[17:40:11] Executing genomad summary.                                           
[17:40:11] Creating the                                                         
           ${PROJECT_ROOT}/results/55-virus-taxonomy-abu
           ndance/genomad/cook15-phage-reference_summary directory.             
[17:40:11] Using scores from aggregated-classification.                         
[17:40:12] 0 plasmid(s) and 15 virus(es) were identified.                       
[17:40:12] Nucleotide sequences were written to                                 
           cook15-phage-reference_plasmid.fna and                               
           cook15-phage-reference_virus.fna.                                    
[17:40:12] Protein sequences were written to                                    
           cook15-phage-reference_plasmid_proteins.faa and                      
           cook15-phage-reference_virus_proteins.faa.                           
[17:40:12] Gene annotation data was written to                                  
           cook15-phage-reference_plasmid_genes.tsv and                         
           cook15-phage-reference_virus_genes.tsv.                              
[17:40:12] Summary files were written to                                        
           cook15-phage-reference_plasmid_summary.tsv and                       
           cook15-phage-reference_virus_summary.tsv.                            
[17:40:12] geNomad summary finished!                                            
