Read1 before filtering:
total reads: 20000
total bases: 2020000
Q20 bases: 1960086(97.034%)
Q30 bases: 1835143(90.8487%)
Q40 bases: 556328(27.541%)

Read2 before filtering:
total reads: 20000
total bases: 2020000
Q20 bases: 1917105(94.9062%)
Q30 bases: 1779103(88.0744%)
Q40 bases: 510026(25.2488%)

Read1 after filtering:
total reads: 16687
total bases: 1685387
Q20 bases: 1627688(96.5765%)
Q30 bases: 1512522(89.7433%)
Q40 bases: 451854(26.8101%)

Read2 after filtering:
total reads: 16687
total bases: 1685387
Q20 bases: 1584990(94.0431%)
Q30 bases: 1457084(86.454%)
Q40 bases: 407781(24.1951%)

Filtering result:
reads passed filter: 40000
reads failed due to low quality: 0
reads failed due to too many N: 0

Duplication rate: 16.565%

Insert size peak (evaluated by paired-end reads): 137

JSON report: ${FROZEN_DIR}/fastp/human-dedup.json
HTML report: ${WORK_DIR}/fastp/human-dedup.html

${HOST_REMOVAL_ENV_PREFIX}/bin/fastp --in1 ${RAW_DIR}/ERR194147_prefix20k_R1.fastq.gz --in2 ${RAW_DIR}/ERR194147_prefix20k_R2.fastq.gz --out1 ${WORK_DIR}/fastp/human-dedup_R1.fastq.gz --out2 ${WORK_DIR}/fastp/human-dedup_R2.fastq.gz --json ${FROZEN_DIR}/fastp/human-dedup.json --html ${WORK_DIR}/fastp/human-dedup.html --report_title human dedup sensitivity branch --thread 4 --compression 6 --disable_adapter_trimming --disable_quality_filtering --disable_length_filtering --disable_trim_poly_g --dont_overwrite --dedup --dup_calc_accuracy=1 
fastp v1.3.6, time used: 1 seconds
