Read1 before filtering:
total reads: 20000
total bases: 2995431
Q20 bases: 2947835(98.411%)
Q30 bases: 2848583(95.0976%)
Q40 bases: 2313386(77.2305%)

Read2 before filtering:
total reads: 20000
total bases: 2970564
Q20 bases: 2798288(94.2006%)
Q30 bases: 2541237(85.5473%)
Q40 bases: 1742655(58.6641%)

Read1 after filtering:
total reads: 20000
total bases: 2995431
Q20 bases: 2947835(98.411%)
Q30 bases: 2848583(95.0976%)
Q40 bases: 2313386(77.2305%)

Read2 after filtering:
total reads: 20000
total bases: 2970564
Q20 bases: 2798288(94.2006%)
Q30 bases: 2541237(85.5473%)
Q40 bases: 1742655(58.6641%)

Filtering result:
reads passed filter: 40000
reads failed due to low quality: 0
reads failed due to too many N: 0

Duplication rate: 1.53%

Insert size peak (evaluated by paired-end reads): 250

JSON report: ${FROZEN_DIR}/fastp/mock-baseline.json
HTML report: ${WORK_DIR}/fastp/mock-baseline.html

${HOST_REMOVAL_ENV_PREFIX}/bin/fastp --in1 ${RAW_DIR}/ERR9765746_prefix20k_R1.fastq.gz --in2 ${RAW_DIR}/ERR9765746_prefix20k_R2.fastq.gz --out1 ${WORK_DIR}/fastp/mock-baseline_R1.fastq.gz --out2 ${WORK_DIR}/fastp/mock-baseline_R2.fastq.gz --json ${FROZEN_DIR}/fastp/mock-baseline.json --html ${WORK_DIR}/fastp/mock-baseline.html --report_title mock baseline sensitivity branch --thread 4 --compression 6 --disable_adapter_trimming --disable_quality_filtering --disable_length_filtering --disable_trim_poly_g --dont_overwrite 
fastp v1.3.6, time used: 1 seconds
