Read1 before filtering:
total reads: 20000
total bases: 2020000
Q20 bases: 1960086(97.034%)
Q30 bases: 1835143(90.8487%)
Q40 bases: 556328(27.541%)

Read2 before filtering:
total reads: 20000
total bases: 2020000
Q20 bases: 1917105(94.9062%)
Q30 bases: 1779103(88.0744%)
Q40 bases: 510026(25.2488%)

Read1 after filtering:
total reads: 19925
total bases: 2012425
Q20 bases: 1953238(97.0589%)
Q30 bases: 1828963(90.8835%)
Q40 bases: 554341(27.5459%)

Read2 after filtering:
total reads: 19925
total bases: 2012425
Q20 bases: 1915528(95.1851%)
Q30 bases: 1777990(88.3506%)
Q40 bases: 509857(25.3355%)

Filtering result:
reads passed filter: 39850
reads failed due to low quality: 0
reads failed due to too many N: 0
reads failed due to low complexity: 150

Duplication rate: 16.565%

Insert size peak (evaluated by paired-end reads): 137

JSON report: ${FROZEN_DIR}/fastp/human-complexity-40.json
HTML report: ${WORK_DIR}/fastp/human-complexity-40.html

${HOST_REMOVAL_ENV_PREFIX}/bin/fastp --in1 ${RAW_DIR}/ERR194147_prefix20k_R1.fastq.gz --in2 ${RAW_DIR}/ERR194147_prefix20k_R2.fastq.gz --out1 ${WORK_DIR}/fastp/human-complexity-40_R1.fastq.gz --out2 ${WORK_DIR}/fastp/human-complexity-40_R2.fastq.gz --json ${FROZEN_DIR}/fastp/human-complexity-40.json --html ${WORK_DIR}/fastp/human-complexity-40.html --report_title human complexity-40 sensitivity branch --thread 4 --compression 6 --disable_adapter_trimming --disable_quality_filtering --disable_length_filtering --disable_trim_poly_g --dont_overwrite --low_complexity_filter --complexity_threshold=40 
fastp v1.3.6, time used: 1 seconds
