Read1 before filtering:
total reads: 20000
total bases: 2020000
Q20 bases: 1960086(97.034%)
Q30 bases: 1835143(90.8487%)
Q40 bases: 556328(27.541%)

Read2 before filtering:
total reads: 20000
total bases: 2020000
Q20 bases: 1917105(94.9062%)
Q30 bases: 1779103(88.0744%)
Q40 bases: 510026(25.2488%)

Read1 after filtering:
total reads: 19955
total bases: 2015455
Q20 bases: 1955835(97.0419%)
Q30 bases: 1831286(90.8622%)
Q40 bases: 555067(27.5405%)

Read2 after filtering:
total reads: 19955
total bases: 2015455
Q20 bases: 1916315(95.081%)
Q30 bases: 1778450(88.2406%)
Q40 bases: 509905(25.2997%)

Filtering result:
reads passed filter: 39910
reads failed due to low quality: 0
reads failed due to too many N: 0
reads failed due to low complexity: 90

Duplication rate: 16.565%

Insert size peak (evaluated by paired-end reads): 137

JSON report: ${FROZEN_DIR}/fastp/human-complexity-30.json
HTML report: ${WORK_DIR}/fastp/human-complexity-30.html

${HOST_REMOVAL_ENV_PREFIX}/bin/fastp --in1 ${RAW_DIR}/ERR194147_prefix20k_R1.fastq.gz --in2 ${RAW_DIR}/ERR194147_prefix20k_R2.fastq.gz --out1 ${WORK_DIR}/fastp/human-complexity-30_R1.fastq.gz --out2 ${WORK_DIR}/fastp/human-complexity-30_R2.fastq.gz --json ${FROZEN_DIR}/fastp/human-complexity-30.json --html ${WORK_DIR}/fastp/human-complexity-30.html --report_title human complexity-30 sensitivity branch --thread 4 --compression 6 --disable_adapter_trimming --disable_quality_filtering --disable_length_filtering --disable_trim_poly_g --dont_overwrite --low_complexity_filter --complexity_threshold=30 
fastp v1.3.6, time used: 1 seconds
