✔ Loading input      ━━━━━━━━━━━━━━━━━━━━━━━━━━━━━━━━━ 100% 0:00:00 40.2/40.2 MB
✔ Finding ORFs       ━━━━━━━━━━━━━━━━━━━━━━━━━━━━━━ 100% 0:00:10 675/675 contigs
✔ Annotating HMMs    ━━━━━━━━━━━━━━━━━━━━━━━━━━━━━━━━━━━━━ 100% 0:00:29 1/1 file
! Contig 'megahit-co__c000306' does not contain enough proteins (16) for sliding
window of size 20, padding with 4 proteins
! Contig 'megahit-co__c000763' does not contain enough proteins (19) for sliding
window of size 20, padding with 1 protein
! Contig 'megahit-co__c001219' does not contain enough proteins (15) for sliding
window of size 20, padding with 5 proteins
! Contig 'megahit-co__c001314' does not contain enough proteins (16) for sliding
window of size 20, padding with 4 proteins
! Contig 'megahit-co__c001465' does not contain enough proteins (17) for sliding
window of size 20, padding with 3 proteins
! Contig 'megahit-co__c001646' does not contain enough proteins (16) for sliding
window of size 20, padding with 4 proteins
! Contig 'megahit-co__c001766' does not contain enough proteins (17) for sliding
window of size 20, padding with 3 proteins
! Contig 'megahit-co__c001843' does not contain enough proteins (18) for sliding
window of size 20, padding with 2 proteins
! Contig 'megahit-co__c002136' does not contain enough proteins (19) for sliding
window of size 20, padding with 1 protein
! Contig 'megahit-co__c002194' does not contain enough proteins (19) for sliding
window of size 20, padding with 1 protein
! Contig 'megahit-co__c002588' does not contain enough proteins (19) for sliding
window of size 20, padding with 1 protein
! Contig 'megahit-co__c003063' does not contain enough proteins (17) for sliding
window of size 20, padding with 3 proteins
! Contig 'megahit-co__c003118' does not contain enough proteins (15) for sliding
window of size 20, padding with 5 proteins
! Contig 'megahit-co__c003400' does not contain enough proteins (12) for sliding
window of size 20, padding with 8 proteins
! Contig 'megahit-co__c003698' does not contain enough proteins (16) for sliding
window of size 20, padding with 4 proteins
! Contig 'megahit-co__c003710' does not contain enough proteins (16) for sliding
window of size 20, padding with 4 proteins
! Contig 'megahit-co__c003838' does not contain enough proteins (19) for sliding
window of size 20, padding with 1 protein
! Contig 'megahit-co__c003978' does not contain enough proteins (16) for sliding
window of size 20, padding with 4 proteins
! Contig 'megahit-co__c004056' does not contain enough proteins (16) for sliding
window of size 20, padding with 4 proteins
! Contig 'megahit-co__c004574' does not contain enough proteins (19) for sliding
window of size 20, padding with 1 protein
! Contig 'megahit-co__c004804' does not contain enough proteins (17) for sliding
window of size 20, padding with 3 proteins
! Contig 'megahit-co__c004821' does not contain enough proteins (19) for sliding
window of size 20, padding with 1 protein
! Contig 'megahit-co__c005175' does not contain enough proteins (19) for sliding
window of size 20, padding with 1 protein
! Contig 'megahit-co__c005299' does not contain enough proteins (14) for sliding
window of size 20, padding with 6 proteins
! Contig 'megahit-co__c005361' does not contain enough proteins (15) for sliding
window of size 20, padding with 5 proteins
! Contig 'megahit-co__c005370' does not contain enough proteins (14) for sliding
window of size 20, padding with 6 proteins
! Contig 'megahit-co__c005436' does not contain enough proteins (19) for sliding
window of size 20, padding with 1 protein
! Contig 'megahit-co__c005532' does not contain enough proteins (17) for sliding
window of size 20, padding with 3 proteins
! Contig 'megahit-co__c005682' does not contain enough proteins (17) for sliding
window of size 20, padding with 3 proteins
! Contig 'megahit-co__c005790' does not contain enough proteins (19) for sliding
window of size 20, padding with 1 protein
! Contig 'megahit-co__c005948' does not contain enough proteins (18) for sliding
window of size 20, padding with 2 proteins
! Contig 'megahit-co__c006095' does not contain enough proteins (17) for sliding
window of size 20, padding with 3 proteins
! Contig 'megahit-co__c006189' does not contain enough proteins (15) for sliding
window of size 20, padding with 5 proteins
! Contig 'megahit-co__c006721' does not contain enough proteins (18) for sliding
window of size 20, padding with 2 proteins
! Contig 'megahit-co__c006972' does not contain enough proteins (17) for sliding
window of size 20, padding with 3 proteins
! Contig 'megahit-co__c007189' does not contain enough proteins (15) for sliding
window of size 20, padding with 5 proteins
! Contig 'megahit-co__c007399' does not contain enough proteins (18) for sliding
window of size 20, padding with 2 proteins
! Contig 'megahit-co__c007786' does not contain enough proteins (19) for sliding
window of size 20, padding with 1 protein
! Contig 'megahit-co__c008135' does not contain enough proteins (18) for sliding
window of size 20, padding with 2 proteins
! Contig 'megahit-co__c008155' does not contain enough proteins (18) for sliding
window of size 20, padding with 2 proteins
! Contig 'megahit-co__c008987' does not contain enough proteins (14) for sliding
window of size 20, padding with 6 proteins
! Contig 'megahit-co__c009023' does not contain enough proteins (19) for sliding
window of size 20, padding with 1 protein
! Contig 'megahit-co__c009237' does not contain enough proteins (19) for sliding
window of size 20, padding with 1 protein
! Contig 'megahit-co__c009290' does not contain enough proteins (19) for sliding
window of size 20, padding with 1 protein
! Contig 'megahit-co__c009620' does not contain enough proteins (17) for sliding
window of size 20, padding with 3 proteins
! Contig 'megahit-co__c009830' does not contain enough proteins (18) for sliding
window of size 20, padding with 2 proteins
! Contig 'megahit-co__c009930' does not contain enough proteins (15) for sliding
window of size 20, padding with 5 proteins
! Contig 'megahit-co__c010262' does not contain enough proteins (18) for sliding
window of size 20, padding with 2 proteins
! Contig 'megahit-co__c010300' does not contain enough proteins (19) for sliding
window of size 20, padding with 1 protein
! Contig 'megahit-co__c010435' does not contain enough proteins (19) for sliding
window of size 20, padding with 1 protein
! Contig 'megahit-co__c010484' does not contain enough proteins (12) for sliding
window of size 20, padding with 8 proteins
! Contig 'megahit-co__c010574' does not contain enough proteins (19) for sliding
window of size 20, padding with 1 protein
! Contig 'megahit-co__c010917' does not contain enough proteins (19) for sliding
window of size 20, padding with 1 protein
! Contig 'megahit-co__c010947' does not contain enough proteins (17) for sliding
window of size 20, padding with 3 proteins
! Contig 'megahit-co__c011354' does not contain enough proteins (17) for sliding
window of size 20, padding with 3 proteins
! Contig 'megahit-co__c011572' does not contain enough proteins (19) for sliding
window of size 20, padding with 1 protein
! Contig 'megahit-co__c012068' does not contain enough proteins (18) for sliding
window of size 20, padding with 2 proteins
! Contig 'megahit-co__c012159' does not contain enough proteins (15) for sliding
window of size 20, padding with 5 proteins
! Contig 'megahit-co__c012228' does not contain enough proteins (18) for sliding
window of size 20, padding with 2 proteins
! Contig 'megahit-co__c012339' does not contain enough proteins (17) for sliding
window of size 20, padding with 3 proteins
! Contig 'megahit-co__c012368' does not contain enough proteins (17) for sliding
window of size 20, padding with 3 proteins
! Contig 'megahit-co__c012577' does not contain enough proteins (18) for sliding
window of size 20, padding with 2 proteins
! Contig 'megahit-co__c012658' does not contain enough proteins (19) for sliding
window of size 20, padding with 1 protein
! Contig 'megahit-co__c012756' does not contain enough proteins (12) for sliding
window of size 20, padding with 8 proteins
! Contig 'megahit-co__c012773' does not contain enough proteins (16) for sliding
window of size 20, padding with 4 proteins
! Contig 'megahit-co__c013086' does not contain enough proteins (18) for sliding
window of size 20, padding with 2 proteins
! Contig 'megahit-co__c013225' does not contain enough proteins (18) for sliding
window of size 20, padding with 2 proteins
! Contig 'megahit-co__c013278' does not contain enough proteins (18) for sliding
window of size 20, padding with 2 proteins
! Contig 'megahit-co__c013395' does not contain enough proteins (18) for sliding
window of size 20, padding with 2 proteins
! Contig 'megahit-co__c014186' does not contain enough proteins (19) for sliding
window of size 20, padding with 1 protein
! Contig 'megahit-co__c014545' does not contain enough proteins (19) for sliding
window of size 20, padding with 1 protein
! Contig 'megahit-co__c015174' does not contain enough proteins (9) for sliding 
window of size 20, padding with 11 proteins
! Contig 'megahit-co__c015253' does not contain enough proteins (17) for sliding
window of size 20, padding with 3 proteins
! Contig 'megahit-co__c015308' does not contain enough proteins (19) for sliding
window of size 20, padding with 1 protein
! Contig 'megahit-co__c015340' does not contain enough proteins (15) for sliding
window of size 20, padding with 5 proteins
! Contig 'megahit-co__c015563' does not contain enough proteins (18) for sliding
window of size 20, padding with 2 proteins
! Contig 'megahit-co__c015984' does not contain enough proteins (17) for sliding
window of size 20, padding with 3 proteins
! Contig 'megahit-co__c016201' does not contain enough proteins (12) for sliding
window of size 20, padding with 8 proteins
! Contig 'megahit-co__c016781' does not contain enough proteins (14) for sliding
window of size 20, padding with 6 proteins
! Contig 'megahit-co__c016840' does not contain enough proteins (18) for sliding
window of size 20, padding with 2 proteins
! Contig 'megahit-co__c017227' does not contain enough proteins (18) for sliding
window of size 20, padding with 2 proteins
! Contig 'megahit-co__c017264' does not contain enough proteins (18) for sliding
window of size 20, padding with 2 proteins
! Contig 'megahit-co__c017446' does not contain enough proteins (18) for sliding
window of size 20, padding with 2 proteins
! Contig 'megahit-co__c017580' does not contain enough proteins (19) for sliding
window of size 20, padding with 1 protein
! Contig 'megahit-co__c017715' does not contain enough proteins (19) for sliding
window of size 20, padding with 1 protein
! Contig 'megahit-co__c017892' does not contain enough proteins (16) for sliding
window of size 20, padding with 4 proteins
✔ Predicting         ━━━━━━━━━━━━━━━━━━━━━━━━━━ 100% 0:00:01 24807/24807 batches
✔ Segmenting         ━━━━━━━━━━━━━━━━━━━━━━━━━━━━━━ 100% 0:00:00 675/675 contigs
! Couldn't assign type to megahit-co__c009355_cluster_2 (maybe Terpene, 35% 
confidence)
! Couldn't assign type to megahit-co__c009855_cluster_1 (maybe NRP, 3% 
confidence)
! Couldn't assign type to megahit-co__c012837_cluster_1 (maybe Terpene, 50% 
confidence)
! Couldn't assign type to megahit-co__c016081_cluster_1 (maybe Terpene, 30% 
confidence)
✔ Classifying        ━━━━━━━━━━━━━━━━━━━━━━━━━━━━━━━ 100% 0:00:00 21/21 clusters
! Increasing length of locus line to allow long name. This will result in fields
that are not in usual positions.
✔ Found 21 gene clusters
