✔ Loading input      ━━━━━━━━━━━━━━━━━━━━━━━━━━━━━━━━━━━ 100% 0:00:00 5.3/5.3 MB
✔ Finding ORFs       ━━━━━━━━━━━━━━━━━━━━━━━━━━━━━━ 100% 0:00:00 260/260 contigs
✔ Annotating HMMs    ━━━━━━━━━━━━━━━━━━━━━━━━━━━━━━━━━━━━━ 100% 0:00:04 1/1 file
! Contig 'salinispora-fragment-0001' does not contain enough proteins (15) for 
sliding window of size 20, padding with 5 proteins
! Contig 'salinispora-fragment-0002' does not contain enough proteins (16) for 
sliding window of size 20, padding with 4 proteins
! Contig 'salinispora-fragment-0003' does not contain enough proteins (19) for 
sliding window of size 20, padding with 1 protein
! Contig 'salinispora-fragment-0010' does not contain enough proteins (16) for 
sliding window of size 20, padding with 4 proteins
! Contig 'salinispora-fragment-0011' does not contain enough proteins (12) for 
sliding window of size 20, padding with 8 proteins
! Contig 'salinispora-fragment-0013' does not contain enough proteins (18) for 
sliding window of size 20, padding with 2 proteins
! Contig 'salinispora-fragment-0014' does not contain enough proteins (18) for 
sliding window of size 20, padding with 2 proteins
! Contig 'salinispora-fragment-0015' does not contain enough proteins (18) for 
sliding window of size 20, padding with 2 proteins
! Contig 'salinispora-fragment-0016' does not contain enough proteins (17) for 
sliding window of size 20, padding with 3 proteins
! Contig 'salinispora-fragment-0018' does not contain enough proteins (7) for 
sliding window of size 20, padding with 13 proteins
! Contig 'salinispora-fragment-0021' does not contain enough proteins (15) for 
sliding window of size 20, padding with 5 proteins
! Contig 'salinispora-fragment-0022' does not contain enough proteins (19) for 
sliding window of size 20, padding with 1 protein
! Contig 'salinispora-fragment-0023' does not contain enough proteins (18) for 
sliding window of size 20, padding with 2 proteins
! Contig 'salinispora-fragment-0025' does not contain enough proteins (19) for 
sliding window of size 20, padding with 1 protein
! Contig 'salinispora-fragment-0027' does not contain enough proteins (17) for 
sliding window of size 20, padding with 3 proteins
! Contig 'salinispora-fragment-0028' does not contain enough proteins (11) for 
sliding window of size 20, padding with 9 proteins
! Contig 'salinispora-fragment-0029' does not contain enough proteins (15) for 
sliding window of size 20, padding with 5 proteins
! Contig 'salinispora-fragment-0033' does not contain enough proteins (18) for 
sliding window of size 20, padding with 2 proteins
! Contig 'salinispora-fragment-0034' does not contain enough proteins (17) for 
sliding window of size 20, padding with 3 proteins
! Contig 'salinispora-fragment-0036' does not contain enough proteins (19) for 
sliding window of size 20, padding with 1 protein
! Contig 'salinispora-fragment-0038' does not contain enough proteins (17) for 
sliding window of size 20, padding with 3 proteins
! Contig 'salinispora-fragment-0043' does not contain enough proteins (19) for 
sliding window of size 20, padding with 1 protein
! Contig 'salinispora-fragment-0044' does not contain enough proteins (18) for 
sliding window of size 20, padding with 2 proteins
! Contig 'salinispora-fragment-0045' does not contain enough proteins (18) for 
sliding window of size 20, padding with 2 proteins
! Contig 'salinispora-fragment-0046' does not contain enough proteins (15) for 
sliding window of size 20, padding with 5 proteins
! Contig 'salinispora-fragment-0047' does not contain enough proteins (16) for 
sliding window of size 20, padding with 4 proteins
! Contig 'salinispora-fragment-0048' does not contain enough proteins (17) for 
sliding window of size 20, padding with 3 proteins
! Contig 'salinispora-fragment-0050' does not contain enough proteins (12) for 
sliding window of size 20, padding with 8 proteins
! Contig 'salinispora-fragment-0052' does not contain enough proteins (16) for 
sliding window of size 20, padding with 4 proteins
! Contig 'salinispora-fragment-0053' does not contain enough proteins (16) for 
sliding window of size 20, padding with 4 proteins
! Contig 'salinispora-fragment-0055' does not contain enough proteins (17) for 
sliding window of size 20, padding with 3 proteins
! Contig 'salinispora-fragment-0057' does not contain enough proteins (12) for 
sliding window of size 20, padding with 8 proteins
! Contig 'salinispora-fragment-0058' does not contain enough proteins (13) for 
sliding window of size 20, padding with 7 proteins
! Contig 'salinispora-fragment-0059' does not contain enough proteins (17) for 
sliding window of size 20, padding with 3 proteins
! Contig 'salinispora-fragment-0060' does not contain enough proteins (16) for 
sliding window of size 20, padding with 4 proteins
! Contig 'salinispora-fragment-0066' does not contain enough proteins (18) for 
sliding window of size 20, padding with 2 proteins
! Contig 'salinispora-fragment-0067' does not contain enough proteins (15) for 
sliding window of size 20, padding with 5 proteins
! Contig 'salinispora-fragment-0068' does not contain enough proteins (18) for 
sliding window of size 20, padding with 2 proteins
! Contig 'salinispora-fragment-0069' does not contain enough proteins (16) for 
sliding window of size 20, padding with 4 proteins
! Contig 'salinispora-fragment-0070' does not contain enough proteins (16) for 
sliding window of size 20, padding with 4 proteins
! Contig 'salinispora-fragment-0073' does not contain enough proteins (19) for 
sliding window of size 20, padding with 1 protein
! Contig 'salinispora-fragment-0074' does not contain enough proteins (18) for 
sliding window of size 20, padding with 2 proteins
! Contig 'salinispora-fragment-0075' does not contain enough proteins (16) for 
sliding window of size 20, padding with 4 proteins
! Contig 'salinispora-fragment-0076' does not contain enough proteins (18) for 
sliding window of size 20, padding with 2 proteins
! Contig 'salinispora-fragment-0077' does not contain enough proteins (18) for 
sliding window of size 20, padding with 2 proteins
! Contig 'salinispora-fragment-0079' does not contain enough proteins (17) for 
sliding window of size 20, padding with 3 proteins
! Contig 'salinispora-fragment-0080' does not contain enough proteins (16) for 
sliding window of size 20, padding with 4 proteins
! Contig 'salinispora-fragment-0082' does not contain enough proteins (11) for 
sliding window of size 20, padding with 9 proteins
! Contig 'salinispora-fragment-0083' does not contain enough proteins (16) for 
sliding window of size 20, padding with 4 proteins
! Contig 'salinispora-fragment-0084' does not contain enough proteins (13) for 
sliding window of size 20, padding with 7 proteins
! Contig 'salinispora-fragment-0086' does not contain enough proteins (19) for 
sliding window of size 20, padding with 1 protein
! Contig 'salinispora-fragment-0089' does not contain enough proteins (17) for 
sliding window of size 20, padding with 3 proteins
! Contig 'salinispora-fragment-0090' does not contain enough proteins (18) for 
sliding window of size 20, padding with 2 proteins
! Contig 'salinispora-fragment-0091' does not contain enough proteins (18) for 
sliding window of size 20, padding with 2 proteins
! Contig 'salinispora-fragment-0093' does not contain enough proteins (15) for 
sliding window of size 20, padding with 5 proteins
! Contig 'salinispora-fragment-0094' does not contain enough proteins (17) for 
sliding window of size 20, padding with 3 proteins
! Contig 'salinispora-fragment-0095' does not contain enough proteins (18) for 
sliding window of size 20, padding with 2 proteins
! Contig 'salinispora-fragment-0096' does not contain enough proteins (17) for 
sliding window of size 20, padding with 3 proteins
! Contig 'salinispora-fragment-0097' does not contain enough proteins (16) for 
sliding window of size 20, padding with 4 proteins
! Contig 'salinispora-fragment-0098' does not contain enough proteins (15) for 
sliding window of size 20, padding with 5 proteins
! Contig 'salinispora-fragment-0099' does not contain enough proteins (16) for 
sliding window of size 20, padding with 4 proteins
! Contig 'salinispora-fragment-0100' does not contain enough proteins (19) for 
sliding window of size 20, padding with 1 protein
! Contig 'salinispora-fragment-0103' does not contain enough proteins (16) for 
sliding window of size 20, padding with 4 proteins
! Contig 'salinispora-fragment-0104' does not contain enough proteins (18) for 
sliding window of size 20, padding with 2 proteins
! Contig 'salinispora-fragment-0105' does not contain enough proteins (15) for 
sliding window of size 20, padding with 5 proteins
! Contig 'salinispora-fragment-0107' does not contain enough proteins (17) for 
sliding window of size 20, padding with 3 proteins
! Contig 'salinispora-fragment-0110' does not contain enough proteins (19) for 
sliding window of size 20, padding with 1 protein
! Contig 'salinispora-fragment-0113' does not contain enough proteins (19) for 
sliding window of size 20, padding with 1 protein
! Contig 'salinispora-fragment-0114' does not contain enough proteins (16) for 
sliding window of size 20, padding with 4 proteins
! Contig 'salinispora-fragment-0115' does not contain enough proteins (17) for 
sliding window of size 20, padding with 3 proteins
! Contig 'salinispora-fragment-0118' does not contain enough proteins (17) for 
sliding window of size 20, padding with 3 proteins
! Contig 'salinispora-fragment-0120' does not contain enough proteins (18) for 
sliding window of size 20, padding with 2 proteins
! Contig 'salinispora-fragment-0121' does not contain enough proteins (18) for 
sliding window of size 20, padding with 2 proteins
! Contig 'salinispora-fragment-0122' does not contain enough proteins (16) for 
sliding window of size 20, padding with 4 proteins
! Contig 'salinispora-fragment-0124' does not contain enough proteins (17) for 
sliding window of size 20, padding with 3 proteins
! Contig 'salinispora-fragment-0130' does not contain enough proteins (19) for 
sliding window of size 20, padding with 1 protein
! Contig 'salinispora-fragment-0133' does not contain enough proteins (18) for 
sliding window of size 20, padding with 2 proteins
! Contig 'salinispora-fragment-0137' does not contain enough proteins (15) for 
sliding window of size 20, padding with 5 proteins
! Contig 'salinispora-fragment-0139' does not contain enough proteins (18) for 
sliding window of size 20, padding with 2 proteins
! Contig 'salinispora-fragment-0140' does not contain enough proteins (18) for 
sliding window of size 20, padding with 2 proteins
! Contig 'salinispora-fragment-0142' does not contain enough proteins (17) for 
sliding window of size 20, padding with 3 proteins
! Contig 'salinispora-fragment-0143' does not contain enough proteins (14) for 
sliding window of size 20, padding with 6 proteins
! Contig 'salinispora-fragment-0144' does not contain enough proteins (19) for 
sliding window of size 20, padding with 1 protein
! Contig 'salinispora-fragment-0149' does not contain enough proteins (17) for 
sliding window of size 20, padding with 3 proteins
! Contig 'salinispora-fragment-0150' does not contain enough proteins (11) for 
sliding window of size 20, padding with 9 proteins
! Contig 'salinispora-fragment-0152' does not contain enough proteins (14) for 
sliding window of size 20, padding with 6 proteins
! Contig 'salinispora-fragment-0153' does not contain enough proteins (18) for 
sliding window of size 20, padding with 2 proteins
! Contig 'salinispora-fragment-0154' does not contain enough proteins (17) for 
sliding window of size 20, padding with 3 proteins
! Contig 'salinispora-fragment-0156' does not contain enough proteins (16) for 
sliding window of size 20, padding with 4 proteins
! Contig 'salinispora-fragment-0157' does not contain enough proteins (3) for 
sliding window of size 20, padding with 17 proteins
! Contig 'salinispora-fragment-0158' does not contain enough proteins (9) for 
sliding window of size 20, padding with 11 proteins
! Contig 'salinispora-fragment-0159' does not contain enough proteins (4) for 
sliding window of size 20, padding with 16 proteins
! Contig 'salinispora-fragment-0160' does not contain enough proteins (18) for 
sliding window of size 20, padding with 2 proteins
! Contig 'salinispora-fragment-0161' does not contain enough proteins (17) for 
sliding window of size 20, padding with 3 proteins
! Contig 'salinispora-fragment-0162' does not contain enough proteins (10) for 
sliding window of size 20, padding with 10 proteins
! Contig 'salinispora-fragment-0163' does not contain enough proteins (18) for 
sliding window of size 20, padding with 2 proteins
! Contig 'salinispora-fragment-0165' does not contain enough proteins (15) for 
sliding window of size 20, padding with 5 proteins
! Contig 'salinispora-fragment-0166' does not contain enough proteins (19) for 
sliding window of size 20, padding with 1 protein
! Contig 'salinispora-fragment-0167' does not contain enough proteins (17) for 
sliding window of size 20, padding with 3 proteins
! Contig 'salinispora-fragment-0169' does not contain enough proteins (17) for 
sliding window of size 20, padding with 3 proteins
! Contig 'salinispora-fragment-0170' does not contain enough proteins (14) for 
sliding window of size 20, padding with 6 proteins
! Contig 'salinispora-fragment-0171' does not contain enough proteins (19) for 
sliding window of size 20, padding with 1 protein
! Contig 'salinispora-fragment-0172' does not contain enough proteins (19) for 
sliding window of size 20, padding with 1 protein
! Contig 'salinispora-fragment-0174' does not contain enough proteins (18) for 
sliding window of size 20, padding with 2 proteins
! Contig 'salinispora-fragment-0175' does not contain enough proteins (12) for 
sliding window of size 20, padding with 8 proteins
! Contig 'salinispora-fragment-0176' does not contain enough proteins (12) for 
sliding window of size 20, padding with 8 proteins
! Contig 'salinispora-fragment-0178' does not contain enough proteins (19) for 
sliding window of size 20, padding with 1 protein
! Contig 'salinispora-fragment-0179' does not contain enough proteins (12) for 
sliding window of size 20, padding with 8 proteins
! Contig 'salinispora-fragment-0180' does not contain enough proteins (17) for 
sliding window of size 20, padding with 3 proteins
! Contig 'salinispora-fragment-0181' does not contain enough proteins (18) for 
sliding window of size 20, padding with 2 proteins
! Contig 'salinispora-fragment-0182' does not contain enough proteins (17) for 
sliding window of size 20, padding with 3 proteins
! Contig 'salinispora-fragment-0185' does not contain enough proteins (18) for 
sliding window of size 20, padding with 2 proteins
! Contig 'salinispora-fragment-0186' does not contain enough proteins (16) for 
sliding window of size 20, padding with 4 proteins
! Contig 'salinispora-fragment-0188' does not contain enough proteins (17) for 
sliding window of size 20, padding with 3 proteins
! Contig 'salinispora-fragment-0189' does not contain enough proteins (17) for 
sliding window of size 20, padding with 3 proteins
! Contig 'salinispora-fragment-0191' does not contain enough proteins (17) for 
sliding window of size 20, padding with 3 proteins
! Contig 'salinispora-fragment-0192' does not contain enough proteins (17) for 
sliding window of size 20, padding with 3 proteins
! Contig 'salinispora-fragment-0194' does not contain enough proteins (18) for 
sliding window of size 20, padding with 2 proteins
! Contig 'salinispora-fragment-0195' does not contain enough proteins (17) for 
sliding window of size 20, padding with 3 proteins
! Contig 'salinispora-fragment-0196' does not contain enough proteins (19) for 
sliding window of size 20, padding with 1 protein
! Contig 'salinispora-fragment-0197' does not contain enough proteins (15) for 
sliding window of size 20, padding with 5 proteins
! Contig 'salinispora-fragment-0200' does not contain enough proteins (16) for 
sliding window of size 20, padding with 4 proteins
! Contig 'salinispora-fragment-0201' does not contain enough proteins (14) for 
sliding window of size 20, padding with 6 proteins
! Contig 'salinispora-fragment-0202' does not contain enough proteins (19) for 
sliding window of size 20, padding with 1 protein
! Contig 'salinispora-fragment-0204' does not contain enough proteins (17) for 
sliding window of size 20, padding with 3 proteins
! Contig 'salinispora-fragment-0206' does not contain enough proteins (19) for 
sliding window of size 20, padding with 1 protein
! Contig 'salinispora-fragment-0207' does not contain enough proteins (13) for 
sliding window of size 20, padding with 7 proteins
! Contig 'salinispora-fragment-0208' does not contain enough proteins (17) for 
sliding window of size 20, padding with 3 proteins
! Contig 'salinispora-fragment-0210' does not contain enough proteins (12) for 
sliding window of size 20, padding with 8 proteins
! Contig 'salinispora-fragment-0211' does not contain enough proteins (18) for 
sliding window of size 20, padding with 2 proteins
! Contig 'salinispora-fragment-0212' does not contain enough proteins (17) for 
sliding window of size 20, padding with 3 proteins
! Contig 'salinispora-fragment-0215' does not contain enough proteins (18) for 
sliding window of size 20, padding with 2 proteins
! Contig 'salinispora-fragment-0216' does not contain enough proteins (18) for 
sliding window of size 20, padding with 2 proteins
! Contig 'salinispora-fragment-0218' does not contain enough proteins (19) for 
sliding window of size 20, padding with 1 protein
! Contig 'salinispora-fragment-0220' does not contain enough proteins (18) for 
sliding window of size 20, padding with 2 proteins
! Contig 'salinispora-fragment-0222' does not contain enough proteins (18) for 
sliding window of size 20, padding with 2 proteins
! Contig 'salinispora-fragment-0225' does not contain enough proteins (18) for 
sliding window of size 20, padding with 2 proteins
! Contig 'salinispora-fragment-0230' does not contain enough proteins (18) for 
sliding window of size 20, padding with 2 proteins
! Contig 'salinispora-fragment-0231' does not contain enough proteins (15) for 
sliding window of size 20, padding with 5 proteins
! Contig 'salinispora-fragment-0234' does not contain enough proteins (17) for 
sliding window of size 20, padding with 3 proteins
! Contig 'salinispora-fragment-0236' does not contain enough proteins (14) for 
sliding window of size 20, padding with 6 proteins
! Contig 'salinispora-fragment-0240' does not contain enough proteins (19) for 
sliding window of size 20, padding with 1 protein
! Contig 'salinispora-fragment-0241' does not contain enough proteins (17) for 
sliding window of size 20, padding with 3 proteins
! Contig 'salinispora-fragment-0243' does not contain enough proteins (18) for 
sliding window of size 20, padding with 2 proteins
! Contig 'salinispora-fragment-0245' does not contain enough proteins (19) for 
sliding window of size 20, padding with 1 protein
! Contig 'salinispora-fragment-0246' does not contain enough proteins (17) for 
sliding window of size 20, padding with 3 proteins
! Contig 'salinispora-fragment-0249' does not contain enough proteins (19) for 
sliding window of size 20, padding with 1 protein
! Contig 'salinispora-fragment-0250' does not contain enough proteins (15) for 
sliding window of size 20, padding with 5 proteins
! Contig 'salinispora-fragment-0251' does not contain enough proteins (10) for 
sliding window of size 20, padding with 10 proteins
! Contig 'salinispora-fragment-0259' does not contain enough proteins (18) for 
sliding window of size 20, padding with 2 proteins
! Contig 'salinispora-fragment-0260' does not contain enough proteins (4) for 
sliding window of size 20, padding with 16 proteins
✔ Predicting         ━━━━━━━━━━━━━━━━━━━━━━━━━━━━━━ 100% 0:00:00 458/458 batches
✔ Segmenting         ━━━━━━━━━━━━━━━━━━━━━━━━━━━━━━ 100% 0:00:00 260/260 contigs
! Couldn't assign type to salinispora-fragment-0124_cluster_1 (maybe Polyketide,
28% confidence)
! Couldn't assign type to salinispora-fragment-0130_cluster_1 (maybe Polyketide,
24% confidence)
! Couldn't assign type to salinispora-fragment-0153_cluster_1 (maybe Polyketide,
29% confidence)
! Couldn't assign type to salinispora-fragment-0156_cluster_1 (maybe Polyketide,
44% confidence)
! Couldn't assign type to salinispora-fragment-0163_cluster_1 (maybe Polyketide,
44% confidence)
! Couldn't assign type to salinispora-fragment-0237_cluster_1 (maybe Polyketide,
22% confidence)
! Couldn't assign type to salinispora-fragment-0250_cluster_1 (maybe Polyketide,
24% confidence)
✔ Classifying        ━━━━━━━━━━━━━━━━━━━━━━━━━━━━━━━ 100% 0:00:00 27/27 clusters
! Increasing length of locus line to allow long name. This will result in fields
that are not in usual positions.
✔ Found 27 gene clusters
