╭──────────────────────────────────────────────────────────────────────────────╮
│  Executing geNomad annotate (v1.12.0). This will perform gene calling in     │
│  the input sequences and annotate the predicted proteins with geNomad's      │
│  markers.                                                                    │
│  ──────────────────────────────────────────────────────────────────────────  │
│  Outputs:                                                                    │
│    /workspace/wechat/Metagenome/work/article57/results/coassembl  │
│    y/megahit-coassembly.ge1000_annotate                                      │
│    ├── megahit-coassembly.ge1000_annotate.json (execution parameters)        │
│    ├── megahit-coassembly.ge1000_genes.tsv (gene annotation data)            │
│    ├── megahit-coassembly.ge1000_taxonomy.tsv (taxonomic assignment)         │
│    ├── megahit-coassembly.ge1000_mmseqs2.tsv (MMseqs2 output file)           │
│    └── megahit-coassembly.ge1000_proteins.faa (protein FASTA file)           │
╰──────────────────────────────────────────────────────────────────────────────╯
[19:33:58] Executing genomad annotate.                                          
[19:33:58] Creating the                                                         
           /workspace/wechat/Metagenome/work/article57/results/coasse
           mbly/megahit-coassembly.ge1000_annotate directory.                   
[19:36:15] Proteins predicted with pyrodigal-gv were written to                 
           megahit-coassembly.ge1000_proteins.faa.                              
[19:39:32] Proteins annotated with MMseqs2 and geNomad database (v1.9) were     
           written to megahit-coassembly.ge1000_mmseqs2.tsv.                    
[19:39:32] Deleting megahit-coassembly.ge1000_mmseqs2.                          
[19:39:35] Gene data was written to megahit-coassembly.ge1000_genes.tsv.        
[19:39:35] Taxonomic assignment data was written to                             
           megahit-coassembly.ge1000_taxonomy.tsv.                              
[19:39:35] geNomad annotate finished!                                           
╭──────────────────────────────────────────────────────────────────────────────╮
│  Executing geNomad marker-classification (v1.12.0). This will classify the   │
│  input sequences into chromosome, plasmid, or virus based on the presence    │
│  of geNomad markers and other gene-related features.                         │
│  ──────────────────────────────────────────────────────────────────────────  │
│  Outputs:                                                                    │
│    /workspace/wechat/Metagenome/work/article57/results/coassembl  │
│    y/megahit-coassembly.ge1000_marker_classification                         │
│    ├── megahit-coassembly.ge1000_marker_classification.json (execution       │
│    │   parameters)                                                           │
│    ├── megahit-coassembly.ge1000_features.tsv (sequence feature data:        │
│    │   tabular format)                                                       │
│    ├── megahit-coassembly.ge1000_features.npz (sequence feature data:        │
│    │   binary format)                                                        │
│    ├── megahit-coassembly.ge1000_marker_classification.tsv (sequence         │
│    │   classification: tabular format)                                       │
│    └── megahit-coassembly.ge1000_marker_classification.npz (sequence         │
│        classification: binary format)                                        │
╰──────────────────────────────────────────────────────────────────────────────╯
[19:39:36] Executing genomad marker-classification.                             
[19:39:36] Creating the                                                         
           /workspace/wechat/Metagenome/work/article57/results/coasse
           mbly/megahit-coassembly.ge1000_marker_classification directory.      
[19:39:41] Sequence features computed.                                          
[19:39:42] Sequence features in binary format written to                        
           megahit-coassembly.ge1000_features.npz.                              
[19:39:42] Sequence features in tabular format written to                       
           megahit-coassembly.ge1000_features.tsv.                              
[19:39:42] Sequences classified.                                                
[19:39:42] Sequence classification in binary format written to                  
           megahit-coassembly.ge1000_marker_classification.npz.                 
[19:39:42] Sequence classification in tabular format written to                 
           megahit-coassembly.ge1000_marker_classification.tsv.                 
[19:39:42] geNomad marker-classification finished!                              
╭──────────────────────────────────────────────────────────────────────────────╮
│  Executing geNomad nn-classification (v1.12.0). This will classify the       │
│  input sequences into chromosome, plasmid, or virus based on the nucleotide  │
│  sequence.                                                                   │
│  ──────────────────────────────────────────────────────────────────────────  │
│  Outputs:                                                                    │
│    /workspace/wechat/Metagenome/work/article57/results/coassembl  │
│    y/megahit-coassembly.ge1000_nn_classification                             │
│    ├── megahit-coassembly.ge1000_nn_classification.json (execution           │
│    │   parameters)                                                           │
│    ├── megahit-coassembly.ge1000_encoded_sequences (directory containing     │
│    │   encoded sequence data)                                                │
│    ├── megahit-coassembly.ge1000_nn_classification.tsv (contig               │
│    │   classification: tabular format)                                       │
│    └── megahit-coassembly.ge1000_nn_classification.npz (contig               │
│        classification: binary format)                                        │
╰──────────────────────────────────────────────────────────────────────────────╯
[19:39:46] Executing genomad nn-classification.                                 
[19:39:46] Creating the                                                         
           /workspace/wechat/Metagenome/work/article57/results/coasse
           mbly/megahit-coassembly.ge1000_nn_classification directory.          
[19:39:46] Creating the                                                         
           /workspace/wechat/Metagenome/work/article57/results/coasse
           mbly/megahit-coassembly.ge1000_nn_classification/megahit-coassembly.g
           e1000_encoded_sequences directory.                                   
[19:40:18] Encoded sequence data written to                                     
           megahit-coassembly.ge1000_encoded_sequences.                         

[19:51:28] Sequences classified.                                                
[19:51:28] Sequence classification in binary format written to                  
           megahit-coassembly.ge1000_nn_classification.npz.                     
[19:51:28] Deleting encoded sequence data.                                      
[19:51:59] Sequence classification in tabular format written to                 
           megahit-coassembly.ge1000_nn_classification.tsv.                     
[19:51:59] geNomad nn-classification finished!                                  
╭──────────────────────────────────────────────────────────────────────────────╮
│  Executing geNomad aggregated-classification (v1.12.0). This will aggregate  │
│  the results of the marker-classification and nn-classification modules to   │
│  classify the input sequences into chromosome, plasmid, or virus.            │
│  ──────────────────────────────────────────────────────────────────────────  │
│  Outputs:                                                                    │
│    /workspace/wechat/Metagenome/work/article57/results/coassembl  │
│    y/megahit-coassembly.ge1000_aggregated_classification                     │
│    ├── megahit-coassembly.ge1000_aggregated_classification.json (execution   │
│    │   parameters)                                                           │
│    ├── megahit-coassembly.ge1000_aggregated_classification.tsv (sequence     │
│    │   classification: tabular format)                                       │
│    └── megahit-coassembly.ge1000_aggregated_classification.npz (sequence     │
│        classification: binary format)                                        │
╰──────────────────────────────────────────────────────────────────────────────╯
[19:52:00] Executing genomad aggregated-classification.                         
[19:52:00] Creating the                                                         
           /workspace/wechat/Metagenome/work/article57/results/coasse
           mbly/megahit-coassembly.ge1000_aggregated_classification directory.  
[19:52:00] The total marker frequencies of the input sequences were computed.   
[19:52:00] Sequences classified.                                                
[19:52:00] Sequence classification in binary format written to                  
           megahit-coassembly.ge1000_aggregated_classification.npz.             
[19:52:00] Sequence classification in tabular format written to                 
           megahit-coassembly.ge1000_aggregated_classification.tsv.             
[19:52:00] geNomad aggregated-classification finished!                          
╭──────────────────────────────────────────────────────────────────────────────╮
│  Executing geNomad summary (v1.12.0). This will summarize the results        │
│  across modules into a classification report.                                │
│  ──────────────────────────────────────────────────────────────────────────  │
│  Outputs:                                                                    │
│    /workspace/wechat/Metagenome/work/article57/results/coassembl  │
│    y/megahit-coassembly.ge1000_summary                                       │
│    ├── megahit-coassembly.ge1000_summary.json (execution parameters)         │
│    ├── megahit-coassembly.ge1000_virus_summary.tsv (virus classification     │
│    │   summary)                                                              │
│    ├── megahit-coassembly.ge1000_plasmid_summary.tsv (plasmid                │
│    │   classification summary)                                               │
│    ├── megahit-coassembly.ge1000_virus.fna (virus nucleotide FASTA file)     │
│    ├── megahit-coassembly.ge1000_plasmid.fna (plasmid nucleotide FASTA       │
│    │   file)                                                                 │
│    ├── megahit-coassembly.ge1000_virus_proteins.faa (virus protein FASTA     │
│    │   file)                                                                 │
│    ├── megahit-coassembly.ge1000_plasmid_proteins.faa (plasmid protein       │
│    │   FASTA file)                                                           │
│    ├── megahit-coassembly.ge1000_virus_genes.tsv (virus gene annotation      │
│    │   data)                                                                 │
│    └── megahit-coassembly.ge1000_plasmid_genes.tsv (plasmid gene annotation  │
│        data)                                                                 │
╰──────────────────────────────────────────────────────────────────────────────╯
[19:52:00] Executing genomad summary.                                           
[19:52:00] Creating the                                                         
           /workspace/wechat/Metagenome/work/article57/results/coasse
           mbly/megahit-coassembly.ge1000_summary directory.                    
[19:52:00] Using scores from aggregated-classification.                         
[19:52:02] 218 plasmid(s) and 121 virus(es) were identified.                    
[19:52:04] Nucleotide sequences were written to                                 
           megahit-coassembly.ge1000_plasmid.fna and                            
           megahit-coassembly.ge1000_virus.fna.                                 
[19:52:05] Protein sequences were written to                                    
           megahit-coassembly.ge1000_plasmid_proteins.faa and                   
           megahit-coassembly.ge1000_virus_proteins.faa.                        
[19:52:05] Gene annotation data was written to                                  
           megahit-coassembly.ge1000_plasmid_genes.tsv and                      
           megahit-coassembly.ge1000_virus_genes.tsv.                           
[19:52:05] Summary files were written to                                        
           megahit-coassembly.ge1000_plasmid_summary.tsv and                    
           megahit-coassembly.ge1000_virus_summary.tsv.                         
[19:52:05] geNomad summary finished!                                            
