╭──────────────────────────────────────────────────────────────────────────────╮
│  Executing geNomad annotate (v1.12.0). This will perform gene calling in     │
│  the input sequences and annotate the predicted proteins with geNomad's      │
│  markers.                                                                    │
│  ──────────────────────────────────────────────────────────────────────────  │
│  Outputs:                                                                    │
│    /workspace/wechat/Metagenome/work/article57/results/staphyloc  │
│    occus/staphylococcus-USA300_annotate                                      │
│    ├── staphylococcus-USA300_annotate.json (execution parameters)            │
│    ├── staphylococcus-USA300_genes.tsv (gene annotation data)                │
│    ├── staphylococcus-USA300_taxonomy.tsv (taxonomic assignment)             │
│    ├── staphylococcus-USA300_mmseqs2.tsv (MMseqs2 output file)               │
│    └── staphylococcus-USA300_proteins.faa (protein FASTA file)               │
╰──────────────────────────────────────────────────────────────────────────────╯
[19:52:09] Executing genomad annotate.                                          
[19:52:09] Creating the                                                         
           /workspace/wechat/Metagenome/work/article57/results/staphy
           lococcus/staphylococcus-USA300_annotate directory.                   
[19:52:21] Proteins predicted with pyrodigal-gv were written to                 
           staphylococcus-USA300_proteins.faa.                                  
[19:54:41] Proteins annotated with MMseqs2 and geNomad database (v1.9) were     
           written to staphylococcus-USA300_mmseqs2.tsv.                        
[19:54:41] Deleting staphylococcus-USA300_mmseqs2.                              
[19:54:42] Gene data was written to staphylococcus-USA300_genes.tsv.            
[19:54:42] Taxonomic assignment data was written to                             
           staphylococcus-USA300_taxonomy.tsv.                                  
[19:54:42] geNomad annotate finished!                                           
╭──────────────────────────────────────────────────────────────────────────────╮
│  Executing geNomad marker-classification (v1.12.0). This will classify the   │
│  input sequences into chromosome, plasmid, or virus based on the presence    │
│  of geNomad markers and other gene-related features.                         │
│  ──────────────────────────────────────────────────────────────────────────  │
│  Outputs:                                                                    │
│    /workspace/wechat/Metagenome/work/article57/results/staphyloc  │
│    occus/staphylococcus-USA300_marker_classification                         │
│    ├── staphylococcus-USA300_marker_classification.json (execution           │
│    │   parameters)                                                           │
│    ├── staphylococcus-USA300_features.tsv (sequence feature data: tabular    │
│    │   format)                                                               │
│    ├── staphylococcus-USA300_features.npz (sequence feature data: binary     │
│    │   format)                                                               │
│    ├── staphylococcus-USA300_marker_classification.tsv (sequence             │
│    │   classification: tabular format)                                       │
│    └── staphylococcus-USA300_marker_classification.npz (sequence             │
│        classification: binary format)                                        │
╰──────────────────────────────────────────────────────────────────────────────╯
[19:54:42] Executing genomad marker-classification.                             
[19:54:42] Creating the                                                         
           /workspace/wechat/Metagenome/work/article57/results/staphy
           lococcus/staphylococcus-USA300_marker_classification directory.      
[19:54:43] Sequence features computed.                                          
[19:54:43] Sequence features in binary format written to                        
           staphylococcus-USA300_features.npz.                                  
[19:54:43] Sequence features in tabular format written to                       
           staphylococcus-USA300_features.tsv.                                  
[19:54:43] Sequences classified.                                                
[19:54:43] Sequence classification in binary format written to                  
           staphylococcus-USA300_marker_classification.npz.                     
[19:54:43] Sequence classification in tabular format written to                 
           staphylococcus-USA300_marker_classification.tsv.                     
[19:54:43] geNomad marker-classification finished!                              
╭──────────────────────────────────────────────────────────────────────────────╮
│  Executing geNomad nn-classification (v1.12.0). This will classify the       │
│  input sequences into chromosome, plasmid, or virus based on the nucleotide  │
│  sequence.                                                                   │
│  ──────────────────────────────────────────────────────────────────────────  │
│  Outputs:                                                                    │
│    /workspace/wechat/Metagenome/work/article57/results/staphyloc  │
│    occus/staphylococcus-USA300_nn_classification                             │
│    ├── staphylococcus-USA300_nn_classification.json (execution parameters)   │
│    ├── staphylococcus-USA300_encoded_sequences (directory containing         │
│    │   encoded sequence data)                                                │
│    ├── staphylococcus-USA300_nn_classification.tsv (contig classification:   │
│    │   tabular format)                                                       │
│    └── staphylococcus-USA300_nn_classification.npz (contig classification:   │
│        binary format)                                                        │
╰──────────────────────────────────────────────────────────────────────────────╯
[19:54:47] Executing genomad nn-classification.                                 
[19:54:47] Creating the                                                         
           /workspace/wechat/Metagenome/work/article57/results/staphy
           lococcus/staphylococcus-USA300_nn_classification directory.          
[19:54:47] Creating the                                                         
           /workspace/wechat/Metagenome/work/article57/results/staphy
           lococcus/staphylococcus-USA300_nn_classification/staphylococcus-USA30
           0_encoded_sequences directory.                                       
[19:54:49] Encoded sequence data written to                                     
           staphylococcus-USA300_encoded_sequences.                             

[19:55:07] Sequences classified.                                                
[19:55:07] Sequence classification in binary format written to                  
           staphylococcus-USA300_nn_classification.npz.                         
[19:55:07] Deleting encoded sequence data.                                      
[19:55:07] Sequence classification in tabular format written to                 
           staphylococcus-USA300_nn_classification.tsv.                         
[19:55:07] geNomad nn-classification finished!                                  
╭──────────────────────────────────────────────────────────────────────────────╮
│  Executing geNomad aggregated-classification (v1.12.0). This will aggregate  │
│  the results of the marker-classification and nn-classification modules to   │
│  classify the input sequences into chromosome, plasmid, or virus.            │
│  ──────────────────────────────────────────────────────────────────────────  │
│  Outputs:                                                                    │
│    /workspace/wechat/Metagenome/work/article57/results/staphyloc  │
│    occus/staphylococcus-USA300_aggregated_classification                     │
│    ├── staphylococcus-USA300_aggregated_classification.json (execution       │
│    │   parameters)                                                           │
│    ├── staphylococcus-USA300_aggregated_classification.tsv (sequence         │
│    │   classification: tabular format)                                       │
│    └── staphylococcus-USA300_aggregated_classification.npz (sequence         │
│        classification: binary format)                                        │
╰──────────────────────────────────────────────────────────────────────────────╯
[19:55:07] Executing genomad aggregated-classification.                         
[19:55:07] Creating the                                                         
           /workspace/wechat/Metagenome/work/article57/results/staphy
           lococcus/staphylococcus-USA300_aggregated_classification directory.  
[19:55:07] The total marker frequencies of the input sequences were computed.   
[19:55:07] Sequences classified.                                                
[19:55:07] Sequence classification in binary format written to                  
           staphylococcus-USA300_aggregated_classification.npz.                 
[19:55:07] Sequence classification in tabular format written to                 
           staphylococcus-USA300_aggregated_classification.tsv.                 
[19:55:07] geNomad aggregated-classification finished!                          
╭──────────────────────────────────────────────────────────────────────────────╮
│  Executing geNomad summary (v1.12.0). This will summarize the results        │
│  across modules into a classification report.                                │
│  ──────────────────────────────────────────────────────────────────────────  │
│  Outputs:                                                                    │
│    /workspace/wechat/Metagenome/work/article57/results/staphyloc  │
│    occus/staphylococcus-USA300_summary                                       │
│    ├── staphylococcus-USA300_summary.json (execution parameters)             │
│    ├── staphylococcus-USA300_virus_summary.tsv (virus classification         │
│    │   summary)                                                              │
│    ├── staphylococcus-USA300_plasmid_summary.tsv (plasmid classification     │
│    │   summary)                                                              │
│    ├── staphylococcus-USA300_virus.fna (virus nucleotide FASTA file)         │
│    ├── staphylococcus-USA300_plasmid.fna (plasmid nucleotide FASTA file)     │
│    ├── staphylococcus-USA300_virus_proteins.faa (virus protein FASTA file)   │
│    ├── staphylococcus-USA300_plasmid_proteins.faa (plasmid protein FASTA     │
│    │   file)                                                                 │
│    ├── staphylococcus-USA300_virus_genes.tsv (virus gene annotation data)    │
│    └── staphylococcus-USA300_plasmid_genes.tsv (plasmid gene annotation      │
│        data)                                                                 │
╰──────────────────────────────────────────────────────────────────────────────╯
[19:55:07] Executing genomad summary.                                           
[19:55:07] Creating the                                                         
           /workspace/wechat/Metagenome/work/article57/results/staphy
           lococcus/staphylococcus-USA300_summary directory.                    
[19:55:07] Using scores from aggregated-classification.                         
[19:55:07] 3 plasmid(s) and 0 virus(es) were identified.                        
[19:55:07] Nucleotide sequences were written to                                 
           staphylococcus-USA300_plasmid.fna and                                
           staphylococcus-USA300_virus.fna.                                     
[19:55:07] Protein sequences were written to                                    
           staphylococcus-USA300_plasmid_proteins.faa and                       
           staphylococcus-USA300_virus_proteins.faa.                            
[19:55:07] Gene annotation data was written to                                  
           staphylococcus-USA300_plasmid_genes.tsv and                          
           staphylococcus-USA300_virus_genes.tsv.                               
[19:55:07] Summary files were written to                                        
           staphylococcus-USA300_plasmid_summary.tsv and                        
           staphylococcus-USA300_virus_summary.tsv.                             
[19:55:07] geNomad summary finished!                                            
