╭──────────────────────────────────────────────────────────────────────────────╮
│  Executing geNomad annotate (v1.12.0). This will perform gene calling in     │
│  the input sequences and annotate the predicted proteins with geNomad's      │
│  markers.                                                                    │
│  ──────────────────────────────────────────────────────────────────────────  │
│  Outputs:                                                                    │
│    /workspace/wechat/Metagenome/work/article57/results/reference  │
│    -benchmark/matched-reference-replicons_annotate                           │
│    ├── matched-reference-replicons_annotate.json (execution parameters)      │
│    ├── matched-reference-replicons_genes.tsv (gene annotation data)          │
│    ├── matched-reference-replicons_taxonomy.tsv (taxonomic assignment)       │
│    ├── matched-reference-replicons_mmseqs2.tsv (MMseqs2 output file)         │
│    └── matched-reference-replicons_proteins.faa (protein FASTA file)         │
╰──────────────────────────────────────────────────────────────────────────────╯
[19:30:51] Executing genomad annotate.                                          
[19:30:51] Creating the                                                         
           /workspace/wechat/Metagenome/work/article57/results/refere
           nce-benchmark/matched-reference-replicons_annotate directory.        
[19:30:57] Proteins predicted with pyrodigal-gv were written to                 
           matched-reference-replicons_proteins.faa.                            
[19:33:02] Proteins annotated with MMseqs2 and geNomad database (v1.9) were     
           written to matched-reference-replicons_mmseqs2.tsv.                  
[19:33:02] Deleting matched-reference-replicons_mmseqs2.                        
[19:33:04] Gene data was written to matched-reference-replicons_genes.tsv.      
[19:33:04] Taxonomic assignment data was written to                             
           matched-reference-replicons_taxonomy.tsv.                            
[19:33:04] geNomad annotate finished!                                           
╭──────────────────────────────────────────────────────────────────────────────╮
│  Executing geNomad marker-classification (v1.12.0). This will classify the   │
│  input sequences into chromosome, plasmid, or virus based on the presence    │
│  of geNomad markers and other gene-related features.                         │
│  ──────────────────────────────────────────────────────────────────────────  │
│  Outputs:                                                                    │
│    /workspace/wechat/Metagenome/work/article57/results/reference  │
│    -benchmark/matched-reference-replicons_marker_classification              │
│    ├── matched-reference-replicons_marker_classification.json (execution     │
│    │   parameters)                                                           │
│    ├── matched-reference-replicons_features.tsv (sequence feature data:      │
│    │   tabular format)                                                       │
│    ├── matched-reference-replicons_features.npz (sequence feature data:      │
│    │   binary format)                                                        │
│    ├── matched-reference-replicons_marker_classification.tsv (sequence       │
│    │   classification: tabular format)                                       │
│    └── matched-reference-replicons_marker_classification.npz (sequence       │
│        classification: binary format)                                        │
╰──────────────────────────────────────────────────────────────────────────────╯
[19:33:04] Executing genomad marker-classification.                             
[19:33:04] Creating the                                                         
           /workspace/wechat/Metagenome/work/article57/results/refere
           nce-benchmark/matched-reference-replicons_marker_classification      
           directory.                                                           
[19:33:05] Sequence features computed.                                          
[19:33:05] Sequence features in binary format written to                        
           matched-reference-replicons_features.npz.                            
[19:33:05] Sequence features in tabular format written to                       
           matched-reference-replicons_features.tsv.                            
[19:33:05] Sequences classified.                                                
[19:33:05] Sequence classification in binary format written to                  
           matched-reference-replicons_marker_classification.npz.               
[19:33:05] Sequence classification in tabular format written to                 
           matched-reference-replicons_marker_classification.tsv.               
[19:33:05] geNomad marker-classification finished!                              
╭──────────────────────────────────────────────────────────────────────────────╮
│  Executing geNomad nn-classification (v1.12.0). This will classify the       │
│  input sequences into chromosome, plasmid, or virus based on the nucleotide  │
│  sequence.                                                                   │
│  ──────────────────────────────────────────────────────────────────────────  │
│  Outputs:                                                                    │
│    /workspace/wechat/Metagenome/work/article57/results/reference  │
│    -benchmark/matched-reference-replicons_nn_classification                  │
│    ├── matched-reference-replicons_nn_classification.json (execution         │
│    │   parameters)                                                           │
│    ├── matched-reference-replicons_encoded_sequences (directory containing   │
│    │   encoded sequence data)                                                │
│    ├── matched-reference-replicons_nn_classification.tsv (contig             │
│    │   classification: tabular format)                                       │
│    └── matched-reference-replicons_nn_classification.npz (contig             │
│        classification: binary format)                                        │
╰──────────────────────────────────────────────────────────────────────────────╯
[19:33:08] Executing genomad nn-classification.                                 
[19:33:08] Creating the                                                         
           /workspace/wechat/Metagenome/work/article57/results/refere
           nce-benchmark/matched-reference-replicons_nn_classification          
           directory.                                                           
[19:33:08] Creating the                                                         
           /workspace/wechat/Metagenome/work/article57/results/refere
           nce-benchmark/matched-reference-replicons_nn_classification/matched-r
           eference-replicons_encoded_sequences directory.                      
[19:33:11] Encoded sequence data written to                                     
           matched-reference-replicons_encoded_sequences.                       

[19:33:51] Sequences classified.                                                
[19:33:51] Sequence classification in binary format written to                  
           matched-reference-replicons_nn_classification.npz.                   
[19:33:51] Deleting encoded sequence data.                                      
[19:33:51] Sequence classification in tabular format written to                 
           matched-reference-replicons_nn_classification.tsv.                   
[19:33:51] geNomad nn-classification finished!                                  
╭──────────────────────────────────────────────────────────────────────────────╮
│  Executing geNomad aggregated-classification (v1.12.0). This will aggregate  │
│  the results of the marker-classification and nn-classification modules to   │
│  classify the input sequences into chromosome, plasmid, or virus.            │
│  ──────────────────────────────────────────────────────────────────────────  │
│  Outputs:                                                                    │
│    /workspace/wechat/Metagenome/work/article57/results/reference  │
│    -benchmark/matched-reference-replicons_aggregated_classification          │
│    ├── matched-reference-replicons_aggregated_classification.json            │
│    │   (execution parameters)                                                │
│    ├── matched-reference-replicons_aggregated_classification.tsv (sequence   │
│    │   classification: tabular format)                                       │
│    └── matched-reference-replicons_aggregated_classification.npz (sequence   │
│        classification: binary format)                                        │
╰──────────────────────────────────────────────────────────────────────────────╯
[19:33:51] Executing genomad aggregated-classification.                         
[19:33:51] Creating the                                                         
           /workspace/wechat/Metagenome/work/article57/results/refere
           nce-benchmark/matched-reference-replicons_aggregated_classification  
           directory.                                                           
[19:33:51] The total marker frequencies of the input sequences were computed.   
[19:33:51] Sequences classified.                                                
[19:33:51] Sequence classification in binary format written to                  
           matched-reference-replicons_aggregated_classification.npz.           
[19:33:51] Sequence classification in tabular format written to                 
           matched-reference-replicons_aggregated_classification.tsv.           
[19:33:51] geNomad aggregated-classification finished!                          
╭──────────────────────────────────────────────────────────────────────────────╮
│  Executing geNomad summary (v1.12.0). This will summarize the results        │
│  across modules into a classification report.                                │
│  ──────────────────────────────────────────────────────────────────────────  │
│  Outputs:                                                                    │
│    /workspace/wechat/Metagenome/work/article57/results/reference  │
│    -benchmark/matched-reference-replicons_summary                            │
│    ├── matched-reference-replicons_summary.json (execution parameters)       │
│    ├── matched-reference-replicons_virus_summary.tsv (virus classification   │
│    │   summary)                                                              │
│    ├── matched-reference-replicons_plasmid_summary.tsv (plasmid              │
│    │   classification summary)                                               │
│    ├── matched-reference-replicons_virus.fna (virus nucleotide FASTA file)   │
│    ├── matched-reference-replicons_plasmid.fna (plasmid nucleotide FASTA     │
│    │   file)                                                                 │
│    ├── matched-reference-replicons_virus_proteins.faa (virus protein FASTA   │
│    │   file)                                                                 │
│    ├── matched-reference-replicons_plasmid_proteins.faa (plasmid protein     │
│    │   FASTA file)                                                           │
│    ├── matched-reference-replicons_virus_genes.tsv (virus gene annotation    │
│    │   data)                                                                 │
│    └── matched-reference-replicons_plasmid_genes.tsv (plasmid gene           │
│        annotation data)                                                      │
╰──────────────────────────────────────────────────────────────────────────────╯
[19:33:51] Executing genomad summary.                                           
[19:33:51] Creating the                                                         
           /workspace/wechat/Metagenome/work/article57/results/refere
           nce-benchmark/matched-reference-replicons_summary directory.         
[19:33:51] Using scores from aggregated-classification.                         
[19:33:52] 34 plasmid(s) and 0 virus(es) were identified.                       
[19:33:53] Nucleotide sequences were written to                                 
           matched-reference-replicons_plasmid.fna and                          
           matched-reference-replicons_virus.fna.                               
[19:33:53] Protein sequences were written to                                    
           matched-reference-replicons_plasmid_proteins.faa and                 
           matched-reference-replicons_virus_proteins.faa.                      
[19:33:53] Gene annotation data was written to                                  
           matched-reference-replicons_plasmid_genes.tsv and                    
           matched-reference-replicons_virus_genes.tsv.                         
[19:33:53] Summary files were written to                                        
           matched-reference-replicons_plasmid_summary.tsv and                  
           matched-reference-replicons_virus_summary.tsv.                       
[19:33:53] geNomad summary finished!                                            
